Archive member included to satisfy reference by file (symbol)

.\CortexM3\ARM_GCC_541\Debug\4 - Pendulo.a(Timer_1.o)
                              .\CortexM3\ARM_GCC_541\Debug\main.o (Timer_1_Stop)
.\CortexM3\ARM_GCC_541\Debug\4 - Pendulo.a(QuadDec_1.o)
                              .\CortexM3\ARM_GCC_541\Debug\pendulo.o (QuadDec_1_GetCounter)
.\CortexM3\ARM_GCC_541\Debug\4 - Pendulo.a(QuadDec_1_INT.o)
                              .\CortexM3\ARM_GCC_541\Debug\4 - Pendulo.a(QuadDec_1.o) (QuadDec_1_ISR)
.\CortexM3\ARM_GCC_541\Debug\4 - Pendulo.a(isr_1.o)
                              .\CortexM3\ARM_GCC_541\Debug\pendulo.o (isr_1_StartEx)
.\CortexM3\ARM_GCC_541\Debug\4 - Pendulo.a(QuadDec_2.o)
                              .\CortexM3\ARM_GCC_541\Debug\pendulo.o (QuadDec_2_GetCounter)
.\CortexM3\ARM_GCC_541\Debug\4 - Pendulo.a(QuadDec_2_INT.o)
                              .\CortexM3\ARM_GCC_541\Debug\4 - Pendulo.a(QuadDec_2.o) (QuadDec_2_ISR)
.\CortexM3\ARM_GCC_541\Debug\4 - Pendulo.a(QuadDec_1_Cnt16.o)
                              .\CortexM3\ARM_GCC_541\Debug\4 - Pendulo.a(QuadDec_1.o) (QuadDec_1_Cnt16_Stop)
.\CortexM3\ARM_GCC_541\Debug\4 - Pendulo.a(QuadDec_2_Cnt16.o)
                              .\CortexM3\ARM_GCC_541\Debug\4 - Pendulo.a(QuadDec_2.o) (QuadDec_2_Cnt16_Stop)
.\CortexM3\ARM_GCC_541\Debug\4 - Pendulo.a(CyLib.o)
                              .\CortexM3\ARM_GCC_541\Debug\Cm3Start.o (CyHalt)
.\CortexM3\ARM_GCC_541\Debug\4 - Pendulo.a(cyPm.o)
                              .\CortexM3\ARM_GCC_541\Debug\4 - Pendulo.a(CyLib.o) (CyPmReadStatus)
.\CortexM3\ARM_GCC_541\Debug\4 - Pendulo.a(PWM_Motor.o)
                              .\CortexM3\ARM_GCC_541\Debug\motor.o (PWM_Motor_WriteCompare)
.\CortexM3\ARM_GCC_541\Debug\4 - Pendulo.a(Pin_IN1.o)
                              .\CortexM3\ARM_GCC_541\Debug\motor.o (Pin_IN1_Write)
.\CortexM3\ARM_GCC_541\Debug\4 - Pendulo.a(Pin_IN2.o)
                              .\CortexM3\ARM_GCC_541\Debug\motor.o (Pin_IN2_Write)
.\CortexM3\ARM_GCC_541\Debug\4 - Pendulo.a(UART_1.o)
                              .\CortexM3\ARM_GCC_541\Debug\uartp_pend.o (UART_1_Start)
.\CortexM3\ARM_GCC_541\Debug\4 - Pendulo.a(UART_1_INT.o)
                              .\CortexM3\ARM_GCC_541\Debug\4 - Pendulo.a(UART_1.o) (UART_1_RXISR)
.\CortexM3\ARM_GCC_541\Debug\4 - Pendulo.a(UART_1_IntClock.o)
                              .\CortexM3\ARM_GCC_541\Debug\4 - Pendulo.a(UART_1.o) (UART_1_IntClock_Start)
.\CortexM3\ARM_GCC_541\Debug\4 - Pendulo.a(isr_2.o)
                              .\CortexM3\ARM_GCC_541\Debug\uartp_pend.o (isr_2_StartEx)
.\CortexM3\ARM_GCC_541\Debug\4 - Pendulo.a(pin_flag.o)
                              .\CortexM3\ARM_GCC_541\Debug\main.o (pin_flag_Write)
.\CortexM3\ARM_GCC_541\Debug\4 - Pendulo.a(CyBootAsmGnu.o)
                              .\CortexM3\ARM_GCC_541\Debug\cyfitter_cfg.o (CyDelayCycles)
.\CortexM3\ARM_GCC_541\Debug\4 - Pendulo.a(CyFlash.o)
                              .\CortexM3\ARM_GCC_541\Debug\4 - Pendulo.a(cyPm.o) (CyFlash_SetWaitCycles)
.\CortexM3\ARM_GCC_541\Debug\4 - Pendulo.a(CySpc.o)
                              .\CortexM3\ARM_GCC_541\Debug\4 - Pendulo.a(CyFlash.o) (CySpcStart)
d:/psoc/psoc creator/4.4/psoc creator/import/gnu/arm/5.4.1/bin/../lib/gcc/arm-none-eabi/5.4.1/armv7-m\libgcc.a(_arm_addsubsf3.o)
                              .\CortexM3\ARM_GCC_541\Debug\motor.o (__aeabi_fsub)
d:/psoc/psoc creator/4.4/psoc creator/import/gnu/arm/5.4.1/bin/../lib/gcc/arm-none-eabi/5.4.1/armv7-m\libgcc.a(_arm_muldivsf3.o)
                              .\CortexM3\ARM_GCC_541\Debug\motor.o (__aeabi_fmul)
d:/psoc/psoc creator/4.4/psoc creator/import/gnu/arm/5.4.1/bin/../lib/gcc/arm-none-eabi/5.4.1/armv7-m\libgcc.a(_arm_cmpsf2.o)
                              .\CortexM3\ARM_GCC_541\Debug\ctrl_pend.o (__aeabi_fcmpeq)
d:/psoc/psoc creator/4.4/psoc creator/import/gnu/arm/5.4.1/bin/../lib/gcc/arm-none-eabi/5.4.1/armv7-m\libgcc.a(_arm_fixsfsi.o)
                              .\CortexM3\ARM_GCC_541\Debug\motor.o (__aeabi_f2iz)
d:/psoc/psoc creator/4.4/psoc creator/import/gnu/arm/5.4.1/bin/../lib/gcc/arm-none-eabi/5.4.1/armv7-m\libgcc.a(_arm_fixunssfsi.o)
                              .\CortexM3\ARM_GCC_541\Debug\uartp_pend.o (__aeabi_f2uiz)
d:/psoc/psoc creator/4.4/psoc creator/import/gnu/arm/5.4.1/bin/../lib/gcc/arm-none-eabi/5.4.1/armv7-m\libgcc.a(_fixsfdi.o)
                              .\CortexM3\ARM_GCC_541\Debug\arm_float_to_q31.o (__aeabi_f2lz)
d:/psoc/psoc creator/4.4/psoc creator/import/gnu/arm/5.4.1/bin/../lib/gcc/arm-none-eabi/5.4.1/armv7-m\libgcc.a(_fixunssfdi.o)
                              d:/psoc/psoc creator/4.4/psoc creator/import/gnu/arm/5.4.1/bin/../lib/gcc/arm-none-eabi/5.4.1/armv7-m\libgcc.a(_fixsfdi.o) (__aeabi_f2ulz)
d:/psoc/psoc creator/4.4/psoc creator/import/gnu/arm/5.4.1/bin/../lib/gcc/arm-none-eabi/5.4.1/armv7-m\libgcc.a(_arm_addsubdf3.o)
[...]
Memory Configuration

Name             Origin             Length             Attributes
rom              0x00000000         0x00040000         xr
ram              0x1fff8000         0x00010000         xrw
*default*        0x00000000         0xffffffff

Linker script and memory map

LOAD d:/psoc/psoc creator/4.4/psoc creator/import/gnu/arm/5.4.1/bin/../lib/gcc/arm-none-eabi/5.4.1/armv7-m/crti.o
LOAD d:/psoc/psoc creator/4.4/psoc creator/import/gnu/arm/5.4.1/bin/../lib/gcc/arm-none-eabi/5.4.1/armv7-m/crtbegin.o
LOAD d:/psoc/psoc creator/4.4/psoc creator/import/gnu/arm/5.4.1/bin/../lib/gcc/arm-none-eabi/5.4.1/../../../../arm-none-eabi/lib/armv7-m/crt0.o
START GROUP
LOAD .\CortexM3\ARM_GCC_541\Debug\main.o
LOAD .\CortexM3\ARM_GCC_541\Debug\motor.o
LOAD .\CortexM3\ARM_GCC_541\Debug\pid.o
LOAD .\CortexM3\ARM_GCC_541\Debug\pendulo.o
LOAD .\CortexM3\ARM_GCC_541\Debug\uartp_pend.o
LOAD .\CortexM3\ARM_GCC_541\Debug\ctrl_pend.o
LOAD .\CortexM3\ARM_GCC_541\Debug\uartp2.o
LOAD .\CortexM3\ARM_GCC_541\Debug\arm_add_f32.o
LOAD .\CortexM3\ARM_GCC_541\Debug\arm_dot_prod_f32.o
LOAD .\CortexM3\ARM_GCC_541\Debug\arm_mat_init_f32.o
LOAD .\CortexM3\ARM_GCC_541\Debug\arm_mat_mult_f32.o
LOAD .\CortexM3\ARM_GCC_541\Debug\arm_scale_f32.o
LOAD .\CortexM3\ARM_GCC_541\Debug\arm_dot_prod_q31.o
LOAD .\CortexM3\ARM_GCC_541\Debug\arm_scale_q31.o
LOAD .\CortexM3\ARM_GCC_541\Debug\arm_add_q31.o
LOAD .\CortexM3\ARM_GCC_541\Debug\arm_float_to_q31.o
LOAD .\CortexM3\ARM_GCC_541\Debug\arm_q31_to_float.o
LOAD .\CortexM3\ARM_GCC_541\Debug\arm_dot_prod_q15.o
LOAD .\CortexM3\ARM_GCC_541\Debug\arm_scale_q15.o
LOAD .\CortexM3\ARM_GCC_541\Debug\arm_add_q15.o
LOAD .\CortexM3\ARM_GCC_541\Debug\arm_float_to_q15.o
LOAD .\CortexM3\ARM_GCC_541\Debug\arm_q15_to_float.o
LOAD .\CortexM3\ARM_GCC_541\Debug\arm_dot_prod_q7.o
LOAD .\CortexM3\ARM_GCC_541\Debug\arm_scale_q7.o
LOAD .\CortexM3\ARM_GCC_541\Debug\arm_add_q7.o
LOAD .\CortexM3\ARM_GCC_541\Debug\arm_float_to_q7.o
LOAD .\CortexM3\ARM_GCC_541\Debug\arm_q7_to_float.o
LOAD .\CortexM3\ARM_GCC_541\Debug\cyfitter_cfg.o
LOAD .\CortexM3\ARM_GCC_541\Debug\cymetadata.o
LOAD .\CortexM3\ARM_GCC_541\Debug\Cm3Start.o
LOAD .\CortexM3\ARM_GCC_541\Debug\4 - Pendulo.a
LOAD D:\PSoc\PSoC Creator\4.4\PSoC Creator\psoc\content\cycomponentlibrary\CyComponentLibrary.cylib\CortexM3\ARM_GCC_541\Debug\CyComponentLibrary.a
LOAD d:/psoc/psoc creator/4.4/psoc creator/import/gnu/arm/5.4.1/bin/../lib/gcc/arm-none-eabi/5.4.1/../../../../arm-none-eabi/lib/armv7-m\libm.a
END GROUP
START GROUP
LOAD d:/psoc/psoc creator/4.4/psoc creator/import/gnu/arm/5.4.1/bin/../lib/gcc/arm-none-eabi/5.4.1/armv7-m\libgcc.a
LOAD d:/psoc/psoc creator/4.4/psoc creator/import/gnu/arm/5.4.1/bin/../lib/gcc/arm-none-eabi/5.4.1/../../../../arm-none-eabi/lib/armv7-m\libg_nano.a
LOAD d:/psoc/psoc creator/4.4/psoc creator/import/gnu/arm/5.4.1/bin/../lib/gcc/arm-none-eabi/5.4.1/../../../../arm-none-eabi/lib/armv7-m\libc_nano.a
END GROUP
START GROUP
LOAD d:/psoc/psoc creator/4.4/psoc creator/import/gnu/arm/5.4.1/bin/../lib/gcc/arm-none-eabi/5.4.1/armv7-m\libgcc.a
LOAD d:/psoc/psoc creator/4.4/psoc creator/import/gnu/arm/5.4.1/bin/../lib/gcc/arm-none-eabi/5.4.1/../../../../arm-none-eabi/lib/armv7-m\libc_nano.a
END GROUP
LOAD d:/psoc/psoc creator/4.4/psoc creator/import/gnu/arm/5.4.1/bin/../lib/gcc/arm-none-eabi/5.4.1/armv7-m/crtend.o
LOAD d:/psoc/psoc creator/4.4/psoc creator/import/gnu/arm/5.4.1/bin/../lib/gcc/arm-none-eabi/5.4.1/armv7-m/crtn.o
START GROUP
LOAD d:/psoc/psoc creator/4.4/psoc creator/import/gnu/arm/5.4.1/bin/../lib/gcc/arm-none-eabi/5.4.1/armv7-m\libgcc.a
LOAD d:/psoc/psoc creator/4.4/psoc creator/import/gnu/arm/5.4.1/bin/../lib/gcc/arm-none-eabi/5.4.1/../../../../arm-none-eabi/lib/armv7-m\libc.a
LOAD d:/psoc/psoc creator/4.4/psoc creator/import/gnu/arm/5.4.1/bin/../lib/gcc/arm-none-eabi/5.4.1/../../../../arm-none-eabi/lib/armv7-m\libnosys.a
END GROUP
                0x00000000                CY_APPL_ORIGIN = 0x0
                0x00000100                CY_FLASH_ROW_SIZE = 0x100
                0x00000020                CY_ECC_ROW_SIZE = 0x20
                0x00000000                CY_EE_IN_BTLDR = 0x0
                0x00000000                CY_APPL_LOADABLE = 0x0
                0x00000800                CY_EE_SIZE = 0x800
                0x00000001                CY_APPL_NUM = 0x1
                0x00000001                CY_APPL_MAX = 0x1
                0x00000040                CY_METADATA_SIZE = 0x40
                0x00000000                CY_APPL_LOADABLE = 0x0
                0x00000000                CY_CHECKSUM_EXCLUDE_SIZE = ALIGN (0x0, CY_FLASH_ROW_SIZE)
                [!provide]                PROVIDE (__cy_heap_start, _end)
                0x00000001                PROVIDE (__cy_region_num, ((__cy_regions_end - __cy_regions) / 0x10))
                0x20008000                PROVIDE (__cy_stack, (ORIGIN (ram) + LENGTH (ram)))
                [!provide]                PROVIDE (__cy_heap_end, (__cy_stack - 0x800))

.cybootloader   0x00000000        0x0
 *(.cybootloader)
                0x00000000                appl1_start = CY_APPL_ORIGIN?CY_APPL_ORIGIN:ALIGN (CY_FLASH_ROW_SIZE)
                0x0001ff00                appl2_start = (appl1_start + ALIGN ((((LENGTH (rom) - appl1_start) - (0x2 * CY_FLASH_ROW_SIZE)) / 0x2), CY_FLASH_ROW_SIZE))
                0x00000000                appl_start = (CY_APPL_NUM == 0x1)?appl1_start:appl2_start
                0x00000000                ecc_offset = ((appl_start / CY_FLASH_ROW_SIZE) * CY_ECC_ROW_SIZE)
                0x00000000                ee_offset = (CY_APPL_LOADABLE && ! (CY_EE_IN_BTLDR))?((CY_EE_SIZE / CY_APPL_MAX) * (CY_APPL_NUM - 0x1)):0x0
                0x00000800                ee_size = (CY_APPL_LOADABLE && ! (CY_EE_IN_BTLDR))?(CY_EE_SIZE / CY_APPL_MAX):CY_EE_SIZE
                [!provide]                PROVIDE (CY_ECC_OFFSET, ecc_offset)

.text           0x00000000     0x5432
 CREATE_OBJECT_SYMBOLS
                0x00000000                PROVIDE (__cy_interrupt_vector, RomVectors)
 *(.romvectors)
 .romvectors    0x00000000       0x10 .\CortexM3\ARM_GCC_541\Debug\Cm3Start.o
                0x00000000                RomVectors
                0x00000001                ASSERT ((. != __cy_interrupt_vector), No interrupt vector)
                0x00000001                ASSERT (CY_APPL_ORIGIN?(SIZEOF (.cybootloader) <= CY_APPL_ORIGIN):0x1, Wrong image location)
                0x00000010                PROVIDE (__cy_reset, Reset)
 *(.text.Reset)
 .text.Reset    0x00000010       0x18 .\CortexM3\ARM_GCC_541\Debug\Cm3Start.o
                0x00000010                Reset
                0x00000001                ASSERT ((. != __cy_reset), No reset code)
 *(.dma_init)
                0x00000001                ASSERT ((((appl_start + .) <= 0x10000) || 0x1), DMA Init must be within the first 64k of flash)
 *(.text .text.* .gnu.linkonce.t.*)
 .text          0x00000028       0x5c d:/psoc/psoc creator/4.4/psoc creator/import/gnu/arm/5.4.1/bin/../lib/gcc/arm-none-eabi/5.4.1/armv7-m/crtbegin.o
 .text.main     0x00000084      0x24c .\CortexM3\ARM_GCC_541\Debug\main.o
                0x00000084                main
 .text.Motor_Control
                0x000002d0       0x60 .\CortexM3\ARM_GCC_541\Debug\motor.o
                0x000002d0                Motor_Control
 .text.Motor_Free
                0x00000330       0x18 .\CortexM3\ARM_GCC_541\Debug\motor.o
                0x00000330                Motor_Free
 .text.PWM_Desde_Voltaje
                0x00000348       0xb8 .\CortexM3\ARM_GCC_541\Debug\motor.o
                0x00000348                PWM_Desde_Voltaje
 .text.Control_Timer_ISR
                0x00000400       0x14 .\CortexM3\ARM_GCC_541\Debug\pendulo.o
                0x00000400                Control_Timer_ISR
 .text.pendulo_init
                0x00000414       0x40 .\CortexM3\ARM_GCC_541\Debug\pendulo.o
                0x00000414                pendulo_init
 .text.pendulo_reset_encoders
                0x00000454       0x18 .\CortexM3\ARM_GCC_541\Debug\pendulo.o
                0x00000454                pendulo_reset_encoders
 .text.pendulo_resync_motor
                0x0000046c       0x10 .\CortexM3\ARM_GCC_541\Debug\pendulo.o
                0x0000046c                pendulo_resync_motor
 .text.pendulo_read
                0x0000047c       0x38 .\CortexM3\ARM_GCC_541\Debug\pendulo.o
                0x0000047c                pendulo_read
 .text.ll_wait_byte
                0x000004b4       0x28 .\CortexM3\ARM_GCC_541\Debug\uartp_pend.o
 .text.ll_putchar
                0x000004dc        0x8 .\CortexM3\ARM_GCC_541\Debug\uartp_pend.o
 .text.ll_recv_word4
                0x000004e4       0x90 .\CortexM3\ARM_GCC_541\Debug\uartp_pend.o
 .text.handle_cmd_p
                0x00000574      0x1c8 .\CortexM3\ARM_GCC_541\Debug\uartp_pend.o
 .text.UARTP_Rx_ISR
                0x0000073c       0xc4 .\CortexM3\ARM_GCC_541\Debug\uartp_pend.o
                0x0000073c                UARTP_Rx_ISR
 .text.UARTP_Init
                0x00000800       0x28 .\CortexM3\ARM_GCC_541\Debug\uartp_pend.o
                0x00000800                UARTP_Init
 .text.UARTP_ProcessCommand
                0x00000828      0x154 .\CortexM3\ARM_GCC_541\Debug\uartp_pend.o
                0x00000828                UARTP_ProcessCommand
 .text.satf     0x0000097c       0x28 .\CortexM3\ARM_GCC_541\Debug\ctrl_pend.o
 .text.mode_ss  0x000009a4       0x10 .\CortexM3\ARM_GCC_541\Debug\ctrl_pend.o
 .text.mode_has_i
                0x000009b4       0x10 .\CortexM3\ARM_GCC_541\Debug\ctrl_pend.o
 .text.tf_step  0x000009c4       0xcc .\CortexM3\ARM_GCC_541\Debug\ctrl_pend.o
 .text.ss_yhat_q31
                0x00000a90      0x13c .\CortexM3\ARM_GCC_541\Debug\ctrl_pend.o
 .text.ss_obs_act_correct_q31
                0x00000bcc      0x124 .\CortexM3\ARM_GCC_541\Debug\ctrl_pend.o
 .text.ss_predict_q31
                0x00000cf0      0x194 .\CortexM3\ARM_GCC_541\Debug\ctrl_pend.o
 .text.ss_obs_pred_q31
                0x00000e84      0x138 .\CortexM3\ARM_GCC_541\Debug\ctrl_pend.o
 .text.ss_obs_act_predict_q31
                0x00000fbc       0x14 .\CortexM3\ARM_GCC_541\Debug\ctrl_pend.o
 .text.ss_u_cmd_q31
                0x00000fd0      0x138 .\CortexM3\ARM_GCC_541\Debug\ctrl_pend.o
 .text.ss_yhat_q15
                0x00001108      0x150 .\CortexM3\ARM_GCC_541\Debug\ctrl_pend.o
 .text.ss_obs_act_correct_q15
                0x00001258      0x130 .\CortexM3\ARM_GCC_541\Debug\ctrl_pend.o
 .text.ss_predict_q15
                0x00001388      0x1a8 .\CortexM3\ARM_GCC_541\Debug\ctrl_pend.o
 .text.ss_obs_pred_q15
                0x00001530      0x144 .\CortexM3\ARM_GCC_541\Debug\ctrl_pend.o
 .text.ss_obs_act_predict_q15
                0x00001674       0x14 .\CortexM3\ARM_GCC_541\Debug\ctrl_pend.o
 .text.ss_u_cmd_q15
                0x00001688      0x144 .\CortexM3\ARM_GCC_541\Debug\ctrl_pend.o
 .text.ss_yhat_q7
                0x000017cc      0x144 .\CortexM3\ARM_GCC_541\Debug\ctrl_pend.o
 .text.ss_obs_act_correct_q7
                0x00001910      0x12c .\CortexM3\ARM_GCC_541\Debug\ctrl_pend.o
 .text.ss_predict_q7
                0x00001a3c      0x194 .\CortexM3\ARM_GCC_541\Debug\ctrl_pend.o
 .text.ss_obs_pred_q7
                0x00001bd0      0x140 .\CortexM3\ARM_GCC_541\Debug\ctrl_pend.o
 .text.ss_obs_act_predict_q7
                0x00001d10       0x14 .\CortexM3\ARM_GCC_541\Debug\ctrl_pend.o
 .text.ss_u_cmd_q7
                0x00001d24      0x138 .\CortexM3\ARM_GCC_541\Debug\ctrl_pend.o
 .text.ss_yhat_f32
                0x00001e5c       0x2c .\CortexM3\ARM_GCC_541\Debug\ctrl_pend.o
 .text.ss_obs_act_correct_f32
                0x00001e88       0x3c .\CortexM3\ARM_GCC_541\Debug\ctrl_pend.o
 .text.obs_act_correct
                0x00001ec4       0x30 .\CortexM3\ARM_GCC_541\Debug\ctrl_pend.o
 .text.ss_predict_f32
                0x00001ef4       0x48 .\CortexM3\ARM_GCC_541\Debug\ctrl_pend.o
 .text.ss_obs_pred_f32
                0x00001f3c       0x48 .\CortexM3\ARM_GCC_541\Debug\ctrl_pend.o
 .text.obs_pred
                0x00001f84       0x30 .\CortexM3\ARM_GCC_541\Debug\ctrl_pend.o
 .text.ss_obs_act_predict_f32
                0x00001fb4       0x14 .\CortexM3\ARM_GCC_541\Debug\ctrl_pend.o
 .text.obs_act_predict
                0x00001fc8       0x30 .\CortexM3\ARM_GCC_541\Debug\ctrl_pend.o
 .text.ss_u_cmd_f32
                0x00001ff8       0x44 .\CortexM3\ARM_GCC_541\Debug\ctrl_pend.o
 .text.u_cmd    0x0000203c       0x30 .\CortexM3\ARM_GCC_541\Debug\ctrl_pend.o
 .text.run_step
                0x0000206c      0x1f4 .\CortexM3\ARM_GCC_541\Debug\ctrl_pend.o
 .text.ctrl_init
                0x00002260       0x64 .\CortexM3\ARM_GCC_541\Debug\ctrl_pend.o
                0x00002260                ctrl_init
 .text.ctrl_set_mode
                0x000022c4       0x1c .\CortexM3\ARM_GCC_541\Debug\ctrl_pend.o
                0x000022c4                ctrl_set_mode
 .text.ctrl_apply_coeffs
                0x000022e0      0x4ec .\CortexM3\ARM_GCC_541\Debug\ctrl_pend.o
                0x000022e0                ctrl_apply_coeffs
 .text.ctrl_set_num_type
                0x000027cc       0x10 .\CortexM3\ARM_GCC_541\Debug\ctrl_pend.o
                0x000027cc                ctrl_set_num_type
 .text.ctrl_start
                0x000027dc       0x80 .\CortexM3\ARM_GCC_541\Debug\ctrl_pend.o
                0x000027dc                ctrl_start
 .text.ctrl_stop
                0x0000285c       0x14 .\CortexM3\ARM_GCC_541\Debug\ctrl_pend.o
                0x0000285c                ctrl_stop
 .text.ctrl_update_ref
                0x00002870        0xc .\CortexM3\ARM_GCC_541\Debug\ctrl_pend.o
                0x00002870                ctrl_update_ref
 .text.ctrl_set_sat
                0x0000287c       0x48 .\CortexM3\ARM_GCC_541\Debug\ctrl_pend.o
                0x0000287c                ctrl_set_sat
 .text.ctrl_step
                0x000028c4      0x210 .\CortexM3\ARM_GCC_541\Debug\ctrl_pend.o
                0x000028c4                ctrl_step
 .text.arm_add_f32
                0x00002ad4       0x90 .\CortexM3\ARM_GCC_541\Debug\arm_add_f32.o
                0x00002ad4                arm_add_f32
 .text.arm_dot_prod_f32
                0x00002b64       0xa0 .\CortexM3\ARM_GCC_541\Debug\arm_dot_prod_f32.o
                0x00002b64                arm_dot_prod_f32
 .text.arm_scale_f32
                0x00002c04       0x88 .\CortexM3\ARM_GCC_541\Debug\arm_scale_f32.o
                0x00002c04                arm_scale_f32
 .text.arm_dot_prod_q31
                0x00002c8c      0x174 .\CortexM3\ARM_GCC_541\Debug\arm_dot_prod_q31.o
                0x00002c8c                arm_dot_prod_q31
 .text.arm_scale_q31
                0x00002e00      0x1f4 .\CortexM3\ARM_GCC_541\Debug\arm_scale_q31.o
                0x00002e00                arm_scale_q31
 .text.arm_add_q31
                0x00002ff4      0x104 .\CortexM3\ARM_GCC_541\Debug\arm_add_q31.o
                0x00002ff4                arm_add_q31
 .text.arm_float_to_q31
                0x000030f8       0xdc .\CortexM3\ARM_GCC_541\Debug\arm_float_to_q31.o
                0x000030f8                arm_float_to_q31
 .text.arm_dot_prod_q15
                0x000031d4       0x90 .\CortexM3\ARM_GCC_541\Debug\arm_dot_prod_q15.o
                0x000031d4                arm_dot_prod_q15
 .text.arm_scale_q15
                0x00003264       0x90 .\CortexM3\ARM_GCC_541\Debug\arm_scale_q15.o
                0x00003264                arm_scale_q15
 .text.arm_add_q15
                0x000032f4       0x98 .\CortexM3\ARM_GCC_541\Debug\arm_add_q15.o
                0x000032f4                arm_add_q15
 .text.arm_float_to_q15
                0x0000338c       0xa0 .\CortexM3\ARM_GCC_541\Debug\arm_float_to_q15.o
                0x0000338c                arm_float_to_q15
 .text.arm_dot_prod_q7
                0x0000342c       0xcc .\CortexM3\ARM_GCC_541\Debug\arm_dot_prod_q7.o
                0x0000342c                arm_dot_prod_q7
 .text.arm_scale_q7
                0x000034f8       0x9c .\CortexM3\ARM_GCC_541\Debug\arm_scale_q7.o
                0x000034f8                arm_scale_q7
 .text.arm_add_q7
                0x00003594       0x94 .\CortexM3\ARM_GCC_541\Debug\arm_add_q7.o
                0x00003594                arm_add_q7
 .text.arm_float_to_q7
                0x00003628       0xa0 .\CortexM3\ARM_GCC_541\Debug\arm_float_to_q7.o
                0x00003628                arm_float_to_q7
 .text.CyClockStartupError
                0x000036c8        0x4 .\CortexM3\ARM_GCC_541\Debug\cyfitter_cfg.o
 .text.cfg_write_bytes32
                0x000036cc       0x34 .\CortexM3\ARM_GCC_541\Debug\cyfitter_cfg.o
 .text.AnalogSetDefault
                0x00003700       0x28 .\CortexM3\ARM_GCC_541\Debug\cyfitter_cfg.o
 .text.CYMEMZERO
                0x00003728        0xc .\CortexM3\ARM_GCC_541\Debug\cyfitter_cfg.o
 .text.ClockSetup
                0x00003734       0xc0 .\CortexM3\ARM_GCC_541\Debug\cyfitter_cfg.o
 .text.CYCONFIGCPY
                0x000037f4        0x8 .\CortexM3\ARM_GCC_541\Debug\cyfitter_cfg.o
 .text.cyfitter_cfg
                0x000037fc      0x128 .\CortexM3\ARM_GCC_541\Debug\cyfitter_cfg.o
                0x000037fc                cyfitter_cfg
 .text.IntDefaultHandler
                0x00003924       0x10 .\CortexM3\ARM_GCC_541\Debug\Cm3Start.o
                0x00003924                IntDefaultHandler
 .text.Start_c  0x00003934       0x4c .\CortexM3\ARM_GCC_541\Debug\Cm3Start.o
                0x00003934                Start_c
 .text.initialize_psoc
                0x00003980       0x68 .\CortexM3\ARM_GCC_541\Debug\Cm3Start.o
                0x00003980                initialize_psoc
 .text.Timer_1_Enable
                0x000039e8       0x10 .\CortexM3\ARM_GCC_541\Debug\4 - Pendulo.a(Timer_1.o)
                0x000039e8                Timer_1_Enable
 .text.Timer_1_Stop
                0x000039f8       0x10 .\CortexM3\ARM_GCC_541\Debug\4 - Pendulo.a(Timer_1.o)
                0x000039f8                Timer_1_Stop
 .text.Timer_1_SetInterruptMode
                0x00003a08        0xc .\CortexM3\ARM_GCC_541\Debug\4 - Pendulo.a(Timer_1.o)
                0x00003a08                Timer_1_SetInterruptMode
 .text.Timer_1_SoftwareCapture
                0x00003a14        0xc .\CortexM3\ARM_GCC_541\Debug\4 - Pendulo.a(Timer_1.o)
                0x00003a14                Timer_1_SoftwareCapture
 .text.Timer_1_ReadStatusRegister
                0x00003a20        0xc .\CortexM3\ARM_GCC_541\Debug\4 - Pendulo.a(Timer_1.o)
                0x00003a20                Timer_1_ReadStatusRegister
 .text.Timer_1_WritePeriod
                0x00003a2c        0xc .\CortexM3\ARM_GCC_541\Debug\4 - Pendulo.a(Timer_1.o)
                0x00003a2c                Timer_1_WritePeriod
 .text.Timer_1_ReadCapture
                0x00003a38        0xc .\CortexM3\ARM_GCC_541\Debug\4 - Pendulo.a(Timer_1.o)
                0x00003a38                Timer_1_ReadCapture
 .text.Timer_1_WriteCounter
                0x00003a44        0xc .\CortexM3\ARM_GCC_541\Debug\4 - Pendulo.a(Timer_1.o)
                0x00003a44                Timer_1_WriteCounter
 .text.Timer_1_SetCaptureMode
                0x00003a50       0x1c .\CortexM3\ARM_GCC_541\Debug\4 - Pendulo.a(Timer_1.o)
                0x00003a50                Timer_1_SetCaptureMode
 .text.Timer_1_ClearFIFO
                0x00003a6c       0x14 .\CortexM3\ARM_GCC_541\Debug\4 - Pendulo.a(Timer_1.o)
                0x00003a6c                Timer_1_ClearFIFO
 .text.Timer_1_Init
                0x00003a80       0x3c .\CortexM3\ARM_GCC_541\Debug\4 - Pendulo.a(Timer_1.o)
                0x00003a80                Timer_1_Init
 .text.Timer_1_Start
                0x00003abc       0x1c .\CortexM3\ARM_GCC_541\Debug\4 - Pendulo.a(Timer_1.o)
                0x00003abc                Timer_1_Start
 .text.QuadDec_1_Init
                0x00003ad8       0x24 .\CortexM3\ARM_GCC_541\Debug\4 - Pendulo.a(QuadDec_1.o)
                0x00003ad8                QuadDec_1_Init
 .text.QuadDec_1_GetCounter
                0x00003afc       0x2c .\CortexM3\ARM_GCC_541\Debug\4 - Pendulo.a(QuadDec_1.o)
                0x00003afc                QuadDec_1_GetCounter
 .text.QuadDec_1_GetEvents
                0x00003b28       0x10 .\CortexM3\ARM_GCC_541\Debug\4 - Pendulo.a(QuadDec_1.o)
                0x00003b28                QuadDec_1_GetEvents
 .text.QuadDec_1_SetInterruptMask
                0x00003b38       0x10 .\CortexM3\ARM_GCC_541\Debug\4 - Pendulo.a(QuadDec_1.o)
                0x00003b38                QuadDec_1_SetInterruptMask
 .text.QuadDec_1_Enable
                0x00003b48       0x30 .\CortexM3\ARM_GCC_541\Debug\4 - Pendulo.a(QuadDec_1.o)
                0x00003b48                QuadDec_1_Enable
 .text.QuadDec_1_Start
                0x00003b78       0x34 .\CortexM3\ARM_GCC_541\Debug\4 - Pendulo.a(QuadDec_1.o)
                0x00003b78                QuadDec_1_Start
 .text.QuadDec_1_ISR
                0x00003bac       0x40 .\CortexM3\ARM_GCC_541\Debug\4 - Pendulo.a(QuadDec_1_INT.o)
                0x00003bac                QuadDec_1_ISR
 .text.isr_1_SetVector
                0x00003bec        0xc .\CortexM3\ARM_GCC_541\Debug\4 - Pendulo.a(isr_1.o)
                0x00003bec                isr_1_SetVector
 .text.isr_1_SetPriority
                0x00003bf8       0x10 .\CortexM3\ARM_GCC_541\Debug\4 - Pendulo.a(isr_1.o)
                0x00003bf8                isr_1_SetPriority
 .text.isr_1_Enable
                0x00003c08        0xc .\CortexM3\ARM_GCC_541\Debug\4 - Pendulo.a(isr_1.o)
                0x00003c08                isr_1_Enable
 .text.isr_1_Disable
                0x00003c14        0xc .\CortexM3\ARM_GCC_541\Debug\4 - Pendulo.a(isr_1.o)
                0x00003c14                isr_1_Disable
 .text.isr_1_StartEx
                0x00003c20       0x1c .\CortexM3\ARM_GCC_541\Debug\4 - Pendulo.a(isr_1.o)
                0x00003c20                isr_1_StartEx
 .text.QuadDec_2_Init
                0x00003c3c       0x24 .\CortexM3\ARM_GCC_541\Debug\4 - Pendulo.a(QuadDec_2.o)
                0x00003c3c                QuadDec_2_Init
 .text.QuadDec_2_GetCounter
                0x00003c60       0x2c .\CortexM3\ARM_GCC_541\Debug\4 - Pendulo.a(QuadDec_2.o)
                0x00003c60                QuadDec_2_GetCounter
 .text.QuadDec_2_SetCounter
                0x00003c8c       0x28 .\CortexM3\ARM_GCC_541\Debug\4 - Pendulo.a(QuadDec_2.o)
                0x00003c8c                QuadDec_2_SetCounter
 .text.QuadDec_2_GetEvents
                0x00003cb4       0x10 .\CortexM3\ARM_GCC_541\Debug\4 - Pendulo.a(QuadDec_2.o)
                0x00003cb4                QuadDec_2_GetEvents
 .text.QuadDec_2_SetInterruptMask
                0x00003cc4       0x10 .\CortexM3\ARM_GCC_541\Debug\4 - Pendulo.a(QuadDec_2.o)
                0x00003cc4                QuadDec_2_SetInterruptMask
 .text.QuadDec_2_Enable
                0x00003cd4       0x30 .\CortexM3\ARM_GCC_541\Debug\4 - Pendulo.a(QuadDec_2.o)
                0x00003cd4                QuadDec_2_Enable
 .text.QuadDec_2_Start
                0x00003d04       0x34 .\CortexM3\ARM_GCC_541\Debug\4 - Pendulo.a(QuadDec_2.o)
                0x00003d04                QuadDec_2_Start
 .text.QuadDec_2_ISR
                0x00003d38       0x40 .\CortexM3\ARM_GCC_541\Debug\4 - Pendulo.a(QuadDec_2_INT.o)
                0x00003d38                QuadDec_2_ISR
 .text.QuadDec_1_Cnt16_Enable
                0x00003d78       0x10 .\CortexM3\ARM_GCC_541\Debug\4 - Pendulo.a(QuadDec_1_Cnt16.o)
                0x00003d78                QuadDec_1_Cnt16_Enable
 .text.QuadDec_1_Cnt16_SetInterruptMode
                0x00003d88        0xc .\CortexM3\ARM_GCC_541\Debug\4 - Pendulo.a(QuadDec_1_Cnt16.o)
                0x00003d88                QuadDec_1_Cnt16_SetInterruptMode
 .text.QuadDec_1_Cnt16_ReadStatusRegister
                0x00003d94        0xc .\CortexM3\ARM_GCC_541\Debug\4 - Pendulo.a(QuadDec_1_Cnt16.o)
                0x00003d94                QuadDec_1_Cnt16_ReadStatusRegister
 .text.QuadDec_1_Cnt16_WriteCounter
                0x00003da0        0xc .\CortexM3\ARM_GCC_541\Debug\4 - Pendulo.a(QuadDec_1_Cnt16.o)
                0x00003da0                QuadDec_1_Cnt16_WriteCounter
 .text.QuadDec_1_Cnt16_ReadCounter
                0x00003dac       0x14 .\CortexM3\ARM_GCC_541\Debug\4 - Pendulo.a(QuadDec_1_Cnt16.o)
                0x00003dac                QuadDec_1_Cnt16_ReadCounter
 .text.QuadDec_1_Cnt16_ReadCapture
                0x00003dc0        0xc .\CortexM3\ARM_GCC_541\Debug\4 - Pendulo.a(QuadDec_1_Cnt16.o)
                0x00003dc0                QuadDec_1_Cnt16_ReadCapture
 .text.QuadDec_1_Cnt16_WritePeriod
                0x00003dcc        0xc .\CortexM3\ARM_GCC_541\Debug\4 - Pendulo.a(QuadDec_1_Cnt16.o)
                0x00003dcc                QuadDec_1_Cnt16_WritePeriod
 .text.QuadDec_1_Cnt16_WriteCompare
                0x00003dd8        0xc .\CortexM3\ARM_GCC_541\Debug\4 - Pendulo.a(QuadDec_1_Cnt16.o)
                0x00003dd8                QuadDec_1_Cnt16_WriteCompare
 .text.QuadDec_1_Cnt16_ClearFIFO
                0x00003de4       0x14 .\CortexM3\ARM_GCC_541\Debug\4 - Pendulo.a(QuadDec_1_Cnt16.o)
                0x00003de4                QuadDec_1_Cnt16_ClearFIFO
 .text.QuadDec_1_Cnt16_Init
                0x00003df8       0x58 .\CortexM3\ARM_GCC_541\Debug\4 - Pendulo.a(QuadDec_1_Cnt16.o)
                0x00003df8                QuadDec_1_Cnt16_Init
 .text.QuadDec_1_Cnt16_Start
                0x00003e50       0x1c .\CortexM3\ARM_GCC_541\Debug\4 - Pendulo.a(QuadDec_1_Cnt16.o)
                0x00003e50                QuadDec_1_Cnt16_Start
 .text.QuadDec_2_Cnt16_Enable
                0x00003e6c       0x10 .\CortexM3\ARM_GCC_541\Debug\4 - Pendulo.a(QuadDec_2_Cnt16.o)
                0x00003e6c                QuadDec_2_Cnt16_Enable
 .text.QuadDec_2_Cnt16_SetInterruptMode
                0x00003e7c        0xc .\CortexM3\ARM_GCC_541\Debug\4 - Pendulo.a(QuadDec_2_Cnt16.o)
                0x00003e7c                QuadDec_2_Cnt16_SetInterruptMode
 .text.QuadDec_2_Cnt16_ReadStatusRegister
                0x00003e88        0xc .\CortexM3\ARM_GCC_541\Debug\4 - Pendulo.a(QuadDec_2_Cnt16.o)
                0x00003e88                QuadDec_2_Cnt16_ReadStatusRegister
 .text.QuadDec_2_Cnt16_WriteCounter
                0x00003e94        0xc .\CortexM3\ARM_GCC_541\Debug\4 - Pendulo.a(QuadDec_2_Cnt16.o)
                0x00003e94                QuadDec_2_Cnt16_WriteCounter
 .text.QuadDec_2_Cnt16_ReadCounter
                0x00003ea0       0x14 .\CortexM3\ARM_GCC_541\Debug\4 - Pendulo.a(QuadDec_2_Cnt16.o)
                0x00003ea0                QuadDec_2_Cnt16_ReadCounter
 .text.QuadDec_2_Cnt16_ReadCapture
                0x00003eb4        0xc .\CortexM3\ARM_GCC_541\Debug\4 - Pendulo.a(QuadDec_2_Cnt16.o)
                0x00003eb4                QuadDec_2_Cnt16_ReadCapture
 .text.QuadDec_2_Cnt16_WritePeriod
                0x00003ec0        0xc .\CortexM3\ARM_GCC_541\Debug\4 - Pendulo.a(QuadDec_2_Cnt16.o)
                0x00003ec0                QuadDec_2_Cnt16_WritePeriod
 .text.QuadDec_2_Cnt16_WriteCompare
                0x00003ecc        0xc .\CortexM3\ARM_GCC_541\Debug\4 - Pendulo.a(QuadDec_2_Cnt16.o)
                0x00003ecc                QuadDec_2_Cnt16_WriteCompare
 .text.QuadDec_2_Cnt16_ClearFIFO
                0x00003ed8       0x14 .\CortexM3\ARM_GCC_541\Debug\4 - Pendulo.a(QuadDec_2_Cnt16.o)
                0x00003ed8                QuadDec_2_Cnt16_ClearFIFO
 .text.QuadDec_2_Cnt16_Init
                0x00003eec       0x58 .\CortexM3\ARM_GCC_541\Debug\4 - Pendulo.a(QuadDec_2_Cnt16.o)
                0x00003eec                QuadDec_2_Cnt16_Init
 .text.QuadDec_2_Cnt16_Start
                0x00003f44       0x1c .\CortexM3\ARM_GCC_541\Debug\4 - Pendulo.a(QuadDec_2_Cnt16.o)
                0x00003f44                QuadDec_2_Cnt16_Start
 .text.CyHalt   0x00003f60        0x4 .\CortexM3\ARM_GCC_541\Debug\4 - Pendulo.a(CyLib.o)
                0x00003f60                CyHalt
 .text.CyDelay  0x00003f64       0x2c .\CortexM3\ARM_GCC_541\Debug\4 - Pendulo.a(CyLib.o)
                0x00003f64                CyDelay
 .text.CyIntSetVector
                0x00003f90       0x28 .\CortexM3\ARM_GCC_541\Debug\4 - Pendulo.a(CyLib.o)
                0x00003f90                CyIntSetVector
 .text.CyIntSetPriority
                0x00003fb8       0x30 .\CortexM3\ARM_GCC_541\Debug\4 - Pendulo.a(CyLib.o)
                0x00003fb8                CyIntSetPriority
 .text.PWM_Motor_Enable
                0x00003fe8       0x10 .\CortexM3\ARM_GCC_541\Debug\4 - Pendulo.a(PWM_Motor.o)
                0x00003fe8                PWM_Motor_Enable
 .text.PWM_Motor_WriteCounter
                0x00003ff8        0xc .\CortexM3\ARM_GCC_541\Debug\4 - Pendulo.a(PWM_Motor.o)
                0x00003ff8                PWM_Motor_WriteCounter
 .text.PWM_Motor_WritePeriod
                0x00004004        0xc .\CortexM3\ARM_GCC_541\Debug\4 - Pendulo.a(PWM_Motor.o)
                0x00004004                PWM_Motor_WritePeriod
 .text.PWM_Motor_WriteCompare
                0x00004010        0xc .\CortexM3\ARM_GCC_541\Debug\4 - Pendulo.a(PWM_Motor.o)
                0x00004010                PWM_Motor_WriteCompare
 .text.PWM_Motor_SetInterruptMode
                0x0000401c        0xc .\CortexM3\ARM_GCC_541\Debug\4 - Pendulo.a(PWM_Motor.o)
                0x0000401c                PWM_Motor_SetInterruptMode
 .text.PWM_Motor_ReadStatusRegister
                0x00004028        0xc .\CortexM3\ARM_GCC_541\Debug\4 - Pendulo.a(PWM_Motor.o)
                0x00004028                PWM_Motor_ReadStatusRegister
 .text.PWM_Motor_ReadCapture
                0x00004034        0xc .\CortexM3\ARM_GCC_541\Debug\4 - Pendulo.a(PWM_Motor.o)
                0x00004034                PWM_Motor_ReadCapture
 .text.PWM_Motor_ClearFIFO
                0x00004040       0x14 .\CortexM3\ARM_GCC_541\Debug\4 - Pendulo.a(PWM_Motor.o)
                0x00004040                PWM_Motor_ClearFIFO
 .text.PWM_Motor_Init
                0x00004054       0x60 .\CortexM3\ARM_GCC_541\Debug\4 - Pendulo.a(PWM_Motor.o)
                0x00004054                PWM_Motor_Init
 .text.PWM_Motor_Start
                0x000040b4       0x1c .\CortexM3\ARM_GCC_541\Debug\4 - Pendulo.a(PWM_Motor.o)
                0x000040b4                PWM_Motor_Start
 .text.Pin_IN1_Write
                0x000040d0       0x18 .\CortexM3\ARM_GCC_541\Debug\4 - Pendulo.a(Pin_IN1.o)
                0x000040d0                Pin_IN1_Write
 .text.Pin_IN2_Write
                0x000040e8       0x18 .\CortexM3\ARM_GCC_541\Debug\4 - Pendulo.a(Pin_IN2.o)
                0x000040e8                Pin_IN2_Write
 .text.UART_1_Init
                0x00004100       0x5c .\CortexM3\ARM_GCC_541\Debug\4 - Pendulo.a(UART_1.o)
                0x00004100                UART_1_Init
 .text.UART_1_Enable
                0x0000415c       0x50 .\CortexM3\ARM_GCC_541\Debug\4 - Pendulo.a(UART_1.o)
                0x0000415c                UART_1_Enable
 .text.UART_1_Start
                0x000041ac       0x1c .\CortexM3\ARM_GCC_541\Debug\4 - Pendulo.a(UART_1.o)
                0x000041ac                UART_1_Start
 .text.UART_1_ReadRxData
                0x000041c8       0x64 .\CortexM3\ARM_GCC_541\Debug\4 - Pendulo.a(UART_1.o)
                0x000041c8                UART_1_ReadRxData
 .text.UART_1_GetRxBufferSize
                0x0000422c       0x6c .\CortexM3\ARM_GCC_541\Debug\4 - Pendulo.a(UART_1.o)
                0x0000422c                UART_1_GetRxBufferSize
 .text.UART_1_WriteTxData
                0x00004298       0x60 .\CortexM3\ARM_GCC_541\Debug\4 - Pendulo.a(UART_1.o)
                0x00004298                UART_1_WriteTxData
 .text.UART_1_PutChar
                0x000042f8       0x7c .\CortexM3\ARM_GCC_541\Debug\4 - Pendulo.a(UART_1.o)
                0x000042f8                UART_1_PutChar
 .text.UART_1_PutArray
                0x00004374       0x28 .\CortexM3\ARM_GCC_541\Debug\4 - Pendulo.a(UART_1.o)
                0x00004374                UART_1_PutArray
 .text.UART_1_RXISR
                0x0000439c       0x9c .\CortexM3\ARM_GCC_541\Debug\4 - Pendulo.a(UART_1_INT.o)
                0x0000439c                UART_1_RXISR
 .text.UART_1_TXISR
                0x00004438       0x5c .\CortexM3\ARM_GCC_541\Debug\4 - Pendulo.a(UART_1_INT.o)
                0x00004438                UART_1_TXISR
 .text.UART_1_IntClock_Start
                0x00004494       0x1c .\CortexM3\ARM_GCC_541\Debug\4 - Pendulo.a(UART_1_IntClock.o)
                0x00004494                UART_1_IntClock_Start
 .text.isr_2_SetVector
                0x000044b0        0xc .\CortexM3\ARM_GCC_541\Debug\4 - Pendulo.a(isr_2.o)
                0x000044b0                isr_2_SetVector
 .text.isr_2_SetPriority
                0x000044bc       0x10 .\CortexM3\ARM_GCC_541\Debug\4 - Pendulo.a(isr_2.o)
                0x000044bc                isr_2_SetPriority
 .text.isr_2_Enable
                0x000044cc        0xc .\CortexM3\ARM_GCC_541\Debug\4 - Pendulo.a(isr_2.o)
                0x000044cc                isr_2_Enable
 .text.isr_2_Disable
                0x000044d8        0xc .\CortexM3\ARM_GCC_541\Debug\4 - Pendulo.a(isr_2.o)
                0x000044d8                isr_2_Disable
 .text.isr_2_StartEx
                0x000044e4       0x1c .\CortexM3\ARM_GCC_541\Debug\4 - Pendulo.a(isr_2.o)
                0x000044e4                isr_2_StartEx
 .text.pin_flag_Write
                0x00004500       0x18 .\CortexM3\ARM_GCC_541\Debug\4 - Pendulo.a(pin_flag.o)
                0x00004500                pin_flag_Write
 .text          0x00004518       0x20 .\CortexM3\ARM_GCC_541\Debug\4 - Pendulo.a(CyBootAsmGnu.o)
                0x00004518                CyDelayCycles
                0x00004528                CyEnterCriticalSection
                0x00004530                CyExitCriticalSection
 .text          0x00004538      0x21c d:/psoc/psoc creator/4.4/psoc creator/import/gnu/arm/5.4.1/bin/../lib/gcc/arm-none-eabi/5.4.1/armv7-m\libgcc.a(_arm_addsubsf3.o)
                0x00004538                __aeabi_frsub
                0x00004540                __subsf3
                0x00004540                __aeabi_fsub
                0x00004544                __aeabi_fadd
                0x00004544                __addsf3
                0x000046a4                __aeabi_ui2f
                0x000046a4                __floatunsisf
                0x000046ac                __aeabi_i2f
                0x000046ac                __floatsisf
                0x000046c8                __aeabi_ul2f
                0x000046c8                __floatundisf
                0x000046d8                __aeabi_l2f
                0x000046d8                __floatdisf
 .text          0x00004754      0x2a0 d:/psoc/psoc creator/4.4/psoc creator/import/gnu/arm/5.4.1/bin/../lib/gcc/arm-none-eabi/5.4.1/armv7-m\libgcc.a(_arm_muldivsf3.o)
                0x00004754                __mulsf3
                0x00004754                __aeabi_fmul
                0x000048bc                __aeabi_fdiv
                0x000048bc                __divsf3
 .text          0x000049f4       0xec d:/psoc/psoc creator/4.4/psoc creator/import/gnu/arm/5.4.1/bin/../lib/gcc/arm-none-eabi/5.4.1/armv7-m\libgcc.a(_arm_cmpsf2.o)
                0x000049f4                __gesf2
                0x000049f4                __gtsf2
                0x000049fc                __lesf2
                0x000049fc                __ltsf2
                0x00004a04                __nesf2
                0x00004a04                __eqsf2
                0x00004a04                __cmpsf2
                0x00004a64                __aeabi_cfrcmple
                0x00004a6c                __aeabi_cfcmpeq
                0x00004a6c                __aeabi_cfcmple
                0x00004a7c                __aeabi_fcmpeq
                0x00004a90                __aeabi_fcmplt
                0x00004aa4                __aeabi_fcmple
                0x00004ab8                __aeabi_fcmpge
                0x00004acc                __aeabi_fcmpgt
 .text          0x00004ae0       0x4c d:/psoc/psoc creator/4.4/psoc creator/import/gnu/arm/5.4.1/bin/../lib/gcc/arm-none-eabi/5.4.1/armv7-m\libgcc.a(_arm_fixsfsi.o)
                0x00004ae0                __aeabi_f2iz
                0x00004ae0                __fixsfsi
 .text          0x00004b2c       0x40 d:/psoc/psoc creator/4.4/psoc creator/import/gnu/arm/5.4.1/bin/../lib/gcc/arm-none-eabi/5.4.1/armv7-m\libgcc.a(_arm_fixunssfsi.o)
                0x00004b2c                __fixunssfsi
                0x00004b2c                __aeabi_f2uiz
 .text          0x00004b6c       0x28 d:/psoc/psoc creator/4.4/psoc creator/import/gnu/arm/5.4.1/bin/../lib/gcc/arm-none-eabi/5.4.1/armv7-m\libgcc.a(_fixsfdi.o)
                0x00004b6c                __fixsfdi
                0x00004b6c                __aeabi_f2lz
 .text          0x00004b94       0x4c d:/psoc/psoc creator/4.4/psoc creator/import/gnu/arm/5.4.1/bin/../lib/gcc/arm-none-eabi/5.4.1/armv7-m\libgcc.a(_fixunssfdi.o)
                0x00004b94                __fixunssfdi
                0x00004b94                __aeabi_f2ulz
 .text          0x00004be0      0x370 d:/psoc/psoc creator/4.4/psoc creator/import/gnu/arm/5.4.1/bin/../lib/gcc/arm-none-eabi/5.4.1/armv7-m\libgcc.a(_arm_addsubdf3.o)
                0x00004be0                __aeabi_drsub
                0x00004be8                __aeabi_dsub
                0x00004be8                __subdf3
                0x00004bec                __aeabi_dadd
                0x00004bec                __adddf3
                0x00004e64                __floatunsidf
                0x00004e64                __aeabi_ui2d
                0x00004e84                __floatsidf
                0x00004e84                __aeabi_i2d
                0x00004ea8                __aeabi_f2d
                0x00004ea8                __extendsfdf2
                0x00004ee4                __floatundidf
                0x00004ee4                __aeabi_ul2d
                0x00004ef4                __floatdidf
                0x00004ef4                __aeabi_l2d
 .text          0x00004f50      0x424 d:/psoc/psoc creator/4.4/psoc creator/import/gnu/arm/5.4.1/bin/../lib/gcc/arm-none-eabi/5.4.1/armv7-m\libgcc.a(_arm_muldivdf3.o)
                0x00004f50                __aeabi_dmul
                0x00004f50                __muldf3
                0x000051a4                __divdf3
                0x000051a4                __aeabi_ddiv
 .text          0x00005374       0x40 d:/psoc/psoc creator/4.4/psoc creator/import/gnu/arm/5.4.1/bin/../lib/gcc/arm-none-eabi/5.4.1/armv7-m\libgcc.a(_arm_fixunsdfsi.o)
                0x00005374                __aeabi_d2uiz
                0x00005374                __fixunsdfsi
 .text.__errno  0x000053b4        0xc d:/psoc/psoc creator/4.4/psoc creator/import/gnu/arm/5.4.1/bin/../lib/gcc/arm-none-eabi/5.4.1/../../../../arm-none-eabi/lib/armv7-m\libg_nano.a(lib_a-errno.o)
                0x000053b4                __errno
 .text.__libc_init_array
                0x000053c0       0x4c d:/psoc/psoc creator/4.4/psoc creator/import/gnu/arm/5.4.1/bin/../lib/gcc/arm-none-eabi/5.4.1/../../../../arm-none-eabi/lib/armv7-m\libg_nano.a(lib_a-init.o)
                0x000053c0                __libc_init_array
 .text.memcpy   0x0000540c       0x16 d:/psoc/psoc creator/4.4/psoc creator/import/gnu/arm/5.4.1/bin/../lib/gcc/arm-none-eabi/5.4.1/../../../../arm-none-eabi/lib/armv7-m\libg_nano.a(lib_a-memcpy-stub.o)
                0x0000540c                memcpy
 .text.memset   0x00005422       0x10 d:/psoc/psoc creator/4.4/psoc creator/import/gnu/arm/5.4.1/bin/../lib/gcc/arm-none-eabi/5.4.1/../../../../arm-none-eabi/lib/armv7-m\libg_nano.a(lib_a-memset.o)
                0x00005422                memset
 *(.plt)
 *(.gnu.warning)
 *(.glue_7t)
 .glue_7t       0x00005432        0x0 linker stubs
 *(.glue_7)
 .glue_7        0x00005432        0x0 linker stubs
 *(.vfp11_veneer)
 .vfp11_veneer  0x00005432        0x0 linker stubs
 *(.bootloader)
 *(.ARM.extab* .gnu.linkonce.armextab.*)
 *(.gcc_except_table)

.v4_bx          0x00005434        0x0
 .v4_bx         0x00005434        0x0 linker stubs

.iplt           0x00005434        0x0
 .iplt          0x00005434        0x0 d:/psoc/psoc creator/4.4/psoc creator/import/gnu/arm/5.4.1/bin/../lib/gcc/arm-none-eabi/5.4.1/armv7-m/crtbegin.o

.eh_frame_hdr
 *(.eh_frame_hdr)

.eh_frame       0x00005434        0x4
 *(.eh_frame)
 .eh_frame      0x00005434        0x0 d:/psoc/psoc creator/4.4/psoc creator/import/gnu/arm/5.4.1/bin/../lib/gcc/arm-none-eabi/5.4.1/armv7-m/crtbegin.o
 .eh_frame      0x00005434        0x4 d:/psoc/psoc creator/4.4/psoc creator/import/gnu/arm/5.4.1/bin/../lib/gcc/arm-none-eabi/5.4.1/armv7-m/crtend.o
                [!provide]                PROVIDE (__exidx_start, .)

.ARM.exidx
 *(.ARM.exidx* .gnu.linkonce.armexidx.*)
                0x00005438                __exidx_end = .

.rodata         0x00005438       0x80
 *(.rodata .rodata.* .gnu.linkonce.r.*)
 .rodata        0x00005438       0x44 .\CortexM3\ARM_GCC_541\Debug\cyfitter_cfg.o
 .rodata.str1.1
                0x0000547c        0x2 d:/psoc/psoc creator/4.4/psoc creator/import/gnu/arm/5.4.1/bin/../lib/gcc/arm-none-eabi/5.4.1/../../../../arm-none-eabi/lib/armv7-m\libg_nano.a(lib_a-impure.o)
                0x00005480                . = ALIGN (0x4)
 *fill*         0x0000547e        0x2 
 *(.init)
 .init          0x00005480        0x4 d:/psoc/psoc creator/4.4/psoc creator/import/gnu/arm/5.4.1/bin/../lib/gcc/arm-none-eabi/5.4.1/armv7-m/crti.o
                0x00005480                _init
 .init          0x00005484        0x8 d:/psoc/psoc creator/4.4/psoc creator/import/gnu/arm/5.4.1/bin/../lib/gcc/arm-none-eabi/5.4.1/armv7-m/crtn.o
                0x0000548c                . = ALIGN (0x4)
                0x0000548c                __preinit_array_start = .
 *(.preinit_array)
                0x0000548c                __preinit_array_end = .
                0x0000548c                . = ALIGN (0x4)
                0x0000548c                __init_array_start = .
 *(SORT(.init_array.*))
 *(.init_array)
 .init_array    0x0000548c        0x4 d:/psoc/psoc creator/4.4/psoc creator/import/gnu/arm/5.4.1/bin/../lib/gcc/arm-none-eabi/5.4.1/armv7-m/crtbegin.o
 .init_array    0x00005490        0x4 .\CortexM3\ARM_GCC_541\Debug\Cm3Start.o
                0x00005494                __init_array_end = .
                0x00005494                . = ALIGN (0x4)
 *(.fini)
 .fini          0x00005494        0x4 d:/psoc/psoc creator/4.4/psoc creator/import/gnu/arm/5.4.1/bin/../lib/gcc/arm-none-eabi/5.4.1/armv7-m/crti.o
                0x00005494                _fini
 .fini          0x00005498        0x8 d:/psoc/psoc creator/4.4/psoc creator/import/gnu/arm/5.4.1/bin/../lib/gcc/arm-none-eabi/5.4.1/armv7-m/crtn.o
                0x000054a0                . = ALIGN (0x4)
                0x000054a0                __fini_array_start = .
 *(.fini_array)
 .fini_array    0x000054a0        0x4 d:/psoc/psoc creator/4.4/psoc creator/import/gnu/arm/5.4.1/bin/../lib/gcc/arm-none-eabi/5.4.1/armv7-m/crtbegin.o
 *(SORT(.fini_array.*))
                0x000054a4                __fini_array_end = .
                0x000054a4                . = ALIGN (0x4)
 *crtbegin.o(.ctors)
 *(EXCLUDE_FILE(*crtend.o) .ctors)
 *(SORT(.ctors.*))
 *crtend.o(.ctors)
                0x000054a4                . = ALIGN (0x4)
 *crtbegin.o(.dtors)
 *(EXCLUDE_FILE(*crtend.o) .dtors)
 *(SORT(.dtors.*))
 *crtend.o(.dtors)
                0x000054a4                . = ALIGN (0x4)
                0x000054a4                __cy_regions = .
                0x000054a4        0x4 LONG 0x54b8 __cy_region_init_ram
                0x000054a8        0x4 LONG 0x1fff80c8 __cy_region_start_data
                0x000054ac        0x4 LONG 0x88 __cy_region_init_size_ram
                0x000054b0        0x4 LONG 0x770 __cy_region_zero_size_ram
                0x000054b4                __cy_regions_end = .
                0x000054b8                . = ALIGN (0x8)
 *fill*         0x000054b4        0x4 
                0x000054b8                _etext = .

.cy_checksum_exclude
                0x000054b8        0x0
 *(.cy_checksum_exclude)

.ramvectors     0x1fff8000       0xc0
                0x1fff8000                __cy_region_start_ram = .
 *(.ramvectors)
 .ramvectors    0x1fff8000       0xc0 .\CortexM3\ARM_GCC_541\Debug\Cm3Start.o
                0x1fff8000                CyRamVectors

.noinit         0x1fff80c0        0x1
 *(.noinit)
 .noinit        0x1fff80c0        0x1 .\CortexM3\ARM_GCC_541\Debug\4 - Pendulo.a(CyLib.o)
                0x1fff80c0                CyResetStatus

.data           0x1fff80c8       0x88 load address 0x000054b8
                0x1fff80c8                __cy_region_start_data = .
 *(.jcr)
 .jcr           0x1fff80c8        0x0 d:/psoc/psoc creator/4.4/psoc creator/import/gnu/arm/5.4.1/bin/../lib/gcc/arm-none-eabi/5.4.1/armv7-m/crtbegin.o
 .jcr           0x1fff80c8        0x4 d:/psoc/psoc creator/4.4/psoc creator/import/gnu/arm/5.4.1/bin/../lib/gcc/arm-none-eabi/5.4.1/armv7-m/crtend.o
 *(.got.plt)
 *(.got)
 *(.shdata)
 *(.data .data.* .gnu.linkonce.d.*)
 .data          0x1fff80cc       0x10 .\CortexM3\ARM_GCC_541\Debug\ctrl_pend.o
                0x1fff80d8                ctrl_period_ticks
 .data          0x1fff80dc       0x10 .\CortexM3\ARM_GCC_541\Debug\4 - Pendulo.a(CyLib.o)
                0x1fff80dc                cydelay_32k_ms
                0x1fff80e0                cydelay_freq_khz
                0x1fff80e4                cydelay_freq_mhz
                0x1fff80e8                cydelay_freq_hz
 .data.impure_data
                0x1fff80ec       0x60 d:/psoc/psoc creator/4.4/psoc creator/import/gnu/arm/5.4.1/bin/../lib/gcc/arm-none-eabi/5.4.1/../../../../arm-none-eabi/lib/armv7-m\libg_nano.a(lib_a-impure.o)
 .data._impure_ptr
                0x1fff814c        0x4 d:/psoc/psoc creator/4.4/psoc creator/import/gnu/arm/5.4.1/bin/../lib/gcc/arm-none-eabi/5.4.1/../../../../arm-none-eabi/lib/armv7-m\libg_nano.a(lib_a-impure.o)
                0x1fff814c                _impure_ptr
                0x1fff8150                . = ALIGN (0x8)
 *(.ram)
                0x1fff8150                _edata = .

.igot.plt       0x1fff8150        0x0 load address 0x00005540
 .igot.plt      0x1fff8150        0x0 d:/psoc/psoc creator/4.4/psoc creator/import/gnu/arm/5.4.1/bin/../lib/gcc/arm-none-eabi/5.4.1/armv7-m/crtbegin.o

.bss            0x1fff8150      0x770 load address 0x00005540
                0x1fff8150                PROVIDE (__bss_start__, .)
 *(.shbss)
 *(.bss .bss.* .gnu.linkonce.b.*)
 .bss           0x1fff8150       0x1c d:/psoc/psoc creator/4.4/psoc creator/import/gnu/arm/5.4.1/bin/../lib/gcc/arm-none-eabi/5.4.1/armv7-m/crtbegin.o
 .bss           0x1fff816c        0xa .\CortexM3\ARM_GCC_541\Debug\pendulo.o
                0x1fff816c                g_flag_control
                0x1fff8170                g_prev_motor_count
                0x1fff8174                g_last_u_pwm
 *fill*         0x1fff8176        0x2 
 .bss           0x1fff8178       0xe8 .\CortexM3\ARM_GCC_541\Debug\uartp_pend.o
                0x1fff8250                g_ref_in_volts
                0x1fff8254                UARTP_PendingRef
                0x1fff8258                UARTP_SysMode
 .bss           0x1fff8260      0x250 .\CortexM3\ARM_GCC_541\Debug\ctrl_pend.o
                0x1fff847d                ctrl_telem_ready
                0x1fff847e                ctrl_period_pending
                0x1fff8488                ctrl_stall_flag
                0x1fff8490                ctrl_telem_u1
                0x1fff8494                ctrl_telem_y1
                0x1fff8498                ctrl_telem_u2
                0x1fff849c                ctrl_telem_y2
                0x1fff84a0                ctrl_telem_x1i
                0x1fff84a4                ctrl_telem_x2i
                0x1fff84a8                ctrl_telem_x1o
                0x1fff84ac                ctrl_telem_x2o
 .bss           0x1fff84b0        0x1 .\CortexM3\ARM_GCC_541\Debug\4 - Pendulo.a(Timer_1.o)
                0x1fff84b0                Timer_1_initVar
 .bss           0x1fff84b1        0x1 .\CortexM3\ARM_GCC_541\Debug\4 - Pendulo.a(QuadDec_1.o)
                0x1fff84b1                QuadDec_1_initVar
 *fill*         0x1fff84b2        0x2 
 .bss           0x1fff84b4        0x4 .\CortexM3\ARM_GCC_541\Debug\4 - Pendulo.a(QuadDec_1_INT.o)
                0x1fff84b4                QuadDec_1_count32SoftPart
 .bss           0x1fff84b8        0x1 .\CortexM3\ARM_GCC_541\Debug\4 - Pendulo.a(QuadDec_2.o)
                0x1fff84b8                QuadDec_2_initVar
 *fill*         0x1fff84b9        0x3 
 .bss           0x1fff84bc        0x4 .\CortexM3\ARM_GCC_541\Debug\4 - Pendulo.a(QuadDec_2_INT.o)
                0x1fff84bc                QuadDec_2_count32SoftPart
 .bss           0x1fff84c0        0x1 .\CortexM3\ARM_GCC_541\Debug\4 - Pendulo.a(QuadDec_1_Cnt16.o)
                0x1fff84c0                QuadDec_1_Cnt16_initVar
 .bss           0x1fff84c1        0x1 .\CortexM3\ARM_GCC_541\Debug\4 - Pendulo.a(QuadDec_2_Cnt16.o)
                0x1fff84c1                QuadDec_2_Cnt16_initVar
 .bss           0x1fff84c2        0x1 .\CortexM3\ARM_GCC_541\Debug\4 - Pendulo.a(PWM_Motor.o)
                0x1fff84c2                PWM_Motor_initVar
 *fill*         0x1fff84c3        0x1 
 .bss           0x1fff84c4        0xd .\CortexM3\ARM_GCC_541\Debug\4 - Pendulo.a(UART_1.o)
                0x1fff84c4                UART_1_errorStatus
                0x1fff84c5                UART_1_initVar
                0x1fff84c6                UART_1_rxBufferRead
                0x1fff84c8                UART_1_rxBufferWrite
                0x1fff84ca                UART_1_rxBufferLoopDetect
                0x1fff84cb                UART_1_rxBufferOverflow
                0x1fff84cc                UART_1_txBufferRead
                0x1fff84ce                UART_1_txBufferWrite
 *(COMMON)
 *fill*         0x1fff84d1        0x3 
 COMMON         0x1fff84d4      0x3e8 .\CortexM3\ARM_GCC_541\Debug\4 - Pendulo.a(UART_1.o)
                0x1fff84d4                UART_1_txBuffer
                0x1fff86c8                UART_1_rxBuffer
                0x1fff88c0                . = ALIGN (0x8)
 *fill*         0x1fff88bc        0x4 
 *(.ram.b)
                0x1fff88c0                _end = .
                0x1fff88c0                __end = .
                0x1fff88c0                PROVIDE (end, .)
                0x1fff88c0                PROVIDE (__bss_end__, .)
                0x000054b8                __cy_region_init_ram = LOADADDR (.data)
                0x00000088                __cy_region_init_size_ram = (_edata - ADDR (.data))
                0x00000770                __cy_region_zero_size_ram = (_end - _edata)

.heap           0x1fff88c0       0x80 load address 0x00005540
                0x1fff88c0                . = _end
                0x1fff8940                . = (. + 0x80)
 *fill*         0x1fff88c0       0x80 
                0x1fff8940                __cy_heap_limit = .

.stack          0x20007800      0x800
                0x20007800                __cy_stack_limit = .
                0x20008000                . = (. + 0x800)
 *fill*         0x20007800      0x800 
                0x00000001                ASSERT ((__cy_stack_limit >= __cy_heap_limit), region RAM overflowed with stack)
                0x00000000                cy_checksum_exclude_size = (CY_APPL_LOADABLE == 0x1)?SIZEOF (.cy_checksum_exclude):0x0
                0x00000001                ASSERT ((cy_checksum_exclude_size <= CY_CHECKSUM_EXCLUDE_SIZE), CY_BOOT: Section .cy_checksum_exclude size exceedes specified limit.)

.cyloadermeta
 *(.cyloadermeta)

.cyloadablemeta
 *(.cyloadablemeta)

.cyconfigecc    0x80000000      0xd6c
 *(.cyconfigecc)
 .cyconfigecc   0x80000000      0xd6c .\CortexM3\ARM_GCC_541\Debug\cymetadata.o
                0x80000000                cy_meta_configecc

.cycustnvl      0x90000000        0x4
 *(.cycustnvl)
 .cycustnvl     0x90000000        0x4 .\CortexM3\ARM_GCC_541\Debug\cymetadata.o
                0x90000000                cy_meta_custnvl

.cywolatch      0x90100000        0x4
 *(.cywolatch)
 .cywolatch     0x90100000        0x4 .\CortexM3\ARM_GCC_541\Debug\cymetadata.o
                0x90100000                cy_meta_wonvl

.cyeeprom       0x90200000        0x0
 *(.cyeeprom)
                0x00000001                ASSERT ((. <= ((0x90200000 + ee_offset) + ee_size)), .cyeeprom data will not fit in EEPROM)

.cyflashprotect
                0x90400000      0x100
 *(.cyflashprotect)
 .cyflashprotect
                0x90400000      0x100 .\CortexM3\ARM_GCC_541\Debug\cymetadata.o
                0x90400000                cy_meta_flashprotect

.cymeta         0x90500000        0xc
 *(.cymeta)
 .cymeta        0x90500000        0xc .\CortexM3\ARM_GCC_541\Debug\cymetadata.o
                0x90500000                cy_metadata

.rel.dyn        0x00005540        0x0 load address 0x9050000c
 .rel.iplt      0x00005540        0x0 d:/psoc/psoc creator/4.4/psoc creator/import/gnu/arm/5.4.1/bin/../lib/gcc/arm-none-eabi/5.4.1/armv7-m/crtbegin.o

.stab
 *(.stab)

.stabstr
 *(.stabstr)

.debug
 *(.debug)

.line
 *(.line)

.debug_srcinfo
 *(.debug_srcinfo)

.debug_sfnames
 *(.debug_sfnames)

.debug_aranges  0x00000000     0x1118
 *(.debug_aranges)
 .debug_aranges
                0x00000000       0x20 .\CortexM3\ARM_GCC_541\Debug\main.o
 .debug_aranges
                0x00000020       0x38 .\CortexM3\ARM_GCC_541\Debug\motor.o
 .debug_aranges
                0x00000058       0x28 .\CortexM3\ARM_GCC_541\Debug\pid.o
 .debug_aranges
                0x00000080       0x40 .\CortexM3\ARM_GCC_541\Debug\pendulo.o
 .debug_aranges
                0x000000c0       0x58 .\CortexM3\ARM_GCC_541\Debug\uartp_pend.o
 .debug_aranges
                0x00000118      0x170 .\CortexM3\ARM_GCC_541\Debug\ctrl_pend.o
 .debug_aranges
                0x00000288       0x68 .\CortexM3\ARM_GCC_541\Debug\uartp2.o
 .debug_aranges
                0x000002f0       0x20 .\CortexM3\ARM_GCC_541\Debug\arm_add_f32.o
 .debug_aranges
                0x00000310       0x20 .\CortexM3\ARM_GCC_541\Debug\arm_dot_prod_f32.o
 .debug_aranges
                0x00000330       0x20 .\CortexM3\ARM_GCC_541\Debug\arm_mat_init_f32.o
 .debug_aranges
                0x00000350       0x20 .\CortexM3\ARM_GCC_541\Debug\arm_mat_mult_f32.o
 .debug_aranges
                0x00000370       0x20 .\CortexM3\ARM_GCC_541\Debug\arm_scale_f32.o
 .debug_aranges
                0x00000390       0x20 .\CortexM3\ARM_GCC_541\Debug\arm_dot_prod_q31.o
 .debug_aranges
                0x000003b0       0x20 .\CortexM3\ARM_GCC_541\Debug\arm_scale_q31.o
 .debug_aranges
                0x000003d0       0x20 .\CortexM3\ARM_GCC_541\Debug\arm_add_q31.o
 .debug_aranges
                0x000003f0       0x20 .\CortexM3\ARM_GCC_541\Debug\arm_float_to_q31.o
 .debug_aranges
                0x00000410       0x20 .\CortexM3\ARM_GCC_541\Debug\arm_q31_to_float.o
 .debug_aranges
                0x00000430       0x20 .\CortexM3\ARM_GCC_541\Debug\arm_dot_prod_q15.o
 .debug_aranges
                0x00000450       0x20 .\CortexM3\ARM_GCC_541\Debug\arm_scale_q15.o
 .debug_aranges
                0x00000470       0x20 .\CortexM3\ARM_GCC_541\Debug\arm_add_q15.o
 .debug_aranges
                0x00000490       0x20 .\CortexM3\ARM_GCC_541\Debug\arm_float_to_q15.o
 .debug_aranges
                0x000004b0       0x20 .\CortexM3\ARM_GCC_541\Debug\arm_q15_to_float.o
 .debug_aranges
                0x000004d0       0x20 .\CortexM3\ARM_GCC_541\Debug\arm_dot_prod_q7.o
 .debug_aranges
                0x000004f0       0x20 .\CortexM3\ARM_GCC_541\Debug\arm_scale_q7.o
 .debug_aranges
                0x00000510       0x20 .\CortexM3\ARM_GCC_541\Debug\arm_add_q7.o
 .debug_aranges
                0x00000530       0x20 .\CortexM3\ARM_GCC_541\Debug\arm_float_to_q7.o
 .debug_aranges
                0x00000550       0x20 .\CortexM3\ARM_GCC_541\Debug\arm_q7_to_float.o
 .debug_aranges
                0x00000570       0x58 .\CortexM3\ARM_GCC_541\Debug\cyfitter_cfg.o
 .debug_aranges
                0x000005c8       0x18 .\CortexM3\ARM_GCC_541\Debug\cymetadata.o
 .debug_aranges
                0x000005e0       0x48 .\CortexM3\ARM_GCC_541\Debug\Cm3Start.o
 .debug_aranges
                0x00000628       0x98 .\CortexM3\ARM_GCC_541\Debug\4 - Pendulo.a(Timer_1.o)
 .debug_aranges
                0x000006c0       0x60 .\CortexM3\ARM_GCC_541\Debug\4 - Pendulo.a(QuadDec_1.o)
 .debug_aranges
                0x00000720       0x20 .\CortexM3\ARM_GCC_541\Debug\4 - Pendulo.a(QuadDec_1_INT.o)
 .debug_aranges
                0x00000740       0x80 .\CortexM3\ARM_GCC_541\Debug\4 - Pendulo.a(isr_1.o)
 .debug_aranges
                0x000007c0       0x60 .\CortexM3\ARM_GCC_541\Debug\4 - Pendulo.a(QuadDec_2.o)
 .debug_aranges
                0x00000820       0x20 .\CortexM3\ARM_GCC_541\Debug\4 - Pendulo.a(QuadDec_2_INT.o)
 .debug_aranges
                0x00000840       0x98 .\CortexM3\ARM_GCC_541\Debug\4 - Pendulo.a(QuadDec_1_Cnt16.o)
 .debug_aranges
                0x000008d8       0x98 .\CortexM3\ARM_GCC_541\Debug\4 - Pendulo.a(QuadDec_2_Cnt16.o)
 .debug_aranges
                0x00000970      0x2a0 .\CortexM3\ARM_GCC_541\Debug\4 - Pendulo.a(CyLib.o)
 .debug_aranges
                0x00000c10       0x98 .\CortexM3\ARM_GCC_541\Debug\4 - Pendulo.a(cyPm.o)
 .debug_aranges
                0x00000ca8       0x98 .\CortexM3\ARM_GCC_541\Debug\4 - Pendulo.a(PWM_Motor.o)
 .debug_aranges
                0x00000d40       0x38 .\CortexM3\ARM_GCC_541\Debug\4 - Pendulo.a(Pin_IN1.o)
 .debug_aranges
                0x00000d78       0x38 .\CortexM3\ARM_GCC_541\Debug\4 - Pendulo.a(Pin_IN2.o)
 .debug_aranges
                0x00000db0       0xf0 .\CortexM3\ARM_GCC_541\Debug\4 - Pendulo.a(UART_1.o)
 .debug_aranges
                0x00000ea0       0x28 .\CortexM3\ARM_GCC_541\Debug\4 - Pendulo.a(UART_1_INT.o)
 .debug_aranges
                0x00000ec8       0x70 .\CortexM3\ARM_GCC_541\Debug\4 - Pendulo.a(UART_1_IntClock.o)
 .debug_aranges
                0x00000f38       0x80 .\CortexM3\ARM_GCC_541\Debug\4 - Pendulo.a(isr_2.o)
 .debug_aranges
                0x00000fb8       0x38 .\CortexM3\ARM_GCC_541\Debug\4 - Pendulo.a(pin_flag.o)
 .debug_aranges
                0x00000ff0       0x20 .\CortexM3\ARM_GCC_541\Debug\4 - Pendulo.a(CyBootAsmGnu.o)
 .debug_aranges
                0x00001010       0x88 .\CortexM3\ARM_GCC_541\Debug\4 - Pendulo.a(CyFlash.o)
 .debug_aranges
                0x00001098       0x80 .\CortexM3\ARM_GCC_541\Debug\4 - Pendulo.a(CySpc.o)

.debug_pubnames
 *(.debug_pubnames)

.debug_info     0x00000000     0xd6e6
 *(.debug_info .gnu.linkonce.wi.*)
 .debug_info    0x00000000      0x43a .\CortexM3\ARM_GCC_541\Debug\main.o
 .debug_info    0x0000043a      0x2a9 .\CortexM3\ARM_GCC_541\Debug\motor.o
 .debug_info    0x000006e3      0x1c7 .\CortexM3\ARM_GCC_541\Debug\pid.o
 .debug_info    0x000008aa      0x2e9 .\CortexM3\ARM_GCC_541\Debug\pendulo.o
 .debug_info    0x00000b93      0x920 .\CortexM3\ARM_GCC_541\Debug\uartp_pend.o
 .debug_info    0x000014b3     0x31c6 .\CortexM3\ARM_GCC_541\Debug\ctrl_pend.o
 .debug_info    0x00004679      0x6cf .\CortexM3\ARM_GCC_541\Debug\uartp2.o
 .debug_info    0x00004d48      0x18a .\CortexM3\ARM_GCC_541\Debug\arm_add_f32.o
 .debug_info    0x00004ed2      0x121 .\CortexM3\ARM_GCC_541\Debug\arm_dot_prod_f32.o
 .debug_info    0x00004ff3      0x142 .\CortexM3\ARM_GCC_541\Debug\arm_mat_init_f32.o
 .debug_info    0x00005135      0x2a3 .\CortexM3\ARM_GCC_541\Debug\arm_mat_mult_f32.o
 .debug_info    0x000053d8      0x14e .\CortexM3\ARM_GCC_541\Debug\arm_scale_f32.o
 .debug_info    0x00005526      0x1d9 .\CortexM3\ARM_GCC_541\Debug\arm_dot_prod_q31.o
 .debug_info    0x000056ff      0x21f .\CortexM3\ARM_GCC_541\Debug\arm_scale_q31.o
 .debug_info    0x0000591e      0x32e .\CortexM3\ARM_GCC_541\Debug\arm_add_q31.o
 .debug_info    0x00005c4c      0x207 .\CortexM3\ARM_GCC_541\Debug\arm_float_to_q31.o
 .debug_info    0x00005e53      0x13c .\CortexM3\ARM_GCC_541\Debug\arm_q31_to_float.o
 .debug_info    0x00005f8f      0x254 .\CortexM3\ARM_GCC_541\Debug\arm_dot_prod_q15.o
 .debug_info    0x000061e3      0x2e5 .\CortexM3\ARM_GCC_541\Debug\arm_scale_q15.o
 .debug_info    0x000064c8      0x34c .\CortexM3\ARM_GCC_541\Debug\arm_add_q15.o
 .debug_info    0x00006814      0x22e .\CortexM3\ARM_GCC_541\Debug\arm_float_to_q15.o
 .debug_info    0x00006a42      0x13c .\CortexM3\ARM_GCC_541\Debug\arm_q15_to_float.o
 .debug_info    0x00006b7e      0x37c .\CortexM3\ARM_GCC_541\Debug\arm_dot_prod_q7.o
 .debug_info    0x00006efa      0x2a3 .\CortexM3\ARM_GCC_541\Debug\arm_scale_q7.o
 .debug_info    0x0000719d      0x302 .\CortexM3\ARM_GCC_541\Debug\arm_add_q7.o
 .debug_info    0x0000749f      0x22e .\CortexM3\ARM_GCC_541\Debug\arm_float_to_q7.o
 .debug_info    0x000076cd      0x13c .\CortexM3\ARM_GCC_541\Debug\arm_q7_to_float.o
 .debug_info    0x00007809      0x5b9 .\CortexM3\ARM_GCC_541\Debug\cyfitter_cfg.o
 .debug_info    0x00007dc2      0x139 .\CortexM3\ARM_GCC_541\Debug\cymetadata.o
 .debug_info    0x00007efb      0x3bb .\CortexM3\ARM_GCC_541\Debug\Cm3Start.o
 .debug_info    0x000082b6      0x329 .\CortexM3\ARM_GCC_541\Debug\4 - Pendulo.a(Timer_1.o)
 .debug_info    0x000085df      0x357 .\CortexM3\ARM_GCC_541\Debug\4 - Pendulo.a(QuadDec_1.o)
 .debug_info    0x00008936       0xf3 .\CortexM3\ARM_GCC_541\Debug\4 - Pendulo.a(QuadDec_1_INT.o)
 .debug_info    0x00008a29      0x2d2 .\CortexM3\ARM_GCC_541\Debug\4 - Pendulo.a(isr_1.o)
 .debug_info    0x00008cfb      0x357 .\CortexM3\ARM_GCC_541\Debug\4 - Pendulo.a(QuadDec_2.o)
 .debug_info    0x00009052       0xf3 .\CortexM3\ARM_GCC_541\Debug\4 - Pendulo.a(QuadDec_2_INT.o)
 .debug_info    0x00009145      0x348 .\CortexM3\ARM_GCC_541\Debug\4 - Pendulo.a(QuadDec_1_Cnt16.o)
 .debug_info    0x0000948d      0x348 .\CortexM3\ARM_GCC_541\Debug\4 - Pendulo.a(QuadDec_2_Cnt16.o)
 .debug_info    0x000097d5     0x1374 .\CortexM3\ARM_GCC_541\Debug\4 - Pendulo.a(CyLib.o)
 .debug_info    0x0000ab49      0xa2a .\CortexM3\ARM_GCC_541\Debug\4 - Pendulo.a(cyPm.o)
 .debug_info    0x0000b573      0x352 .\CortexM3\ARM_GCC_541\Debug\4 - Pendulo.a(PWM_Motor.o)
 .debug_info    0x0000b8c5      0x11f .\CortexM3\ARM_GCC_541\Debug\4 - Pendulo.a(Pin_IN1.o)
 .debug_info    0x0000b9e4      0x11f .\CortexM3\ARM_GCC_541\Debug\4 - Pendulo.a(Pin_IN2.o)
 .debug_info    0x0000bb03      0x7b4 .\CortexM3\ARM_GCC_541\Debug\4 - Pendulo.a(UART_1.o)
 .debug_info    0x0000c2b7      0x198 .\CortexM3\ARM_GCC_541\Debug\4 - Pendulo.a(UART_1_INT.o)
 .debug_info    0x0000c44f      0x283 .\CortexM3\ARM_GCC_541\Debug\4 - Pendulo.a(UART_1_IntClock.o)
 .debug_info    0x0000c6d2      0x2d2 .\CortexM3\ARM_GCC_541\Debug\4 - Pendulo.a(isr_2.o)
 .debug_info    0x0000c9a4      0x11f .\CortexM3\ARM_GCC_541\Debug\4 - Pendulo.a(pin_flag.o)
 .debug_info    0x0000cac3       0x86 .\CortexM3\ARM_GCC_541\Debug\4 - Pendulo.a(CyBootAsmGnu.o)
 .debug_info    0x0000cb49      0x64d .\CortexM3\ARM_GCC_541\Debug\4 - Pendulo.a(CyFlash.o)
 .debug_info    0x0000d196      0x550 .\CortexM3\ARM_GCC_541\Debug\4 - Pendulo.a(CySpc.o)

.debug_abbrev   0x00000000     0x3586
 *(.debug_abbrev)
 .debug_abbrev  0x00000000      0x12c .\CortexM3\ARM_GCC_541\Debug\main.o
 .debug_abbrev  0x0000012c      0x103 .\CortexM3\ARM_GCC_541\Debug\motor.o
 .debug_abbrev  0x0000022f       0xf5 .\CortexM3\ARM_GCC_541\Debug\pid.o
 .debug_abbrev  0x00000324       0xfd .\CortexM3\ARM_GCC_541\Debug\pendulo.o
 .debug_abbrev  0x00000421      0x23e .\CortexM3\ARM_GCC_541\Debug\uartp_pend.o
 .debug_abbrev  0x0000065f      0x35a .\CortexM3\ARM_GCC_541\Debug\ctrl_pend.o
 .debug_abbrev  0x000009b9      0x1a3 .\CortexM3\ARM_GCC_541\Debug\uartp2.o
 .debug_abbrev  0x00000b5c       0x92 .\CortexM3\ARM_GCC_541\Debug\arm_add_f32.o
 .debug_abbrev  0x00000bee       0x92 .\CortexM3\ARM_GCC_541\Debug\arm_dot_prod_f32.o
 .debug_abbrev  0x00000c80       0xa1 .\CortexM3\ARM_GCC_541\Debug\arm_mat_init_f32.o
 .debug_abbrev  0x00000d21       0xf8 .\CortexM3\ARM_GCC_541\Debug\arm_mat_mult_f32.o
 .debug_abbrev  0x00000e19       0x92 .\CortexM3\ARM_GCC_541\Debug\arm_scale_f32.o
 .debug_abbrev  0x00000eab       0x92 .\CortexM3\ARM_GCC_541\Debug\arm_dot_prod_q31.o
 .debug_abbrev  0x00000f3d       0xb0 .\CortexM3\ARM_GCC_541\Debug\arm_scale_q31.o
 .debug_abbrev  0x00000fed       0xe2 .\CortexM3\ARM_GCC_541\Debug\arm_add_q31.o
 .debug_abbrev  0x000010cf       0xdb .\CortexM3\ARM_GCC_541\Debug\arm_float_to_q31.o
 .debug_abbrev  0x000011aa       0x92 .\CortexM3\ARM_GCC_541\Debug\arm_q31_to_float.o
 .debug_abbrev  0x0000123c       0xdb .\CortexM3\ARM_GCC_541\Debug\arm_dot_prod_q15.o
 .debug_abbrev  0x00001317       0xc2 .\CortexM3\ARM_GCC_541\Debug\arm_scale_q15.o
 .debug_abbrev  0x000013d9      0x116 .\CortexM3\ARM_GCC_541\Debug\arm_add_q15.o
 .debug_abbrev  0x000014ef       0xad .\CortexM3\ARM_GCC_541\Debug\arm_float_to_q15.o
 .debug_abbrev  0x0000159c       0x92 .\CortexM3\ARM_GCC_541\Debug\arm_q15_to_float.o
 .debug_abbrev  0x0000162e       0xdb .\CortexM3\ARM_GCC_541\Debug\arm_dot_prod_q7.o
 .debug_abbrev  0x00001709       0xc2 .\CortexM3\ARM_GCC_541\Debug\arm_scale_q7.o
 .debug_abbrev  0x000017cb      0x107 .\CortexM3\ARM_GCC_541\Debug\arm_add_q7.o
 .debug_abbrev  0x000018d2       0xad .\CortexM3\ARM_GCC_541\Debug\arm_float_to_q7.o
 .debug_abbrev  0x0000197f       0x92 .\CortexM3\ARM_GCC_541\Debug\arm_q7_to_float.o
 .debug_abbrev  0x00001a11      0x20d .\CortexM3\ARM_GCC_541\Debug\cyfitter_cfg.o
 .debug_abbrev  0x00001c1e       0x77 .\CortexM3\ARM_GCC_541\Debug\cymetadata.o
 .debug_abbrev  0x00001c95      0x1e8 .\CortexM3\ARM_GCC_541\Debug\Cm3Start.o
 .debug_abbrev  0x00001e7d      0x13a .\CortexM3\ARM_GCC_541\Debug\4 - Pendulo.a(Timer_1.o)
 .debug_abbrev  0x00001fb7      0x128 .\CortexM3\ARM_GCC_541\Debug\4 - Pendulo.a(QuadDec_1.o)
 .debug_abbrev  0x000020df       0x78 .\CortexM3\ARM_GCC_541\Debug\4 - Pendulo.a(QuadDec_1_INT.o)
 .debug_abbrev  0x00002157      0x173 .\CortexM3\ARM_GCC_541\Debug\4 - Pendulo.a(isr_1.o)
 .debug_abbrev  0x000022ca      0x128 .\CortexM3\ARM_GCC_541\Debug\4 - Pendulo.a(QuadDec_2.o)
 .debug_abbrev  0x000023f2       0x78 .\CortexM3\ARM_GCC_541\Debug\4 - Pendulo.a(QuadDec_2_INT.o)
 .debug_abbrev  0x0000246a      0x117 .\CortexM3\ARM_GCC_541\Debug\4 - Pendulo.a(QuadDec_1_Cnt16.o)
 .debug_abbrev  0x00002581      0x117 .\CortexM3\ARM_GCC_541\Debug\4 - Pendulo.a(QuadDec_2_Cnt16.o)
 .debug_abbrev  0x00002698      0x254 .\CortexM3\ARM_GCC_541\Debug\4 - Pendulo.a(CyLib.o)
 .debug_abbrev  0x000028ec      0x1ab .\CortexM3\ARM_GCC_541\Debug\4 - Pendulo.a(cyPm.o)
 .debug_abbrev  0x00002a97      0x133 .\CortexM3\ARM_GCC_541\Debug\4 - Pendulo.a(PWM_Motor.o)
 .debug_abbrev  0x00002bca       0x90 .\CortexM3\ARM_GCC_541\Debug\4 - Pendulo.a(Pin_IN1.o)
 .debug_abbrev  0x00002c5a       0x90 .\CortexM3\ARM_GCC_541\Debug\4 - Pendulo.a(Pin_IN2.o)
 .debug_abbrev  0x00002cea      0x16f .\CortexM3\ARM_GCC_541\Debug\4 - Pendulo.a(UART_1.o)
 .debug_abbrev  0x00002e59       0xa2 .\CortexM3\ARM_GCC_541\Debug\4 - Pendulo.a(UART_1_INT.o)
 .debug_abbrev  0x00002efb      0x139 .\CortexM3\ARM_GCC_541\Debug\4 - Pendulo.a(UART_1_IntClock.o)
 .debug_abbrev  0x00003034      0x173 .\CortexM3\ARM_GCC_541\Debug\4 - Pendulo.a(isr_2.o)
 .debug_abbrev  0x000031a7       0x90 .\CortexM3\ARM_GCC_541\Debug\4 - Pendulo.a(pin_flag.o)
 .debug_abbrev  0x00003237       0x14 .\CortexM3\ARM_GCC_541\Debug\4 - Pendulo.a(CyBootAsmGnu.o)
 .debug_abbrev  0x0000324b      0x1a7 .\CortexM3\ARM_GCC_541\Debug\4 - Pendulo.a(CyFlash.o)
 .debug_abbrev  0x000033f2      0x194 .\CortexM3\ARM_GCC_541\Debug\4 - Pendulo.a(CySpc.o)

.debug_line     0x00000000     0x5abf
 *(.debug_line)
 .debug_line    0x00000000      0x22f .\CortexM3\ARM_GCC_541\Debug\main.o
 .debug_line    0x0000022f      0x1c8 .\CortexM3\ARM_GCC_541\Debug\motor.o
 .debug_line    0x000003f7      0x146 .\CortexM3\ARM_GCC_541\Debug\pid.o
 .debug_line    0x0000053d      0x1e3 .\CortexM3\ARM_GCC_541\Debug\pendulo.o
 .debug_line    0x00000720      0x373 .\CortexM3\ARM_GCC_541\Debug\uartp_pend.o
 .debug_line    0x00000a93      0xaea .\CortexM3\ARM_GCC_541\Debug\ctrl_pend.o
 .debug_line    0x0000157d      0x2a8 .\CortexM3\ARM_GCC_541\Debug\uartp2.o
 .debug_line    0x00001825      0x13d .\CortexM3\ARM_GCC_541\Debug\arm_add_f32.o
 .debug_line    0x00001962      0x13f .\CortexM3\ARM_GCC_541\Debug\arm_dot_prod_f32.o
 .debug_line    0x00001aa1      0x123 .\CortexM3\ARM_GCC_541\Debug\arm_mat_init_f32.o
 .debug_line    0x00001bc4      0x15e .\CortexM3\ARM_GCC_541\Debug\arm_mat_mult_f32.o
 .debug_line    0x00001d22      0x13d .\CortexM3\ARM_GCC_541\Debug\arm_scale_f32.o
 .debug_line    0x00001e5f      0x14e .\CortexM3\ARM_GCC_541\Debug\arm_dot_prod_q31.o
 .debug_line    0x00001fad      0x176 .\CortexM3\ARM_GCC_541\Debug\arm_scale_q31.o
 .debug_line    0x00002123      0x18f .\CortexM3\ARM_GCC_541\Debug\arm_add_q31.o
 .debug_line    0x000022b2      0x17f .\CortexM3\ARM_GCC_541\Debug\arm_float_to_q31.o
 .debug_line    0x00002431      0x13a .\CortexM3\ARM_GCC_541\Debug\arm_q31_to_float.o
 .debug_line    0x0000256b      0x162 .\CortexM3\ARM_GCC_541\Debug\arm_dot_prod_q15.o
 .debug_line    0x000026cd      0x143 .\CortexM3\ARM_GCC_541\Debug\arm_scale_q15.o
 .debug_line    0x00002810      0x15b .\CortexM3\ARM_GCC_541\Debug\arm_add_q15.o
 .debug_line    0x0000296b      0x13e .\CortexM3\ARM_GCC_541\Debug\arm_float_to_q15.o
 .debug_line    0x00002aa9      0x13a .\CortexM3\ARM_GCC_541\Debug\arm_q15_to_float.o
 .debug_line    0x00002be3      0x187 .\CortexM3\ARM_GCC_541\Debug\arm_dot_prod_q7.o
 .debug_line    0x00002d6a      0x13d .\CortexM3\ARM_GCC_541\Debug\arm_scale_q7.o
 .debug_line    0x00002ea7      0x13d .\CortexM3\ARM_GCC_541\Debug\arm_add_q7.o
 .debug_line    0x00002fe4      0x13d .\CortexM3\ARM_GCC_541\Debug\arm_float_to_q7.o
 .debug_line    0x00003121      0x139 .\CortexM3\ARM_GCC_541\Debug\arm_q7_to_float.o
 .debug_line    0x0000325a      0x1e0 .\CortexM3\ARM_GCC_541\Debug\cyfitter_cfg.o
 .debug_line    0x0000343a      0x113 .\CortexM3\ARM_GCC_541\Debug\cymetadata.o
 .debug_line    0x0000354d      0x206 .\CortexM3\ARM_GCC_541\Debug\Cm3Start.o
 .debug_line    0x00003753      0x189 .\CortexM3\ARM_GCC_541\Debug\4 - Pendulo.a(Timer_1.o)
 .debug_line    0x000038dc      0x13d .\CortexM3\ARM_GCC_541\Debug\4 - Pendulo.a(QuadDec_1.o)
 .debug_line    0x00003a19       0x6c .\CortexM3\ARM_GCC_541\Debug\4 - Pendulo.a(QuadDec_1_INT.o)
 .debug_line    0x00003a85      0x132 .\CortexM3\ARM_GCC_541\Debug\4 - Pendulo.a(isr_1.o)
 .debug_line    0x00003bb7      0x13d .\CortexM3\ARM_GCC_541\Debug\4 - Pendulo.a(QuadDec_2.o)
 .debug_line    0x00003cf4       0x6c .\CortexM3\ARM_GCC_541\Debug\4 - Pendulo.a(QuadDec_2_INT.o)
 .debug_line    0x00003d60      0x18f .\CortexM3\ARM_GCC_541\Debug\4 - Pendulo.a(QuadDec_1_Cnt16.o)
 .debug_line    0x00003eef      0x18f .\CortexM3\ARM_GCC_541\Debug\4 - Pendulo.a(QuadDec_2_Cnt16.o)
 .debug_line    0x0000407e      0x816 .\CortexM3\ARM_GCC_541\Debug\4 - Pendulo.a(CyLib.o)
 .debug_line    0x00004894      0x367 .\CortexM3\ARM_GCC_541\Debug\4 - Pendulo.a(cyPm.o)
 .debug_line    0x00004bfb      0x18c .\CortexM3\ARM_GCC_541\Debug\4 - Pendulo.a(PWM_Motor.o)
 .debug_line    0x00004d87       0x94 .\CortexM3\ARM_GCC_541\Debug\4 - Pendulo.a(Pin_IN1.o)
 .debug_line    0x00004e1b       0x94 .\CortexM3\ARM_GCC_541\Debug\4 - Pendulo.a(Pin_IN2.o)
 .debug_line    0x00004eaf      0x343 .\CortexM3\ARM_GCC_541\Debug\4 - Pendulo.a(UART_1.o)
 .debug_line    0x000051f2       0xa8 .\CortexM3\ARM_GCC_541\Debug\4 - Pendulo.a(UART_1_INT.o)
 .debug_line    0x0000529a      0x17e .\CortexM3\ARM_GCC_541\Debug\4 - Pendulo.a(UART_1_IntClock.o)
 .debug_line    0x00005418      0x132 .\CortexM3\ARM_GCC_541\Debug\4 - Pendulo.a(isr_2.o)
 .debug_line    0x0000554a       0x95 .\CortexM3\ARM_GCC_541\Debug\4 - Pendulo.a(pin_flag.o)
 .debug_line    0x000055df       0x66 .\CortexM3\ARM_GCC_541\Debug\4 - Pendulo.a(CyBootAsmGnu.o)
 .debug_line    0x00005645      0x21a .\CortexM3\ARM_GCC_541\Debug\4 - Pendulo.a(CyFlash.o)
 .debug_line    0x0000585f      0x260 .\CortexM3\ARM_GCC_541\Debug\4 - Pendulo.a(CySpc.o)

.debug_frame    0x00000000     0x2b4c
 *(.debug_frame)
 .debug_frame   0x00000000       0x30 .\CortexM3\ARM_GCC_541\Debug\main.o
 .debug_frame   0x00000030       0x84 .\CortexM3\ARM_GCC_541\Debug\motor.o
 .debug_frame   0x000000b4       0x4c .\CortexM3\ARM_GCC_541\Debug\pid.o
 .debug_frame   0x00000100       0xa0 .\CortexM3\ARM_GCC_541\Debug\pendulo.o
 .debug_frame   0x000001a0      0x130 .\CortexM3\ARM_GCC_541\Debug\uartp_pend.o
 .debug_frame   0x000002d0      0x610 .\CortexM3\ARM_GCC_541\Debug\ctrl_pend.o
 .debug_frame   0x000008e0      0x154 .\CortexM3\ARM_GCC_541\Debug\uartp2.o
 .debug_frame   0x00000a34       0x48 .\CortexM3\ARM_GCC_541\Debug\arm_add_f32.o
 .debug_frame   0x00000a7c       0x44 .\CortexM3\ARM_GCC_541\Debug\arm_dot_prod_f32.o
 .debug_frame   0x00000ac0       0x20 .\CortexM3\ARM_GCC_541\Debug\arm_mat_init_f32.o
 .debug_frame   0x00000ae0       0x48 .\CortexM3\ARM_GCC_541\Debug\arm_mat_mult_f32.o
 .debug_frame   0x00000b28       0x44 .\CortexM3\ARM_GCC_541\Debug\arm_scale_f32.o
 .debug_frame   0x00000b6c       0x48 .\CortexM3\ARM_GCC_541\Debug\arm_dot_prod_q31.o
 .debug_frame   0x00000bb4       0x48 .\CortexM3\ARM_GCC_541\Debug\arm_scale_q31.o
 .debug_frame   0x00000bfc       0x48 .\CortexM3\ARM_GCC_541\Debug\arm_add_q31.o
 .debug_frame   0x00000c44       0x3c .\CortexM3\ARM_GCC_541\Debug\arm_float_to_q31.o
 .debug_frame   0x00000c80       0x3c .\CortexM3\ARM_GCC_541\Debug\arm_q31_to_float.o
 .debug_frame   0x00000cbc       0x3c .\CortexM3\ARM_GCC_541\Debug\arm_dot_prod_q15.o
 .debug_frame   0x00000cf8       0x34 .\CortexM3\ARM_GCC_541\Debug\arm_scale_q15.o
 .debug_frame   0x00000d2c       0x38 .\CortexM3\ARM_GCC_541\Debug\arm_add_q15.o
 .debug_frame   0x00000d64       0x3c .\CortexM3\ARM_GCC_541\Debug\arm_float_to_q15.o
 .debug_frame   0x00000da0       0x3c .\CortexM3\ARM_GCC_541\Debug\arm_q15_to_float.o
 .debug_frame   0x00000ddc       0x38 .\CortexM3\ARM_GCC_541\Debug\arm_dot_prod_q7.o
 .debug_frame   0x00000e14       0x38 .\CortexM3\ARM_GCC_541\Debug\arm_scale_q7.o
 .debug_frame   0x00000e4c       0x38 .\CortexM3\ARM_GCC_541\Debug\arm_add_q7.o
 .debug_frame   0x00000e84       0x3c .\CortexM3\ARM_GCC_541\Debug\arm_float_to_q7.o
 .debug_frame   0x00000ec0       0x3c .\CortexM3\ARM_GCC_541\Debug\arm_q7_to_float.o
 .debug_frame   0x00000efc       0xe4 .\CortexM3\ARM_GCC_541\Debug\cyfitter_cfg.o
 .debug_frame   0x00000fe0       0xb8 .\CortexM3\ARM_GCC_541\Debug\Cm3Start.o
 .debug_frame   0x00001098      0x134 .\CortexM3\ARM_GCC_541\Debug\4 - Pendulo.a(Timer_1.o)
 .debug_frame   0x000011cc       0xec .\CortexM3\ARM_GCC_541\Debug\4 - Pendulo.a(QuadDec_1.o)
 .debug_frame   0x000012b8       0x20 .\CortexM3\ARM_GCC_541\Debug\4 - Pendulo.a(QuadDec_1_INT.o)
 .debug_frame   0x000012d8      0x104 .\CortexM3\ARM_GCC_541\Debug\4 - Pendulo.a(isr_1.o)
 .debug_frame   0x000013dc       0xec .\CortexM3\ARM_GCC_541\Debug\4 - Pendulo.a(QuadDec_2.o)
 .debug_frame   0x000014c8       0x20 .\CortexM3\ARM_GCC_541\Debug\4 - Pendulo.a(QuadDec_2_INT.o)
 .debug_frame   0x000014e8      0x134 .\CortexM3\ARM_GCC_541\Debug\4 - Pendulo.a(QuadDec_1_Cnt16.o)
 .debug_frame   0x0000161c      0x134 .\CortexM3\ARM_GCC_541\Debug\4 - Pendulo.a(QuadDec_2_Cnt16.o)
 .debug_frame   0x00001750      0x738 .\CortexM3\ARM_GCC_541\Debug\4 - Pendulo.a(CyLib.o)
 .debug_frame   0x00001e88      0x1f8 .\CortexM3\ARM_GCC_541\Debug\4 - Pendulo.a(cyPm.o)
 .debug_frame   0x00002080      0x134 .\CortexM3\ARM_GCC_541\Debug\4 - Pendulo.a(PWM_Motor.o)
 .debug_frame   0x000021b4       0x50 .\CortexM3\ARM_GCC_541\Debug\4 - Pendulo.a(Pin_IN1.o)
 .debug_frame   0x00002204       0x50 .\CortexM3\ARM_GCC_541\Debug\4 - Pendulo.a(Pin_IN2.o)
 .debug_frame   0x00002254      0x268 .\CortexM3\ARM_GCC_541\Debug\4 - Pendulo.a(UART_1.o)
 .debug_frame   0x000024bc       0x30 .\CortexM3\ARM_GCC_541\Debug\4 - Pendulo.a(UART_1_INT.o)
 .debug_frame   0x000024ec       0xe0 .\CortexM3\ARM_GCC_541\Debug\4 - Pendulo.a(UART_1_IntClock.o)
 .debug_frame   0x000025cc      0x104 .\CortexM3\ARM_GCC_541\Debug\4 - Pendulo.a(isr_2.o)
 .debug_frame   0x000026d0       0x50 .\CortexM3\ARM_GCC_541\Debug\4 - Pendulo.a(pin_flag.o)
 .debug_frame   0x00002720      0x194 .\CortexM3\ARM_GCC_541\Debug\4 - Pendulo.a(CyFlash.o)
 .debug_frame   0x000028b4      0x180 .\CortexM3\ARM_GCC_541\Debug\4 - Pendulo.a(CySpc.o)
 .debug_frame   0x00002a34       0x30 d:/psoc/psoc creator/4.4/psoc creator/import/gnu/arm/5.4.1/bin/../lib/gcc/arm-none-eabi/5.4.1/armv7-m\libgcc.a(_fixsfdi.o)
 .debug_frame   0x00002a64       0x2c d:/psoc/psoc creator/4.4/psoc creator/import/gnu/arm/5.4.1/bin/../lib/gcc/arm-none-eabi/5.4.1/armv7-m\libgcc.a(_fixunssfdi.o)
 .debug_frame   0x00002a90       0x20 d:/psoc/psoc creator/4.4/psoc creator/import/gnu/arm/5.4.1/bin/../lib/gcc/arm-none-eabi/5.4.1/../../../../arm-none-eabi/lib/armv7-m\libg_nano.a(lib_a-errno.o)
 .debug_frame   0x00002ab0       0x28 d:/psoc/psoc creator/4.4/psoc creator/import/gnu/arm/5.4.1/bin/../lib/gcc/arm-none-eabi/5.4.1/../../../../arm-none-eabi/lib/armv7-m\libg_nano.a(lib_a-exit.o)
 .debug_frame   0x00002ad8       0x2c d:/psoc/psoc creator/4.4/psoc creator/import/gnu/arm/5.4.1/bin/../lib/gcc/arm-none-eabi/5.4.1/../../../../arm-none-eabi/lib/armv7-m\libg_nano.a(lib_a-init.o)
 .debug_frame   0x00002b04       0x28 d:/psoc/psoc creator/4.4/psoc creator/import/gnu/arm/5.4.1/bin/../lib/gcc/arm-none-eabi/5.4.1/../../../../arm-none-eabi/lib/armv7-m\libg_nano.a(lib_a-memcpy-stub.o)
 .debug_frame   0x00002b2c       0x20 d:/psoc/psoc creator/4.4/psoc creator/import/gnu/arm/5.4.1/bin/../lib/gcc/arm-none-eabi/5.4.1/../../../../arm-none-eabi/lib/armv7-m\libg_nano.a(lib_a-memset.o)

.debug_str      0x00000000     0x3417
 *(.debug_str)
 .debug_str     0x00000000      0x3cb .\CortexM3\ARM_GCC_541\Debug\main.o
                                0x419 (size before relaxing)
 .debug_str     0x000003cb       0x7e .\CortexM3\ARM_GCC_541\Debug\motor.o
                                0x21f (size before relaxing)
 .debug_str     0x00000449       0x6f .\CortexM3\ARM_GCC_541\Debug\pid.o
                                0x205 (size before relaxing)
 .debug_str     0x000004b8      0x13e .\CortexM3\ARM_GCC_541\Debug\pendulo.o
                                0x329 (size before relaxing)
 .debug_str     0x000005f6      0x1d0 .\CortexM3\ARM_GCC_541\Debug\uartp_pend.o
                                0x472 (size before relaxing)
 .debug_str     0x000007c6      0x4f6 .\CortexM3\ARM_GCC_541\Debug\ctrl_pend.o
                                0x8b9 (size before relaxing)
 .debug_str     0x00000cbc       0xd5 .\CortexM3\ARM_GCC_541\Debug\uartp2.o
                                0x314 (size before relaxing)
 .debug_str     0x00000d91       0x63 .\CortexM3\ARM_GCC_541\Debug\arm_add_f32.o
                                0x1f3 (size before relaxing)
 .debug_str     0x00000df4       0x1a .\CortexM3\ARM_GCC_541\Debug\arm_dot_prod_f32.o
                                0x1d7 (size before relaxing)
 .debug_str     0x00000e0e       0x6c .\CortexM3\ARM_GCC_541\Debug\arm_mat_init_f32.o
                                0x1f0 (size before relaxing)
 .debug_str     0x00000e7a       0xf3 .\CortexM3\ARM_GCC_541\Debug\arm_mat_mult_f32.o
                                0x2c8 (size before relaxing)
 .debug_str     0x00000f6d       0x15 .\CortexM3\ARM_GCC_541\Debug\arm_scale_f32.o
                                0x1ce (size before relaxing)
 .debug_str     0x00000f82       0x13 .\CortexM3\ARM_GCC_541\Debug\arm_dot_prod_q31.o
                                0x225 (size before relaxing)
 .debug_str     0x00000f95       0x3c .\CortexM3\ARM_GCC_541\Debug\arm_scale_q31.o
                                0x22f (size before relaxing)
 .debug_str     0x00000fd1       0x25 .\CortexM3\ARM_GCC_541\Debug\arm_add_q31.o
                                0x230 (size before relaxing)
 .debug_str     0x00000ff6       0x13 .\CortexM3\ARM_GCC_541\Debug\arm_float_to_q31.o
                                0x20e (size before relaxing)
 .debug_str     0x00001009       0x24 .\CortexM3\ARM_GCC_541\Debug\arm_q31_to_float.o
                                0x1e6 (size before relaxing)
 .debug_str     0x0000102d       0x27 .\CortexM3\ARM_GCC_541\Debug\arm_dot_prod_q15.o
                                0x232 (size before relaxing)
 .debug_str     0x00001054       0x1d .\CortexM3\ARM_GCC_541\Debug\arm_scale_q15.o
                                0x241 (size before relaxing)
 .debug_str     0x00001071       0x17 .\CortexM3\ARM_GCC_541\Debug\arm_add_q15.o
                                0x21b (size before relaxing)
 .debug_str     0x00001088       0x13 .\CortexM3\ARM_GCC_541\Debug\arm_float_to_q15.o
                                0x20b (size before relaxing)
 .debug_str     0x0000109b       0x24 .\CortexM3\ARM_GCC_541\Debug\arm_q15_to_float.o
                                0x1e6 (size before relaxing)
 .debug_str     0x000010bf       0x37 .\CortexM3\ARM_GCC_541\Debug\arm_dot_prod_q7.o
                                0x231 (size before relaxing)
 .debug_str     0x000010f6        0xf .\CortexM3\ARM_GCC_541\Debug\arm_scale_q7.o
                                0x21c (size before relaxing)
 .debug_str     0x00001105       0x15 .\CortexM3\ARM_GCC_541\Debug\arm_add_q7.o
                                0x201 (size before relaxing)
 .debug_str     0x0000111a       0x12 .\CortexM3\ARM_GCC_541\Debug\arm_float_to_q7.o
                                0x206 (size before relaxing)
 .debug_str     0x0000112c       0x22 .\CortexM3\ARM_GCC_541\Debug\arm_q7_to_float.o
                                0x1e1 (size before relaxing)
 .debug_str     0x0000114e      0x19a .\CortexM3\ARM_GCC_541\Debug\cyfitter_cfg.o
                                0x340 (size before relaxing)
 .debug_str     0x000012e8       0x7f .\CortexM3\ARM_GCC_541\Debug\cymetadata.o
                                0x1da (size before relaxing)
 .debug_str     0x00001367      0x132 .\CortexM3\ARM_GCC_541\Debug\Cm3Start.o
                                0x300 (size before relaxing)
 .debug_str     0x00001499      0x13d .\CortexM3\ARM_GCC_541\Debug\4 - Pendulo.a(Timer_1.o)
                                0x378 (size before relaxing)
 .debug_str     0x000015d6      0x186 .\CortexM3\ARM_GCC_541\Debug\4 - Pendulo.a(QuadDec_1.o)
                                0x380 (size before relaxing)
 .debug_str     0x0000175c       0x48 .\CortexM3\ARM_GCC_541\Debug\4 - Pendulo.a(QuadDec_1_INT.o)
                                0x1e4 (size before relaxing)
 .debug_str     0x000017a4       0xf0 .\CortexM3\ARM_GCC_541\Debug\4 - Pendulo.a(isr_1.o)
                                0x29c (size before relaxing)
 .debug_str     0x00001894      0x12c .\CortexM3\ARM_GCC_541\Debug\4 - Pendulo.a(QuadDec_2.o)
                                0x380 (size before relaxing)
 .debug_str     0x000019c0       0x48 .\CortexM3\ARM_GCC_541\Debug\4 - Pendulo.a(QuadDec_2_INT.o)
                                0x1e4 (size before relaxing)
 .debug_str     0x00001a08      0x1db .\CortexM3\ARM_GCC_541\Debug\4 - Pendulo.a(QuadDec_1_Cnt16.o)
                                0x40c (size before relaxing)
 .debug_str     0x00001be3      0x1bf .\CortexM3\ARM_GCC_541\Debug\4 - Pendulo.a(QuadDec_2_Cnt16.o)
                                0x40c (size before relaxing)
 .debug_str     0x00001da2      0x7bd .\CortexM3\ARM_GCC_541\Debug\4 - Pendulo.a(CyLib.o)
                                0xa3d (size before relaxing)
 .debug_str     0x0000255f      0x365 .\CortexM3\ARM_GCC_541\Debug\4 - Pendulo.a(cyPm.o)
                                0x729 (size before relaxing)
 .debug_str     0x000028c4      0x18a .\CortexM3\ARM_GCC_541\Debug\4 - Pendulo.a(PWM_Motor.o)
                                0x3a0 (size before relaxing)
 .debug_str     0x00002a4e       0x62 .\CortexM3\ARM_GCC_541\Debug\4 - Pendulo.a(Pin_IN1.o)
                                0x1e2 (size before relaxing)
 .debug_str     0x00002ab0       0x57 .\CortexM3\ARM_GCC_541\Debug\4 - Pendulo.a(Pin_IN2.o)
                                0x1e2 (size before relaxing)
 .debug_str     0x00002b07      0x37b .\CortexM3\ARM_GCC_541\Debug\4 - Pendulo.a(UART_1.o)
                                0x5de (size before relaxing)
 .debug_str     0x00002e82       0x64 .\CortexM3\ARM_GCC_541\Debug\4 - Pendulo.a(UART_1_INT.o)
                                0x29e (size before relaxing)
 .debug_str     0x00002ee6      0x197 .\CortexM3\ARM_GCC_541\Debug\4 - Pendulo.a(UART_1_IntClock.o)
                                0x344 (size before relaxing)
 .debug_str     0x0000307d       0xd8 .\CortexM3\ARM_GCC_541\Debug\4 - Pendulo.a(isr_2.o)
                                0x29c (size before relaxing)
 .debug_str     0x00003155       0x5b .\CortexM3\ARM_GCC_541\Debug\4 - Pendulo.a(pin_flag.o)
                                0x1e7 (size before relaxing)
 .debug_str     0x000031b0      0x1bb .\CortexM3\ARM_GCC_541\Debug\4 - Pendulo.a(CyFlash.o)
                                0x3b6 (size before relaxing)
 .debug_str     0x0000336b       0xac .\CortexM3\ARM_GCC_541\Debug\4 - Pendulo.a(CySpc.o)
                                0x32e (size before relaxing)

.debug_loc      0x00000000     0x7fc5
 *(.debug_loc)
 .debug_loc     0x00000000       0xea .\CortexM3\ARM_GCC_541\Debug\main.o
 .debug_loc     0x000000ea       0xa4 .\CortexM3\ARM_GCC_541\Debug\motor.o
 .debug_loc     0x0000018e      0x116 .\CortexM3\ARM_GCC_541\Debug\pid.o
 .debug_loc     0x000002a4       0x6b .\CortexM3\ARM_GCC_541\Debug\pendulo.o
 .debug_loc     0x0000030f      0x3e6 .\CortexM3\ARM_GCC_541\Debug\uartp_pend.o
 .debug_loc     0x000006f5     0x23fe .\CortexM3\ARM_GCC_541\Debug\ctrl_pend.o
 .debug_loc     0x00002af3      0x227 .\CortexM3\ARM_GCC_541\Debug\uartp2.o
 .debug_loc     0x00002d1a      0x16d .\CortexM3\ARM_GCC_541\Debug\arm_add_f32.o
 .debug_loc     0x00002e87      0x1a7 .\CortexM3\ARM_GCC_541\Debug\arm_dot_prod_f32.o
 .debug_loc     0x0000302e      0x3ce .\CortexM3\ARM_GCC_541\Debug\arm_mat_mult_f32.o
 .debug_loc     0x000033fc      0x13f .\CortexM3\ARM_GCC_541\Debug\arm_scale_f32.o
 .debug_loc     0x0000353b      0x2ed .\CortexM3\ARM_GCC_541\Debug\arm_dot_prod_q31.o
 .debug_loc     0x00003828      0x3a9 .\CortexM3\ARM_GCC_541\Debug\arm_scale_q31.o
 .debug_loc     0x00003bd1      0x30a .\CortexM3\ARM_GCC_541\Debug\arm_add_q31.o
 .debug_loc     0x00003edb      0x1af .\CortexM3\ARM_GCC_541\Debug\arm_float_to_q31.o
 .debug_loc     0x0000408a      0x137 .\CortexM3\ARM_GCC_541\Debug\arm_q31_to_float.o
 .debug_loc     0x000041c1      0x25e .\CortexM3\ARM_GCC_541\Debug\arm_dot_prod_q15.o
 .debug_loc     0x0000441f      0x31e .\CortexM3\ARM_GCC_541\Debug\arm_scale_q15.o
 .debug_loc     0x0000473d      0x3cb .\CortexM3\ARM_GCC_541\Debug\arm_add_q15.o
 .debug_loc     0x00004b08      0x1f5 .\CortexM3\ARM_GCC_541\Debug\arm_float_to_q15.o
 .debug_loc     0x00004cfd      0x137 .\CortexM3\ARM_GCC_541\Debug\arm_q15_to_float.o
 .debug_loc     0x00004e34      0x506 .\CortexM3\ARM_GCC_541\Debug\arm_dot_prod_q7.o
 .debug_loc     0x0000533a      0x2ab .\CortexM3\ARM_GCC_541\Debug\arm_scale_q7.o
 .debug_loc     0x000055e5      0x384 .\CortexM3\ARM_GCC_541\Debug\arm_add_q7.o
 .debug_loc     0x00005969      0x1f5 .\CortexM3\ARM_GCC_541\Debug\arm_float_to_q7.o
 .debug_loc     0x00005b5e      0x137 .\CortexM3\ARM_GCC_541\Debug\arm_q7_to_float.o
 .debug_loc     0x00005c95      0x288 .\CortexM3\ARM_GCC_541\Debug\cyfitter_cfg.o
 .debug_loc     0x00005f1d      0x144 .\CortexM3\ARM_GCC_541\Debug\Cm3Start.o
 .debug_loc     0x00006061       0x31 .\CortexM3\ARM_GCC_541\Debug\4 - Pendulo.a(Timer_1.o)
 .debug_loc     0x00006092       0xb9 .\CortexM3\ARM_GCC_541\Debug\4 - Pendulo.a(QuadDec_1.o)
 .debug_loc     0x0000614b       0x13 .\CortexM3\ARM_GCC_541\Debug\4 - Pendulo.a(QuadDec_1_INT.o)
 .debug_loc     0x0000615e       0x56 .\CortexM3\ARM_GCC_541\Debug\4 - Pendulo.a(isr_1.o)
 .debug_loc     0x000061b4       0xb9 .\CortexM3\ARM_GCC_541\Debug\4 - Pendulo.a(QuadDec_2.o)
 .debug_loc     0x0000626d       0x13 .\CortexM3\ARM_GCC_541\Debug\4 - Pendulo.a(QuadDec_2_INT.o)
 .debug_loc     0x00006280       0x3d .\CortexM3\ARM_GCC_541\Debug\4 - Pendulo.a(QuadDec_1_Cnt16.o)
 .debug_loc     0x000062bd       0x3d .\CortexM3\ARM_GCC_541\Debug\4 - Pendulo.a(QuadDec_2_Cnt16.o)
 .debug_loc     0x000062fa      0xa11 .\CortexM3\ARM_GCC_541\Debug\4 - Pendulo.a(CyLib.o)
 .debug_loc     0x00006d0b      0x1e4 .\CortexM3\ARM_GCC_541\Debug\4 - Pendulo.a(cyPm.o)
 .debug_loc     0x00006eef       0x26 .\CortexM3\ARM_GCC_541\Debug\4 - Pendulo.a(PWM_Motor.o)
 .debug_loc     0x00006f15       0x42 .\CortexM3\ARM_GCC_541\Debug\4 - Pendulo.a(Pin_IN1.o)
 .debug_loc     0x00006f57       0x42 .\CortexM3\ARM_GCC_541\Debug\4 - Pendulo.a(Pin_IN2.o)
 .debug_loc     0x00006f99      0x36c .\CortexM3\ARM_GCC_541\Debug\4 - Pendulo.a(UART_1.o)
 .debug_loc     0x00007305       0x45 .\CortexM3\ARM_GCC_541\Debug\4 - Pendulo.a(UART_1_INT.o)
 .debug_loc     0x0000734a      0x12c .\CortexM3\ARM_GCC_541\Debug\4 - Pendulo.a(UART_1_IntClock.o)
 .debug_loc     0x00007476       0x56 .\CortexM3\ARM_GCC_541\Debug\4 - Pendulo.a(isr_2.o)
 .debug_loc     0x000074cc       0x42 .\CortexM3\ARM_GCC_541\Debug\4 - Pendulo.a(pin_flag.o)
 .debug_loc     0x0000750e      0x3b2 .\CortexM3\ARM_GCC_541\Debug\4 - Pendulo.a(CyFlash.o)
 .debug_loc     0x000078c0      0x705 .\CortexM3\ARM_GCC_541\Debug\4 - Pendulo.a(CySpc.o)

.debug_macinfo
 *(.debug_macinfo)

.debug_ranges   0x00000000      0xed8
 *(.debug_ranges)
 .debug_ranges  0x00000000       0x10 .\CortexM3\ARM_GCC_541\Debug\main.o
 .debug_ranges  0x00000010       0x28 .\CortexM3\ARM_GCC_541\Debug\motor.o
 .debug_ranges  0x00000038       0x18 .\CortexM3\ARM_GCC_541\Debug\pid.o
 .debug_ranges  0x00000050       0x30 .\CortexM3\ARM_GCC_541\Debug\pendulo.o
 .debug_ranges  0x00000080       0x60 .\CortexM3\ARM_GCC_541\Debug\uartp_pend.o
 .debug_ranges  0x000000e0      0x190 .\CortexM3\ARM_GCC_541\Debug\ctrl_pend.o
 .debug_ranges  0x00000270       0x70 .\CortexM3\ARM_GCC_541\Debug\uartp2.o
 .debug_ranges  0x000002e0       0x10 .\CortexM3\ARM_GCC_541\Debug\arm_add_f32.o
 .debug_ranges  0x000002f0       0x10 .\CortexM3\ARM_GCC_541\Debug\arm_dot_prod_f32.o
 .debug_ranges  0x00000300       0x10 .\CortexM3\ARM_GCC_541\Debug\arm_mat_init_f32.o
 .debug_ranges  0x00000310       0x10 .\CortexM3\ARM_GCC_541\Debug\arm_mat_mult_f32.o
 .debug_ranges  0x00000320       0x10 .\CortexM3\ARM_GCC_541\Debug\arm_scale_f32.o
 .debug_ranges  0x00000330       0x10 .\CortexM3\ARM_GCC_541\Debug\arm_dot_prod_q31.o
 .debug_ranges  0x00000340       0x10 .\CortexM3\ARM_GCC_541\Debug\arm_scale_q31.o
 .debug_ranges  0x00000350       0x10 .\CortexM3\ARM_GCC_541\Debug\arm_add_q31.o
 .debug_ranges  0x00000360       0x10 .\CortexM3\ARM_GCC_541\Debug\arm_float_to_q31.o
 .debug_ranges  0x00000370       0x10 .\CortexM3\ARM_GCC_541\Debug\arm_q31_to_float.o
 .debug_ranges  0x00000380       0x10 .\CortexM3\ARM_GCC_541\Debug\arm_dot_prod_q15.o
 .debug_ranges  0x00000390       0x28 .\CortexM3\ARM_GCC_541\Debug\arm_scale_q15.o
 .debug_ranges  0x000003b8       0x10 .\CortexM3\ARM_GCC_541\Debug\arm_add_q15.o
 .debug_ranges  0x000003c8       0x40 .\CortexM3\ARM_GCC_541\Debug\arm_float_to_q15.o
 .debug_ranges  0x00000408       0x10 .\CortexM3\ARM_GCC_541\Debug\arm_q15_to_float.o
 .debug_ranges  0x00000418       0x10 .\CortexM3\ARM_GCC_541\Debug\arm_dot_prod_q7.o
 .debug_ranges  0x00000428       0x28 .\CortexM3\ARM_GCC_541\Debug\arm_scale_q7.o
 .debug_ranges  0x00000450       0x28 .\CortexM3\ARM_GCC_541\Debug\arm_add_q7.o
 .debug_ranges  0x00000478       0x40 .\CortexM3\ARM_GCC_541\Debug\arm_float_to_q7.o
 .debug_ranges  0x000004b8       0x10 .\CortexM3\ARM_GCC_541\Debug\arm_q7_to_float.o
 .debug_ranges  0x000004c8       0x48 .\CortexM3\ARM_GCC_541\Debug\cyfitter_cfg.o
 .debug_ranges  0x00000510       0x38 .\CortexM3\ARM_GCC_541\Debug\Cm3Start.o
 .debug_ranges  0x00000548       0x88 .\CortexM3\ARM_GCC_541\Debug\4 - Pendulo.a(Timer_1.o)
 .debug_ranges  0x000005d0       0x50 .\CortexM3\ARM_GCC_541\Debug\4 - Pendulo.a(QuadDec_1.o)
 .debug_ranges  0x00000620       0x10 .\CortexM3\ARM_GCC_541\Debug\4 - Pendulo.a(QuadDec_1_INT.o)
 .debug_ranges  0x00000630       0x70 .\CortexM3\ARM_GCC_541\Debug\4 - Pendulo.a(isr_1.o)
 .debug_ranges  0x000006a0       0x50 .\CortexM3\ARM_GCC_541\Debug\4 - Pendulo.a(QuadDec_2.o)
 .debug_ranges  0x000006f0       0x10 .\CortexM3\ARM_GCC_541\Debug\4 - Pendulo.a(QuadDec_2_INT.o)
 .debug_ranges  0x00000700       0x88 .\CortexM3\ARM_GCC_541\Debug\4 - Pendulo.a(QuadDec_1_Cnt16.o)
 .debug_ranges  0x00000788       0x88 .\CortexM3\ARM_GCC_541\Debug\4 - Pendulo.a(QuadDec_2_Cnt16.o)
 .debug_ranges  0x00000810      0x290 .\CortexM3\ARM_GCC_541\Debug\4 - Pendulo.a(CyLib.o)
 .debug_ranges  0x00000aa0       0x88 .\CortexM3\ARM_GCC_541\Debug\4 - Pendulo.a(cyPm.o)
 .debug_ranges  0x00000b28       0x88 .\CortexM3\ARM_GCC_541\Debug\4 - Pendulo.a(PWM_Motor.o)
 .debug_ranges  0x00000bb0       0x28 .\CortexM3\ARM_GCC_541\Debug\4 - Pendulo.a(Pin_IN1.o)
 .debug_ranges  0x00000bd8       0x28 .\CortexM3\ARM_GCC_541\Debug\4 - Pendulo.a(Pin_IN2.o)
 .debug_ranges  0x00000c00       0xe0 .\CortexM3\ARM_GCC_541\Debug\4 - Pendulo.a(UART_1.o)
 .debug_ranges  0x00000ce0       0x18 .\CortexM3\ARM_GCC_541\Debug\4 - Pendulo.a(UART_1_INT.o)
 .debug_ranges  0x00000cf8       0x60 .\CortexM3\ARM_GCC_541\Debug\4 - Pendulo.a(UART_1_IntClock.o)
 .debug_ranges  0x00000d58       0x70 .\CortexM3\ARM_GCC_541\Debug\4 - Pendulo.a(isr_2.o)
 .debug_ranges  0x00000dc8       0x28 .\CortexM3\ARM_GCC_541\Debug\4 - Pendulo.a(pin_flag.o)
 .debug_ranges  0x00000df0       0x78 .\CortexM3\ARM_GCC_541\Debug\4 - Pendulo.a(CyFlash.o)
 .debug_ranges  0x00000e68       0x70 .\CortexM3\ARM_GCC_541\Debug\4 - Pendulo.a(CySpc.o)

.comment        0x00000000       0x6e
 .comment       0x00000000       0x6e .\CortexM3\ARM_GCC_541\Debug\main.o
                                 0x6f (size before relaxing)
 .comment       0x0000006e       0x6f .\CortexM3\ARM_GCC_541\Debug\motor.o
 .comment       0x0000006e       0x6f .\CortexM3\ARM_GCC_541\Debug\pid.o
 .comment       0x0000006e       0x6f .\CortexM3\ARM_GCC_541\Debug\pendulo.o
 .comment       0x0000006e       0x6f .\CortexM3\ARM_GCC_541\Debug\uartp_pend.o
 .comment       0x0000006e       0x6f .\CortexM3\ARM_GCC_541\Debug\ctrl_pend.o
 .comment       0x0000006e       0x6f .\CortexM3\ARM_GCC_541\Debug\uartp2.o
 .comment       0x0000006e       0x6f .\CortexM3\ARM_GCC_541\Debug\arm_add_f32.o
 .comment       0x0000006e       0x6f .\CortexM3\ARM_GCC_541\Debug\arm_dot_prod_f32.o
 .comment       0x0000006e       0x6f .\CortexM3\ARM_GCC_541\Debug\arm_mat_init_f32.o
 .comment       0x0000006e       0x6f .\CortexM3\ARM_GCC_541\Debug\arm_mat_mult_f32.o
 .comment       0x0000006e       0x6f .\CortexM3\ARM_GCC_541\Debug\arm_scale_f32.o