Archive member included to satisfy reference by file (symbol)

.\CortexM3\ARM_GCC_541\Debug\4 - Pendulo.a(Timer_1.o)
                              .\CortexM3\ARM_GCC_541\Debug\main.o (Timer_1_Stop)
.\CortexM3\ARM_GCC_541\Debug\4 - Pendulo.a(QuadDec_1.o)
                              .\CortexM3\ARM_GCC_541\Debug\pendulo.o (QuadDec_1_GetCounter)
.\CortexM3\ARM_GCC_541\Debug\4 - Pendulo.a(QuadDec_1_INT.o)
                              .\CortexM3\ARM_GCC_541\Debug\4 - Pendulo.a(QuadDec_1.o) (QuadDec_1_ISR)
.\CortexM3\ARM_GCC_541\Debug\4 - Pendulo.a(isr_1.o)
                              .\CortexM3\ARM_GCC_541\Debug\pendulo.o (isr_1_StartEx)
.\CortexM3\ARM_GCC_541\Debug\4 - Pendulo.a(QuadDec_2.o)
                              .\CortexM3\ARM_GCC_541\Debug\pendulo.o (QuadDec_2_GetCounter)
.\CortexM3\ARM_GCC_541\Debug\4 - Pendulo.a(QuadDec_2_INT.o)
                              .\CortexM3\ARM_GCC_541\Debug\4 - Pendulo.a(QuadDec_2.o) (QuadDec_2_ISR)
.\CortexM3\ARM_GCC_541\Debug\4 - Pendulo.a(QuadDec_1_Cnt16.o)
                              .\CortexM3\ARM_GCC_541\Debug\4 - Pendulo.a(QuadDec_1.o) (QuadDec_1_Cnt16_Stop)
.\CortexM3\ARM_GCC_541\Debug\4 - Pendulo.a(QuadDec_2_Cnt16.o)
                              .\CortexM3\ARM_GCC_541\Debug\4 - Pendulo.a(QuadDec_2.o) (QuadDec_2_Cnt16_Stop)
.\CortexM3\ARM_GCC_541\Debug\4 - Pendulo.a(CyLib.o)
                              .\CortexM3\ARM_GCC_541\Debug\Cm3Start.o (CyHalt)
.\CortexM3\ARM_GCC_541\Debug\4 - Pendulo.a(cyPm.o)
                              .\CortexM3\ARM_GCC_541\Debug\4 - Pendulo.a(CyLib.o) (CyPmReadStatus)
.\CortexM3\ARM_GCC_541\Debug\4 - Pendulo.a(PWM_Motor.o)
                              .\CortexM3\ARM_GCC_541\Debug\motor.o (PWM_Motor_WriteCompare)
.\CortexM3\ARM_GCC_541\Debug\4 - Pendulo.a(Pin_IN1.o)
                              .\CortexM3\ARM_GCC_541\Debug\motor.o (Pin_IN1_Write)
.\CortexM3\ARM_GCC_541\Debug\4 - Pendulo.a(Pin_IN2.o)
                              .\CortexM3\ARM_GCC_541\Debug\motor.o (Pin_IN2_Write)
.\CortexM3\ARM_GCC_541\Debug\4 - Pendulo.a(UART_1.o)
                              .\CortexM3\ARM_GCC_541\Debug\uartp_pend.o (UART_1_Start)
.\CortexM3\ARM_GCC_541\Debug\4 - Pendulo.a(UART_1_INT.o)
                              .\CortexM3\ARM_GCC_541\Debug\4 - Pendulo.a(UART_1.o) (UART_1_RXISR)
.\CortexM3\ARM_GCC_541\Debug\4 - Pendulo.a(UART_1_IntClock.o)
                              .\CortexM3\ARM_GCC_541\Debug\4 - Pendulo.a(UART_1.o) (UART_1_IntClock_Start)
.\CortexM3\ARM_GCC_541\Debug\4 - Pendulo.a(isr_2.o)
                              .\CortexM3\ARM_GCC_541\Debug\uartp_pend.o (isr_2_StartEx)
.\CortexM3\ARM_GCC_541\Debug\4 - Pendulo.a(pin_flag.o)
                              .\CortexM3\ARM_GCC_541\Debug\main.o (pin_flag_Write)
.\CortexM3\ARM_GCC_541\Debug\4 - Pendulo.a(CyBootAsmGnu.o)
                              .\CortexM3\ARM_GCC_541\Debug\cyfitter_cfg.o (CyDelayCycles)
.\CortexM3\ARM_GCC_541\Debug\4 - Pendulo.a(CyFlash.o)
                              .\CortexM3\ARM_GCC_541\Debug\4 - Pendulo.a(cyPm.o) (CyFlash_SetWaitCycles)
.\CortexM3\ARM_GCC_541\Debug\4 - Pendulo.a(CySpc.o)
                              .\CortexM3\ARM_GCC_541\Debug\4 - Pendulo.a(CyFlash.o) (CySpcStart)
d:/psoc/psoc creator/4.4/psoc creator/import/gnu/arm/5.4.1/bin/../lib/gcc/arm-none-eabi/5.4.1/armv7-m\libgcc.a(_arm_addsubsf3.o)
                              .\CortexM3\ARM_GCC_541\Debug\motor.o (__aeabi_fsub)
d:/psoc/psoc creator/4.4/psoc creator/import/gnu/arm/5.4.1/bin/../lib/gcc/arm-none-eabi/5.4.1/armv7-m\libgcc.a(_arm_muldivsf3.o)
                              .\CortexM3\ARM_GCC_541\Debug\motor.o (__aeabi_fmul)
d:/psoc/psoc creator/4.4/psoc creator/import/gnu/arm/5.4.1/bin/../lib/gcc/arm-none-eabi/5.4.1/armv7-m\libgcc.a(_arm_cmpsf2.o)
                              .\CortexM3\ARM_GCC_541\Debug\ctrl_pend.o (__aeabi_fcmpeq)
d:/psoc/psoc creator/4.4/psoc creator/import/gnu/arm/5.4.1/bin/../lib/gcc/arm-none-eabi/5.4.1/armv7-m\libgcc.a(_arm_fixsfsi.o)
                              .\CortexM3\ARM_GCC_541\Debug\motor.o (__aeabi_f2iz)
d:/psoc/psoc creator/4.4/psoc creator/import/gnu/arm/5.4.1/bin/../lib/gcc/arm-none-eabi/5.4.1/armv7-m\libgcc.a(_arm_fixunssfsi.o)
                              .\CortexM3\ARM_GCC_541\Debug\uartp_pend.o (__aeabi_f2uiz)
d:/psoc/psoc creator/4.4/psoc creator/import/gnu/arm/5.4.1/bin/../lib/gcc/arm-none-eabi/5.4.1/armv7-m\libgcc.a(_fixsfdi.o)
                              .\CortexM3\ARM_GCC_541\Debug\arm_float_to_q31.o (__aeabi_f2lz)
d:/psoc/psoc creator/4.4/psoc creator/import/gnu/arm/5.4.1/bin/../lib/gcc/arm-none-eabi/5.4.1/armv7-m\libgcc.a(_fixunssfdi.o)
                              d:/psoc/psoc creator/4.4/psoc creator/import/gnu/arm/5.4.1/bin/../lib/gcc/arm-none-eabi/5.4.1/armv7-m\libgcc.a(_fixsfdi.o) (__aeabi_f2ulz)
d:/psoc/psoc creator/4.4/psoc creator/import/gnu/arm/5.4.1/bin/../lib/gcc/arm-none-eabi/5.4.1/armv7-m\libgcc.a(_arm_addsubdf3.o)
[...]
Memory Configuration

Name             Origin             Length             Attributes
rom              0x00000000         0x00040000         xr
ram              0x1fff8000         0x00010000         xrw
*default*        0x00000000         0xffffffff

Linker script and memory map

LOAD d:/psoc/psoc creator/4.4/psoc creator/import/gnu/arm/5.4.1/bin/../lib/gcc/arm-none-eabi/5.4.1/armv7-m/crti.o
LOAD d:/psoc/psoc creator/4.4/psoc creator/import/gnu/arm/5.4.1/bin/../lib/gcc/arm-none-eabi/5.4.1/armv7-m/crtbegin.o
LOAD d:/psoc/psoc creator/4.4/psoc creator/import/gnu/arm/5.4.1/bin/../lib/gcc/arm-none-eabi/5.4.1/../../../../arm-none-eabi/lib/armv7-m/crt0.o
START GROUP
LOAD .\CortexM3\ARM_GCC_541\Debug\main.o
LOAD .\CortexM3\ARM_GCC_541\Debug\motor.o
LOAD .\CortexM3\ARM_GCC_541\Debug\pid.o
LOAD .\CortexM3\ARM_GCC_541\Debug\pendulo.o
LOAD .\CortexM3\ARM_GCC_541\Debug\uartp_pend.o
LOAD .\CortexM3\ARM_GCC_541\Debug\ctrl_pend.o
LOAD .\CortexM3\ARM_GCC_541\Debug\uartp2.o
LOAD .\CortexM3\ARM_GCC_541\Debug\arm_add_f32.o
LOAD .\CortexM3\ARM_GCC_541\Debug\arm_dot_prod_f32.o
LOAD .\CortexM3\ARM_GCC_541\Debug\arm_mat_init_f32.o
LOAD .\CortexM3\ARM_GCC_541\Debug\arm_mat_mult_f32.o
LOAD .\CortexM3\ARM_GCC_541\Debug\arm_scale_f32.o
LOAD .\CortexM3\ARM_GCC_541\Debug\arm_dot_prod_q31.o
LOAD .\CortexM3\ARM_GCC_541\Debug\arm_scale_q31.o
LOAD .\CortexM3\ARM_GCC_541\Debug\arm_add_q31.o
LOAD .\CortexM3\ARM_GCC_541\Debug\arm_float_to_q31.o
LOAD .\CortexM3\ARM_GCC_541\Debug\arm_q31_to_float.o
LOAD .\CortexM3\ARM_GCC_541\Debug\arm_dot_prod_q15.o
LOAD .\CortexM3\ARM_GCC_541\Debug\arm_scale_q15.o
LOAD .\CortexM3\ARM_GCC_541\Debug\arm_add_q15.o
LOAD .\CortexM3\ARM_GCC_541\Debug\arm_float_to_q15.o
LOAD .\CortexM3\ARM_GCC_541\Debug\arm_q15_to_float.o
LOAD .\CortexM3\ARM_GCC_541\Debug\arm_dot_prod_q7.o
LOAD .\CortexM3\ARM_GCC_541\Debug\arm_scale_q7.o
LOAD .\CortexM3\ARM_GCC_541\Debug\arm_add_q7.o
LOAD .\CortexM3\ARM_GCC_541\Debug\arm_float_to_q7.o
LOAD .\CortexM3\ARM_GCC_541\Debug\arm_q7_to_float.o
LOAD .\CortexM3\ARM_GCC_541\Debug\cyfitter_cfg.o
LOAD .\CortexM3\ARM_GCC_541\Debug\cymetadata.o
LOAD .\CortexM3\ARM_GCC_541\Debug\Cm3Start.o
LOAD .\CortexM3\ARM_GCC_541\Debug\4 - Pendulo.a
LOAD D:\PSoc\PSoC Creator\4.4\PSoC Creator\psoc\content\cycomponentlibrary\CyComponentLibrary.cylib\CortexM3\ARM_GCC_541\Debug\CyComponentLibrary.a
LOAD d:/psoc/psoc creator/4.4/psoc creator/import/gnu/arm/5.4.1/bin/../lib/gcc/arm-none-eabi/5.4.1/../../../../arm-none-eabi/lib/armv7-m\libm.a
END GROUP
START GROUP
LOAD d:/psoc/psoc creator/4.4/psoc creator/import/gnu/arm/5.4.1/bin/../lib/gcc/arm-none-eabi/5.4.1/armv7-m\libgcc.a
LOAD d:/psoc/psoc creator/4.4/psoc creator/import/gnu/arm/5.4.1/bin/../lib/gcc/arm-none-eabi/5.4.1/../../../../arm-none-eabi/lib/armv7-m\libg_nano.a
LOAD d:/psoc/psoc creator/4.4/psoc creator/import/gnu/arm/5.4.1/bin/../lib/gcc/arm-none-eabi/5.4.1/../../../../arm-none-eabi/lib/armv7-m\libc_nano.a
END GROUP
START GROUP
LOAD d:/psoc/psoc creator/4.4/psoc creator/import/gnu/arm/5.4.1/bin/../lib/gcc/arm-none-eabi/5.4.1/armv7-m\libgcc.a
LOAD d:/psoc/psoc creator/4.4/psoc creator/import/gnu/arm/5.4.1/bin/../lib/gcc/arm-none-eabi/5.4.1/../../../../arm-none-eabi/lib/armv7-m\libc_nano.a
END GROUP
LOAD d:/psoc/psoc creator/4.4/psoc creator/import/gnu/arm/5.4.1/bin/../lib/gcc/arm-none-eabi/5.4.1/armv7-m/crtend.o
LOAD d:/psoc/psoc creator/4.4/psoc creator/import/gnu/arm/5.4.1/bin/../lib/gcc/arm-none-eabi/5.4.1/armv7-m/crtn.o
START GROUP
LOAD d:/psoc/psoc creator/4.4/psoc creator/import/gnu/arm/5.4.1/bin/../lib/gcc/arm-none-eabi/5.4.1/armv7-m\libgcc.a
LOAD d:/psoc/psoc creator/4.4/psoc creator/import/gnu/arm/5.4.1/bin/../lib/gcc/arm-none-eabi/5.4.1/../../../../arm-none-eabi/lib/armv7-m\libc.a
LOAD d:/psoc/psoc creator/4.4/psoc creator/import/gnu/arm/5.4.1/bin/../lib/gcc/arm-none-eabi/5.4.1/../../../../arm-none-eabi/lib/armv7-m\libnosys.a
END GROUP
                0x00000000                CY_APPL_ORIGIN = 0x0
                0x00000100                CY_FLASH_ROW_SIZE = 0x100
                0x00000020                CY_ECC_ROW_SIZE = 0x20
                0x00000000                CY_EE_IN_BTLDR = 0x0
                0x00000000                CY_APPL_LOADABLE = 0x0
                0x00000800                CY_EE_SIZE = 0x800
                0x00000001                CY_APPL_NUM = 0x1
                0x00000001                CY_APPL_MAX = 0x1
                0x00000040                CY_METADATA_SIZE = 0x40
                0x00000000                CY_APPL_LOADABLE = 0x0
                0x00000000                CY_CHECKSUM_EXCLUDE_SIZE = ALIGN (0x0, CY_FLASH_ROW_SIZE)
                [!provide]                PROVIDE (__cy_heap_start, _end)
                0x00000001                PROVIDE (__cy_region_num, ((__cy_regions_end - __cy_regions) / 0x10))
                0x20008000                PROVIDE (__cy_stack, (ORIGIN (ram) + LENGTH (ram)))
                [!provide]                PROVIDE (__cy_heap_end, (__cy_stack - 0x800))

.cybootloader   0x00000000        0x0
 *(.cybootloader)
                0x00000000                appl1_start = CY_APPL_ORIGIN?CY_APPL_ORIGIN:ALIGN (CY_FLASH_ROW_SIZE)
                0x0001ff00                appl2_start = (appl1_start + ALIGN ((((LENGTH (rom) - appl1_start) - (0x2 * CY_FLASH_ROW_SIZE)) / 0x2), CY_FLASH_ROW_SIZE))
                0x00000000                appl_start = (CY_APPL_NUM == 0x1)?appl1_start:appl2_start
                0x00000000                ecc_offset = ((appl_start / CY_FLASH_ROW_SIZE) * CY_ECC_ROW_SIZE)
                0x00000000                ee_offset = (CY_APPL_LOADABLE && ! (CY_EE_IN_BTLDR))?((CY_EE_SIZE / CY_APPL_MAX) * (CY_APPL_NUM - 0x1)):0x0
                0x00000800                ee_size = (CY_APPL_LOADABLE && ! (CY_EE_IN_BTLDR))?(CY_EE_SIZE / CY_APPL_MAX):CY_EE_SIZE
                [!provide]                PROVIDE (CY_ECC_OFFSET, ecc_offset)

.text           0x00000000     0x5462
 CREATE_OBJECT_SYMBOLS
                0x00000000                PROVIDE (__cy_interrupt_vector, RomVectors)
 *(.romvectors)
 .romvectors    0x00000000       0x10 .\CortexM3\ARM_GCC_541\Debug\Cm3Start.o
                0x00000000                RomVectors
                0x00000001                ASSERT ((. != __cy_interrupt_vector), No interrupt vector)
                0x00000001                ASSERT (CY_APPL_ORIGIN?(SIZEOF (.cybootloader) <= CY_APPL_ORIGIN):0x1, Wrong image location)
                0x00000010                PROVIDE (__cy_reset, Reset)
 *(.text.Reset)
 .text.Reset    0x00000010       0x18 .\CortexM3\ARM_GCC_541\Debug\Cm3Start.o
                0x00000010                Reset
                0x00000001                ASSERT ((. != __cy_reset), No reset code)
 *(.dma_init)
                0x00000001                ASSERT ((((appl_start + .) <= 0x10000) || 0x1), DMA Init must be within the first 64k of flash)
 *(.text .text.* .gnu.linkonce.t.*)
 .text          0x00000028       0x5c d:/psoc/psoc creator/4.4/psoc creator/import/gnu/arm/5.4.1/bin/../lib/gcc/arm-none-eabi/5.4.1/armv7-m/crtbegin.o
 .text.main     0x00000084      0x24c .\CortexM3\ARM_GCC_541\Debug\main.o
                0x00000084                main
 .text.Motor_Control
                0x000002d0       0x60 .\CortexM3\ARM_GCC_541\Debug\motor.o
                0x000002d0                Motor_Control
 .text.Motor_Free
                0x00000330       0x18 .\CortexM3\ARM_GCC_541\Debug\motor.o
                0x00000330                Motor_Free
 .text.PWM_Desde_Voltaje
                0x00000348       0xb8 .\CortexM3\ARM_GCC_541\Debug\motor.o
                0x00000348                PWM_Desde_Voltaje
 .text.Control_Timer_ISR
                0x00000400       0x14 .\CortexM3\ARM_GCC_541\Debug\pendulo.o
                0x00000400                Control_Timer_ISR
 .text.pendulo_init
                0x00000414       0x40 .\CortexM3\ARM_GCC_541\Debug\pendulo.o
                0x00000414                pendulo_init
 .text.pendulo_calibrate_rest
                0x00000454       0x18 .\CortexM3\ARM_GCC_541\Debug\pendulo.o
                0x00000454                pendulo_calibrate_rest
 .text.pendulo_resync_motor
                0x0000046c       0x10 .\CortexM3\ARM_GCC_541\Debug\pendulo.o
                0x0000046c                pendulo_resync_motor
 .text.pendulo_read
                0x0000047c       0x64 .\CortexM3\ARM_GCC_541\Debug\pendulo.o
                0x0000047c                pendulo_read
 .text.ll_wait_byte
                0x000004e0       0x28 .\CortexM3\ARM_GCC_541\Debug\uartp_pend.o
 .text.ll_putchar
                0x00000508        0x8 .\CortexM3\ARM_GCC_541\Debug\uartp_pend.o
 .text.ll_recv_word4
                0x00000510       0x90 .\CortexM3\ARM_GCC_541\Debug\uartp_pend.o
 .text.handle_cmd_p
                0x000005a0      0x1c8 .\CortexM3\ARM_GCC_541\Debug\uartp_pend.o
 .text.UARTP_Rx_ISR
                0x00000768       0xc4 .\CortexM3\ARM_GCC_541\Debug\uartp_pend.o
                0x00000768                UARTP_Rx_ISR
 .text.UARTP_Init
                0x0000082c       0x28 .\CortexM3\ARM_GCC_541\Debug\uartp_pend.o
                0x0000082c                UARTP_Init
 .text.UARTP_ProcessCommand
                0x00000854      0x154 .\CortexM3\ARM_GCC_541\Debug\uartp_pend.o
                0x00000854                UARTP_ProcessCommand
 .text.satf     0x000009a8       0x28 .\CortexM3\ARM_GCC_541\Debug\ctrl_pend.o
 .text.mode_ss  0x000009d0       0x10 .\CortexM3\ARM_GCC_541\Debug\ctrl_pend.o
 .text.mode_has_i
                0x000009e0       0x10 .\CortexM3\ARM_GCC_541\Debug\ctrl_pend.o
 .text.tf_step  0x000009f0       0xcc .\CortexM3\ARM_GCC_541\Debug\ctrl_pend.o
 .text.ss_yhat_q31
                0x00000abc      0x13c .\CortexM3\ARM_GCC_541\Debug\ctrl_pend.o
 .text.ss_obs_act_correct_q31
                0x00000bf8      0x124 .\CortexM3\ARM_GCC_541\Debug\ctrl_pend.o
 .text.ss_predict_q31
                0x00000d1c      0x194 .\CortexM3\ARM_GCC_541\Debug\ctrl_pend.o
 .text.ss_obs_pred_q31
                0x00000eb0      0x138 .\CortexM3\ARM_GCC_541\Debug\ctrl_pend.o
 .text.ss_obs_act_predict_q31
                0x00000fe8       0x14 .\CortexM3\ARM_GCC_541\Debug\ctrl_pend.o
 .text.ss_u_cmd_q31
                0x00000ffc      0x138 .\CortexM3\ARM_GCC_541\Debug\ctrl_pend.o
 .text.ss_yhat_q15
                0x00001134      0x150 .\CortexM3\ARM_GCC_541\Debug\ctrl_pend.o
 .text.ss_obs_act_correct_q15
                0x00001284      0x130 .\CortexM3\ARM_GCC_541\Debug\ctrl_pend.o
 .text.ss_predict_q15
                0x000013b4      0x1a8 .\CortexM3\ARM_GCC_541\Debug\ctrl_pend.o
 .text.ss_obs_pred_q15
                0x0000155c      0x144 .\CortexM3\ARM_GCC_541\Debug\ctrl_pend.o
 .text.ss_obs_act_predict_q15
                0x000016a0       0x14 .\CortexM3\ARM_GCC_541\Debug\ctrl_pend.o
 .text.ss_u_cmd_q15
                0x000016b4      0x144 .\CortexM3\ARM_GCC_541\Debug\ctrl_pend.o
 .text.ss_yhat_q7
                0x000017f8      0x144 .\CortexM3\ARM_GCC_541\Debug\ctrl_pend.o
 .text.ss_obs_act_correct_q7
                0x0000193c      0x12c .\CortexM3\ARM_GCC_541\Debug\ctrl_pend.o
 .text.ss_predict_q7
                0x00001a68      0x194 .\CortexM3\ARM_GCC_541\Debug\ctrl_pend.o
 .text.ss_obs_pred_q7
                0x00001bfc      0x140 .\CortexM3\ARM_GCC_541\Debug\ctrl_pend.o
 .text.ss_obs_act_predict_q7
                0x00001d3c       0x14 .\CortexM3\ARM_GCC_541\Debug\ctrl_pend.o
 .text.ss_u_cmd_q7
                0x00001d50      0x138 .\CortexM3\ARM_GCC_541\Debug\ctrl_pend.o
 .text.ss_yhat_f32
                0x00001e88       0x2c .\CortexM3\ARM_GCC_541\Debug\ctrl_pend.o
 .text.ss_obs_act_correct_f32
                0x00001eb4       0x3c .\CortexM3\ARM_GCC_541\Debug\ctrl_pend.o
 .text.obs_act_correct
                0x00001ef0       0x30 .\CortexM3\ARM_GCC_541\Debug\ctrl_pend.o
 .text.ss_predict_f32
                0x00001f20       0x48 .\CortexM3\ARM_GCC_541\Debug\ctrl_pend.o
 .text.ss_obs_pred_f32
                0x00001f68       0x48 .\CortexM3\ARM_GCC_541\Debug\ctrl_pend.o
 .text.obs_pred
                0x00001fb0       0x30 .\CortexM3\ARM_GCC_541\Debug\ctrl_pend.o
 .text.ss_obs_act_predict_f32
                0x00001fe0       0x14 .\CortexM3\ARM_GCC_541\Debug\ctrl_pend.o
 .text.obs_act_predict
                0x00001ff4       0x30 .\CortexM3\ARM_GCC_541\Debug\ctrl_pend.o
 .text.ss_u_cmd_f32
                0x00002024       0x44 .\CortexM3\ARM_GCC_541\Debug\ctrl_pend.o
 .text.u_cmd    0x00002068       0x30 .\CortexM3\ARM_GCC_541\Debug\ctrl_pend.o
 .text.run_step
                0x00002098      0x1f4 .\CortexM3\ARM_GCC_541\Debug\ctrl_pend.o
 .text.ctrl_init
                0x0000228c       0x64 .\CortexM3\ARM_GCC_541\Debug\ctrl_pend.o
                0x0000228c                ctrl_init
 .text.ctrl_set_mode
                0x000022f0       0x1c .\CortexM3\ARM_GCC_541\Debug\ctrl_pend.o
                0x000022f0                ctrl_set_mode
 .text.ctrl_apply_coeffs
                0x0000230c      0x4ec .\CortexM3\ARM_GCC_541\Debug\ctrl_pend.o
                0x0000230c                ctrl_apply_coeffs
 .text.ctrl_set_num_type
                0x000027f8       0x10 .\CortexM3\ARM_GCC_541\Debug\ctrl_pend.o
                0x000027f8                ctrl_set_num_type
 .text.ctrl_start
                0x00002808       0x80 .\CortexM3\ARM_GCC_541\Debug\ctrl_pend.o
                0x00002808                ctrl_start
 .text.ctrl_stop
                0x00002888       0x14 .\CortexM3\ARM_GCC_541\Debug\ctrl_pend.o
                0x00002888                ctrl_stop
 .text.ctrl_update_ref
                0x0000289c        0xc .\CortexM3\ARM_GCC_541\Debug\ctrl_pend.o
                0x0000289c                ctrl_update_ref
 .text.ctrl_set_sat
                0x000028a8       0x48 .\CortexM3\ARM_GCC_541\Debug\ctrl_pend.o
                0x000028a8                ctrl_set_sat
 .text.ctrl_step
                0x000028f0      0x238 .\CortexM3\ARM_GCC_541\Debug\ctrl_pend.o
                0x000028f0                ctrl_step
 .text.arm_add_f32
                0x00002b28       0x90 .\CortexM3\ARM_GCC_541\Debug\arm_add_f32.o
                0x00002b28                arm_add_f32
 .text.arm_dot_prod_f32
                0x00002bb8       0xa0 .\CortexM3\ARM_GCC_541\Debug\arm_dot_prod_f32.o
                0x00002bb8                arm_dot_prod_f32
 .text.arm_scale_f32
                0x00002c58       0x88 .\CortexM3\ARM_GCC_541\Debug\arm_scale_f32.o
                0x00002c58                arm_scale_f32
 .text.arm_dot_prod_q31
                0x00002ce0      0x174 .\CortexM3\ARM_GCC_541\Debug\arm_dot_prod_q31.o
                0x00002ce0                arm_dot_prod_q31
 .text.arm_scale_q31
                0x00002e54      0x1f4 .\CortexM3\ARM_GCC_541\Debug\arm_scale_q31.o
                0x00002e54                arm_scale_q31
 .text.arm_add_q31
                0x00003048      0x104 .\CortexM3\ARM_GCC_541\Debug\arm_add_q31.o
                0x00003048                arm_add_q31
 .text.arm_float_to_q31
                0x0000314c       0xdc .\CortexM3\ARM_GCC_541\Debug\arm_float_to_q31.o
                0x0000314c                arm_float_to_q31
 .text.arm_dot_prod_q15
                0x00003228       0x90 .\CortexM3\ARM_GCC_541\Debug\arm_dot_prod_q15.o
                0x00003228                arm_dot_prod_q15
 .text.arm_scale_q15
                0x000032b8       0x90 .\CortexM3\ARM_GCC_541\Debug\arm_scale_q15.o
                0x000032b8                arm_scale_q15
 .text.arm_add_q15
                0x00003348       0x98 .\CortexM3\ARM_GCC_541\Debug\arm_add_q15.o
                0x00003348                arm_add_q15
 .text.arm_float_to_q15
                0x000033e0       0xa0 .\CortexM3\ARM_GCC_541\Debug\arm_float_to_q15.o
                0x000033e0                arm_float_to_q15
 .text.arm_dot_prod_q7
                0x00003480       0xcc .\CortexM3\ARM_GCC_541\Debug\arm_dot_prod_q7.o
                0x00003480                arm_dot_prod_q7
 .text.arm_scale_q7
                0x0000354c       0x9c .\CortexM3\ARM_GCC_541\Debug\arm_scale_q7.o
                0x0000354c                arm_scale_q7
 .text.arm_add_q7
                0x000035e8       0x94 .\CortexM3\ARM_GCC_541\Debug\arm_add_q7.o
                0x000035e8                arm_add_q7
 .text.arm_float_to_q7
                0x0000367c       0xa0 .\CortexM3\ARM_GCC_541\Debug\arm_float_to_q7.o
                0x0000367c                arm_float_to_q7
 .text.CyClockStartupError
                0x0000371c        0x4 .\CortexM3\ARM_GCC_541\Debug\cyfitter_cfg.o
 .text.cfg_write_bytes32
                0x00003720       0x34 .\CortexM3\ARM_GCC_541\Debug\cyfitter_cfg.o
 .text.AnalogSetDefault
                0x00003754       0x28 .\CortexM3\ARM_GCC_541\Debug\cyfitter_cfg.o
 .text.CYMEMZERO
                0x0000377c        0xc .\CortexM3\ARM_GCC_541\Debug\cyfitter_cfg.o
 .text.ClockSetup
                0x00003788       0xc0 .\CortexM3\ARM_GCC_541\Debug\cyfitter_cfg.o
 .text.CYCONFIGCPY
                0x00003848        0x8 .\CortexM3\ARM_GCC_541\Debug\cyfitter_cfg.o
 .text.cyfitter_cfg
                0x00003850      0x128 .\CortexM3\ARM_GCC_541\Debug\cyfitter_cfg.o
                0x00003850                cyfitter_cfg
 .text.IntDefaultHandler
                0x00003978       0x10 .\CortexM3\ARM_GCC_541\Debug\Cm3Start.o
                0x00003978                IntDefaultHandler
 .text.Start_c  0x00003988       0x4c .\CortexM3\ARM_GCC_541\Debug\Cm3Start.o
                0x00003988                Start_c
 .text.initialize_psoc
                0x000039d4       0x68 .\CortexM3\ARM_GCC_541\Debug\Cm3Start.o
                0x000039d4                initialize_psoc
 .text.Timer_1_Enable
                0x00003a3c       0x10 .\CortexM3\ARM_GCC_541\Debug\4 - Pendulo.a(Timer_1.o)
                0x00003a3c                Timer_1_Enable
 .text.Timer_1_Stop
                0x00003a4c       0x10 .\CortexM3\ARM_GCC_541\Debug\4 - Pendulo.a(Timer_1.o)
                0x00003a4c                Timer_1_Stop
 .text.Timer_1_SetInterruptMode
                0x00003a5c        0xc .\CortexM3\ARM_GCC_541\Debug\4 - Pendulo.a(Timer_1.o)
                0x00003a5c                Timer_1_SetInterruptMode
 .text.Timer_1_SoftwareCapture
                0x00003a68        0xc .\CortexM3\ARM_GCC_541\Debug\4 - Pendulo.a(Timer_1.o)
                0x00003a68                Timer_1_SoftwareCapture
 .text.Timer_1_ReadStatusRegister
                0x00003a74        0xc .\CortexM3\ARM_GCC_541\Debug\4 - Pendulo.a(Timer_1.o)
                0x00003a74                Timer_1_ReadStatusRegister
 .text.Timer_1_WritePeriod
                0x00003a80        0xc .\CortexM3\ARM_GCC_541\Debug\4 - Pendulo.a(Timer_1.o)
                0x00003a80                Timer_1_WritePeriod
 .text.Timer_1_ReadCapture
                0x00003a8c        0xc .\CortexM3\ARM_GCC_541\Debug\4 - Pendulo.a(Timer_1.o)
                0x00003a8c                Timer_1_ReadCapture
 .text.Timer_1_WriteCounter
                0x00003a98        0xc .\CortexM3\ARM_GCC_541\Debug\4 - Pendulo.a(Timer_1.o)
                0x00003a98                Timer_1_WriteCounter
 .text.Timer_1_SetCaptureMode
                0x00003aa4       0x1c .\CortexM3\ARM_GCC_541\Debug\4 - Pendulo.a(Timer_1.o)
                0x00003aa4                Timer_1_SetCaptureMode
 .text.Timer_1_ClearFIFO
                0x00003ac0       0x14 .\CortexM3\ARM_GCC_541\Debug\4 - Pendulo.a(Timer_1.o)
                0x00003ac0                Timer_1_ClearFIFO
 .text.Timer_1_Init
                0x00003ad4       0x3c .\CortexM3\ARM_GCC_541\Debug\4 - Pendulo.a(Timer_1.o)
                0x00003ad4                Timer_1_Init
 .text.Timer_1_Start
                0x00003b10       0x1c .\CortexM3\ARM_GCC_541\Debug\4 - Pendulo.a(Timer_1.o)
                0x00003b10                Timer_1_Start
 .text.QuadDec_1_Init
                0x00003b2c       0x24 .\CortexM3\ARM_GCC_541\Debug\4 - Pendulo.a(QuadDec_1.o)
                0x00003b2c                QuadDec_1_Init
 .text.QuadDec_1_GetCounter
                0x00003b50       0x2c .\CortexM3\ARM_GCC_541\Debug\4 - Pendulo.a(QuadDec_1.o)
                0x00003b50                QuadDec_1_GetCounter
 .text.QuadDec_1_GetEvents
                0x00003b7c       0x10 .\CortexM3\ARM_GCC_541\Debug\4 - Pendulo.a(QuadDec_1.o)
                0x00003b7c                QuadDec_1_GetEvents
 .text.QuadDec_1_SetInterruptMask
                0x00003b8c       0x10 .\CortexM3\ARM_GCC_541\Debug\4 - Pendulo.a(QuadDec_1.o)
                0x00003b8c                QuadDec_1_SetInterruptMask
 .text.QuadDec_1_Enable
                0x00003b9c       0x30 .\CortexM3\ARM_GCC_541\Debug\4 - Pendulo.a(QuadDec_1.o)
                0x00003b9c                QuadDec_1_Enable
 .text.QuadDec_1_Start
                0x00003bcc       0x34 .\CortexM3\ARM_GCC_541\Debug\4 - Pendulo.a(QuadDec_1.o)
                0x00003bcc                QuadDec_1_Start
 .text.QuadDec_1_ISR
                0x00003c00       0x40 .\CortexM3\ARM_GCC_541\Debug\4 - Pendulo.a(QuadDec_1_INT.o)
                0x00003c00                QuadDec_1_ISR
 .text.isr_1_SetVector
                0x00003c40        0xc .\CortexM3\ARM_GCC_541\Debug\4 - Pendulo.a(isr_1.o)
                0x00003c40                isr_1_SetVector
 .text.isr_1_SetPriority
                0x00003c4c       0x10 .\CortexM3\ARM_GCC_541\Debug\4 - Pendulo.a(isr_1.o)
                0x00003c4c                isr_1_SetPriority
 .text.isr_1_Enable
                0x00003c5c        0xc .\CortexM3\ARM_GCC_541\Debug\4 - Pendulo.a(isr_1.o)
                0x00003c5c                isr_1_Enable
 .text.isr_1_Disable
                0x00003c68        0xc .\CortexM3\ARM_GCC_541\Debug\4 - Pendulo.a(isr_1.o)
                0x00003c68                isr_1_Disable
 .text.isr_1_StartEx
                0x00003c74       0x1c .\CortexM3\ARM_GCC_541\Debug\4 - Pendulo.a(isr_1.o)
                0x00003c74                isr_1_StartEx
 .text.QuadDec_2_Init
                0x00003c90       0x24 .\CortexM3\ARM_GCC_541\Debug\4 - Pendulo.a(QuadDec_2.o)
                0x00003c90                QuadDec_2_Init
 .text.QuadDec_2_GetCounter
                0x00003cb4       0x2c .\CortexM3\ARM_GCC_541\Debug\4 - Pendulo.a(QuadDec_2.o)
                0x00003cb4                QuadDec_2_GetCounter
 .text.QuadDec_2_GetEvents
                0x00003ce0       0x10 .\CortexM3\ARM_GCC_541\Debug\4 - Pendulo.a(QuadDec_2.o)
                0x00003ce0                QuadDec_2_GetEvents
 .text.QuadDec_2_SetInterruptMask
                0x00003cf0       0x10 .\CortexM3\ARM_GCC_541\Debug\4 - Pendulo.a(QuadDec_2.o)
                0x00003cf0                QuadDec_2_SetInterruptMask
 .text.QuadDec_2_Enable
                0x00003d00       0x30 .\CortexM3\ARM_GCC_541\Debug\4 - Pendulo.a(QuadDec_2.o)
                0x00003d00                QuadDec_2_Enable
 .text.QuadDec_2_Start
                0x00003d30       0x34 .\CortexM3\ARM_GCC_541\Debug\4 - Pendulo.a(QuadDec_2.o)
                0x00003d30                QuadDec_2_Start
 .text.QuadDec_2_ISR
                0x00003d64       0x40 .\CortexM3\ARM_GCC_541\Debug\4 - Pendulo.a(QuadDec_2_INT.o)
                0x00003d64                QuadDec_2_ISR
 .text.QuadDec_1_Cnt16_Enable
                0x00003da4       0x10 .\CortexM3\ARM_GCC_541\Debug\4 - Pendulo.a(QuadDec_1_Cnt16.o)
                0x00003da4                QuadDec_1_Cnt16_Enable
 .text.QuadDec_1_Cnt16_SetInterruptMode
                0x00003db4        0xc .\CortexM3\ARM_GCC_541\Debug\4 - Pendulo.a(QuadDec_1_Cnt16.o)
                0x00003db4                QuadDec_1_Cnt16_SetInterruptMode
 .text.QuadDec_1_Cnt16_ReadStatusRegister
                0x00003dc0        0xc .\CortexM3\ARM_GCC_541\Debug\4 - Pendulo.a(QuadDec_1_Cnt16.o)
                0x00003dc0                QuadDec_1_Cnt16_ReadStatusRegister
 .text.QuadDec_1_Cnt16_WriteCounter
                0x00003dcc        0xc .\CortexM3\ARM_GCC_541\Debug\4 - Pendulo.a(QuadDec_1_Cnt16.o)
                0x00003dcc                QuadDec_1_Cnt16_WriteCounter
 .text.QuadDec_1_Cnt16_ReadCounter
                0x00003dd8       0x14 .\CortexM3\ARM_GCC_541\Debug\4 - Pendulo.a(QuadDec_1_Cnt16.o)
                0x00003dd8                QuadDec_1_Cnt16_ReadCounter
 .text.QuadDec_1_Cnt16_ReadCapture
                0x00003dec        0xc .\CortexM3\ARM_GCC_541\Debug\4 - Pendulo.a(QuadDec_1_Cnt16.o)
                0x00003dec                QuadDec_1_Cnt16_ReadCapture
 .text.QuadDec_1_Cnt16_WritePeriod
                0x00003df8        0xc .\CortexM3\ARM_GCC_541\Debug\4 - Pendulo.a(QuadDec_1_Cnt16.o)
                0x00003df8                QuadDec_1_Cnt16_WritePeriod
 .text.QuadDec_1_Cnt16_WriteCompare
                0x00003e04        0xc .\CortexM3\ARM_GCC_541\Debug\4 - Pendulo.a(QuadDec_1_Cnt16.o)
                0x00003e04                QuadDec_1_Cnt16_WriteCompare
 .text.QuadDec_1_Cnt16_ClearFIFO
                0x00003e10       0x14 .\CortexM3\ARM_GCC_541\Debug\4 - Pendulo.a(QuadDec_1_Cnt16.o)
                0x00003e10                QuadDec_1_Cnt16_ClearFIFO
 .text.QuadDec_1_Cnt16_Init
                0x00003e24       0x58 .\CortexM3\ARM_GCC_541\Debug\4 - Pendulo.a(QuadDec_1_Cnt16.o)
                0x00003e24                QuadDec_1_Cnt16_Init
 .text.QuadDec_1_Cnt16_Start
                0x00003e7c       0x1c .\CortexM3\ARM_GCC_541\Debug\4 - Pendulo.a(QuadDec_1_Cnt16.o)
                0x00003e7c                QuadDec_1_Cnt16_Start
 .text.QuadDec_2_Cnt16_Enable
                0x00003e98       0x10 .\CortexM3\ARM_GCC_541\Debug\4 - Pendulo.a(QuadDec_2_Cnt16.o)
                0x00003e98                QuadDec_2_Cnt16_Enable
 .text.QuadDec_2_Cnt16_SetInterruptMode
                0x00003ea8        0xc .\CortexM3\ARM_GCC_541\Debug\4 - Pendulo.a(QuadDec_2_Cnt16.o)
                0x00003ea8                QuadDec_2_Cnt16_SetInterruptMode
 .text.QuadDec_2_Cnt16_ReadStatusRegister
                0x00003eb4        0xc .\CortexM3\ARM_GCC_541\Debug\4 - Pendulo.a(QuadDec_2_Cnt16.o)
                0x00003eb4                QuadDec_2_Cnt16_ReadStatusRegister
 .text.QuadDec_2_Cnt16_WriteCounter
                0x00003ec0        0xc .\CortexM3\ARM_GCC_541\Debug\4 - Pendulo.a(QuadDec_2_Cnt16.o)
                0x00003ec0                QuadDec_2_Cnt16_WriteCounter
 .text.QuadDec_2_Cnt16_ReadCounter
                0x00003ecc       0x14 .\CortexM3\ARM_GCC_541\Debug\4 - Pendulo.a(QuadDec_2_Cnt16.o)
                0x00003ecc                QuadDec_2_Cnt16_ReadCounter
 .text.QuadDec_2_Cnt16_ReadCapture
                0x00003ee0        0xc .\CortexM3\ARM_GCC_541\Debug\4 - Pendulo.a(QuadDec_2_Cnt16.o)
                0x00003ee0                QuadDec_2_Cnt16_ReadCapture
 .text.QuadDec_2_Cnt16_WritePeriod
                0x00003eec        0xc .\CortexM3\ARM_GCC_541\Debug\4 - Pendulo.a(QuadDec_2_Cnt16.o)
                0x00003eec                QuadDec_2_Cnt16_WritePeriod
 .text.QuadDec_2_Cnt16_WriteCompare
                0x00003ef8        0xc .\CortexM3\ARM_GCC_541\Debug\4 - Pendulo.a(QuadDec_2_Cnt16.o)
                0x00003ef8                QuadDec_2_Cnt16_WriteCompare
 .text.QuadDec_2_Cnt16_ClearFIFO
                0x00003f04       0x14 .\CortexM3\ARM_GCC_541\Debug\4 - Pendulo.a(QuadDec_2_Cnt16.o)
                0x00003f04                QuadDec_2_Cnt16_ClearFIFO
 .text.QuadDec_2_Cnt16_Init
                0x00003f18       0x58 .\CortexM3\ARM_GCC_541\Debug\4 - Pendulo.a(QuadDec_2_Cnt16.o)
                0x00003f18                QuadDec_2_Cnt16_Init
 .text.QuadDec_2_Cnt16_Start
                0x00003f70       0x1c .\CortexM3\ARM_GCC_541\Debug\4 - Pendulo.a(QuadDec_2_Cnt16.o)
                0x00003f70                QuadDec_2_Cnt16_Start
 .text.CyHalt   0x00003f8c        0x4 .\CortexM3\ARM_GCC_541\Debug\4 - Pendulo.a(CyLib.o)
                0x00003f8c                CyHalt
 .text.CyDelay  0x00003f90       0x2c .\CortexM3\ARM_GCC_541\Debug\4 - Pendulo.a(CyLib.o)
                0x00003f90                CyDelay
 .text.CyIntSetVector
                0x00003fbc       0x28 .\CortexM3\ARM_GCC_541\Debug\4 - Pendulo.a(CyLib.o)
                0x00003fbc                CyIntSetVector
 .text.CyIntSetPriority
                0x00003fe4       0x30 .\CortexM3\ARM_GCC_541\Debug\4 - Pendulo.a(CyLib.o)
                0x00003fe4                CyIntSetPriority
 .text.PWM_Motor_Enable
                0x00004014       0x10 .\CortexM3\ARM_GCC_541\Debug\4 - Pendulo.a(PWM_Motor.o)
                0x00004014                PWM_Motor_Enable
 .text.PWM_Motor_WriteCounter
                0x00004024        0xc .\CortexM3\ARM_GCC_541\Debug\4 - Pendulo.a(PWM_Motor.o)
                0x00004024                PWM_Motor_WriteCounter
 .text.PWM_Motor_WritePeriod
                0x00004030        0xc .\CortexM3\ARM_GCC_541\Debug\4 - Pendulo.a(PWM_Motor.o)
                0x00004030                PWM_Motor_WritePeriod
 .text.PWM_Motor_WriteCompare
                0x0000403c        0xc .\CortexM3\ARM_GCC_541\Debug\4 - Pendulo.a(PWM_Motor.o)
                0x0000403c                PWM_Motor_WriteCompare
 .text.PWM_Motor_SetInterruptMode
                0x00004048        0xc .\CortexM3\ARM_GCC_541\Debug\4 - Pendulo.a(PWM_Motor.o)
                0x00004048                PWM_Motor_SetInterruptMode
 .text.PWM_Motor_ReadStatusRegister
                0x00004054        0xc .\CortexM3\ARM_GCC_541\Debug\4 - Pendulo.a(PWM_Motor.o)
                0x00004054                PWM_Motor_ReadStatusRegister
 .text.PWM_Motor_ReadCapture
                0x00004060        0xc .\CortexM3\ARM_GCC_541\Debug\4 - Pendulo.a(PWM_Motor.o)
                0x00004060                PWM_Motor_ReadCapture
 .text.PWM_Motor_ClearFIFO
                0x0000406c       0x14 .\CortexM3\ARM_GCC_541\Debug\4 - Pendulo.a(PWM_Motor.o)
                0x0000406c                PWM_Motor_ClearFIFO
 .text.PWM_Motor_Init
                0x00004080       0x60 .\CortexM3\ARM_GCC_541\Debug\4 - Pendulo.a(PWM_Motor.o)
                0x00004080                PWM_Motor_Init
 .text.PWM_Motor_Start
                0x000040e0       0x1c .\CortexM3\ARM_GCC_541\Debug\4 - Pendulo.a(PWM_Motor.o)
                0x000040e0                PWM_Motor_Start
 .text.Pin_IN1_Write
                0x000040fc       0x18 .\CortexM3\ARM_GCC_541\Debug\4 - Pendulo.a(Pin_IN1.o)
                0x000040fc                Pin_IN1_Write
 .text.Pin_IN2_Write
                0x00004114       0x18 .\CortexM3\ARM_GCC_541\Debug\4 - Pendulo.a(Pin_IN2.o)
                0x00004114                Pin_IN2_Write
 .text.UART_1_Init
                0x0000412c       0x5c .\CortexM3\ARM_GCC_541\Debug\4 - Pendulo.a(UART_1.o)
                0x0000412c                UART_1_Init
 .text.UART_1_Enable
                0x00004188       0x50 .\CortexM3\ARM_GCC_541\Debug\4 - Pendulo.a(UART_1.o)
                0x00004188                UART_1_Enable
 .text.UART_1_Start
                0x000041d8       0x1c .\CortexM3\ARM_GCC_541\Debug\4 - Pendulo.a(UART_1.o)
                0x000041d8                UART_1_Start
 .text.UART_1_ReadRxData
                0x000041f4       0x64 .\CortexM3\ARM_GCC_541\Debug\4 - Pendulo.a(UART_1.o)
                0x000041f4                UART_1_ReadRxData
 .text.UART_1_GetRxBufferSize
                0x00004258       0x6c .\CortexM3\ARM_GCC_541\Debug\4 - Pendulo.a(UART_1.o)
                0x00004258                UART_1_GetRxBufferSize
 .text.UART_1_WriteTxData
                0x000042c4       0x60 .\CortexM3\ARM_GCC_541\Debug\4 - Pendulo.a(UART_1.o)
                0x000042c4                UART_1_WriteTxData
 .text.UART_1_PutChar
                0x00004324       0x7c .\CortexM3\ARM_GCC_541\Debug\4 - Pendulo.a(UART_1.o)
                0x00004324                UART_1_PutChar
 .text.UART_1_PutArray
                0x000043a0       0x28 .\CortexM3\ARM_GCC_541\Debug\4 - Pendulo.a(UART_1.o)
                0x000043a0                UART_1_PutArray
 .text.UART_1_RXISR
                0x000043c8       0x9c .\CortexM3\ARM_GCC_541\Debug\4 - Pendulo.a(UART_1_INT.o)
                0x000043c8                UART_1_RXISR
 .text.UART_1_TXISR
                0x00004464       0x5c .\CortexM3\ARM_GCC_541\Debug\4 - Pendulo.a(UART_1_INT.o)
                0x00004464                UART_1_TXISR
 .text.UART_1_IntClock_Start
                0x000044c0       0x1c .\CortexM3\ARM_GCC_541\Debug\4 - Pendulo.a(UART_1_IntClock.o)
                0x000044c0                UART_1_IntClock_Start
 .text.isr_2_SetVector
                0x000044dc        0xc .\CortexM3\ARM_GCC_541\Debug\4 - Pendulo.a(isr_2.o)
                0x000044dc                isr_2_SetVector
 .text.isr_2_SetPriority
                0x000044e8       0x10 .\CortexM3\ARM_GCC_541\Debug\4 - Pendulo.a(isr_2.o)
                0x000044e8                isr_2_SetPriority
 .text.isr_2_Enable
                0x000044f8        0xc .\CortexM3\ARM_GCC_541\Debug\4 - Pendulo.a(isr_2.o)
                0x000044f8                isr_2_Enable
 .text.isr_2_Disable
                0x00004504        0xc .\CortexM3\ARM_GCC_541\Debug\4 - Pendulo.a(isr_2.o)
                0x00004504                isr_2_Disable
 .text.isr_2_StartEx
                0x00004510       0x1c .\CortexM3\ARM_GCC_541\Debug\4 - Pendulo.a(isr_2.o)
                0x00004510                isr_2_StartEx
 .text.pin_flag_Write
                0x0000452c       0x18 .\CortexM3\ARM_GCC_541\Debug\4 - Pendulo.a(pin_flag.o)
                0x0000452c                pin_flag_Write
 *fill*         0x00004544        0x4 
 .text          0x00004548       0x20 .\CortexM3\ARM_GCC_541\Debug\4 - Pendulo.a(CyBootAsmGnu.o)
                0x00004548                CyDelayCycles
                0x00004558                CyEnterCriticalSection
                0x00004560                CyExitCriticalSection
 .text          0x00004568      0x21c d:/psoc/psoc creator/4.4/psoc creator/import/gnu/arm/5.4.1/bin/../lib/gcc/arm-none-eabi/5.4.1/armv7-m\libgcc.a(_arm_addsubsf3.o)
                0x00004568                __aeabi_frsub
                0x00004570                __subsf3
                0x00004570                __aeabi_fsub
                0x00004574                __aeabi_fadd
                0x00004574                __addsf3
                0x000046d4                __aeabi_ui2f
                0x000046d4                __floatunsisf
                0x000046dc                __aeabi_i2f
                0x000046dc                __floatsisf
                0x000046f8                __aeabi_ul2f
                0x000046f8                __floatundisf
                0x00004708                __aeabi_l2f
                0x00004708                __floatdisf
 .text          0x00004784      0x2a0 d:/psoc/psoc creator/4.4/psoc creator/import/gnu/arm/5.4.1/bin/../lib/gcc/arm-none-eabi/5.4.1/armv7-m\libgcc.a(_arm_muldivsf3.o)
                0x00004784                __mulsf3
                0x00004784                __aeabi_fmul
                0x000048ec                __aeabi_fdiv
                0x000048ec                __divsf3
 .text          0x00004a24       0xec d:/psoc/psoc creator/4.4/psoc creator/import/gnu/arm/5.4.1/bin/../lib/gcc/arm-none-eabi/5.4.1/armv7-m\libgcc.a(_arm_cmpsf2.o)
                0x00004a24                __gesf2
                0x00004a24                __gtsf2
                0x00004a2c                __lesf2
                0x00004a2c                __ltsf2
                0x00004a34                __nesf2
                0x00004a34                __eqsf2
                0x00004a34                __cmpsf2
                0x00004a94                __aeabi_cfrcmple
                0x00004a9c                __aeabi_cfcmpeq
                0x00004a9c                __aeabi_cfcmple
                0x00004aac                __aeabi_fcmpeq
                0x00004ac0                __aeabi_fcmplt
                0x00004ad4                __aeabi_fcmple
                0x00004ae8                __aeabi_fcmpge
                0x00004afc                __aeabi_fcmpgt
 .text          0x00004b10       0x4c d:/psoc/psoc creator/4.4/psoc creator/import/gnu/arm/5.4.1/bin/../lib/gcc/arm-none-eabi/5.4.1/armv7-m\libgcc.a(_arm_fixsfsi.o)
                0x00004b10                __aeabi_f2iz
                0x00004b10                __fixsfsi
 .text          0x00004b5c       0x40 d:/psoc/psoc creator/4.4/psoc creator/import/gnu/arm/5.4.1/bin/../lib/gcc/arm-none-eabi/5.4.1/armv7-m\libgcc.a(_arm_fixunssfsi.o)
                0x00004b5c                __fixunssfsi
                0x00004b5c                __aeabi_f2uiz
 .text          0x00004b9c       0x28 d:/psoc/psoc creator/4.4/psoc creator/import/gnu/arm/5.4.1/bin/../lib/gcc/arm-none-eabi/5.4.1/armv7-m\libgcc.a(_fixsfdi.o)
                0x00004b9c                __fixsfdi
                0x00004b9c                __aeabi_f2lz
 .text          0x00004bc4       0x4c d:/psoc/psoc creator/4.4/psoc creator/import/gnu/arm/5.4.1/bin/../lib/gcc/arm-none-eabi/5.4.1/armv7-m\libgcc.a(_fixunssfdi.o)
                0x00004bc4                __fixunssfdi
                0x00004bc4                __aeabi_f2ulz
 .text          0x00004c10      0x370 d:/psoc/psoc creator/4.4/psoc creator/import/gnu/arm/5.4.1/bin/../lib/gcc/arm-none-eabi/5.4.1/armv7-m\libgcc.a(_arm_addsubdf3.o)
                0x00004c10                __aeabi_drsub
                0x00004c18                __aeabi_dsub
                0x00004c18                __subdf3
                0x00004c1c                __aeabi_dadd
                0x00004c1c                __adddf3
                0x00004e94                __floatunsidf
                0x00004e94                __aeabi_ui2d
                0x00004eb4                __floatsidf
                0x00004eb4                __aeabi_i2d
                0x00004ed8                __aeabi_f2d
                0x00004ed8                __extendsfdf2
                0x00004f14                __floatundidf
                0x00004f14                __aeabi_ul2d
                0x00004f24                __floatdidf
                0x00004f24                __aeabi_l2d
 .text          0x00004f80      0x424 d:/psoc/psoc creator/4.4/psoc creator/import/gnu/arm/5.4.1/bin/../lib/gcc/arm-none-eabi/5.4.1/armv7-m\libgcc.a(_arm_muldivdf3.o)
                0x00004f80                __aeabi_dmul
                0x00004f80                __muldf3
                0x000051d4                __divdf3
                0x000051d4                __aeabi_ddiv
 .text          0x000053a4       0x40 d:/psoc/psoc creator/4.4/psoc creator/import/gnu/arm/5.4.1/bin/../lib/gcc/arm-none-eabi/5.4.1/armv7-m\libgcc.a(_arm_fixunsdfsi.o)
                0x000053a4                __aeabi_d2uiz
                0x000053a4                __fixunsdfsi
 .text.__errno  0x000053e4        0xc d:/psoc/psoc creator/4.4/psoc creator/import/gnu/arm/5.4.1/bin/../lib/gcc/arm-none-eabi/5.4.1/../../../../arm-none-eabi/lib/armv7-m\libg_nano.a(lib_a-errno.o)
                0x000053e4                __errno
 .text.__libc_init_array
                0x000053f0       0x4c d:/psoc/psoc creator/4.4/psoc creator/import/gnu/arm/5.4.1/bin/../lib/gcc/arm-none-eabi/5.4.1/../../../../arm-none-eabi/lib/armv7-m\libg_nano.a(lib_a-init.o)
                0x000053f0                __libc_init_array
 .text.memcpy   0x0000543c       0x16 d:/psoc/psoc creator/4.4/psoc creator/import/gnu/arm/5.4.1/bin/../lib/gcc/arm-none-eabi/5.4.1/../../../../arm-none-eabi/lib/armv7-m\libg_nano.a(lib_a-memcpy-stub.o)
                0x0000543c                memcpy
 .text.memset   0x00005452       0x10 d:/psoc/psoc creator/4.4/psoc creator/import/gnu/arm/5.4.1/bin/../lib/gcc/arm-none-eabi/5.4.1/../../../../arm-none-eabi/lib/armv7-m\libg_nano.a(lib_a-memset.o)
                0x00005452                memset
 *(.plt)
 *(.gnu.warning)
 *(.glue_7t)
 .glue_7t       0x00005462        0x0 linker stubs
 *(.glue_7)
 .glue_7        0x00005462        0x0 linker stubs
 *(.vfp11_veneer)
 .vfp11_veneer  0x00005462        0x0 linker stubs
 *(.bootloader)
 *(.ARM.extab* .gnu.linkonce.armextab.*)
 *(.gcc_except_table)

.v4_bx          0x00005464        0x0
 .v4_bx         0x00005464        0x0 linker stubs

.iplt           0x00005464        0x0
 .iplt          0x00005464        0x0 d:/psoc/psoc creator/4.4/psoc creator/import/gnu/arm/5.4.1/bin/../lib/gcc/arm-none-eabi/5.4.1/armv7-m/crtbegin.o

.eh_frame_hdr
 *(.eh_frame_hdr)

.eh_frame       0x00005464        0x4
 *(.eh_frame)
 .eh_frame      0x00005464        0x0 d:/psoc/psoc creator/4.4/psoc creator/import/gnu/arm/5.4.1/bin/../lib/gcc/arm-none-eabi/5.4.1/armv7-m/crtbegin.o
 .eh_frame      0x00005464        0x4 d:/psoc/psoc creator/4.4/psoc creator/import/gnu/arm/5.4.1/bin/../lib/gcc/arm-none-eabi/5.4.1/armv7-m/crtend.o
                [!provide]                PROVIDE (__exidx_start, .)

.ARM.exidx
 *(.ARM.exidx* .gnu.linkonce.armexidx.*)
                0x00005468                __exidx_end = .

.rodata         0x00005468       0x80
 *(.rodata .rodata.* .gnu.linkonce.r.*)
 .rodata        0x00005468       0x44 .\CortexM3\ARM_GCC_541\Debug\cyfitter_cfg.o
 .rodata.str1.1
                0x000054ac        0x2 d:/psoc/psoc creator/4.4/psoc creator/import/gnu/arm/5.4.1/bin/../lib/gcc/arm-none-eabi/5.4.1/../../../../arm-none-eabi/lib/armv7-m\libg_nano.a(lib_a-impure.o)
                0x000054b0                . = ALIGN (0x4)
 *fill*         0x000054ae        0x2 
 *(.init)
 .init          0x000054b0        0x4 d:/psoc/psoc creator/4.4/psoc creator/import/gnu/arm/5.4.1/bin/../lib/gcc/arm-none-eabi/5.4.1/armv7-m/crti.o
                0x000054b0                _init
 .init          0x000054b4        0x8 d:/psoc/psoc creator/4.4/psoc creator/import/gnu/arm/5.4.1/bin/../lib/gcc/arm-none-eabi/5.4.1/armv7-m/crtn.o
                0x000054bc                . = ALIGN (0x4)
                0x000054bc                __preinit_array_start = .
 *(.preinit_array)
                0x000054bc                __preinit_array_end = .
                0x000054bc                . = ALIGN (0x4)
                0x000054bc                __init_array_start = .
 *(SORT(.init_array.*))
 *(.init_array)
 .init_array    0x000054bc        0x4 d:/psoc/psoc creator/4.4/psoc creator/import/gnu/arm/5.4.1/bin/../lib/gcc/arm-none-eabi/5.4.1/armv7-m/crtbegin.o
 .init_array    0x000054c0        0x4 .\CortexM3\ARM_GCC_541\Debug\Cm3Start.o
                0x000054c4                __init_array_end = .
                0x000054c4                . = ALIGN (0x4)
 *(.fini)
 .fini          0x000054c4        0x4 d:/psoc/psoc creator/4.4/psoc creator/import/gnu/arm/5.4.1/bin/../lib/gcc/arm-none-eabi/5.4.1/armv7-m/crti.o
                0x000054c4                _fini
 .fini          0x000054c8        0x8 d:/psoc/psoc creator/4.4/psoc creator/import/gnu/arm/5.4.1/bin/../lib/gcc/arm-none-eabi/5.4.1/armv7-m/crtn.o
                0x000054d0                . = ALIGN (0x4)
                0x000054d0                __fini_array_start = .
 *(.fini_array)
 .fini_array    0x000054d0        0x4 d:/psoc/psoc creator/4.4/psoc creator/import/gnu/arm/5.4.1/bin/../lib/gcc/arm-none-eabi/5.4.1/armv7-m/crtbegin.o
 *(SORT(.fini_array.*))
                0x000054d4                __fini_array_end = .
                0x000054d4                . = ALIGN (0x4)
 *crtbegin.o(.ctors)
 *(EXCLUDE_FILE(*crtend.o) .ctors)
 *(SORT(.ctors.*))
 *crtend.o(.ctors)
                0x000054d4                . = ALIGN (0x4)
 *crtbegin.o(.dtors)
 *(EXCLUDE_FILE(*crtend.o) .dtors)
 *(SORT(.dtors.*))
 *crtend.o(.dtors)
                0x000054d4                . = ALIGN (0x4)
                0x000054d4                __cy_regions = .
                0x000054d4        0x4 LONG 0x54e8 __cy_region_init_ram
                0x000054d8        0x4 LONG 0x1fff80c8 __cy_region_start_data
                0x000054dc        0x4 LONG 0x88 __cy_region_init_size_ram
                0x000054e0        0x4 LONG 0x770 __cy_region_zero_size_ram
                0x000054e4                __cy_regions_end = .
                0x000054e8                . = ALIGN (0x8)
 *fill*         0x000054e4        0x4 
                0x000054e8                _etext = .

.cy_checksum_exclude
                0x000054e8        0x0
 *(.cy_checksum_exclude)

.ramvectors     0x1fff8000       0xc0
                0x1fff8000                __cy_region_start_ram = .
 *(.ramvectors)
 .ramvectors    0x1fff8000       0xc0 .\CortexM3\ARM_GCC_541\Debug\Cm3Start.o
                0x1fff8000                CyRamVectors

.noinit         0x1fff80c0        0x1
 *(.noinit)
 .noinit        0x1fff80c0        0x1 .\CortexM3\ARM_GCC_541\Debug\4 - Pendulo.a(CyLib.o)
                0x1fff80c0                CyResetStatus

.data           0x1fff80c8       0x88 load address 0x000054e8
                0x1fff80c8                __cy_region_start_data = .
 *(.jcr)
 .jcr           0x1fff80c8        0x0 d:/psoc/psoc creator/4.4/psoc creator/import/gnu/arm/5.4.1/bin/../lib/gcc/arm-none-eabi/5.4.1/armv7-m/crtbegin.o
 .jcr           0x1fff80c8        0x4 d:/psoc/psoc creator/4.4/psoc creator/import/gnu/arm/5.4.1/bin/../lib/gcc/arm-none-eabi/5.4.1/armv7-m/crtend.o
 *(.got.plt)
 *(.got)
 *(.shdata)
 *(.data .data.* .gnu.linkonce.d.*)
 .data          0x1fff80cc       0x10 .\CortexM3\ARM_GCC_541\Debug\ctrl_pend.o
                0x1fff80d8                ctrl_period_ticks
 .data          0x1fff80dc       0x10 .\CortexM3\ARM_GCC_541\Debug\4 - Pendulo.a(CyLib.o)
                0x1fff80dc                cydelay_32k_ms
                0x1fff80e0                cydelay_freq_khz
                0x1fff80e4                cydelay_freq_mhz
                0x1fff80e8                cydelay_freq_hz
 .data.impure_data
                0x1fff80ec       0x60 d:/psoc/psoc creator/4.4/psoc creator/import/gnu/arm/5.4.1/bin/../lib/gcc/arm-none-eabi/5.4.1/../../../../arm-none-eabi/lib/armv7-m\libg_nano.a(lib_a-impure.o)
 .data._impure_ptr
                0x1fff814c        0x4 d:/psoc/psoc creator/4.4/psoc creator/import/gnu/arm/5.4.1/bin/../lib/gcc/arm-none-eabi/5.4.1/../../../../arm-none-eabi/lib/armv7-m\libg_nano.a(lib_a-impure.o)
                0x1fff814c                _impure_ptr
                0x1fff8150                . = ALIGN (0x8)
 *(.ram)
                0x1fff8150                _edata = .

.igot.plt       0x1fff8150        0x0 load address 0x00005570
 .igot.plt      0x1fff8150        0x0 d:/psoc/psoc creator/4.4/psoc creator/import/gnu/arm/5.4.1/bin/../lib/gcc/arm-none-eabi/5.4.1/armv7-m/crtbegin.o

.bss            0x1fff8150      0x770 load address 0x00005570
                0x1fff8150                PROVIDE (__bss_start__, .)
 *(.shbss)
 *(.bss .bss.* .gnu.linkonce.b.*)
 .bss           0x1fff8150       0x1c d:/psoc/psoc creator/4.4/psoc creator/import/gnu/arm/5.4.1/bin/../lib/gcc/arm-none-eabi/5.4.1/armv7-m/crtbegin.o
 .bss           0x1fff816c       0x10 .\CortexM3\ARM_GCC_541\Debug\pendulo.o
                0x1fff816c                g_flag_control
                0x1fff8170                g_prev_motor_count
                0x1fff8174                g_last_u_pwm
 .bss           0x1fff817c       0xe8 .\CortexM3\ARM_GCC_541\Debug\uartp_pend.o
                0x1fff8254                g_ref_in_volts
                0x1fff8258                UARTP_PendingRef
                0x1fff825c                UARTP_SysMode
 .bss           0x1fff8264      0x250 .\CortexM3\ARM_GCC_541\Debug\ctrl_pend.o
                0x1fff8481                ctrl_telem_ready
                0x1fff8482                ctrl_period_pending
                0x1fff848c                ctrl_stall_flag
                0x1fff8494                ctrl_telem_u1
                0x1fff8498                ctrl_telem_y1
                0x1fff849c                ctrl_telem_u2
                0x1fff84a0                ctrl_telem_y2
                0x1fff84a4                ctrl_telem_x1i
                0x1fff84a8                ctrl_telem_x2i
                0x1fff84ac                ctrl_telem_x1o
                0x1fff84b0                ctrl_telem_x2o
 .bss           0x1fff84b4        0x1 .\CortexM3\ARM_GCC_541\Debug\4 - Pendulo.a(Timer_1.o)
                0x1fff84b4                Timer_1_initVar
 .bss           0x1fff84b5        0x1 .\CortexM3\ARM_GCC_541\Debug\4 - Pendulo.a(QuadDec_1.o)
                0x1fff84b5                QuadDec_1_initVar
 *fill*         0x1fff84b6        0x2 
 .bss           0x1fff84b8        0x4 .\CortexM3\ARM_GCC_541\Debug\4 - Pendulo.a(QuadDec_1_INT.o)
                0x1fff84b8                QuadDec_1_count32SoftPart
 .bss           0x1fff84bc        0x1 .\CortexM3\ARM_GCC_541\Debug\4 - Pendulo.a(QuadDec_2.o)
                0x1fff84bc                QuadDec_2_initVar
 *fill*         0x1fff84bd        0x3 
 .bss           0x1fff84c0        0x4 .\CortexM3\ARM_GCC_541\Debug\4 - Pendulo.a(QuadDec_2_INT.o)
                0x1fff84c0                QuadDec_2_count32SoftPart
 .bss           0x1fff84c4        0x1 .\CortexM3\ARM_GCC_541\Debug\4 - Pendulo.a(QuadDec_1_Cnt16.o)
                0x1fff84c4                QuadDec_1_Cnt16_initVar
 .bss           0x1fff84c5        0x1 .\CortexM3\ARM_GCC_541\Debug\4 - Pendulo.a(QuadDec_2_Cnt16.o)
                0x1fff84c5                QuadDec_2_Cnt16_initVar
 .bss           0x1fff84c6        0x1 .\CortexM3\ARM_GCC_541\Debug\4 - Pendulo.a(PWM_Motor.o)
                0x1fff84c6                PWM_Motor_initVar
 *fill*         0x1fff84c7        0x1 
 .bss           0x1fff84c8        0xd .\CortexM3\ARM_GCC_541\Debug\4 - Pendulo.a(UART_1.o)
                0x1fff84c8                UART_1_errorStatus
                0x1fff84c9                UART_1_initVar
                0x1fff84ca                UART_1_rxBufferRead
                0x1fff84cc                UART_1_rxBufferWrite
                0x1fff84ce                UART_1_rxBufferLoopDetect
                0x1fff84cf                UART_1_rxBufferOverflow
                0x1fff84d0                UART_1_txBufferRead
                0x1fff84d2                UART_1_txBufferWrite
 *(COMMON)
 *fill*         0x1fff84d5        0x3 
 COMMON         0x1fff84d8      0x3e8 .\CortexM3\ARM_GCC_541\Debug\4 - Pendulo.a(UART_1.o)
                0x1fff84d8                UART_1_txBuffer
                0x1fff86cc                UART_1_rxBuffer
                0x1fff88c0                . = ALIGN (0x8)
 *(.ram.b)
                0x1fff88c0                _end = .
                0x1fff88c0                __end = .
                0x1fff88c0                PROVIDE (end, .)
                0x1fff88c0                PROVIDE (__bss_end__, .)
                0x000054e8                __cy_region_init_ram = LOADADDR (.data)
                0x00000088                __cy_region_init_size_ram = (_edata - ADDR (.data))
                0x00000770                __cy_region_zero_size_ram = (_end - _edata)

.heap           0x1fff88c0       0x80 load address 0x00005570
                0x1fff88c0                . = _end
                0x1fff8940                . = (. + 0x80)
 *fill*         0x1fff88c0       0x80 
                0x1fff8940                __cy_heap_limit = .

.stack          0x20007800      0x800
                0x20007800                __cy_stack_limit = .
                0x20008000                . = (. + 0x800)
 *fill*         0x20007800      0x800 
                0x00000001                ASSERT ((__cy_stack_limit >= __cy_heap_limit), region RAM overflowed with stack)
                0x00000000                cy_checksum_exclude_size = (CY_APPL_LOADABLE == 0x1)?SIZEOF (.cy_checksum_exclude):0x0
                0x00000001                ASSERT ((cy_checksum_exclude_size <= CY_CHECKSUM_EXCLUDE_SIZE), CY_BOOT: Section .cy_checksum_exclude size exceedes specified limit.)

.cyloadermeta
 *(.cyloadermeta)

.cyloadablemeta
 *(.cyloadablemeta)

.cyconfigecc    0x80000000      0xd6c
 *(.cyconfigecc)
 .cyconfigecc   0x80000000      0xd6c .\CortexM3\ARM_GCC_541\Debug\cymetadata.o
                0x80000000                cy_meta_configecc

.cycustnvl      0x90000000        0x4
 *(.cycustnvl)
 .cycustnvl     0x90000000        0x4 .\CortexM3\ARM_GCC_541\Debug\cymetadata.o
                0x90000000                cy_meta_custnvl

.cywolatch      0x90100000        0x4
 *(.cywolatch)
 .cywolatch     0x90100000        0x4 .\CortexM3\ARM_GCC_541\Debug\cymetadata.o
                0x90100000                cy_meta_wonvl

.cyeeprom       0x90200000        0x0
 *(.cyeeprom)
                0x00000001                ASSERT ((. <= ((0x90200000 + ee_offset) + ee_size)), .cyeeprom data will not fit in EEPROM)

.cyflashprotect
                0x90400000      0x100
 *(.cyflashprotect)
 .cyflashprotect
                0x90400000      0x100 .\CortexM3\ARM_GCC_541\Debug\cymetadata.o
                0x90400000                cy_meta_flashprotect

.cymeta         0x90500000        0xc
 *(.cymeta)
 .cymeta        0x90500000        0xc .\CortexM3\ARM_GCC_541\Debug\cymetadata.o
                0x90500000                cy_metadata

.rel.dyn        0x00005570        0x0 load address 0x9050000c
 .rel.iplt      0x00005570        0x0 d:/psoc/psoc creator/4.4/psoc creator/import/gnu/arm/5.4.1/bin/../lib/gcc/arm-none-eabi/5.4.1/armv7-m/crtbegin.o

.stab
 *(.stab)

.stabstr
 *(.stabstr)

.debug
 *(.debug)

.line
 *(.line)

.debug_srcinfo
 *(.debug_srcinfo)

.debug_sfnames
 *(.debug_sfnames)

.debug_aranges  0x00000000     0x1118
 *(.debug_aranges)
 .debug_aranges
                0x00000000       0x20 .\CortexM3\ARM_GCC_541\Debug\main.o
 .debug_aranges
                0x00000020       0x38 .\CortexM3\ARM_GCC_541\Debug\motor.o
 .debug_aranges
                0x00000058       0x28 .\CortexM3\ARM_GCC_541\Debug\pid.o
 .debug_aranges
                0x00000080       0x40 .\CortexM3\ARM_GCC_541\Debug\pendulo.o
 .debug_aranges
                0x000000c0       0x58 .\CortexM3\ARM_GCC_541\Debug\uartp_pend.o
 .debug_aranges
                0x00000118      0x170 .\CortexM3\ARM_GCC_541\Debug\ctrl_pend.o
 .debug_aranges
                0x00000288       0x68 .\CortexM3\ARM_GCC_541\Debug\uartp2.o
 .debug_aranges
                0x000002f0       0x20 .\CortexM3\ARM_GCC_541\Debug\arm_add_f32.o
 .debug_aranges
                0x00000310       0x20 .\CortexM3\ARM_GCC_541\Debug\arm_dot_prod_f32.o
 .debug_aranges
                0x00000330       0x20 .\CortexM3\ARM_GCC_541\Debug\arm_mat_init_f32.o
 .debug_aranges
                0x00000350       0x20 .\CortexM3\ARM_GCC_541\Debug\arm_mat_mult_f32.o
 .debug_aranges
                0x00000370       0x20 .\CortexM3\ARM_GCC_541\Debug\arm_scale_f32.o
 .debug_aranges
                0x00000390       0x20 .\CortexM3\ARM_GCC_541\Debug\arm_dot_prod_q31.o
 .debug_aranges
                0x000003b0       0x20 .\CortexM3\ARM_GCC_541\Debug\arm_scale_q31.o
 .debug_aranges
                0x000003d0       0x20 .\CortexM3\ARM_GCC_541\Debug\arm_add_q31.o
 .debug_aranges
                0x000003f0       0x20 .\CortexM3\ARM_GCC_541\Debug\arm_float_to_q31.o
 .debug_aranges
                0x00000410       0x20 .\CortexM3\ARM_GCC_541\Debug\arm_q31_to_float.o
 .debug_aranges
                0x00000430       0x20 .\CortexM3\ARM_GCC_541\Debug\arm_dot_prod_q15.o
 .debug_aranges
                0x00000450       0x20 .\CortexM3\ARM_GCC_541\Debug\arm_scale_q15.o
 .debug_aranges
                0x00000470       0x20 .\CortexM3\ARM_GCC_541\Debug\arm_add_q15.o
 .debug_aranges
                0x00000490       0x20 .\CortexM3\ARM_GCC_541\Debug\arm_float_to_q15.o
 .debug_aranges
                0x000004b0       0x20 .\CortexM3\ARM_GCC_541\Debug\arm_q15_to_float.o
 .debug_aranges
                0x000004d0       0x20 .\CortexM3\ARM_GCC_541\Debug\arm_dot_prod_q7.o
 .debug_aranges
                0x000004f0       0x20 .\CortexM3\ARM_GCC_541\Debug\arm_scale_q7.o
 .debug_aranges
                0x00000510       0x20 .\CortexM3\ARM_GCC_541\Debug\arm_add_q7.o
 .debug_aranges
                0x00000530       0x20 .\CortexM3\ARM_GCC_541\Debug\arm_float_to_q7.o
 .debug_aranges
                0x00000550       0x20 .\CortexM3\ARM_GCC_541\Debug\arm_q7_to_float.o
 .debug_aranges
                0x00000570       0x58 .\CortexM3\ARM_GCC_541\Debug\cyfitter_cfg.o
 .debug_aranges
                0x000005c8       0x18 .\CortexM3\ARM_GCC_541\Debug\cymetadata.o
 .debug_aranges
                0x000005e0       0x48 .\CortexM3\ARM_GCC_541\Debug\Cm3Start.o
 .debug_aranges
                0x00000628       0x98 .\CortexM3\ARM_GCC_541\Debug\4 - Pendulo.a(Timer_1.o)
 .debug_aranges
                0x000006c0       0x60 .\CortexM3\ARM_GCC_541\Debug\4 - Pendulo.a(QuadDec_1.o)
 .debug_aranges
                0x00000720       0x20 .\CortexM3\ARM_GCC_541\Debug\4 - Pendulo.a(QuadDec_1_INT.o)
 .debug_aranges
                0x00000740       0x80 .\CortexM3\ARM_GCC_541\Debug\4 - Pendulo.a(isr_1.o)
 .debug_aranges
                0x000007c0       0x60 .\CortexM3\ARM_GCC_541\Debug\4 - Pendulo.a(QuadDec_2.o)
 .debug_aranges
                0x00000820       0x20 .\CortexM3\ARM_GCC_541\Debug\4 - Pendulo.a(QuadDec_2_INT.o)
 .debug_aranges
                0x00000840       0x98 .\CortexM3\ARM_GCC_541\Debug\4 - Pendulo.a(QuadDec_1_Cnt16.o)
 .debug_aranges
                0x000008d8       0x98 .\CortexM3\ARM_GCC_541\Debug\4 - Pendulo.a(QuadDec_2_Cnt16.o)
 .debug_aranges
                0x00000970      0x2a0 .\CortexM3\ARM_GCC_541\Debug\4 - Pendulo.a(CyLib.o)
 .debug_aranges
                0x00000c10       0x98 .\CortexM3\ARM_GCC_541\Debug\4 - Pendulo.a(cyPm.o)
 .debug_aranges
                0x00000ca8       0x98 .\CortexM3\ARM_GCC_541\Debug\4 - Pendulo.a(PWM_Motor.o)
 .debug_aranges
                0x00000d40       0x38 .\CortexM3\ARM_GCC_541\Debug\4 - Pendulo.a(Pin_IN1.o)
 .debug_aranges
                0x00000d78       0x38 .\CortexM3\ARM_GCC_541\Debug\4 - Pendulo.a(Pin_IN2.o)
 .debug_aranges
                0x00000db0       0xf0 .\CortexM3\ARM_GCC_541\Debug\4 - Pendulo.a(UART_1.o)
 .debug_aranges
                0x00000ea0       0x28 .\CortexM3\ARM_GCC_541\Debug\4 - Pendulo.a(UART_1_INT.o)
 .debug_aranges
                0x00000ec8       0x70 .\CortexM3\ARM_GCC_541\Debug\4 - Pendulo.a(UART_1_IntClock.o)
 .debug_aranges
                0x00000f38       0x80 .\CortexM3\ARM_GCC_541\Debug\4 - Pendulo.a(isr_2.o)
 .debug_aranges
                0x00000fb8       0x38 .\CortexM3\ARM_GCC_541\Debug\4 - Pendulo.a(pin_flag.o)
 .debug_aranges
                0x00000ff0       0x20 .\CortexM3\ARM_GCC_541\Debug\4 - Pendulo.a(CyBootAsmGnu.o)
 .debug_aranges
                0x00001010       0x88 .\CortexM3\ARM_GCC_541\Debug\4 - Pendulo.a(CyFlash.o)
 .debug_aranges
                0x00001098       0x80 .\CortexM3\ARM_GCC_541\Debug\4 - Pendulo.a(CySpc.o)

.debug_pubnames
 *(.debug_pubnames)

.debug_info     0x00000000     0xd72f
 *(.debug_info .gnu.linkonce.wi.*)
 .debug_info    0x00000000      0x43a .\CortexM3\ARM_GCC_541\Debug\main.o
 .debug_info    0x0000043a      0x2a9 .\CortexM3\ARM_GCC_541\Debug\motor.o
 .debug_info    0x000006e3      0x1c7 .\CortexM3\ARM_GCC_541\Debug\pid.o
 .debug_info    0x000008aa      0x322 .\CortexM3\ARM_GCC_541\Debug\pendulo.o
 .debug_info    0x00000bcc      0x920 .\CortexM3\ARM_GCC_541\Debug\uartp_pend.o
 .debug_info    0x000014ec     0x31d6 .\CortexM3\ARM_GCC_541\Debug\ctrl_pend.o
 .debug_info    0x000046c2      0x6cf .\CortexM3\ARM_GCC_541\Debug\uartp2.o
 .debug_info    0x00004d91      0x18a .\CortexM3\ARM_GCC_541\Debug\arm_add_f32.o
 .debug_info    0x00004f1b      0x121 .\CortexM3\ARM_GCC_541\Debug\arm_dot_prod_f32.o
 .debug_info    0x0000503c      0x142 .\CortexM3\ARM_GCC_541\Debug\arm_mat_init_f32.o
 .debug_info    0x0000517e      0x2a3 .\CortexM3\ARM_GCC_541\Debug\arm_mat_mult_f32.o
 .debug_info    0x00005421      0x14e .\CortexM3\ARM_GCC_541\Debug\arm_scale_f32.o
 .debug_info    0x0000556f      0x1d9 .\CortexM3\ARM_GCC_541\Debug\arm_dot_prod_q31.o
 .debug_info    0x00005748      0x21f .\CortexM3\ARM_GCC_541\Debug\arm_scale_q31.o
 .debug_info    0x00005967      0x32e .\CortexM3\ARM_GCC_541\Debug\arm_add_q31.o
 .debug_info    0x00005c95      0x207 .\CortexM3\ARM_GCC_541\Debug\arm_float_to_q31.o
 .debug_info    0x00005e9c      0x13c .\CortexM3\ARM_GCC_541\Debug\arm_q31_to_float.o
 .debug_info    0x00005fd8      0x254 .\CortexM3\ARM_GCC_541\Debug\arm_dot_prod_q15.o
 .debug_info    0x0000622c      0x2e5 .\CortexM3\ARM_GCC_541\Debug\arm_scale_q15.o
 .debug_info    0x00006511      0x34c .\CortexM3\ARM_GCC_541\Debug\arm_add_q15.o
 .debug_info    0x0000685d      0x22e .\CortexM3\ARM_GCC_541\Debug\arm_float_to_q15.o
 .debug_info    0x00006a8b      0x13c .\CortexM3\ARM_GCC_541\Debug\arm_q15_to_float.o
 .debug_info    0x00006bc7      0x37c .\CortexM3\ARM_GCC_541\Debug\arm_dot_prod_q7.o
 .debug_info    0x00006f43      0x2a3 .\CortexM3\ARM_GCC_541\Debug\arm_scale_q7.o
 .debug_info    0x000071e6      0x302 .\CortexM3\ARM_GCC_541\Debug\arm_add_q7.o
 .debug_info    0x000074e8      0x22e .\CortexM3\ARM_GCC_541\Debug\arm_float_to_q7.o
 .debug_info    0x00007716      0x13c .\CortexM3\ARM_GCC_541\Debug\arm_q7_to_float.o
 .debug_info    0x00007852      0x5b9 .\CortexM3\ARM_GCC_541\Debug\cyfitter_cfg.o
 .debug_info    0x00007e0b      0x139 .\CortexM3\ARM_GCC_541\Debug\cymetadata.o
 .debug_info    0x00007f44      0x3bb .\CortexM3\ARM_GCC_541\Debug\Cm3Start.o
 .debug_info    0x000082ff      0x329 .\CortexM3\ARM_GCC_541\Debug\4 - Pendulo.a(Timer_1.o)
 .debug_info    0x00008628      0x357 .\CortexM3\ARM_GCC_541\Debug\4 - Pendulo.a(QuadDec_1.o)
 .debug_info    0x0000897f       0xf3 .\CortexM3\ARM_GCC_541\Debug\4 - Pendulo.a(QuadDec_1_INT.o)
 .debug_info    0x00008a72      0x2d2 .\CortexM3\ARM_GCC_541\Debug\4 - Pendulo.a(isr_1.o)
 .debug_info    0x00008d44      0x357 .\CortexM3\ARM_GCC_541\Debug\4 - Pendulo.a(QuadDec_2.o)
 .debug_info    0x0000909b       0xf3 .\CortexM3\ARM_GCC_541\Debug\4 - Pendulo.a(QuadDec_2_INT.o)
 .debug_info    0x0000918e      0x348 .\CortexM3\ARM_GCC_541\Debug\4 - Pendulo.a(QuadDec_1_Cnt16.o)
 .debug_info    0x000094d6      0x348 .\CortexM3\ARM_GCC_541\Debug\4 - Pendulo.a(QuadDec_2_Cnt16.o)
 .debug_info    0x0000981e     0x1374 .\CortexM3\ARM_GCC_541\Debug\4 - Pendulo.a(CyLib.o)
 .debug_info    0x0000ab92      0xa2a .\CortexM3\ARM_GCC_541\Debug\4 - Pendulo.a(cyPm.o)
 .debug_info    0x0000b5bc      0x352 .\CortexM3\ARM_GCC_541\Debug\4 - Pendulo.a(PWM_Motor.o)
 .debug_info    0x0000b90e      0x11f .\CortexM3\ARM_GCC_541\Debug\4 - Pendulo.a(Pin_IN1.o)
 .debug_info    0x0000ba2d      0x11f .\CortexM3\ARM_GCC_541\Debug\4 - Pendulo.a(Pin_IN2.o)
 .debug_info    0x0000bb4c      0x7b4 .\CortexM3\ARM_GCC_541\Debug\4 - Pendulo.a(UART_1.o)
 .debug_info    0x0000c300      0x198 .\CortexM3\ARM_GCC_541\Debug\4 - Pendulo.a(UART_1_INT.o)
 .debug_info    0x0000c498      0x283 .\CortexM3\ARM_GCC_541\Debug\4 - Pendulo.a(UART_1_IntClock.o)
 .debug_info    0x0000c71b      0x2d2 .\CortexM3\ARM_GCC_541\Debug\4 - Pendulo.a(isr_2.o)
 .debug_info    0x0000c9ed      0x11f .\CortexM3\ARM_GCC_541\Debug\4 - Pendulo.a(pin_flag.o)
 .debug_info    0x0000cb0c       0x86 .\CortexM3\ARM_GCC_541\Debug\4 - Pendulo.a(CyBootAsmGnu.o)
 .debug_info    0x0000cb92      0x64d .\CortexM3\ARM_GCC_541\Debug\4 - Pendulo.a(CyFlash.o)
 .debug_info    0x0000d1df      0x550 .\CortexM3\ARM_GCC_541\Debug\4 - Pendulo.a(CySpc.o)

.debug_abbrev   0x00000000     0x35ba
 *(.debug_abbrev)
 .debug_abbrev  0x00000000      0x12c .\CortexM3\ARM_GCC_541\Debug\main.o
 .debug_abbrev  0x0000012c      0x103 .\CortexM3\ARM_GCC_541\Debug\motor.o
 .debug_abbrev  0x0000022f       0xf5 .\CortexM3\ARM_GCC_541\Debug\pid.o
 .debug_abbrev  0x00000324      0x131 .\CortexM3\ARM_GCC_541\Debug\pendulo.o
 .debug_abbrev  0x00000455      0x23e .\CortexM3\ARM_GCC_541\Debug\uartp_pend.o
 .debug_abbrev  0x00000693      0x35a .\CortexM3\ARM_GCC_541\Debug\ctrl_pend.o
 .debug_abbrev  0x000009ed      0x1a3 .\CortexM3\ARM_GCC_541\Debug\uartp2.o
 .debug_abbrev  0x00000b90       0x92 .\CortexM3\ARM_GCC_541\Debug\arm_add_f32.o
 .debug_abbrev  0x00000c22       0x92 .\CortexM3\ARM_GCC_541\Debug\arm_dot_prod_f32.o
 .debug_abbrev  0x00000cb4       0xa1 .\CortexM3\ARM_GCC_541\Debug\arm_mat_init_f32.o
 .debug_abbrev  0x00000d55       0xf8 .\CortexM3\ARM_GCC_541\Debug\arm_mat_mult_f32.o
 .debug_abbrev  0x00000e4d       0x92 .\CortexM3\ARM_GCC_541\Debug\arm_scale_f32.o
 .debug_abbrev  0x00000edf       0x92 .\CortexM3\ARM_GCC_541\Debug\arm_dot_prod_q31.o
 .debug_abbrev  0x00000f71       0xb0 .\CortexM3\ARM_GCC_541\Debug\arm_scale_q31.o
 .debug_abbrev  0x00001021       0xe2 .\CortexM3\ARM_GCC_541\Debug\arm_add_q31.o
 .debug_abbrev  0x00001103       0xdb .\CortexM3\ARM_GCC_541\Debug\arm_float_to_q31.o
 .debug_abbrev  0x000011de       0x92 .\CortexM3\ARM_GCC_541\Debug\arm_q31_to_float.o
 .debug_abbrev  0x00001270       0xdb .\CortexM3\ARM_GCC_541\Debug\arm_dot_prod_q15.o
 .debug_abbrev  0x0000134b       0xc2 .\CortexM3\ARM_GCC_541\Debug\arm_scale_q15.o
 .debug_abbrev  0x0000140d      0x116 .\CortexM3\ARM_GCC_541\Debug\arm_add_q15.o
 .debug_abbrev  0x00001523       0xad .\CortexM3\ARM_GCC_541\Debug\arm_float_to_q15.o
 .debug_abbrev  0x000015d0       0x92 .\CortexM3\ARM_GCC_541\Debug\arm_q15_to_float.o
 .debug_abbrev  0x00001662       0xdb .\CortexM3\ARM_GCC_541\Debug\arm_dot_prod_q7.o
 .debug_abbrev  0x0000173d       0xc2 .\CortexM3\ARM_GCC_541\Debug\arm_scale_q7.o
 .debug_abbrev  0x000017ff      0x107 .\CortexM3\ARM_GCC_541\Debug\arm_add_q7.o
 .debug_abbrev  0x00001906       0xad .\CortexM3\ARM_GCC_541\Debug\arm_float_to_q7.o
 .debug_abbrev  0x000019b3       0x92 .\CortexM3\ARM_GCC_541\Debug\arm_q7_to_float.o
 .debug_abbrev  0x00001a45      0x20d .\CortexM3\ARM_GCC_541\Debug\cyfitter_cfg.o
 .debug_abbrev  0x00001c52       0x77 .\CortexM3\ARM_GCC_541\Debug\cymetadata.o
 .debug_abbrev  0x00001cc9      0x1e8 .\CortexM3\ARM_GCC_541\Debug\Cm3Start.o
 .debug_abbrev  0x00001eb1      0x13a .\CortexM3\ARM_GCC_541\Debug\4 - Pendulo.a(Timer_1.o)
 .debug_abbrev  0x00001feb      0x128 .\CortexM3\ARM_GCC_541\Debug\4 - Pendulo.a(QuadDec_1.o)
 .debug_abbrev  0x00002113       0x78 .\CortexM3\ARM_GCC_541\Debug\4 - Pendulo.a(QuadDec_1_INT.o)
 .debug_abbrev  0x0000218b      0x173 .\CortexM3\ARM_GCC_541\Debug\4 - Pendulo.a(isr_1.o)
 .debug_abbrev  0x000022fe      0x128 .\CortexM3\ARM_GCC_541\Debug\4 - Pendulo.a(QuadDec_2.o)
 .debug_abbrev  0x00002426       0x78 .\CortexM3\ARM_GCC_541\Debug\4 - Pendulo.a(QuadDec_2_INT.o)
 .debug_abbrev  0x0000249e      0x117 .\CortexM3\ARM_GCC_541\Debug\4 - Pendulo.a(QuadDec_1_Cnt16.o)
 .debug_abbrev  0x000025b5      0x117 .\CortexM3\ARM_GCC_541\Debug\4 - Pendulo.a(QuadDec_2_Cnt16.o)
 .debug_abbrev  0x000026cc      0x254 .\CortexM3\ARM_GCC_541\Debug\4 - Pendulo.a(CyLib.o)
 .debug_abbrev  0x00002920      0x1ab .\CortexM3\ARM_GCC_541\Debug\4 - Pendulo.a(cyPm.o)
 .debug_abbrev  0x00002acb      0x133 .\CortexM3\ARM_GCC_541\Debug\4 - Pendulo.a(PWM_Motor.o)
 .debug_abbrev  0x00002bfe       0x90 .\CortexM3\ARM_GCC_541\Debug\4 - Pendulo.a(Pin_IN1.o)
 .debug_abbrev  0x00002c8e       0x90 .\CortexM3\ARM_GCC_541\Debug\4 - Pendulo.a(Pin_IN2.o)
 .debug_abbrev  0x00002d1e      0x16f .\CortexM3\ARM_GCC_541\Debug\4 - Pendulo.a(UART_1.o)
 .debug_abbrev  0x00002e8d       0xa2 .\CortexM3\ARM_GCC_541\Debug\4 - Pendulo.a(UART_1_INT.o)
 .debug_abbrev  0x00002f2f      0x139 .\CortexM3\ARM_GCC_541\Debug\4 - Pendulo.a(UART_1_IntClock.o)
 .debug_abbrev  0x00003068      0x173 .\CortexM3\ARM_GCC_541\Debug\4 - Pendulo.a(isr_2.o)
 .debug_abbrev  0x000031db       0x90 .\CortexM3\ARM_GCC_541\Debug\4 - Pendulo.a(pin_flag.o)
 .debug_abbrev  0x0000326b       0x14 .\CortexM3\ARM_GCC_541\Debug\4 - Pendulo.a(CyBootAsmGnu.o)
 .debug_abbrev  0x0000327f      0x1a7 .\CortexM3\ARM_GCC_541\Debug\4 - Pendulo.a(CyFlash.o)
 .debug_abbrev  0x00003426      0x194 .\CortexM3\ARM_GCC_541\Debug\4 - Pendulo.a(CySpc.o)

.debug_line     0x00000000     0x5ae9
 *(.debug_line)
 .debug_line    0x00000000      0x22f .\CortexM3\ARM_GCC_541\Debug\main.o
 .debug_line    0x0000022f      0x1c8 .\CortexM3\ARM_GCC_541\Debug\motor.o
 .debug_line    0x000003f7      0x146 .\CortexM3\ARM_GCC_541\Debug\pid.o
 .debug_line    0x0000053d      0x200 .\CortexM3\ARM_GCC_541\Debug\pendulo.o
 .debug_line    0x0000073d      0x373 .\CortexM3\ARM_GCC_541\Debug\uartp_pend.o
 .debug_line    0x00000ab0      0xaf7 .\CortexM3\ARM_GCC_541\Debug\ctrl_pend.o
 .debug_line    0x000015a7      0x2a8 .\CortexM3\ARM_GCC_541\Debug\uartp2.o
 .debug_line    0x0000184f      0x13d .\CortexM3\ARM_GCC_541\Debug\arm_add_f32.o
 .debug_line    0x0000198c      0x13f .\CortexM3\ARM_GCC_541\Debug\arm_dot_prod_f32.o
 .debug_line    0x00001acb      0x123 .\CortexM3\ARM_GCC_541\Debug\arm_mat_init_f32.o
 .debug_line    0x00001bee      0x15e .\CortexM3\ARM_GCC_541\Debug\arm_mat_mult_f32.o
 .debug_line    0x00001d4c      0x13d .\CortexM3\ARM_GCC_541\Debug\arm_scale_f32.o
 .debug_line    0x00001e89      0x14e .\CortexM3\ARM_GCC_541\Debug\arm_dot_prod_q31.o
 .debug_line    0x00001fd7      0x176 .\CortexM3\ARM_GCC_541\Debug\arm_scale_q31.o
 .debug_line    0x0000214d      0x18f .\CortexM3\ARM_GCC_541\Debug\arm_add_q31.o
 .debug_line    0x000022dc      0x17f .\CortexM3\ARM_GCC_541\Debug\arm_float_to_q31.o
 .debug_line    0x0000245b      0x13a .\CortexM3\ARM_GCC_541\Debug\arm_q31_to_float.o
 .debug_line    0x00002595      0x162 .\CortexM3\ARM_GCC_541\Debug\arm_dot_prod_q15.o
 .debug_line    0x000026f7      0x143 .\CortexM3\ARM_GCC_541\Debug\arm_scale_q15.o
 .debug_line    0x0000283a      0x15b .\CortexM3\ARM_GCC_541\Debug\arm_add_q15.o
 .debug_line    0x00002995      0x13e .\CortexM3\ARM_GCC_541\Debug\arm_float_to_q15.o
 .debug_line    0x00002ad3      0x13a .\CortexM3\ARM_GCC_541\Debug\arm_q15_to_float.o
 .debug_line    0x00002c0d      0x187 .\CortexM3\ARM_GCC_541\Debug\arm_dot_prod_q7.o
 .debug_line    0x00002d94      0x13d .\CortexM3\ARM_GCC_541\Debug\arm_scale_q7.o
 .debug_line    0x00002ed1      0x13d .\CortexM3\ARM_GCC_541\Debug\arm_add_q7.o
 .debug_line    0x0000300e      0x13d .\CortexM3\ARM_GCC_541\Debug\arm_float_to_q7.o
 .debug_line    0x0000314b      0x139 .\CortexM3\ARM_GCC_541\Debug\arm_q7_to_float.o
 .debug_line    0x00003284      0x1e0 .\CortexM3\ARM_GCC_541\Debug\cyfitter_cfg.o
 .debug_line    0x00003464      0x113 .\CortexM3\ARM_GCC_541\Debug\cymetadata.o
 .debug_line    0x00003577      0x206 .\CortexM3\ARM_GCC_541\Debug\Cm3Start.o
 .debug_line    0x0000377d      0x189 .\CortexM3\ARM_GCC_541\Debug\4 - Pendulo.a(Timer_1.o)
 .debug_line    0x00003906      0x13d .\CortexM3\ARM_GCC_541\Debug\4 - Pendulo.a(QuadDec_1.o)
 .debug_line    0x00003a43       0x6c .\CortexM3\ARM_GCC_541\Debug\4 - Pendulo.a(QuadDec_1_INT.o)
 .debug_line    0x00003aaf      0x132 .\CortexM3\ARM_GCC_541\Debug\4 - Pendulo.a(isr_1.o)
 .debug_line    0x00003be1      0x13d .\CortexM3\ARM_GCC_541\Debug\4 - Pendulo.a(QuadDec_2.o)
 .debug_line    0x00003d1e       0x6c .\CortexM3\ARM_GCC_541\Debug\4 - Pendulo.a(QuadDec_2_INT.o)
 .debug_line    0x00003d8a      0x18f .\CortexM3\ARM_GCC_541\Debug\4 - Pendulo.a(QuadDec_1_Cnt16.o)
 .debug_line    0x00003f19      0x18f .\CortexM3\ARM_GCC_541\Debug\4 - Pendulo.a(QuadDec_2_Cnt16.o)
 .debug_line    0x000040a8      0x816 .\CortexM3\ARM_GCC_541\Debug\4 - Pendulo.a(CyLib.o)
 .debug_line    0x000048be      0x367 .\CortexM3\ARM_GCC_541\Debug\4 - Pendulo.a(cyPm.o)
 .debug_line    0x00004c25      0x18c .\CortexM3\ARM_GCC_541\Debug\4 - Pendulo.a(PWM_Motor.o)
 .debug_line    0x00004db1       0x94 .\CortexM3\ARM_GCC_541\Debug\4 - Pendulo.a(Pin_IN1.o)
 .debug_line    0x00004e45       0x94 .\CortexM3\ARM_GCC_541\Debug\4 - Pendulo.a(Pin_IN2.o)
 .debug_line    0x00004ed9      0x343 .\CortexM3\ARM_GCC_541\Debug\4 - Pendulo.a(UART_1.o)
 .debug_line    0x0000521c       0xa8 .\CortexM3\ARM_GCC_541\Debug\4 - Pendulo.a(UART_1_INT.o)
 .debug_line    0x000052c4      0x17e .\CortexM3\ARM_GCC_541\Debug\4 - Pendulo.a(UART_1_IntClock.o)
 .debug_line    0x00005442      0x132 .\CortexM3\ARM_GCC_541\Debug\4 - Pendulo.a(isr_2.o)
 .debug_line    0x00005574       0x95 .\CortexM3\ARM_GCC_541\Debug\4 - Pendulo.a(pin_flag.o)
 .debug_line    0x00005609       0x66 .\CortexM3\ARM_GCC_541\Debug\4 - Pendulo.a(CyBootAsmGnu.o)
 .debug_line    0x0000566f      0x21a .\CortexM3\ARM_GCC_541\Debug\4 - Pendulo.a(CyFlash.o)
 .debug_line    0x00005889      0x260 .\CortexM3\ARM_GCC_541\Debug\4 - Pendulo.a(CySpc.o)

.debug_frame    0x00000000     0x2b50
 *(.debug_frame)
 .debug_frame   0x00000000       0x30 .\CortexM3\ARM_GCC_541\Debug\main.o
 .debug_frame   0x00000030       0x84 .\CortexM3\ARM_GCC_541\Debug\motor.o
 .debug_frame   0x000000b4       0x4c .\CortexM3\ARM_GCC_541\Debug\pid.o
 .debug_frame   0x00000100       0xa0 .\CortexM3\ARM_GCC_541\Debug\pendulo.o
 .debug_frame   0x000001a0      0x130 .\CortexM3\ARM_GCC_541\Debug\uartp_pend.o
 .debug_frame   0x000002d0      0x614 .\CortexM3\ARM_GCC_541\Debug\ctrl_pend.o
 .debug_frame   0x000008e4      0x154 .\CortexM3\ARM_GCC_541\Debug\uartp2.o
 .debug_frame   0x00000a38       0x48 .\CortexM3\ARM_GCC_541\Debug\arm_add_f32.o
 .debug_frame   0x00000a80       0x44 .\CortexM3\ARM_GCC_541\Debug\arm_dot_prod_f32.o
 .debug_frame   0x00000ac4       0x20 .\CortexM3\ARM_GCC_541\Debug\arm_mat_init_f32.o
 .debug_frame   0x00000ae4       0x48 .\CortexM3\ARM_GCC_541\Debug\arm_mat_mult_f32.o
 .debug_frame   0x00000b2c       0x44 .\CortexM3\ARM_GCC_541\Debug\arm_scale_f32.o
 .debug_frame   0x00000b70       0x48 .\CortexM3\ARM_GCC_541\Debug\arm_dot_prod_q31.o
 .debug_frame   0x00000bb8       0x48 .\CortexM3\ARM_GCC_541\Debug\arm_scale_q31.o
 .debug_frame   0x00000c00       0x48 .\CortexM3\ARM_GCC_541\Debug\arm_add_q31.o
 .debug_frame   0x00000c48       0x3c .\CortexM3\ARM_GCC_541\Debug\arm_float_to_q31.o
 .debug_frame   0x00000c84       0x3c .\CortexM3\ARM_GCC_541\Debug\arm_q31_to_float.o
 .debug_frame   0x00000cc0       0x3c .\CortexM3\ARM_GCC_541\Debug\arm_dot_prod_q15.o
 .debug_frame   0x00000cfc       0x34 .\CortexM3\ARM_GCC_541\Debug\arm_scale_q15.o
 .debug_frame   0x00000d30       0x38 .\CortexM3\ARM_GCC_541\Debug\arm_add_q15.o
 .debug_frame   0x00000d68       0x3c .\CortexM3\ARM_GCC_541\Debug\arm_float_to_q15.o
 .debug_frame   0x00000da4       0x3c .\CortexM3\ARM_GCC_541\Debug\arm_q15_to_float.o
 .debug_frame   0x00000de0       0x38 .\CortexM3\ARM_GCC_541\Debug\arm_dot_prod_q7.o
 .debug_frame   0x00000e18       0x38 .\CortexM3\ARM_GCC_541\Debug\arm_scale_q7.o
 .debug_frame   0x00000e50       0x38 .\CortexM3\ARM_GCC_541\Debug\arm_add_q7.o
 .debug_frame   0x00000e88       0x3c .\CortexM3\ARM_GCC_541\Debug\arm_float_to_q7.o
 .debug_frame   0x00000ec4       0x3c .\CortexM3\ARM_GCC_541\Debug\arm_q7_to_float.o
 .debug_frame   0x00000f00       0xe4 .\CortexM3\ARM_GCC_541\Debug\cyfitter_cfg.o
 .debug_frame   0x00000fe4       0xb8 .\CortexM3\ARM_GCC_541\Debug\Cm3Start.o
 .debug_frame   0x0000109c      0x134 .\CortexM3\ARM_GCC_541\Debug\4 - Pendulo.a(Timer_1.o)
 .debug_frame   0x000011d0       0xec .\CortexM3\ARM_GCC_541\Debug\4 - Pendulo.a(QuadDec_1.o)
 .debug_frame   0x000012bc       0x20 .\CortexM3\ARM_GCC_541\Debug\4 - Pendulo.a(QuadDec_1_INT.o)
 .debug_frame   0x000012dc      0x104 .\CortexM3\ARM_GCC_541\Debug\4 - Pendulo.a(isr_1.o)
 .debug_frame   0x000013e0       0xec .\CortexM3\ARM_GCC_541\Debug\4 - Pendulo.a(QuadDec_2.o)
 .debug_frame   0x000014cc       0x20 .\CortexM3\ARM_GCC_541\Debug\4 - Pendulo.a(QuadDec_2_INT.o)
 .debug_frame   0x000014ec      0x134 .\CortexM3\ARM_GCC_541\Debug\4 - Pendulo.a(QuadDec_1_Cnt16.o)
 .debug_frame   0x00001620      0x134 .\CortexM3\ARM_GCC_541\Debug\4 - Pendulo.a(QuadDec_2_Cnt16.o)
 .debug_frame   0x00001754      0x738 .\CortexM3\ARM_GCC_541\Debug\4 - Pendulo.a(CyLib.o)
 .debug_frame   0x00001e8c      0x1f8 .\CortexM3\ARM_GCC_541\Debug\4 - Pendulo.a(cyPm.o)
 .debug_frame   0x00002084      0x134 .\CortexM3\ARM_GCC_541\Debug\4 - Pendulo.a(PWM_Motor.o)
 .debug_frame   0x000021b8       0x50 .\CortexM3\ARM_GCC_541\Debug\4 - Pendulo.a(Pin_IN1.o)
 .debug_frame   0x00002208       0x50 .\CortexM3\ARM_GCC_541\Debug\4 - Pendulo.a(Pin_IN2.o)
 .debug_frame   0x00002258      0x268 .\CortexM3\ARM_GCC_541\Debug\4 - Pendulo.a(UART_1.o)
 .debug_frame   0x000024c0       0x30 .\CortexM3\ARM_GCC_541\Debug\4 - Pendulo.a(UART_1_INT.o)
 .debug_frame   0x000024f0       0xe0 .\CortexM3\ARM_GCC_541\Debug\4 - Pendulo.a(UART_1_IntClock.o)
 .debug_frame   0x000025d0      0x104 .\CortexM3\ARM_GCC_541\Debug\4 - Pendulo.a(isr_2.o)
 .debug_frame   0x000026d4       0x50 .\CortexM3\ARM_GCC_541\Debug\4 - Pendulo.a(pin_flag.o)
 .debug_frame   0x00002724      0x194 .\CortexM3\ARM_GCC_541\Debug\4 - Pendulo.a(CyFlash.o)
 .debug_frame   0x000028b8      0x180 .\CortexM3\ARM_GCC_541\Debug\4 - Pendulo.a(CySpc.o)
 .debug_frame   0x00002a38       0x30 d:/psoc/psoc creator/4.4/psoc creator/import/gnu/arm/5.4.1/bin/../lib/gcc/arm-none-eabi/5.4.1/armv7-m\libgcc.a(_fixsfdi.o)
 .debug_frame   0x00002a68       0x2c d:/psoc/psoc creator/4.4/psoc creator/import/gnu/arm/5.4.1/bin/../lib/gcc/arm-none-eabi/5.4.1/armv7-m\libgcc.a(_fixunssfdi.o)
 .debug_frame   0x00002a94       0x20 d:/psoc/psoc creator/4.4/psoc creator/import/gnu/arm/5.4.1/bin/../lib/gcc/arm-none-eabi/5.4.1/../../../../arm-none-eabi/lib/armv7-m\libg_nano.a(lib_a-errno.o)
 .debug_frame   0x00002ab4       0x28 d:/psoc/psoc creator/4.4/psoc creator/import/gnu/arm/5.4.1/bin/../lib/gcc/arm-none-eabi/5.4.1/../../../../arm-none-eabi/lib/armv7-m\libg_nano.a(lib_a-exit.o)
 .debug_frame   0x00002adc       0x2c d:/psoc/psoc creator/4.4/psoc creator/import/gnu/arm/5.4.1/bin/../lib/gcc/arm-none-eabi/5.4.1/../../../../arm-none-eabi/lib/armv7-m\libg_nano.a(lib_a-init.o)
 .debug_frame   0x00002b08       0x28 d:/psoc/psoc creator/4.4/psoc creator/import/gnu/arm/5.4.1/bin/../lib/gcc/arm-none-eabi/5.4.1/../../../../arm-none-eabi/lib/armv7-m\libg_nano.a(lib_a-memcpy-stub.o)
 .debug_frame   0x00002b30       0x20 d:/psoc/psoc creator/4.4/psoc creator/import/gnu/arm/5.4.1/bin/../lib/gcc/arm-none-eabi/5.4.1/../../../../arm-none-eabi/lib/armv7-m\libg_nano.a(lib_a-memset.o)

.debug_str      0x00000000     0x3441
 *(.debug_str)
 .debug_str     0x00000000      0x3cb .\CortexM3\ARM_GCC_541\Debug\main.o
                                0x419 (size before relaxing)
 .debug_str     0x000003cb       0x7e .\CortexM3\ARM_GCC_541\Debug\motor.o
                                0x21f (size before relaxing)
 .debug_str     0x00000449       0x6f .\CortexM3\ARM_GCC_541\Debug\pid.o
                                0x205 (size before relaxing)
 .debug_str     0x000004b8      0x14c .\CortexM3\ARM_GCC_541\Debug\pendulo.o
                                0x337 (size before relaxing)
 .debug_str     0x00000604      0x1d0 .\CortexM3\ARM_GCC_541\Debug\uartp_pend.o
                                0x472 (size before relaxing)
 .debug_str     0x000007d4      0x4fd .\CortexM3\ARM_GCC_541\Debug\ctrl_pend.o
                                0x8c0 (size before relaxing)
 .debug_str     0x00000cd1       0xd5 .\CortexM3\ARM_GCC_541\Debug\uartp2.o
                                0x314 (size before relaxing)
 .debug_str     0x00000da6       0x63 .\CortexM3\ARM_GCC_541\Debug\arm_add_f32.o
                                0x1f3 (size before relaxing)
 .debug_str     0x00000e09       0x1a .\CortexM3\ARM_GCC_541\Debug\arm_dot_prod_f32.o
                                0x1d7 (size before relaxing)
 .debug_str     0x00000e23       0x6c .\CortexM3\ARM_GCC_541\Debug\arm_mat_init_f32.o
                                0x1f0 (size before relaxing)
 .debug_str     0x00000e8f       0xf3 .\CortexM3\ARM_GCC_541\Debug\arm_mat_mult_f32.o
                                0x2c8 (size before relaxing)
 .debug_str     0x00000f82       0x15 .\CortexM3\ARM_GCC_541\Debug\arm_scale_f32.o
                                0x1ce (size before relaxing)
 .debug_str     0x00000f97       0x13 .\CortexM3\ARM_GCC_541\Debug\arm_dot_prod_q31.o
                                0x225 (size before relaxing)
 .debug_str     0x00000faa       0x3c .\CortexM3\ARM_GCC_541\Debug\arm_scale_q31.o
                                0x22f (size before relaxing)
 .debug_str     0x00000fe6       0x25 .\CortexM3\ARM_GCC_541\Debug\arm_add_q31.o
                                0x230 (size before relaxing)
 .debug_str     0x0000100b       0x13 .\CortexM3\ARM_GCC_541\Debug\arm_float_to_q31.o
                                0x20e (size before relaxing)
 .debug_str     0x0000101e       0x24 .\CortexM3\ARM_GCC_541\Debug\arm_q31_to_float.o
                                0x1e6 (size before relaxing)
 .debug_str     0x00001042       0x27 .\CortexM3\ARM_GCC_541\Debug\arm_dot_prod_q15.o
                                0x232 (size before relaxing)
 .debug_str     0x00001069       0x1d .\CortexM3\ARM_GCC_541\Debug\arm_scale_q15.o
                                0x241 (size before relaxing)
 .debug_str     0x00001086       0x17 .\CortexM3\ARM_GCC_541\Debug\arm_add_q15.o
                                0x21b (size before relaxing)
 .debug_str     0x0000109d       0x13 .\CortexM3\ARM_GCC_541\Debug\arm_float_to_q15.o
                                0x20b (size before relaxing)
 .debug_str     0x000010b0       0x24 .\CortexM3\ARM_GCC_541\Debug\arm_q15_to_float.o
                                0x1e6 (size before relaxing)
 .debug_str     0x000010d4       0x37 .\CortexM3\ARM_GCC_541\Debug\arm_dot_prod_q7.o
                                0x231 (size before relaxing)
 .debug_str     0x0000110b        0xf .\CortexM3\ARM_GCC_541\Debug\arm_scale_q7.o
                                0x21c (size before relaxing)
 .debug_str     0x0000111a       0x15 .\CortexM3\ARM_GCC_541\Debug\arm_add_q7.o
                                0x201 (size before relaxing)
 .debug_str     0x0000112f       0x12 .\CortexM3\ARM_GCC_541\Debug\arm_float_to_q7.o
                                0x206 (size before relaxing)
 .debug_str     0x00001141       0x22 .\CortexM3\ARM_GCC_541\Debug\arm_q7_to_float.o
                                0x1e1 (size before relaxing)
 .debug_str     0x00001163      0x19a .\CortexM3\ARM_GCC_541\Debug\cyfitter_cfg.o
                                0x340 (size before relaxing)
 .debug_str     0x000012fd       0x7f .\CortexM3\ARM_GCC_541\Debug\cymetadata.o
                                0x1da (size before relaxing)
 .debug_str     0x0000137c      0x132 .\CortexM3\ARM_GCC_541\Debug\Cm3Start.o
                                0x300 (size before relaxing)
 .debug_str     0x000014ae      0x13d .\CortexM3\ARM_GCC_541\Debug\4 - Pendulo.a(Timer_1.o)
                                0x378 (size before relaxing)
 .debug_str     0x000015eb      0x186 .\CortexM3\ARM_GCC_541\Debug\4 - Pendulo.a(QuadDec_1.o)
                                0x380 (size before relaxing)
 .debug_str     0x00001771       0x48 .\CortexM3\ARM_GCC_541\Debug\4 - Pendulo.a(QuadDec_1_INT.o)
                                0x1e4 (size before relaxing)
 .debug_str     0x000017b9       0xf0 .\CortexM3\ARM_GCC_541\Debug\4 - Pendulo.a(isr_1.o)
                                0x29c (size before relaxing)
 .debug_str     0x000018a9      0x141 .\CortexM3\ARM_GCC_541\Debug\4 - Pendulo.a(QuadDec_2.o)
                                0x380 (size before relaxing)
 .debug_str     0x000019ea       0x48 .\CortexM3\ARM_GCC_541\Debug\4 - Pendulo.a(QuadDec_2_INT.o)
                                0x1e4 (size before relaxing)
 .debug_str     0x00001a32      0x1db .\CortexM3\ARM_GCC_541\Debug\4 - Pendulo.a(QuadDec_1_Cnt16.o)
                                0x40c (size before relaxing)
 .debug_str     0x00001c0d      0x1bf .\CortexM3\ARM_GCC_541\Debug\4 - Pendulo.a(QuadDec_2_Cnt16.o)
                                0x40c (size before relaxing)
 .debug_str     0x00001dcc      0x7bd .\CortexM3\ARM_GCC_541\Debug\4 - Pendulo.a(CyLib.o)
                                0xa3d (size before relaxing)
 .debug_str     0x00002589      0x365 .\CortexM3\ARM_GCC_541\Debug\4 - Pendulo.a(cyPm.o)
                                0x729 (size before relaxing)
 .debug_str     0x000028ee      0x18a .\CortexM3\ARM_GCC_541\Debug\4 - Pendulo.a(PWM_Motor.o)
                                0x3a0 (size before relaxing)
 .debug_str     0x00002a78       0x62 .\CortexM3\ARM_GCC_541\Debug\4 - Pendulo.a(Pin_IN1.o)
                                0x1e2 (size before relaxing)
 .debug_str     0x00002ada       0x57 .\CortexM3\ARM_GCC_541\Debug\4 - Pendulo.a(Pin_IN2.o)
                                0x1e2 (size before relaxing)
 .debug_str     0x00002b31      0x37b .\CortexM3\ARM_GCC_541\Debug\4 - Pendulo.a(UART_1.o)
                                0x5de (size before relaxing)
 .debug_str     0x00002eac       0x64 .\CortexM3\ARM_GCC_541\Debug\4 - Pendulo.a(UART_1_INT.o)
                                0x29e (size before relaxing)
 .debug_str     0x00002f10      0x197 .\CortexM3\ARM_GCC_541\Debug\4 - Pendulo.a(UART_1_IntClock.o)
                                0x344 (size before relaxing)
 .debug_str     0x000030a7       0xd8 .\CortexM3\ARM_GCC_541\Debug\4 - Pendulo.a(isr_2.o)
                                0x29c (size before relaxing)
 .debug_str     0x0000317f       0x5b .\CortexM3\ARM_GCC_541\Debug\4 - Pendulo.a(pin_flag.o)
                                0x1e7 (size before relaxing)
 .debug_str     0x000031da      0x1bb .\CortexM3\ARM_GCC_541\Debug\4 - Pendulo.a(CyFlash.o)
                                0x3b6 (size before relaxing)
 .debug_str     0x00003395       0xac .\CortexM3\ARM_GCC_541\Debug\4 - Pendulo.a(CySpc.o)
                                0x32e (size before relaxing)

.debug_loc      0x00000000     0x8032
 *(.debug_loc)
 .debug_loc     0x00000000       0xea .\CortexM3\ARM_GCC_541\Debug\main.o
 .debug_loc     0x000000ea       0xa4 .\CortexM3\ARM_GCC_541\Debug\motor.o
 .debug_loc     0x0000018e      0x116 .\CortexM3\ARM_GCC_541\Debug\pid.o
 .debug_loc     0x000002a4       0xc5 .\CortexM3\ARM_GCC_541\Debug\pendulo.o
 .debug_loc     0x00000369      0x3e6 .\CortexM3\ARM_GCC_541\Debug\uartp_pend.o
 .debug_loc     0x0000074f     0x2411 .\CortexM3\ARM_GCC_541\Debug\ctrl_pend.o
 .debug_loc     0x00002b60      0x227 .\CortexM3\ARM_GCC_541\Debug\uartp2.o
 .debug_loc     0x00002d87      0x16d .\CortexM3\ARM_GCC_541\Debug\arm_add_f32.o
 .debug_loc     0x00002ef4      0x1a7 .\CortexM3\ARM_GCC_541\Debug\arm_dot_prod_f32.o
 .debug_loc     0x0000309b      0x3ce .\CortexM3\ARM_GCC_541\Debug\arm_mat_mult_f32.o
 .debug_loc     0x00003469      0x13f .\CortexM3\ARM_GCC_541\Debug\arm_scale_f32.o
 .debug_loc     0x000035a8      0x2ed .\CortexM3\ARM_GCC_541\Debug\arm_dot_prod_q31.o
 .debug_loc     0x00003895      0x3a9 .\CortexM3\ARM_GCC_541\Debug\arm_scale_q31.o
 .debug_loc     0x00003c3e      0x30a .\CortexM3\ARM_GCC_541\Debug\arm_add_q31.o
 .debug_loc     0x00003f48      0x1af .\CortexM3\ARM_GCC_541\Debug\arm_float_to_q31.o
 .debug_loc     0x000040f7      0x137 .\CortexM3\ARM_GCC_541\Debug\arm_q31_to_float.o
 .debug_loc     0x0000422e      0x25e .\CortexM3\ARM_GCC_541\Debug\arm_dot_prod_q15.o
 .debug_loc     0x0000448c      0x31e .\CortexM3\ARM_GCC_541\Debug\arm_scale_q15.o
 .debug_loc     0x000047aa      0x3cb .\CortexM3\ARM_GCC_541\Debug\arm_add_q15.o
 .debug_loc     0x00004b75      0x1f5 .\CortexM3\ARM_GCC_541\Debug\arm_float_to_q15.o
 .debug_loc     0x00004d6a      0x137 .\CortexM3\ARM_GCC_541\Debug\arm_q15_to_float.o
 .debug_loc     0x00004ea1      0x506 .\CortexM3\ARM_GCC_541\Debug\arm_dot_prod_q7.o
 .debug_loc     0x000053a7      0x2ab .\CortexM3\ARM_GCC_541\Debug\arm_scale_q7.o
 .debug_loc     0x00005652      0x384 .\CortexM3\ARM_GCC_541\Debug\arm_add_q7.o
 .debug_loc     0x000059d6      0x1f5 .\CortexM3\ARM_GCC_541\Debug\arm_float_to_q7.o
 .debug_loc     0x00005bcb      0x137 .\CortexM3\ARM_GCC_541\Debug\arm_q7_to_float.o
 .debug_loc     0x00005d02      0x288 .\CortexM3\ARM_GCC_541\Debug\cyfitter_cfg.o
 .debug_loc     0x00005f8a      0x144 .\CortexM3\ARM_GCC_541\Debug\Cm3Start.o
 .debug_loc     0x000060ce       0x31 .\CortexM3\ARM_GCC_541\Debug\4 - Pendulo.a(Timer_1.o)
 .debug_loc     0x000060ff       0xb9 .\CortexM3\ARM_GCC_541\Debug\4 - Pendulo.a(QuadDec_1.o)
 .debug_loc     0x000061b8       0x13 .\CortexM3\ARM_GCC_541\Debug\4 - Pendulo.a(QuadDec_1_INT.o)
 .debug_loc     0x000061cb       0x56 .\CortexM3\ARM_GCC_541\Debug\4 - Pendulo.a(isr_1.o)
 .debug_loc     0x00006221       0xb9 .\CortexM3\ARM_GCC_541\Debug\4 - Pendulo.a(QuadDec_2.o)
 .debug_loc     0x000062da       0x13 .\CortexM3\ARM_GCC_541\Debug\4 - Pendulo.a(QuadDec_2_INT.o)
 .debug_loc     0x000062ed       0x3d .\CortexM3\ARM_GCC_541\Debug\4 - Pendulo.a(QuadDec_1_Cnt16.o)
 .debug_loc     0x0000632a       0x3d .\CortexM3\ARM_GCC_541\Debug\4 - Pendulo.a(QuadDec_2_Cnt16.o)
 .debug_loc     0x00006367      0xa11 .\CortexM3\ARM_GCC_541\Debug\4 - Pendulo.a(CyLib.o)
 .debug_loc     0x00006d78      0x1e4 .\CortexM3\ARM_GCC_541\Debug\4 - Pendulo.a(cyPm.o)
 .debug_loc     0x00006f5c       0x26 .\CortexM3\ARM_GCC_541\Debug\4 - Pendulo.a(PWM_Motor.o)
 .debug_loc     0x00006f82       0x42 .\CortexM3\ARM_GCC_541\Debug\4 - Pendulo.a(Pin_IN1.o)
 .debug_loc     0x00006fc4       0x42 .\CortexM3\ARM_GCC_541\Debug\4 - Pendulo.a(Pin_IN2.o)
 .debug_loc     0x00007006      0x36c .\CortexM3\ARM_GCC_541\Debug\4 - Pendulo.a(UART_1.o)
 .debug_loc     0x00007372       0x45 .\CortexM3\ARM_GCC_541\Debug\4 - Pendulo.a(UART_1_INT.o)
 .debug_loc     0x000073b7      0x12c .\CortexM3\ARM_GCC_541\Debug\4 - Pendulo.a(UART_1_IntClock.o)
 .debug_loc     0x000074e3       0x56 .\CortexM3\ARM_GCC_541\Debug\4 - Pendulo.a(isr_2.o)
 .debug_loc     0x00007539       0x42 .\CortexM3\ARM_GCC_541\Debug\4 - Pendulo.a(pin_flag.o)
 .debug_loc     0x0000757b      0x3b2 .\CortexM3\ARM_GCC_541\Debug\4 - Pendulo.a(CyFlash.o)
 .debug_loc     0x0000792d      0x705 .\CortexM3\ARM_GCC_541\Debug\4 - Pendulo.a(CySpc.o)

.debug_macinfo
 *(.debug_macinfo)

.debug_ranges   0x00000000      0xed8
 *(.debug_ranges)
 .debug_ranges  0x00000000       0x10 .\CortexM3\ARM_GCC_541\Debug\main.o
 .debug_ranges  0x00000010       0x28 .\CortexM3\ARM_GCC_541\Debug\motor.o
 .debug_ranges  0x00000038       0x18 .\CortexM3\ARM_GCC_541\Debug\pid.o
 .debug_ranges  0x00000050       0x30 .\CortexM3\ARM_GCC_541\Debug\pendulo.o
 .debug_ranges  0x00000080       0x60 .\CortexM3\ARM_GCC_541\Debug\uartp_pend.o
 .debug_ranges  0x000000e0      0x190 .\CortexM3\ARM_GCC_541\Debug\ctrl_pend.o
 .debug_ranges  0x00000270       0x70 .\CortexM3\ARM_GCC_541\Debug\uartp2.o
 .debug_ranges  0x000002e0       0x10 .\CortexM3\ARM_GCC_541\Debug\arm_add_f32.o
 .debug_ranges  0x000002f0       0x10 .\CortexM3\ARM_GCC_541\Debug\arm_dot_prod_f32.o
 .debug_ranges  0x00000300       0x10 .\CortexM3\ARM_GCC_541\Debug\arm_mat_init_f32.o
 .debug_ranges  0x00000310       0x10 .\CortexM3\ARM_GCC_541\Debug\arm_mat_mult_f32.o
 .debug_ranges  0x00000320       0x10 .\CortexM3\ARM_GCC_541\Debug\arm_scale_f32.o
 .debug_ranges  0x00000330       0x10 .\CortexM3\ARM_GCC_541\Debug\arm_dot_prod_q31.o
 .debug_ranges  0x00000340       0x10 .\CortexM3\ARM_GCC_541\Debug\arm_scale_q31.o
 .debug_ranges  0x00000350       0x10 .\CortexM3\ARM_GCC_541\Debug\arm_add_q31.o
 .debug_ranges  0x00000360       0x10 .\CortexM3\ARM_GCC_541\Debug\arm_float_to_q31.o
 .debug_ranges  0x00000370       0x10 .\CortexM3\ARM_GCC_541\Debug\arm_q31_to_float.o
 .debug_ranges  0x00000380       0x10 .\CortexM3\ARM_GCC_541\Debug\arm_dot_prod_q15.o
 .debug_ranges  0x00000390       0x28 .\CortexM3\ARM_GCC_541\Debug\arm_scale_q15.o
 .debug_ranges  0x000003b8       0x10 .\CortexM3\ARM_GCC_541\Debug\arm_add_q15.o
 .debug_ranges  0x000003c8       0x40 .\CortexM3\ARM_GCC_541\Debug\arm_float_to_q15.o
 .debug_ranges  0x00000408       0x10 .\CortexM3\ARM_GCC_541\Debug\arm_q15_to_float.o
 .debug_ranges  0x00000418       0x10 .\CortexM3\ARM_GCC_541\Debug\arm_dot_prod_q7.o
 .debug_ranges  0x00000428       0x28 .\CortexM3\ARM_GCC_541\Debug\arm_scale_q7.o
 .debug_ranges  0x00000450       0x28 .\CortexM3\ARM_GCC_541\Debug\arm_add_q7.o
 .debug_ranges  0x00000478       0x40 .\CortexM3\ARM_GCC_541\Debug\arm_float_to_q7.o
 .debug_ranges  0x000004b8       0x10 .\CortexM3\ARM_GCC_541\Debug\arm_q7_to_float.o
 .debug_ranges  0x000004c8       0x48 .\CortexM3\ARM_GCC_541\Debug\cyfitter_cfg.o
 .debug_ranges  0x00000510       0x38 .\CortexM3\ARM_GCC_541\Debug\Cm3Start.o
 .debug_ranges  0x00000548       0x88 .\CortexM3\ARM_GCC_541\Debug\4 - Pendulo.a(Timer_1.o)
 .debug_ranges  0x000005d0       0x50 .\CortexM3\ARM_GCC_541\Debug\4 - Pendulo.a(QuadDec_1.o)
 .debug_ranges  0x00000620       0x10 .\CortexM3\ARM_GCC_541\Debug\4 - Pendulo.a(QuadDec_1_INT.o)
 .debug_ranges  0x00000630       0x70 .\CortexM3\ARM_GCC_541\Debug\4 - Pendulo.a(isr_1.o)
 .debug_ranges  0x000006a0       0x50 .\CortexM3\ARM_GCC_541\Debug\4 - Pendulo.a(QuadDec_2.o)
 .debug_ranges  0x000006f0       0x10 .\CortexM3\ARM_GCC_541\Debug\4 - Pendulo.a(QuadDec_2_INT.o)
 .debug_ranges  0x00000700       0x88 .\CortexM3\ARM_GCC_541\Debug\4 - Pendulo.a(QuadDec_1_Cnt16.o)
 .debug_ranges  0x00000788       0x88 .\CortexM3\ARM_GCC_541\Debug\4 - Pendulo.a(QuadDec_2_Cnt16.o)
 .debug_ranges  0x00000810      0x290 .\CortexM3\ARM_GCC_541\Debug\4 - Pendulo.a(CyLib.o)
 .debug_ranges  0x00000aa0       0x88 .\CortexM3\ARM_GCC_541\Debug\4 - Pendulo.a(cyPm.o)
 .debug_ranges  0x00000b28       0x88 .\CortexM3\ARM_GCC_541\Debug\4 - Pendulo.a(PWM_Motor.o)
 .debug_ranges  0x00000bb0       0x28 .\CortexM3\ARM_GCC_541\Debug\4 - Pendulo.a(Pin_IN1.o)
 .debug_ranges  0x00000bd8       0x28 .\CortexM3\ARM_GCC_541\Debug\4 - Pendulo.a(Pin_IN2.o)
 .debug_ranges  0x00000c00       0xe0 .\CortexM3\ARM_GCC_541\Debug\4 - Pendulo.a(UART_1.o)
 .debug_ranges  0x00000ce0       0x18 .\CortexM3\ARM_GCC_541\Debug\4 - Pendulo.a(UART_1_INT.o)
 .debug_ranges  0x00000cf8       0x60 .\CortexM3\ARM_GCC_541\Debug\4 - Pendulo.a(UART_1_IntClock.o)
 .debug_ranges  0x00000d58       0x70 .\CortexM3\ARM_GCC_541\Debug\4 - Pendulo.a(isr_2.o)
 .debug_ranges  0x00000dc8       0x28 .\CortexM3\ARM_GCC_541\Debug\4 - Pendulo.a(pin_flag.o)
 .debug_ranges  0x00000df0       0x78 .\CortexM3\ARM_GCC_541\Debug\4 - Pendulo.a(CyFlash.o)
 .debug_ranges  0x00000e68       0x70 .\CortexM3\ARM_GCC_541\Debug\4 - Pendulo.a(CySpc.o)

.comment        0x00000000       0x6e
 .comment       0x00000000       0x6e .\CortexM3\ARM_GCC_541\Debug\main.o
                                 0x6f (size before relaxing)
 .comment       0x0000006e       0x6f .\CortexM3\ARM_GCC_541\Debug\motor.o
 .comment       0x0000006e       0x6f .\CortexM3\ARM_GCC_541\Debug\pid.o
 .comment       0x0000006e       0x6f .\CortexM3\ARM_GCC_541\Debug\pendulo.o
 .comment       0x0000006e       0x6f .\CortexM3\ARM_GCC_541\Debug\uartp_pend.o
 .comment       0x0000006e       0x6f .\CortexM3\ARM_GCC_541\Debug\ctrl_pend.o
 .comment       0x0000006e       0x6f .\CortexM3\ARM_GCC_541\Debug\uartp2.o
 .comment       0x0000006e       0x6f .\CortexM3\ARM_GCC_541\Debug\arm_add_f32.o
 .comment       0x0000006e       0x6f .\CortexM3\ARM_GCC_541\Debug\arm_dot_prod_f32.o
 .comment       0x0000006e       0x6f .\CortexM3\ARM_GCC_541\Debug\arm_mat_init_f32.o
 .comment       0x0000006e       0x6f .\CortexM3\ARM_GCC_541\Debug\arm_mat_mult_f32.o
 .comment       0x0000006e       0x6f .\CortexM3\ARM_GCC_541\Debug\arm_scale_f32.o
 .comment       0x0000006e       0x6f .\CortexM3\ARM_GCC_541\Debug\arm_dot_prod_q31.o
 .comment       0x0000006e       0x6f .\CortexM3\ARM_GCC_541\Debug\arm_scale_q31.o
 .comment       0x0000006e       0x6f .\CortexM3\ARM_GCC_541\Debug\arm_add_q31.o