Archive member included to satisfy reference by file (symbol)

.\CortexM3\ARM_GCC_541\Debug\4 - Pendulo.a(Timer_1.o)
                              .\CortexM3\ARM_GCC_541\Debug\main.o (Timer_1_Stop)
.\CortexM3\ARM_GCC_541\Debug\4 - Pendulo.a(QuadDec_1.o)
                              .\CortexM3\ARM_GCC_541\Debug\pendulo.o (QuadDec_1_GetCounter)
.\CortexM3\ARM_GCC_541\Debug\4 - Pendulo.a(QuadDec_1_INT.o)
                              .\CortexM3\ARM_GCC_541\Debug\4 - Pendulo.a(QuadDec_1.o) (QuadDec_1_ISR)
.\CortexM3\ARM_GCC_541\Debug\4 - Pendulo.a(isr_1.o)
                              .\CortexM3\ARM_GCC_541\Debug\pendulo.o (isr_1_StartEx)
.\CortexM3\ARM_GCC_541\Debug\4 - Pendulo.a(QuadDec_2.o)
                              .\CortexM3\ARM_GCC_541\Debug\pendulo.o (QuadDec_2_GetCounter)
.\CortexM3\ARM_GCC_541\Debug\4 - Pendulo.a(QuadDec_2_INT.o)
                              .\CortexM3\ARM_GCC_541\Debug\4 - Pendulo.a(QuadDec_2.o) (QuadDec_2_ISR)
.\CortexM3\ARM_GCC_541\Debug\4 - Pendulo.a(QuadDec_1_Cnt16.o)
                              .\CortexM3\ARM_GCC_541\Debug\4 - Pendulo.a(QuadDec_1.o) (QuadDec_1_Cnt16_Stop)
.\CortexM3\ARM_GCC_541\Debug\4 - Pendulo.a(QuadDec_2_Cnt16.o)
                              .\CortexM3\ARM_GCC_541\Debug\4 - Pendulo.a(QuadDec_2.o) (QuadDec_2_Cnt16_Stop)
.\CortexM3\ARM_GCC_541\Debug\4 - Pendulo.a(CyLib.o)
                              .\CortexM3\ARM_GCC_541\Debug\Cm3Start.o (CyHalt)
.\CortexM3\ARM_GCC_541\Debug\4 - Pendulo.a(cyPm.o)
                              .\CortexM3\ARM_GCC_541\Debug\4 - Pendulo.a(CyLib.o) (CyPmReadStatus)
.\CortexM3\ARM_GCC_541\Debug\4 - Pendulo.a(PWM_Motor.o)
                              .\CortexM3\ARM_GCC_541\Debug\motor.o (PWM_Motor_WriteCompare)
.\CortexM3\ARM_GCC_541\Debug\4 - Pendulo.a(Pin_IN1.o)
                              .\CortexM3\ARM_GCC_541\Debug\motor.o (Pin_IN1_Write)
.\CortexM3\ARM_GCC_541\Debug\4 - Pendulo.a(Pin_IN2.o)
                              .\CortexM3\ARM_GCC_541\Debug\motor.o (Pin_IN2_Write)
.\CortexM3\ARM_GCC_541\Debug\4 - Pendulo.a(UART_1.o)
                              .\CortexM3\ARM_GCC_541\Debug\uartp_pend.o (UART_1_Start)
.\CortexM3\ARM_GCC_541\Debug\4 - Pendulo.a(UART_1_INT.o)
                              .\CortexM3\ARM_GCC_541\Debug\4 - Pendulo.a(UART_1.o) (UART_1_RXISR)
.\CortexM3\ARM_GCC_541\Debug\4 - Pendulo.a(UART_1_IntClock.o)
                              .\CortexM3\ARM_GCC_541\Debug\4 - Pendulo.a(UART_1.o) (UART_1_IntClock_Start)
.\CortexM3\ARM_GCC_541\Debug\4 - Pendulo.a(isr_2.o)
                              .\CortexM3\ARM_GCC_541\Debug\uartp_pend.o (isr_2_StartEx)
.\CortexM3\ARM_GCC_541\Debug\4 - Pendulo.a(pin_flag.o)
                              .\CortexM3\ARM_GCC_541\Debug\main.o (pin_flag_Write)
.\CortexM3\ARM_GCC_541\Debug\4 - Pendulo.a(CyBootAsmGnu.o)
                              .\CortexM3\ARM_GCC_541\Debug\cyfitter_cfg.o (CyDelayCycles)
.\CortexM3\ARM_GCC_541\Debug\4 - Pendulo.a(CyFlash.o)
                              .\CortexM3\ARM_GCC_541\Debug\4 - Pendulo.a(cyPm.o) (CyFlash_SetWaitCycles)
.\CortexM3\ARM_GCC_541\Debug\4 - Pendulo.a(CySpc.o)
                              .\CortexM3\ARM_GCC_541\Debug\4 - Pendulo.a(CyFlash.o) (CySpcStart)
d:/psoc/psoc creator/4.4/psoc creator/import/gnu/arm/5.4.1/bin/../lib/gcc/arm-none-eabi/5.4.1/armv7-m\libgcc.a(_arm_addsubsf3.o)
                              .\CortexM3\ARM_GCC_541\Debug\motor.o (__aeabi_fsub)
d:/psoc/psoc creator/4.4/psoc creator/import/gnu/arm/5.4.1/bin/../lib/gcc/arm-none-eabi/5.4.1/armv7-m\libgcc.a(_arm_muldivsf3.o)
                              .\CortexM3\ARM_GCC_541\Debug\motor.o (__aeabi_fmul)
d:/psoc/psoc creator/4.4/psoc creator/import/gnu/arm/5.4.1/bin/../lib/gcc/arm-none-eabi/5.4.1/armv7-m\libgcc.a(_arm_cmpsf2.o)
                              .\CortexM3\ARM_GCC_541\Debug\ctrl_pend.o (__aeabi_fcmpeq)
d:/psoc/psoc creator/4.4/psoc creator/import/gnu/arm/5.4.1/bin/../lib/gcc/arm-none-eabi/5.4.1/armv7-m\libgcc.a(_arm_fixsfsi.o)
                              .\CortexM3\ARM_GCC_541\Debug\motor.o (__aeabi_f2iz)
d:/psoc/psoc creator/4.4/psoc creator/import/gnu/arm/5.4.1/bin/../lib/gcc/arm-none-eabi/5.4.1/armv7-m\libgcc.a(_arm_fixunssfsi.o)
                              .\CortexM3\ARM_GCC_541\Debug\uartp_pend.o (__aeabi_f2uiz)
d:/psoc/psoc creator/4.4/psoc creator/import/gnu/arm/5.4.1/bin/../lib/gcc/arm-none-eabi/5.4.1/armv7-m\libgcc.a(_fixsfdi.o)
                              .\CortexM3\ARM_GCC_541\Debug\arm_float_to_q31.o (__aeabi_f2lz)
d:/psoc/psoc creator/4.4/psoc creator/import/gnu/arm/5.4.1/bin/../lib/gcc/arm-none-eabi/5.4.1/armv7-m\libgcc.a(_fixunssfdi.o)
                              d:/psoc/psoc creator/4.4/psoc creator/import/gnu/arm/5.4.1/bin/../lib/gcc/arm-none-eabi/5.4.1/armv7-m\libgcc.a(_fixsfdi.o) (__aeabi_f2ulz)
d:/psoc/psoc creator/4.4/psoc creator/import/gnu/arm/5.4.1/bin/../lib/gcc/arm-none-eabi/5.4.1/armv7-m\libgcc.a(_arm_addsubdf3.o)
[...]
Memory Configuration

Name             Origin             Length             Attributes
rom              0x00000000         0x00040000         xr
ram              0x1fff8000         0x00010000         xrw
*default*        0x00000000         0xffffffff

Linker script and memory map

LOAD d:/psoc/psoc creator/4.4/psoc creator/import/gnu/arm/5.4.1/bin/../lib/gcc/arm-none-eabi/5.4.1/armv7-m/crti.o
LOAD d:/psoc/psoc creator/4.4/psoc creator/import/gnu/arm/5.4.1/bin/../lib/gcc/arm-none-eabi/5.4.1/armv7-m/crtbegin.o
LOAD d:/psoc/psoc creator/4.4/psoc creator/import/gnu/arm/5.4.1/bin/../lib/gcc/arm-none-eabi/5.4.1/../../../../arm-none-eabi/lib/armv7-m/crt0.o
START GROUP
LOAD .\CortexM3\ARM_GCC_541\Debug\main.o
LOAD .\CortexM3\ARM_GCC_541\Debug\motor.o
LOAD .\CortexM3\ARM_GCC_541\Debug\pid.o
LOAD .\CortexM3\ARM_GCC_541\Debug\pendulo.o
LOAD .\CortexM3\ARM_GCC_541\Debug\uartp_pend.o
LOAD .\CortexM3\ARM_GCC_541\Debug\ctrl_pend.o
LOAD .\CortexM3\ARM_GCC_541\Debug\uartp2.o
LOAD .\CortexM3\ARM_GCC_541\Debug\arm_add_f32.o
LOAD .\CortexM3\ARM_GCC_541\Debug\arm_dot_prod_f32.o
LOAD .\CortexM3\ARM_GCC_541\Debug\arm_mat_init_f32.o
LOAD .\CortexM3\ARM_GCC_541\Debug\arm_mat_mult_f32.o
LOAD .\CortexM3\ARM_GCC_541\Debug\arm_scale_f32.o
LOAD .\CortexM3\ARM_GCC_541\Debug\arm_dot_prod_q31.o
LOAD .\CortexM3\ARM_GCC_541\Debug\arm_scale_q31.o
LOAD .\CortexM3\ARM_GCC_541\Debug\arm_add_q31.o
LOAD .\CortexM3\ARM_GCC_541\Debug\arm_float_to_q31.o
LOAD .\CortexM3\ARM_GCC_541\Debug\arm_q31_to_float.o
LOAD .\CortexM3\ARM_GCC_541\Debug\arm_dot_prod_q15.o
LOAD .\CortexM3\ARM_GCC_541\Debug\arm_scale_q15.o
LOAD .\CortexM3\ARM_GCC_541\Debug\arm_add_q15.o
LOAD .\CortexM3\ARM_GCC_541\Debug\arm_float_to_q15.o
LOAD .\CortexM3\ARM_GCC_541\Debug\arm_q15_to_float.o
LOAD .\CortexM3\ARM_GCC_541\Debug\arm_dot_prod_q7.o
LOAD .\CortexM3\ARM_GCC_541\Debug\arm_scale_q7.o
LOAD .\CortexM3\ARM_GCC_541\Debug\arm_add_q7.o
LOAD .\CortexM3\ARM_GCC_541\Debug\arm_float_to_q7.o
LOAD .\CortexM3\ARM_GCC_541\Debug\arm_q7_to_float.o
LOAD .\CortexM3\ARM_GCC_541\Debug\cyfitter_cfg.o
LOAD .\CortexM3\ARM_GCC_541\Debug\cymetadata.o
LOAD .\CortexM3\ARM_GCC_541\Debug\Cm3Start.o
LOAD .\CortexM3\ARM_GCC_541\Debug\4 - Pendulo.a
LOAD D:\PSoc\PSoC Creator\4.4\PSoC Creator\psoc\content\cycomponentlibrary\CyComponentLibrary.cylib\CortexM3\ARM_GCC_541\Debug\CyComponentLibrary.a
LOAD d:/psoc/psoc creator/4.4/psoc creator/import/gnu/arm/5.4.1/bin/../lib/gcc/arm-none-eabi/5.4.1/../../../../arm-none-eabi/lib/armv7-m\libm.a
END GROUP
START GROUP
LOAD d:/psoc/psoc creator/4.4/psoc creator/import/gnu/arm/5.4.1/bin/../lib/gcc/arm-none-eabi/5.4.1/armv7-m\libgcc.a
LOAD d:/psoc/psoc creator/4.4/psoc creator/import/gnu/arm/5.4.1/bin/../lib/gcc/arm-none-eabi/5.4.1/../../../../arm-none-eabi/lib/armv7-m\libg_nano.a
LOAD d:/psoc/psoc creator/4.4/psoc creator/import/gnu/arm/5.4.1/bin/../lib/gcc/arm-none-eabi/5.4.1/../../../../arm-none-eabi/lib/armv7-m\libc_nano.a
END GROUP
START GROUP
LOAD d:/psoc/psoc creator/4.4/psoc creator/import/gnu/arm/5.4.1/bin/../lib/gcc/arm-none-eabi/5.4.1/armv7-m\libgcc.a
LOAD d:/psoc/psoc creator/4.4/psoc creator/import/gnu/arm/5.4.1/bin/../lib/gcc/arm-none-eabi/5.4.1/../../../../arm-none-eabi/lib/armv7-m\libc_nano.a
END GROUP
LOAD d:/psoc/psoc creator/4.4/psoc creator/import/gnu/arm/5.4.1/bin/../lib/gcc/arm-none-eabi/5.4.1/armv7-m/crtend.o
LOAD d:/psoc/psoc creator/4.4/psoc creator/import/gnu/arm/5.4.1/bin/../lib/gcc/arm-none-eabi/5.4.1/armv7-m/crtn.o
START GROUP
LOAD d:/psoc/psoc creator/4.4/psoc creator/import/gnu/arm/5.4.1/bin/../lib/gcc/arm-none-eabi/5.4.1/armv7-m\libgcc.a
LOAD d:/psoc/psoc creator/4.4/psoc creator/import/gnu/arm/5.4.1/bin/../lib/gcc/arm-none-eabi/5.4.1/../../../../arm-none-eabi/lib/armv7-m\libc.a
LOAD d:/psoc/psoc creator/4.4/psoc creator/import/gnu/arm/5.4.1/bin/../lib/gcc/arm-none-eabi/5.4.1/../../../../arm-none-eabi/lib/armv7-m\libnosys.a
END GROUP
                0x00000000                CY_APPL_ORIGIN = 0x0
                0x00000100                CY_FLASH_ROW_SIZE = 0x100
                0x00000020                CY_ECC_ROW_SIZE = 0x20
                0x00000000                CY_EE_IN_BTLDR = 0x0
                0x00000000                CY_APPL_LOADABLE = 0x0
                0x00000800                CY_EE_SIZE = 0x800
                0x00000001                CY_APPL_NUM = 0x1
                0x00000001                CY_APPL_MAX = 0x1
                0x00000040                CY_METADATA_SIZE = 0x40
                0x00000000                CY_APPL_LOADABLE = 0x0
                0x00000000                CY_CHECKSUM_EXCLUDE_SIZE = ALIGN (0x0, CY_FLASH_ROW_SIZE)
                [!provide]                PROVIDE (__cy_heap_start, _end)
                0x00000001                PROVIDE (__cy_region_num, ((__cy_regions_end - __cy_regions) / 0x10))
                0x20008000                PROVIDE (__cy_stack, (ORIGIN (ram) + LENGTH (ram)))
                [!provide]                PROVIDE (__cy_heap_end, (__cy_stack - 0x800))

.cybootloader   0x00000000        0x0
 *(.cybootloader)
                0x00000000                appl1_start = CY_APPL_ORIGIN?CY_APPL_ORIGIN:ALIGN (CY_FLASH_ROW_SIZE)
                0x0001ff00                appl2_start = (appl1_start + ALIGN ((((LENGTH (rom) - appl1_start) - (0x2 * CY_FLASH_ROW_SIZE)) / 0x2), CY_FLASH_ROW_SIZE))
                0x00000000                appl_start = (CY_APPL_NUM == 0x1)?appl1_start:appl2_start
                0x00000000                ecc_offset = ((appl_start / CY_FLASH_ROW_SIZE) * CY_ECC_ROW_SIZE)
                0x00000000                ee_offset = (CY_APPL_LOADABLE && ! (CY_EE_IN_BTLDR))?((CY_EE_SIZE / CY_APPL_MAX) * (CY_APPL_NUM - 0x1)):0x0
                0x00000800                ee_size = (CY_APPL_LOADABLE && ! (CY_EE_IN_BTLDR))?(CY_EE_SIZE / CY_APPL_MAX):CY_EE_SIZE
                [!provide]                PROVIDE (CY_ECC_OFFSET, ecc_offset)

.text           0x00000000     0x51e2
 CREATE_OBJECT_SYMBOLS
                0x00000000                PROVIDE (__cy_interrupt_vector, RomVectors)
 *(.romvectors)
 .romvectors    0x00000000       0x10 .\CortexM3\ARM_GCC_541\Debug\Cm3Start.o
                0x00000000                RomVectors
                0x00000001                ASSERT ((. != __cy_interrupt_vector), No interrupt vector)
                0x00000001                ASSERT (CY_APPL_ORIGIN?(SIZEOF (.cybootloader) <= CY_APPL_ORIGIN):0x1, Wrong image location)
                0x00000010                PROVIDE (__cy_reset, Reset)
 *(.text.Reset)
 .text.Reset    0x00000010       0x18 .\CortexM3\ARM_GCC_541\Debug\Cm3Start.o
                0x00000010                Reset
                0x00000001                ASSERT ((. != __cy_reset), No reset code)
 *(.dma_init)
                0x00000001                ASSERT ((((appl_start + .) <= 0x10000) || 0x1), DMA Init must be within the first 64k of flash)
 *(.text .text.* .gnu.linkonce.t.*)
 .text          0x00000028       0x5c d:/psoc/psoc creator/4.4/psoc creator/import/gnu/arm/5.4.1/bin/../lib/gcc/arm-none-eabi/5.4.1/armv7-m/crtbegin.o
 .text.main     0x00000084      0x218 .\CortexM3\ARM_GCC_541\Debug\main.o
                0x00000084                main
 .text.Motor_Control
                0x0000029c       0x60 .\CortexM3\ARM_GCC_541\Debug\motor.o
                0x0000029c                Motor_Control
 .text.Motor_Free
                0x000002fc       0x18 .\CortexM3\ARM_GCC_541\Debug\motor.o
                0x000002fc                Motor_Free
 .text.PWM_Desde_Voltaje
                0x00000314       0x8c .\CortexM3\ARM_GCC_541\Debug\motor.o
                0x00000314                PWM_Desde_Voltaje
 .text.Control_Timer_ISR
                0x000003a0       0x14 .\CortexM3\ARM_GCC_541\Debug\pendulo.o
                0x000003a0                Control_Timer_ISR
 .text.pendulo_init
                0x000003b4       0x40 .\CortexM3\ARM_GCC_541\Debug\pendulo.o
                0x000003b4                pendulo_init
 .text.pendulo_read
                0x000003f4       0x38 .\CortexM3\ARM_GCC_541\Debug\pendulo.o
                0x000003f4                pendulo_read
 .text.ll_wait_byte
                0x0000042c       0x28 .\CortexM3\ARM_GCC_541\Debug\uartp_pend.o
 .text.ll_putchar
                0x00000454        0x8 .\CortexM3\ARM_GCC_541\Debug\uartp_pend.o
 .text.ll_recv_word4
                0x0000045c       0x90 .\CortexM3\ARM_GCC_541\Debug\uartp_pend.o
 .text.handle_cmd_p
                0x000004ec      0x1c8 .\CortexM3\ARM_GCC_541\Debug\uartp_pend.o
 .text.UARTP_Rx_ISR
                0x000006b4       0xc4 .\CortexM3\ARM_GCC_541\Debug\uartp_pend.o
                0x000006b4                UARTP_Rx_ISR
 .text.UARTP_Init
                0x00000778       0x28 .\CortexM3\ARM_GCC_541\Debug\uartp_pend.o
                0x00000778                UARTP_Init
 .text.UARTP_ProcessCommand
                0x000007a0      0x144 .\CortexM3\ARM_GCC_541\Debug\uartp_pend.o
                0x000007a0                UARTP_ProcessCommand
 .text.satf     0x000008e4       0x28 .\CortexM3\ARM_GCC_541\Debug\ctrl_pend.o
 .text.mode_ss  0x0000090c       0x10 .\CortexM3\ARM_GCC_541\Debug\ctrl_pend.o
 .text.mode_has_i
                0x0000091c       0x10 .\CortexM3\ARM_GCC_541\Debug\ctrl_pend.o
 .text.tf_step  0x0000092c       0xcc .\CortexM3\ARM_GCC_541\Debug\ctrl_pend.o
 .text.ss_yhat_q31
                0x000009f8      0x13c .\CortexM3\ARM_GCC_541\Debug\ctrl_pend.o
 .text.ss_obs_act_correct_q31
                0x00000b34      0x124 .\CortexM3\ARM_GCC_541\Debug\ctrl_pend.o
 .text.ss_predict_q31
                0x00000c58      0x194 .\CortexM3\ARM_GCC_541\Debug\ctrl_pend.o
 .text.ss_obs_pred_q31
                0x00000dec      0x138 .\CortexM3\ARM_GCC_541\Debug\ctrl_pend.o
 .text.ss_obs_act_predict_q31
                0x00000f24       0x14 .\CortexM3\ARM_GCC_541\Debug\ctrl_pend.o
 .text.ss_u_cmd_q31
                0x00000f38      0x138 .\CortexM3\ARM_GCC_541\Debug\ctrl_pend.o
 .text.ss_yhat_q15
                0x00001070      0x150 .\CortexM3\ARM_GCC_541\Debug\ctrl_pend.o
 .text.ss_obs_act_correct_q15
                0x000011c0      0x130 .\CortexM3\ARM_GCC_541\Debug\ctrl_pend.o
 .text.ss_predict_q15
                0x000012f0      0x1a8 .\CortexM3\ARM_GCC_541\Debug\ctrl_pend.o
 .text.ss_obs_pred_q15
                0x00001498      0x144 .\CortexM3\ARM_GCC_541\Debug\ctrl_pend.o
 .text.ss_obs_act_predict_q15
                0x000015dc       0x14 .\CortexM3\ARM_GCC_541\Debug\ctrl_pend.o
 .text.ss_u_cmd_q15
                0x000015f0      0x144 .\CortexM3\ARM_GCC_541\Debug\ctrl_pend.o
 .text.ss_yhat_q7
                0x00001734      0x144 .\CortexM3\ARM_GCC_541\Debug\ctrl_pend.o
 .text.ss_obs_act_correct_q7
                0x00001878      0x12c .\CortexM3\ARM_GCC_541\Debug\ctrl_pend.o
 .text.ss_predict_q7
                0x000019a4      0x194 .\CortexM3\ARM_GCC_541\Debug\ctrl_pend.o
 .text.ss_obs_pred_q7
                0x00001b38      0x140 .\CortexM3\ARM_GCC_541\Debug\ctrl_pend.o
 .text.ss_obs_act_predict_q7
                0x00001c78       0x14 .\CortexM3\ARM_GCC_541\Debug\ctrl_pend.o
 .text.ss_u_cmd_q7
                0x00001c8c      0x138 .\CortexM3\ARM_GCC_541\Debug\ctrl_pend.o
 .text.ss_yhat_f32
                0x00001dc4       0x2c .\CortexM3\ARM_GCC_541\Debug\ctrl_pend.o
 .text.ss_obs_act_correct_f32
                0x00001df0       0x3c .\CortexM3\ARM_GCC_541\Debug\ctrl_pend.o
 .text.obs_act_correct
                0x00001e2c       0x30 .\CortexM3\ARM_GCC_541\Debug\ctrl_pend.o
 .text.ss_predict_f32
                0x00001e5c       0x48 .\CortexM3\ARM_GCC_541\Debug\ctrl_pend.o
 .text.ss_obs_pred_f32
                0x00001ea4       0x48 .\CortexM3\ARM_GCC_541\Debug\ctrl_pend.o
 .text.obs_pred
                0x00001eec       0x30 .\CortexM3\ARM_GCC_541\Debug\ctrl_pend.o
 .text.ss_obs_act_predict_f32
                0x00001f1c       0x14 .\CortexM3\ARM_GCC_541\Debug\ctrl_pend.o
 .text.obs_act_predict
                0x00001f30       0x30 .\CortexM3\ARM_GCC_541\Debug\ctrl_pend.o
 .text.ss_u_cmd_f32
                0x00001f60       0x44 .\CortexM3\ARM_GCC_541\Debug\ctrl_pend.o
 .text.u_cmd    0x00001fa4       0x30 .\CortexM3\ARM_GCC_541\Debug\ctrl_pend.o
 .text.run_step
                0x00001fd4      0x13c .\CortexM3\ARM_GCC_541\Debug\ctrl_pend.o
 .text.ctrl_init
                0x00002110       0x58 .\CortexM3\ARM_GCC_541\Debug\ctrl_pend.o
                0x00002110                ctrl_init
 .text.ctrl_set_mode
                0x00002168       0x1c .\CortexM3\ARM_GCC_541\Debug\ctrl_pend.o
                0x00002168                ctrl_set_mode
 .text.ctrl_apply_coeffs
                0x00002184      0x52c .\CortexM3\ARM_GCC_541\Debug\ctrl_pend.o
                0x00002184                ctrl_apply_coeffs
 .text.ctrl_set_num_type
                0x000026b0       0x10 .\CortexM3\ARM_GCC_541\Debug\ctrl_pend.o
                0x000026b0                ctrl_set_num_type
 .text.ctrl_start
                0x000026c0       0x7c .\CortexM3\ARM_GCC_541\Debug\ctrl_pend.o
                0x000026c0                ctrl_start
 .text.ctrl_stop
                0x0000273c       0x14 .\CortexM3\ARM_GCC_541\Debug\ctrl_pend.o
                0x0000273c                ctrl_stop
 .text.ctrl_update_ref
                0x00002750        0xc .\CortexM3\ARM_GCC_541\Debug\ctrl_pend.o
                0x00002750                ctrl_update_ref
 .text.ctrl_set_sat
                0x0000275c       0x48 .\CortexM3\ARM_GCC_541\Debug\ctrl_pend.o
                0x0000275c                ctrl_set_sat
 .text.ctrl_step
                0x000027a4      0x12c .\CortexM3\ARM_GCC_541\Debug\ctrl_pend.o
                0x000027a4                ctrl_step
 .text.arm_add_f32
                0x000028d0       0x90 .\CortexM3\ARM_GCC_541\Debug\arm_add_f32.o
                0x000028d0                arm_add_f32
 .text.arm_dot_prod_f32
                0x00002960       0xa0 .\CortexM3\ARM_GCC_541\Debug\arm_dot_prod_f32.o
                0x00002960                arm_dot_prod_f32
 .text.arm_scale_f32
                0x00002a00       0x88 .\CortexM3\ARM_GCC_541\Debug\arm_scale_f32.o
                0x00002a00                arm_scale_f32
 .text.arm_dot_prod_q31
                0x00002a88      0x174 .\CortexM3\ARM_GCC_541\Debug\arm_dot_prod_q31.o
                0x00002a88                arm_dot_prod_q31
 .text.arm_scale_q31
                0x00002bfc      0x1f4 .\CortexM3\ARM_GCC_541\Debug\arm_scale_q31.o
                0x00002bfc                arm_scale_q31
 .text.arm_add_q31
                0x00002df0      0x104 .\CortexM3\ARM_GCC_541\Debug\arm_add_q31.o
                0x00002df0                arm_add_q31
 .text.arm_float_to_q31
                0x00002ef4       0xdc .\CortexM3\ARM_GCC_541\Debug\arm_float_to_q31.o
                0x00002ef4                arm_float_to_q31
 .text.arm_dot_prod_q15
                0x00002fd0       0x90 .\CortexM3\ARM_GCC_541\Debug\arm_dot_prod_q15.o
                0x00002fd0                arm_dot_prod_q15
 .text.arm_scale_q15
                0x00003060       0x90 .\CortexM3\ARM_GCC_541\Debug\arm_scale_q15.o
                0x00003060                arm_scale_q15
 .text.arm_add_q15
                0x000030f0       0x98 .\CortexM3\ARM_GCC_541\Debug\arm_add_q15.o
                0x000030f0                arm_add_q15
 .text.arm_float_to_q15
                0x00003188       0xa0 .\CortexM3\ARM_GCC_541\Debug\arm_float_to_q15.o
                0x00003188                arm_float_to_q15
 .text.arm_dot_prod_q7
                0x00003228       0xcc .\CortexM3\ARM_GCC_541\Debug\arm_dot_prod_q7.o
                0x00003228                arm_dot_prod_q7
 .text.arm_scale_q7
                0x000032f4       0x9c .\CortexM3\ARM_GCC_541\Debug\arm_scale_q7.o
                0x000032f4                arm_scale_q7
 .text.arm_add_q7
                0x00003390       0x94 .\CortexM3\ARM_GCC_541\Debug\arm_add_q7.o
                0x00003390                arm_add_q7
 .text.arm_float_to_q7
                0x00003424       0xa0 .\CortexM3\ARM_GCC_541\Debug\arm_float_to_q7.o
                0x00003424                arm_float_to_q7
 .text.CyClockStartupError
                0x000034c4        0x4 .\CortexM3\ARM_GCC_541\Debug\cyfitter_cfg.o
 .text.cfg_write_bytes32
                0x000034c8       0x34 .\CortexM3\ARM_GCC_541\Debug\cyfitter_cfg.o
 .text.AnalogSetDefault
                0x000034fc       0x28 .\CortexM3\ARM_GCC_541\Debug\cyfitter_cfg.o
 .text.CYMEMZERO
                0x00003524        0xc .\CortexM3\ARM_GCC_541\Debug\cyfitter_cfg.o
 .text.ClockSetup
                0x00003530       0xc0 .\CortexM3\ARM_GCC_541\Debug\cyfitter_cfg.o
 .text.CYCONFIGCPY
                0x000035f0        0x8 .\CortexM3\ARM_GCC_541\Debug\cyfitter_cfg.o
 .text.cyfitter_cfg
                0x000035f8      0x104 .\CortexM3\ARM_GCC_541\Debug\cyfitter_cfg.o
                0x000035f8                cyfitter_cfg
 .text.IntDefaultHandler
                0x000036fc       0x10 .\CortexM3\ARM_GCC_541\Debug\Cm3Start.o
                0x000036fc                IntDefaultHandler
 .text.Start_c  0x0000370c       0x4c .\CortexM3\ARM_GCC_541\Debug\Cm3Start.o
                0x0000370c                Start_c
 .text.initialize_psoc
                0x00003758       0x68 .\CortexM3\ARM_GCC_541\Debug\Cm3Start.o
                0x00003758                initialize_psoc
 .text.Timer_1_Enable
                0x000037c0       0x10 .\CortexM3\ARM_GCC_541\Debug\4 - Pendulo.a(Timer_1.o)
                0x000037c0                Timer_1_Enable
 .text.Timer_1_Stop
                0x000037d0       0x10 .\CortexM3\ARM_GCC_541\Debug\4 - Pendulo.a(Timer_1.o)
                0x000037d0                Timer_1_Stop
 .text.Timer_1_SetInterruptMode
                0x000037e0        0xc .\CortexM3\ARM_GCC_541\Debug\4 - Pendulo.a(Timer_1.o)
                0x000037e0                Timer_1_SetInterruptMode
 .text.Timer_1_SoftwareCapture
                0x000037ec        0xc .\CortexM3\ARM_GCC_541\Debug\4 - Pendulo.a(Timer_1.o)
                0x000037ec                Timer_1_SoftwareCapture
 .text.Timer_1_ReadStatusRegister
                0x000037f8        0xc .\CortexM3\ARM_GCC_541\Debug\4 - Pendulo.a(Timer_1.o)
                0x000037f8                Timer_1_ReadStatusRegister
 .text.Timer_1_WritePeriod
                0x00003804        0xc .\CortexM3\ARM_GCC_541\Debug\4 - Pendulo.a(Timer_1.o)
                0x00003804                Timer_1_WritePeriod
 .text.Timer_1_ReadCapture
                0x00003810        0xc .\CortexM3\ARM_GCC_541\Debug\4 - Pendulo.a(Timer_1.o)
                0x00003810                Timer_1_ReadCapture
 .text.Timer_1_WriteCounter
                0x0000381c        0xc .\CortexM3\ARM_GCC_541\Debug\4 - Pendulo.a(Timer_1.o)
                0x0000381c                Timer_1_WriteCounter
 .text.Timer_1_SetCaptureMode
                0x00003828       0x1c .\CortexM3\ARM_GCC_541\Debug\4 - Pendulo.a(Timer_1.o)
                0x00003828                Timer_1_SetCaptureMode
 .text.Timer_1_ClearFIFO
                0x00003844       0x14 .\CortexM3\ARM_GCC_541\Debug\4 - Pendulo.a(Timer_1.o)
                0x00003844                Timer_1_ClearFIFO
 .text.Timer_1_Init
                0x00003858       0x3c .\CortexM3\ARM_GCC_541\Debug\4 - Pendulo.a(Timer_1.o)
                0x00003858                Timer_1_Init
 .text.Timer_1_Start
                0x00003894       0x1c .\CortexM3\ARM_GCC_541\Debug\4 - Pendulo.a(Timer_1.o)
                0x00003894                Timer_1_Start
 .text.QuadDec_1_Init
                0x000038b0       0x24 .\CortexM3\ARM_GCC_541\Debug\4 - Pendulo.a(QuadDec_1.o)
                0x000038b0                QuadDec_1_Init
 .text.QuadDec_1_GetCounter
                0x000038d4       0x2c .\CortexM3\ARM_GCC_541\Debug\4 - Pendulo.a(QuadDec_1.o)
                0x000038d4                QuadDec_1_GetCounter
 .text.QuadDec_1_GetEvents
                0x00003900       0x10 .\CortexM3\ARM_GCC_541\Debug\4 - Pendulo.a(QuadDec_1.o)
                0x00003900                QuadDec_1_GetEvents
 .text.QuadDec_1_SetInterruptMask
                0x00003910       0x10 .\CortexM3\ARM_GCC_541\Debug\4 - Pendulo.a(QuadDec_1.o)
                0x00003910                QuadDec_1_SetInterruptMask
 .text.QuadDec_1_Enable
                0x00003920       0x30 .\CortexM3\ARM_GCC_541\Debug\4 - Pendulo.a(QuadDec_1.o)
                0x00003920                QuadDec_1_Enable
 .text.QuadDec_1_Start
                0x00003950       0x34 .\CortexM3\ARM_GCC_541\Debug\4 - Pendulo.a(QuadDec_1.o)
                0x00003950                QuadDec_1_Start
 .text.QuadDec_1_ISR
                0x00003984       0x40 .\CortexM3\ARM_GCC_541\Debug\4 - Pendulo.a(QuadDec_1_INT.o)
                0x00003984                QuadDec_1_ISR
 .text.isr_1_SetVector
                0x000039c4        0xc .\CortexM3\ARM_GCC_541\Debug\4 - Pendulo.a(isr_1.o)
                0x000039c4                isr_1_SetVector
 .text.isr_1_SetPriority
                0x000039d0       0x10 .\CortexM3\ARM_GCC_541\Debug\4 - Pendulo.a(isr_1.o)
                0x000039d0                isr_1_SetPriority
 .text.isr_1_Enable
                0x000039e0        0xc .\CortexM3\ARM_GCC_541\Debug\4 - Pendulo.a(isr_1.o)
                0x000039e0                isr_1_Enable
 .text.isr_1_Disable
                0x000039ec        0xc .\CortexM3\ARM_GCC_541\Debug\4 - Pendulo.a(isr_1.o)
                0x000039ec                isr_1_Disable
 .text.isr_1_StartEx
                0x000039f8       0x1c .\CortexM3\ARM_GCC_541\Debug\4 - Pendulo.a(isr_1.o)
                0x000039f8                isr_1_StartEx
 .text.QuadDec_2_Init
                0x00003a14       0x24 .\CortexM3\ARM_GCC_541\Debug\4 - Pendulo.a(QuadDec_2.o)
                0x00003a14                QuadDec_2_Init
 .text.QuadDec_2_GetCounter
                0x00003a38       0x2c .\CortexM3\ARM_GCC_541\Debug\4 - Pendulo.a(QuadDec_2.o)
                0x00003a38                QuadDec_2_GetCounter
 .text.QuadDec_2_GetEvents
                0x00003a64       0x10 .\CortexM3\ARM_GCC_541\Debug\4 - Pendulo.a(QuadDec_2.o)
                0x00003a64                QuadDec_2_GetEvents
 .text.QuadDec_2_SetInterruptMask
                0x00003a74       0x10 .\CortexM3\ARM_GCC_541\Debug\4 - Pendulo.a(QuadDec_2.o)
                0x00003a74                QuadDec_2_SetInterruptMask
 .text.QuadDec_2_Enable
                0x00003a84       0x30 .\CortexM3\ARM_GCC_541\Debug\4 - Pendulo.a(QuadDec_2.o)
                0x00003a84                QuadDec_2_Enable
 .text.QuadDec_2_Start
                0x00003ab4       0x34 .\CortexM3\ARM_GCC_541\Debug\4 - Pendulo.a(QuadDec_2.o)
                0x00003ab4                QuadDec_2_Start
 .text.QuadDec_2_ISR
                0x00003ae8       0x40 .\CortexM3\ARM_GCC_541\Debug\4 - Pendulo.a(QuadDec_2_INT.o)
                0x00003ae8                QuadDec_2_ISR
 .text.QuadDec_1_Cnt16_Enable
                0x00003b28       0x10 .\CortexM3\ARM_GCC_541\Debug\4 - Pendulo.a(QuadDec_1_Cnt16.o)
                0x00003b28                QuadDec_1_Cnt16_Enable
 .text.QuadDec_1_Cnt16_SetInterruptMode
                0x00003b38        0xc .\CortexM3\ARM_GCC_541\Debug\4 - Pendulo.a(QuadDec_1_Cnt16.o)
                0x00003b38                QuadDec_1_Cnt16_SetInterruptMode
 .text.QuadDec_1_Cnt16_ReadStatusRegister
                0x00003b44        0xc .\CortexM3\ARM_GCC_541\Debug\4 - Pendulo.a(QuadDec_1_Cnt16.o)
                0x00003b44                QuadDec_1_Cnt16_ReadStatusRegister
 .text.QuadDec_1_Cnt16_WriteCounter
                0x00003b50        0xc .\CortexM3\ARM_GCC_541\Debug\4 - Pendulo.a(QuadDec_1_Cnt16.o)
                0x00003b50                QuadDec_1_Cnt16_WriteCounter
 .text.QuadDec_1_Cnt16_ReadCounter
                0x00003b5c       0x14 .\CortexM3\ARM_GCC_541\Debug\4 - Pendulo.a(QuadDec_1_Cnt16.o)
                0x00003b5c                QuadDec_1_Cnt16_ReadCounter
 .text.QuadDec_1_Cnt16_ReadCapture
                0x00003b70        0xc .\CortexM3\ARM_GCC_541\Debug\4 - Pendulo.a(QuadDec_1_Cnt16.o)
                0x00003b70                QuadDec_1_Cnt16_ReadCapture
 .text.QuadDec_1_Cnt16_WritePeriod
                0x00003b7c        0xc .\CortexM3\ARM_GCC_541\Debug\4 - Pendulo.a(QuadDec_1_Cnt16.o)
                0x00003b7c                QuadDec_1_Cnt16_WritePeriod
 .text.QuadDec_1_Cnt16_WriteCompare
                0x00003b88        0xc .\CortexM3\ARM_GCC_541\Debug\4 - Pendulo.a(QuadDec_1_Cnt16.o)
                0x00003b88                QuadDec_1_Cnt16_WriteCompare
 .text.QuadDec_1_Cnt16_ClearFIFO
                0x00003b94       0x14 .\CortexM3\ARM_GCC_541\Debug\4 - Pendulo.a(QuadDec_1_Cnt16.o)
                0x00003b94                QuadDec_1_Cnt16_ClearFIFO
 .text.QuadDec_1_Cnt16_Init
                0x00003ba8       0x58 .\CortexM3\ARM_GCC_541\Debug\4 - Pendulo.a(QuadDec_1_Cnt16.o)
                0x00003ba8                QuadDec_1_Cnt16_Init
 .text.QuadDec_1_Cnt16_Start
                0x00003c00       0x1c .\CortexM3\ARM_GCC_541\Debug\4 - Pendulo.a(QuadDec_1_Cnt16.o)
                0x00003c00                QuadDec_1_Cnt16_Start
 .text.QuadDec_2_Cnt16_Enable
                0x00003c1c       0x10 .\CortexM3\ARM_GCC_541\Debug\4 - Pendulo.a(QuadDec_2_Cnt16.o)
                0x00003c1c                QuadDec_2_Cnt16_Enable
 .text.QuadDec_2_Cnt16_SetInterruptMode
                0x00003c2c        0xc .\CortexM3\ARM_GCC_541\Debug\4 - Pendulo.a(QuadDec_2_Cnt16.o)
                0x00003c2c                QuadDec_2_Cnt16_SetInterruptMode
 .text.QuadDec_2_Cnt16_ReadStatusRegister
                0x00003c38        0xc .\CortexM3\ARM_GCC_541\Debug\4 - Pendulo.a(QuadDec_2_Cnt16.o)
                0x00003c38                QuadDec_2_Cnt16_ReadStatusRegister
 .text.QuadDec_2_Cnt16_WriteCounter
                0x00003c44        0xc .\CortexM3\ARM_GCC_541\Debug\4 - Pendulo.a(QuadDec_2_Cnt16.o)
                0x00003c44                QuadDec_2_Cnt16_WriteCounter
 .text.QuadDec_2_Cnt16_ReadCounter
                0x00003c50       0x14 .\CortexM3\ARM_GCC_541\Debug\4 - Pendulo.a(QuadDec_2_Cnt16.o)
                0x00003c50                QuadDec_2_Cnt16_ReadCounter
 .text.QuadDec_2_Cnt16_ReadCapture
                0x00003c64        0xc .\CortexM3\ARM_GCC_541\Debug\4 - Pendulo.a(QuadDec_2_Cnt16.o)
                0x00003c64                QuadDec_2_Cnt16_ReadCapture
 .text.QuadDec_2_Cnt16_WritePeriod
                0x00003c70        0xc .\CortexM3\ARM_GCC_541\Debug\4 - Pendulo.a(QuadDec_2_Cnt16.o)
                0x00003c70                QuadDec_2_Cnt16_WritePeriod
 .text.QuadDec_2_Cnt16_WriteCompare
                0x00003c7c        0xc .\CortexM3\ARM_GCC_541\Debug\4 - Pendulo.a(QuadDec_2_Cnt16.o)
                0x00003c7c                QuadDec_2_Cnt16_WriteCompare
 .text.QuadDec_2_Cnt16_ClearFIFO
                0x00003c88       0x14 .\CortexM3\ARM_GCC_541\Debug\4 - Pendulo.a(QuadDec_2_Cnt16.o)
                0x00003c88                QuadDec_2_Cnt16_ClearFIFO
 .text.QuadDec_2_Cnt16_Init
                0x00003c9c       0x58 .\CortexM3\ARM_GCC_541\Debug\4 - Pendulo.a(QuadDec_2_Cnt16.o)
                0x00003c9c                QuadDec_2_Cnt16_Init
 .text.QuadDec_2_Cnt16_Start
                0x00003cf4       0x1c .\CortexM3\ARM_GCC_541\Debug\4 - Pendulo.a(QuadDec_2_Cnt16.o)
                0x00003cf4                QuadDec_2_Cnt16_Start
 .text.CyHalt   0x00003d10        0x4 .\CortexM3\ARM_GCC_541\Debug\4 - Pendulo.a(CyLib.o)
                0x00003d10                CyHalt
 .text.CyDelay  0x00003d14       0x2c .\CortexM3\ARM_GCC_541\Debug\4 - Pendulo.a(CyLib.o)
                0x00003d14                CyDelay
 .text.CyIntSetVector
                0x00003d40       0x28 .\CortexM3\ARM_GCC_541\Debug\4 - Pendulo.a(CyLib.o)
                0x00003d40                CyIntSetVector
 .text.CyIntSetPriority
                0x00003d68       0x30 .\CortexM3\ARM_GCC_541\Debug\4 - Pendulo.a(CyLib.o)
                0x00003d68                CyIntSetPriority
 .text.PWM_Motor_Enable
                0x00003d98       0x10 .\CortexM3\ARM_GCC_541\Debug\4 - Pendulo.a(PWM_Motor.o)
                0x00003d98                PWM_Motor_Enable
 .text.PWM_Motor_WriteCounter
                0x00003da8        0xc .\CortexM3\ARM_GCC_541\Debug\4 - Pendulo.a(PWM_Motor.o)
                0x00003da8                PWM_Motor_WriteCounter
 .text.PWM_Motor_WritePeriod
                0x00003db4        0xc .\CortexM3\ARM_GCC_541\Debug\4 - Pendulo.a(PWM_Motor.o)
                0x00003db4                PWM_Motor_WritePeriod
 .text.PWM_Motor_WriteCompare
                0x00003dc0        0xc .\CortexM3\ARM_GCC_541\Debug\4 - Pendulo.a(PWM_Motor.o)
                0x00003dc0                PWM_Motor_WriteCompare
 .text.PWM_Motor_SetInterruptMode
                0x00003dcc        0xc .\CortexM3\ARM_GCC_541\Debug\4 - Pendulo.a(PWM_Motor.o)
                0x00003dcc                PWM_Motor_SetInterruptMode
 .text.PWM_Motor_ReadStatusRegister
                0x00003dd8        0xc .\CortexM3\ARM_GCC_541\Debug\4 - Pendulo.a(PWM_Motor.o)
                0x00003dd8                PWM_Motor_ReadStatusRegister
 .text.PWM_Motor_ReadCapture
                0x00003de4        0xc .\CortexM3\ARM_GCC_541\Debug\4 - Pendulo.a(PWM_Motor.o)
                0x00003de4                PWM_Motor_ReadCapture
 .text.PWM_Motor_ClearFIFO
                0x00003df0       0x14 .\CortexM3\ARM_GCC_541\Debug\4 - Pendulo.a(PWM_Motor.o)
                0x00003df0                PWM_Motor_ClearFIFO
 .text.PWM_Motor_Init
                0x00003e04       0x60 .\CortexM3\ARM_GCC_541\Debug\4 - Pendulo.a(PWM_Motor.o)
                0x00003e04                PWM_Motor_Init
 .text.PWM_Motor_Start
                0x00003e64       0x1c .\CortexM3\ARM_GCC_541\Debug\4 - Pendulo.a(PWM_Motor.o)
                0x00003e64                PWM_Motor_Start
 .text.Pin_IN1_Write
                0x00003e80       0x18 .\CortexM3\ARM_GCC_541\Debug\4 - Pendulo.a(Pin_IN1.o)
                0x00003e80                Pin_IN1_Write
 .text.Pin_IN2_Write
                0x00003e98       0x18 .\CortexM3\ARM_GCC_541\Debug\4 - Pendulo.a(Pin_IN2.o)
                0x00003e98                Pin_IN2_Write
 .text.UART_1_Init
                0x00003eb0       0x5c .\CortexM3\ARM_GCC_541\Debug\4 - Pendulo.a(UART_1.o)
                0x00003eb0                UART_1_Init
 .text.UART_1_Enable
                0x00003f0c       0x50 .\CortexM3\ARM_GCC_541\Debug\4 - Pendulo.a(UART_1.o)
                0x00003f0c                UART_1_Enable
 .text.UART_1_Start
                0x00003f5c       0x1c .\CortexM3\ARM_GCC_541\Debug\4 - Pendulo.a(UART_1.o)
                0x00003f5c                UART_1_Start
 .text.UART_1_ReadRxData
                0x00003f78       0x64 .\CortexM3\ARM_GCC_541\Debug\4 - Pendulo.a(UART_1.o)
                0x00003f78                UART_1_ReadRxData
 .text.UART_1_GetRxBufferSize
                0x00003fdc       0x6c .\CortexM3\ARM_GCC_541\Debug\4 - Pendulo.a(UART_1.o)
                0x00003fdc                UART_1_GetRxBufferSize
 .text.UART_1_WriteTxData
                0x00004048       0x60 .\CortexM3\ARM_GCC_541\Debug\4 - Pendulo.a(UART_1.o)
                0x00004048                UART_1_WriteTxData
 .text.UART_1_PutChar
                0x000040a8       0x7c .\CortexM3\ARM_GCC_541\Debug\4 - Pendulo.a(UART_1.o)
                0x000040a8                UART_1_PutChar
 .text.UART_1_PutArray
                0x00004124       0x28 .\CortexM3\ARM_GCC_541\Debug\4 - Pendulo.a(UART_1.o)
                0x00004124                UART_1_PutArray
 .text.UART_1_RXISR
                0x0000414c       0x9c .\CortexM3\ARM_GCC_541\Debug\4 - Pendulo.a(UART_1_INT.o)
                0x0000414c                UART_1_RXISR
 .text.UART_1_TXISR
                0x000041e8       0x5c .\CortexM3\ARM_GCC_541\Debug\4 - Pendulo.a(UART_1_INT.o)
                0x000041e8                UART_1_TXISR
 .text.UART_1_IntClock_Start
                0x00004244       0x1c .\CortexM3\ARM_GCC_541\Debug\4 - Pendulo.a(UART_1_IntClock.o)
                0x00004244                UART_1_IntClock_Start
 .text.isr_2_SetVector
                0x00004260        0xc .\CortexM3\ARM_GCC_541\Debug\4 - Pendulo.a(isr_2.o)
                0x00004260                isr_2_SetVector
 .text.isr_2_SetPriority
                0x0000426c       0x10 .\CortexM3\ARM_GCC_541\Debug\4 - Pendulo.a(isr_2.o)
                0x0000426c                isr_2_SetPriority
 .text.isr_2_Enable
                0x0000427c        0xc .\CortexM3\ARM_GCC_541\Debug\4 - Pendulo.a(isr_2.o)
                0x0000427c                isr_2_Enable
 .text.isr_2_Disable
                0x00004288        0xc .\CortexM3\ARM_GCC_541\Debug\4 - Pendulo.a(isr_2.o)
                0x00004288                isr_2_Disable
 .text.isr_2_StartEx
                0x00004294       0x1c .\CortexM3\ARM_GCC_541\Debug\4 - Pendulo.a(isr_2.o)
                0x00004294                isr_2_StartEx
 .text.pin_flag_Write
                0x000042b0       0x18 .\CortexM3\ARM_GCC_541\Debug\4 - Pendulo.a(pin_flag.o)
                0x000042b0                pin_flag_Write
 .text          0x000042c8       0x20 .\CortexM3\ARM_GCC_541\Debug\4 - Pendulo.a(CyBootAsmGnu.o)
                0x000042c8                CyDelayCycles
                0x000042d8                CyEnterCriticalSection
                0x000042e0                CyExitCriticalSection
 .text          0x000042e8      0x21c d:/psoc/psoc creator/4.4/psoc creator/import/gnu/arm/5.4.1/bin/../lib/gcc/arm-none-eabi/5.4.1/armv7-m\libgcc.a(_arm_addsubsf3.o)
                0x000042e8                __aeabi_frsub
                0x000042f0                __subsf3
                0x000042f0                __aeabi_fsub
                0x000042f4                __aeabi_fadd
                0x000042f4                __addsf3
                0x00004454                __aeabi_ui2f
                0x00004454                __floatunsisf
                0x0000445c                __aeabi_i2f
                0x0000445c                __floatsisf
                0x00004478                __aeabi_ul2f
                0x00004478                __floatundisf
                0x00004488                __aeabi_l2f
                0x00004488                __floatdisf
 .text          0x00004504      0x2a0 d:/psoc/psoc creator/4.4/psoc creator/import/gnu/arm/5.4.1/bin/../lib/gcc/arm-none-eabi/5.4.1/armv7-m\libgcc.a(_arm_muldivsf3.o)
                0x00004504                __mulsf3
                0x00004504                __aeabi_fmul
                0x0000466c                __aeabi_fdiv
                0x0000466c                __divsf3
 .text          0x000047a4       0xec d:/psoc/psoc creator/4.4/psoc creator/import/gnu/arm/5.4.1/bin/../lib/gcc/arm-none-eabi/5.4.1/armv7-m\libgcc.a(_arm_cmpsf2.o)
                0x000047a4                __gesf2
                0x000047a4                __gtsf2
                0x000047ac                __lesf2
                0x000047ac                __ltsf2
                0x000047b4                __nesf2
                0x000047b4                __eqsf2
                0x000047b4                __cmpsf2
                0x00004814                __aeabi_cfrcmple
                0x0000481c                __aeabi_cfcmpeq
                0x0000481c                __aeabi_cfcmple
                0x0000482c                __aeabi_fcmpeq
                0x00004840                __aeabi_fcmplt
                0x00004854                __aeabi_fcmple
                0x00004868                __aeabi_fcmpge
                0x0000487c                __aeabi_fcmpgt
 .text          0x00004890       0x4c d:/psoc/psoc creator/4.4/psoc creator/import/gnu/arm/5.4.1/bin/../lib/gcc/arm-none-eabi/5.4.1/armv7-m\libgcc.a(_arm_fixsfsi.o)
                0x00004890                __aeabi_f2iz
                0x00004890                __fixsfsi
 .text          0x000048dc       0x40 d:/psoc/psoc creator/4.4/psoc creator/import/gnu/arm/5.4.1/bin/../lib/gcc/arm-none-eabi/5.4.1/armv7-m\libgcc.a(_arm_fixunssfsi.o)
                0x000048dc                __fixunssfsi
                0x000048dc                __aeabi_f2uiz
 .text          0x0000491c       0x28 d:/psoc/psoc creator/4.4/psoc creator/import/gnu/arm/5.4.1/bin/../lib/gcc/arm-none-eabi/5.4.1/armv7-m\libgcc.a(_fixsfdi.o)
                0x0000491c                __fixsfdi
                0x0000491c                __aeabi_f2lz
 .text          0x00004944       0x4c d:/psoc/psoc creator/4.4/psoc creator/import/gnu/arm/5.4.1/bin/../lib/gcc/arm-none-eabi/5.4.1/armv7-m\libgcc.a(_fixunssfdi.o)
                0x00004944                __fixunssfdi
                0x00004944                __aeabi_f2ulz
 .text          0x00004990      0x370 d:/psoc/psoc creator/4.4/psoc creator/import/gnu/arm/5.4.1/bin/../lib/gcc/arm-none-eabi/5.4.1/armv7-m\libgcc.a(_arm_addsubdf3.o)
                0x00004990                __aeabi_drsub
                0x00004998                __aeabi_dsub
                0x00004998                __subdf3
                0x0000499c                __aeabi_dadd
                0x0000499c                __adddf3
                0x00004c14                __floatunsidf
                0x00004c14                __aeabi_ui2d
                0x00004c34                __floatsidf
                0x00004c34                __aeabi_i2d
                0x00004c58                __aeabi_f2d
                0x00004c58                __extendsfdf2
                0x00004c94                __floatundidf
                0x00004c94                __aeabi_ul2d
                0x00004ca4                __floatdidf
                0x00004ca4                __aeabi_l2d
 .text          0x00004d00      0x424 d:/psoc/psoc creator/4.4/psoc creator/import/gnu/arm/5.4.1/bin/../lib/gcc/arm-none-eabi/5.4.1/armv7-m\libgcc.a(_arm_muldivdf3.o)
                0x00004d00                __aeabi_dmul
                0x00004d00                __muldf3
                0x00004f54                __divdf3
                0x00004f54                __aeabi_ddiv
 .text          0x00005124       0x40 d:/psoc/psoc creator/4.4/psoc creator/import/gnu/arm/5.4.1/bin/../lib/gcc/arm-none-eabi/5.4.1/armv7-m\libgcc.a(_arm_fixunsdfsi.o)
                0x00005124                __aeabi_d2uiz
                0x00005124                __fixunsdfsi
 .text.__errno  0x00005164        0xc d:/psoc/psoc creator/4.4/psoc creator/import/gnu/arm/5.4.1/bin/../lib/gcc/arm-none-eabi/5.4.1/../../../../arm-none-eabi/lib/armv7-m\libg_nano.a(lib_a-errno.o)
                0x00005164                __errno
 .text.__libc_init_array
                0x00005170       0x4c d:/psoc/psoc creator/4.4/psoc creator/import/gnu/arm/5.4.1/bin/../lib/gcc/arm-none-eabi/5.4.1/../../../../arm-none-eabi/lib/armv7-m\libg_nano.a(lib_a-init.o)
                0x00005170                __libc_init_array
 .text.memcpy   0x000051bc       0x16 d:/psoc/psoc creator/4.4/psoc creator/import/gnu/arm/5.4.1/bin/../lib/gcc/arm-none-eabi/5.4.1/../../../../arm-none-eabi/lib/armv7-m\libg_nano.a(lib_a-memcpy-stub.o)
                0x000051bc                memcpy
 .text.memset   0x000051d2       0x10 d:/psoc/psoc creator/4.4/psoc creator/import/gnu/arm/5.4.1/bin/../lib/gcc/arm-none-eabi/5.4.1/../../../../arm-none-eabi/lib/armv7-m\libg_nano.a(lib_a-memset.o)
                0x000051d2                memset
 *(.plt)
 *(.gnu.warning)
 *(.glue_7t)
 .glue_7t       0x000051e2        0x0 linker stubs
 *(.glue_7)
 .glue_7        0x000051e2        0x0 linker stubs
 *(.vfp11_veneer)
 .vfp11_veneer  0x000051e2        0x0 linker stubs
 *(.bootloader)
 *(.ARM.extab* .gnu.linkonce.armextab.*)
 *(.gcc_except_table)

.v4_bx          0x000051e4        0x0
 .v4_bx         0x000051e4        0x0 linker stubs

.iplt           0x000051e4        0x0
 .iplt          0x000051e4        0x0 d:/psoc/psoc creator/4.4/psoc creator/import/gnu/arm/5.4.1/bin/../lib/gcc/arm-none-eabi/5.4.1/armv7-m/crtbegin.o

.eh_frame_hdr
 *(.eh_frame_hdr)

.eh_frame       0x000051e4        0x4
 *(.eh_frame)
 .eh_frame      0x000051e4        0x0 d:/psoc/psoc creator/4.4/psoc creator/import/gnu/arm/5.4.1/bin/../lib/gcc/arm-none-eabi/5.4.1/armv7-m/crtbegin.o
 .eh_frame      0x000051e4        0x4 d:/psoc/psoc creator/4.4/psoc creator/import/gnu/arm/5.4.1/bin/../lib/gcc/arm-none-eabi/5.4.1/armv7-m/crtend.o
                [!provide]                PROVIDE (__exidx_start, .)

.ARM.exidx
 *(.ARM.exidx* .gnu.linkonce.armexidx.*)
                0x000051e8                __exidx_end = .

.rodata         0x000051e8       0x68
 *(.rodata .rodata.* .gnu.linkonce.r.*)
 .rodata        0x000051e8       0x30 .\CortexM3\ARM_GCC_541\Debug\cyfitter_cfg.o
 .rodata.str1.1
                0x00005218        0x2 d:/psoc/psoc creator/4.4/psoc creator/import/gnu/arm/5.4.1/bin/../lib/gcc/arm-none-eabi/5.4.1/../../../../arm-none-eabi/lib/armv7-m\libg_nano.a(lib_a-impure.o)
                0x0000521c                . = ALIGN (0x4)
 *fill*         0x0000521a        0x2 
 *(.init)
 .init          0x0000521c        0x4 d:/psoc/psoc creator/4.4/psoc creator/import/gnu/arm/5.4.1/bin/../lib/gcc/arm-none-eabi/5.4.1/armv7-m/crti.o
                0x0000521c                _init
 .init          0x00005220        0x8 d:/psoc/psoc creator/4.4/psoc creator/import/gnu/arm/5.4.1/bin/../lib/gcc/arm-none-eabi/5.4.1/armv7-m/crtn.o
                0x00005228                . = ALIGN (0x4)
                0x00005228                __preinit_array_start = .
 *(.preinit_array)
                0x00005228                __preinit_array_end = .
                0x00005228                . = ALIGN (0x4)
                0x00005228                __init_array_start = .
 *(SORT(.init_array.*))
 *(.init_array)
 .init_array    0x00005228        0x4 d:/psoc/psoc creator/4.4/psoc creator/import/gnu/arm/5.4.1/bin/../lib/gcc/arm-none-eabi/5.4.1/armv7-m/crtbegin.o
 .init_array    0x0000522c        0x4 .\CortexM3\ARM_GCC_541\Debug\Cm3Start.o
                0x00005230                __init_array_end = .
                0x00005230                . = ALIGN (0x4)
 *(.fini)
 .fini          0x00005230        0x4 d:/psoc/psoc creator/4.4/psoc creator/import/gnu/arm/5.4.1/bin/../lib/gcc/arm-none-eabi/5.4.1/armv7-m/crti.o
                0x00005230                _fini
 .fini          0x00005234        0x8 d:/psoc/psoc creator/4.4/psoc creator/import/gnu/arm/5.4.1/bin/../lib/gcc/arm-none-eabi/5.4.1/armv7-m/crtn.o
                0x0000523c                . = ALIGN (0x4)
                0x0000523c                __fini_array_start = .
 *(.fini_array)
 .fini_array    0x0000523c        0x4 d:/psoc/psoc creator/4.4/psoc creator/import/gnu/arm/5.4.1/bin/../lib/gcc/arm-none-eabi/5.4.1/armv7-m/crtbegin.o
 *(SORT(.fini_array.*))
                0x00005240                __fini_array_end = .
                0x00005240                . = ALIGN (0x4)
 *crtbegin.o(.ctors)
 *(EXCLUDE_FILE(*crtend.o) .ctors)
 *(SORT(.ctors.*))
 *crtend.o(.ctors)
                0x00005240                . = ALIGN (0x4)
 *crtbegin.o(.dtors)
 *(EXCLUDE_FILE(*crtend.o) .dtors)
 *(SORT(.dtors.*))
 *crtend.o(.dtors)
                0x00005240                . = ALIGN (0x4)
                0x00005240                __cy_regions = .
                0x00005240        0x4 LONG 0x5250 __cy_region_init_ram
                0x00005244        0x4 LONG 0x1fff80c8 __cy_region_start_data
                0x00005248        0x4 LONG 0x88 __cy_region_init_size_ram
                0x0000524c        0x4 LONG 0x758 __cy_region_zero_size_ram
                0x00005250                __cy_regions_end = .
                0x00005250                . = ALIGN (0x8)
                0x00005250                _etext = .

.cy_checksum_exclude
                0x00005250        0x0
 *(.cy_checksum_exclude)

.ramvectors     0x1fff8000       0xc0
                0x1fff8000                __cy_region_start_ram = .
 *(.ramvectors)
 .ramvectors    0x1fff8000       0xc0 .\CortexM3\ARM_GCC_541\Debug\Cm3Start.o
                0x1fff8000                CyRamVectors

.noinit         0x1fff80c0        0x1
 *(.noinit)
 .noinit        0x1fff80c0        0x1 .\CortexM3\ARM_GCC_541\Debug\4 - Pendulo.a(CyLib.o)
                0x1fff80c0                CyResetStatus

.data           0x1fff80c8       0x88 load address 0x00005250
                0x1fff80c8                __cy_region_start_data = .
 *(.jcr)
 .jcr           0x1fff80c8        0x0 d:/psoc/psoc creator/4.4/psoc creator/import/gnu/arm/5.4.1/bin/../lib/gcc/arm-none-eabi/5.4.1/armv7-m/crtbegin.o
 .jcr           0x1fff80c8        0x4 d:/psoc/psoc creator/4.4/psoc creator/import/gnu/arm/5.4.1/bin/../lib/gcc/arm-none-eabi/5.4.1/armv7-m/crtend.o
 *(.got.plt)
 *(.got)
 *(.shdata)
 *(.data .data.* .gnu.linkonce.d.*)
 .data          0x1fff80cc       0x10 .\CortexM3\ARM_GCC_541\Debug\ctrl_pend.o
                0x1fff80d8                ctrl_period_ticks
 .data          0x1fff80dc       0x10 .\CortexM3\ARM_GCC_541\Debug\4 - Pendulo.a(CyLib.o)
                0x1fff80dc                cydelay_32k_ms
                0x1fff80e0                cydelay_freq_khz
                0x1fff80e4                cydelay_freq_mhz
                0x1fff80e8                cydelay_freq_hz
 .data.impure_data
                0x1fff80ec       0x60 d:/psoc/psoc creator/4.4/psoc creator/import/gnu/arm/5.4.1/bin/../lib/gcc/arm-none-eabi/5.4.1/../../../../arm-none-eabi/lib/armv7-m\libg_nano.a(lib_a-impure.o)
 .data._impure_ptr
                0x1fff814c        0x4 d:/psoc/psoc creator/4.4/psoc creator/import/gnu/arm/5.4.1/bin/../lib/gcc/arm-none-eabi/5.4.1/../../../../arm-none-eabi/lib/armv7-m\libg_nano.a(lib_a-impure.o)
                0x1fff814c                _impure_ptr
                0x1fff8150                . = ALIGN (0x8)
 *(.ram)
                0x1fff8150                _edata = .

.igot.plt       0x1fff8150        0x0 load address 0x000052d8
 .igot.plt      0x1fff8150        0x0 d:/psoc/psoc creator/4.4/psoc creator/import/gnu/arm/5.4.1/bin/../lib/gcc/arm-none-eabi/5.4.1/armv7-m/crtbegin.o

.bss            0x1fff8150      0x758 load address 0x000052d8
                0x1fff8150                PROVIDE (__bss_start__, .)
 *(.shbss)
 *(.bss .bss.* .gnu.linkonce.b.*)
 .bss           0x1fff8150       0x1c d:/psoc/psoc creator/4.4/psoc creator/import/gnu/arm/5.4.1/bin/../lib/gcc/arm-none-eabi/5.4.1/armv7-m/crtbegin.o
 .bss           0x1fff816c        0xa .\CortexM3\ARM_GCC_541\Debug\pendulo.o
                0x1fff816c                g_flag_control
                0x1fff8170                g_prev_motor_count
                0x1fff8174                g_last_u_pwm
 *fill*         0x1fff8176        0x2 
 .bss           0x1fff8178       0xe8 .\CortexM3\ARM_GCC_541\Debug\uartp_pend.o
                0x1fff8250                g_ref_in_volts
                0x1fff8254                UARTP_PendingRef
                0x1fff8258                UARTP_SysMode
 .bss           0x1fff8260      0x238 .\CortexM3\ARM_GCC_541\Debug\ctrl_pend.o
                0x1fff8475                ctrl_telem_ready
                0x1fff8476                ctrl_period_pending
                0x1fff8478                ctrl_telem_u1
                0x1fff847c                ctrl_telem_y1
                0x1fff8480                ctrl_telem_u2
                0x1fff8484                ctrl_telem_y2
                0x1fff8488                ctrl_telem_x1i
                0x1fff848c                ctrl_telem_x2i
                0x1fff8490                ctrl_telem_x1o
                0x1fff8494                ctrl_telem_x2o
 .bss           0x1fff8498        0x1 .\CortexM3\ARM_GCC_541\Debug\4 - Pendulo.a(Timer_1.o)
                0x1fff8498                Timer_1_initVar
 .bss           0x1fff8499        0x1 .\CortexM3\ARM_GCC_541\Debug\4 - Pendulo.a(QuadDec_1.o)
                0x1fff8499                QuadDec_1_initVar
 *fill*         0x1fff849a        0x2 
 .bss           0x1fff849c        0x4 .\CortexM3\ARM_GCC_541\Debug\4 - Pendulo.a(QuadDec_1_INT.o)
                0x1fff849c                QuadDec_1_count32SoftPart
 .bss           0x1fff84a0        0x1 .\CortexM3\ARM_GCC_541\Debug\4 - Pendulo.a(QuadDec_2.o)
                0x1fff84a0                QuadDec_2_initVar
 *fill*         0x1fff84a1        0x3 
 .bss           0x1fff84a4        0x4 .\CortexM3\ARM_GCC_541\Debug\4 - Pendulo.a(QuadDec_2_INT.o)
                0x1fff84a4                QuadDec_2_count32SoftPart
 .bss           0x1fff84a8        0x1 .\CortexM3\ARM_GCC_541\Debug\4 - Pendulo.a(QuadDec_1_Cnt16.o)
                0x1fff84a8                QuadDec_1_Cnt16_initVar
 .bss           0x1fff84a9        0x1 .\CortexM3\ARM_GCC_541\Debug\4 - Pendulo.a(QuadDec_2_Cnt16.o)
                0x1fff84a9                QuadDec_2_Cnt16_initVar
 .bss           0x1fff84aa        0x1 .\CortexM3\ARM_GCC_541\Debug\4 - Pendulo.a(PWM_Motor.o)
                0x1fff84aa                PWM_Motor_initVar
 *fill*         0x1fff84ab        0x1 
 .bss           0x1fff84ac        0xd .\CortexM3\ARM_GCC_541\Debug\4 - Pendulo.a(UART_1.o)
                0x1fff84ac                UART_1_errorStatus
                0x1fff84ad                UART_1_initVar
                0x1fff84ae                UART_1_rxBufferRead
                0x1fff84b0                UART_1_rxBufferWrite
                0x1fff84b2                UART_1_rxBufferLoopDetect
                0x1fff84b3                UART_1_rxBufferOverflow
                0x1fff84b4                UART_1_txBufferRead
                0x1fff84b6                UART_1_txBufferWrite
 *(COMMON)
 *fill*         0x1fff84b9        0x3 
 COMMON         0x1fff84bc      0x3e8 .\CortexM3\ARM_GCC_541\Debug\4 - Pendulo.a(UART_1.o)
                0x1fff84bc                UART_1_txBuffer
                0x1fff86b0                UART_1_rxBuffer
                0x1fff88a8                . = ALIGN (0x8)
 *fill*         0x1fff88a4        0x4 
 *(.ram.b)
                0x1fff88a8                _end = .
                0x1fff88a8                __end = .
                0x1fff88a8                PROVIDE (end, .)
                0x1fff88a8                PROVIDE (__bss_end__, .)
                0x00005250                __cy_region_init_ram = LOADADDR (.data)
                0x00000088                __cy_region_init_size_ram = (_edata - ADDR (.data))
                0x00000758                __cy_region_zero_size_ram = (_end - _edata)

.heap           0x1fff88a8       0x80 load address 0x000052d8
                0x1fff88a8                . = _end
                0x1fff8928                . = (. + 0x80)
 *fill*         0x1fff88a8       0x80 
                0x1fff8928                __cy_heap_limit = .

.stack          0x20007800      0x800
                0x20007800                __cy_stack_limit = .
                0x20008000                . = (. + 0x800)
 *fill*         0x20007800      0x800 
                0x00000001                ASSERT ((__cy_stack_limit >= __cy_heap_limit), region RAM overflowed with stack)
                0x00000000                cy_checksum_exclude_size = (CY_APPL_LOADABLE == 0x1)?SIZEOF (.cy_checksum_exclude):0x0
                0x00000001                ASSERT ((cy_checksum_exclude_size <= CY_CHECKSUM_EXCLUDE_SIZE), CY_BOOT: Section .cy_checksum_exclude size exceedes specified limit.)

.cyloadermeta
 *(.cyloadermeta)

.cyloadablemeta
 *(.cyloadablemeta)

.cyconfigecc    0x80000000      0xd10
 *(.cyconfigecc)
 .cyconfigecc   0x80000000      0xd10 .\CortexM3\ARM_GCC_541\Debug\cymetadata.o
                0x80000000                cy_meta_configecc

.cycustnvl      0x90000000        0x4
 *(.cycustnvl)
 .cycustnvl     0x90000000        0x4 .\CortexM3\ARM_GCC_541\Debug\cymetadata.o
                0x90000000                cy_meta_custnvl

.cywolatch      0x90100000        0x4
 *(.cywolatch)
 .cywolatch     0x90100000        0x4 .\CortexM3\ARM_GCC_541\Debug\cymetadata.o
                0x90100000                cy_meta_wonvl

.cyeeprom       0x90200000        0x0
 *(.cyeeprom)
                0x00000001                ASSERT ((. <= ((0x90200000 + ee_offset) + ee_size)), .cyeeprom data will not fit in EEPROM)

.cyflashprotect
                0x90400000      0x100
 *(.cyflashprotect)
 .cyflashprotect
                0x90400000      0x100 .\CortexM3\ARM_GCC_541\Debug\cymetadata.o
                0x90400000                cy_meta_flashprotect

.cymeta         0x90500000        0xc
 *(.cymeta)
 .cymeta        0x90500000        0xc .\CortexM3\ARM_GCC_541\Debug\cymetadata.o
                0x90500000                cy_metadata

.rel.dyn        0x000052d8        0x0 load address 0x9050000c
 .rel.iplt      0x000052d8        0x0 d:/psoc/psoc creator/4.4/psoc creator/import/gnu/arm/5.4.1/bin/../lib/gcc/arm-none-eabi/5.4.1/armv7-m/crtbegin.o

.stab
 *(.stab)

.stabstr
 *(.stabstr)

.debug
 *(.debug)

.line
 *(.line)

.debug_srcinfo
 *(.debug_srcinfo)

.debug_sfnames
 *(.debug_sfnames)

.debug_aranges  0x00000000     0x1108
 *(.debug_aranges)
 .debug_aranges
                0x00000000       0x20 .\CortexM3\ARM_GCC_541\Debug\main.o
 .debug_aranges
                0x00000020       0x38 .\CortexM3\ARM_GCC_541\Debug\motor.o
 .debug_aranges
                0x00000058       0x28 .\CortexM3\ARM_GCC_541\Debug\pid.o
 .debug_aranges
                0x00000080       0x30 .\CortexM3\ARM_GCC_541\Debug\pendulo.o
 .debug_aranges
                0x000000b0       0x58 .\CortexM3\ARM_GCC_541\Debug\uartp_pend.o
 .debug_aranges
                0x00000108      0x170 .\CortexM3\ARM_GCC_541\Debug\ctrl_pend.o
 .debug_aranges
                0x00000278       0x68 .\CortexM3\ARM_GCC_541\Debug\uartp2.o
 .debug_aranges
                0x000002e0       0x20 .\CortexM3\ARM_GCC_541\Debug\arm_add_f32.o
 .debug_aranges
                0x00000300       0x20 .\CortexM3\ARM_GCC_541\Debug\arm_dot_prod_f32.o
 .debug_aranges
                0x00000320       0x20 .\CortexM3\ARM_GCC_541\Debug\arm_mat_init_f32.o
 .debug_aranges
                0x00000340       0x20 .\CortexM3\ARM_GCC_541\Debug\arm_mat_mult_f32.o
 .debug_aranges
                0x00000360       0x20 .\CortexM3\ARM_GCC_541\Debug\arm_scale_f32.o
 .debug_aranges
                0x00000380       0x20 .\CortexM3\ARM_GCC_541\Debug\arm_dot_prod_q31.o
 .debug_aranges
                0x000003a0       0x20 .\CortexM3\ARM_GCC_541\Debug\arm_scale_q31.o
 .debug_aranges
                0x000003c0       0x20 .\CortexM3\ARM_GCC_541\Debug\arm_add_q31.o
 .debug_aranges
                0x000003e0       0x20 .\CortexM3\ARM_GCC_541\Debug\arm_float_to_q31.o
 .debug_aranges
                0x00000400       0x20 .\CortexM3\ARM_GCC_541\Debug\arm_q31_to_float.o
 .debug_aranges
                0x00000420       0x20 .\CortexM3\ARM_GCC_541\Debug\arm_dot_prod_q15.o
 .debug_aranges
                0x00000440       0x20 .\CortexM3\ARM_GCC_541\Debug\arm_scale_q15.o
 .debug_aranges
                0x00000460       0x20 .\CortexM3\ARM_GCC_541\Debug\arm_add_q15.o
 .debug_aranges
                0x00000480       0x20 .\CortexM3\ARM_GCC_541\Debug\arm_float_to_q15.o
 .debug_aranges
                0x000004a0       0x20 .\CortexM3\ARM_GCC_541\Debug\arm_q15_to_float.o
 .debug_aranges
                0x000004c0       0x20 .\CortexM3\ARM_GCC_541\Debug\arm_dot_prod_q7.o
 .debug_aranges
                0x000004e0       0x20 .\CortexM3\ARM_GCC_541\Debug\arm_scale_q7.o
 .debug_aranges
                0x00000500       0x20 .\CortexM3\ARM_GCC_541\Debug\arm_add_q7.o
 .debug_aranges
                0x00000520       0x20 .\CortexM3\ARM_GCC_541\Debug\arm_float_to_q7.o
 .debug_aranges
                0x00000540       0x20 .\CortexM3\ARM_GCC_541\Debug\arm_q7_to_float.o
 .debug_aranges
                0x00000560       0x58 .\CortexM3\ARM_GCC_541\Debug\cyfitter_cfg.o
 .debug_aranges
                0x000005b8       0x18 .\CortexM3\ARM_GCC_541\Debug\cymetadata.o
 .debug_aranges
                0x000005d0       0x48 .\CortexM3\ARM_GCC_541\Debug\Cm3Start.o
 .debug_aranges
                0x00000618       0x98 .\CortexM3\ARM_GCC_541\Debug\4 - Pendulo.a(Timer_1.o)
 .debug_aranges
                0x000006b0       0x60 .\CortexM3\ARM_GCC_541\Debug\4 - Pendulo.a(QuadDec_1.o)
 .debug_aranges
                0x00000710       0x20 .\CortexM3\ARM_GCC_541\Debug\4 - Pendulo.a(QuadDec_1_INT.o)
 .debug_aranges
                0x00000730       0x80 .\CortexM3\ARM_GCC_541\Debug\4 - Pendulo.a(isr_1.o)
 .debug_aranges
                0x000007b0       0x60 .\CortexM3\ARM_GCC_541\Debug\4 - Pendulo.a(QuadDec_2.o)
 .debug_aranges
                0x00000810       0x20 .\CortexM3\ARM_GCC_541\Debug\4 - Pendulo.a(QuadDec_2_INT.o)
 .debug_aranges
                0x00000830       0x98 .\CortexM3\ARM_GCC_541\Debug\4 - Pendulo.a(QuadDec_1_Cnt16.o)
 .debug_aranges
                0x000008c8       0x98 .\CortexM3\ARM_GCC_541\Debug\4 - Pendulo.a(QuadDec_2_Cnt16.o)
 .debug_aranges
                0x00000960      0x2a0 .\CortexM3\ARM_GCC_541\Debug\4 - Pendulo.a(CyLib.o)
 .debug_aranges
                0x00000c00       0x98 .\CortexM3\ARM_GCC_541\Debug\4 - Pendulo.a(cyPm.o)
 .debug_aranges
                0x00000c98       0x98 .\CortexM3\ARM_GCC_541\Debug\4 - Pendulo.a(PWM_Motor.o)
 .debug_aranges
                0x00000d30       0x38 .\CortexM3\ARM_GCC_541\Debug\4 - Pendulo.a(Pin_IN1.o)
 .debug_aranges
                0x00000d68       0x38 .\CortexM3\ARM_GCC_541\Debug\4 - Pendulo.a(Pin_IN2.o)
 .debug_aranges
                0x00000da0       0xf0 .\CortexM3\ARM_GCC_541\Debug\4 - Pendulo.a(UART_1.o)
 .debug_aranges
                0x00000e90       0x28 .\CortexM3\ARM_GCC_541\Debug\4 - Pendulo.a(UART_1_INT.o)
 .debug_aranges
                0x00000eb8       0x70 .\CortexM3\ARM_GCC_541\Debug\4 - Pendulo.a(UART_1_IntClock.o)
 .debug_aranges
                0x00000f28       0x80 .\CortexM3\ARM_GCC_541\Debug\4 - Pendulo.a(isr_2.o)
 .debug_aranges
                0x00000fa8       0x38 .\CortexM3\ARM_GCC_541\Debug\4 - Pendulo.a(pin_flag.o)
 .debug_aranges
                0x00000fe0       0x20 .\CortexM3\ARM_GCC_541\Debug\4 - Pendulo.a(CyBootAsmGnu.o)
 .debug_aranges
                0x00001000       0x88 .\CortexM3\ARM_GCC_541\Debug\4 - Pendulo.a(CyFlash.o)
 .debug_aranges
                0x00001088       0x80 .\CortexM3\ARM_GCC_541\Debug\4 - Pendulo.a(CySpc.o)

.debug_pubnames
 *(.debug_pubnames)

.debug_info     0x00000000     0xd317
 *(.debug_info .gnu.linkonce.wi.*)
 .debug_info    0x00000000      0x3e6 .\CortexM3\ARM_GCC_541\Debug\main.o
 .debug_info    0x000003e6      0x29a .\CortexM3\ARM_GCC_541\Debug\motor.o
 .debug_info    0x00000680      0x1c7 .\CortexM3\ARM_GCC_541\Debug\pid.o
 .debug_info    0x00000847      0x28d .\CortexM3\ARM_GCC_541\Debug\pendulo.o
 .debug_info    0x00000ad4      0x8f8 .\CortexM3\ARM_GCC_541\Debug\uartp_pend.o
 .debug_info    0x000013cc     0x2fbd .\CortexM3\ARM_GCC_541\Debug\ctrl_pend.o
 .debug_info    0x00004389      0x6cf .\CortexM3\ARM_GCC_541\Debug\uartp2.o
 .debug_info    0x00004a58      0x18a .\CortexM3\ARM_GCC_541\Debug\arm_add_f32.o
 .debug_info    0x00004be2      0x121 .\CortexM3\ARM_GCC_541\Debug\arm_dot_prod_f32.o
 .debug_info    0x00004d03      0x142 .\CortexM3\ARM_GCC_541\Debug\arm_mat_init_f32.o
 .debug_info    0x00004e45      0x2a3 .\CortexM3\ARM_GCC_541\Debug\arm_mat_mult_f32.o
 .debug_info    0x000050e8      0x14e .\CortexM3\ARM_GCC_541\Debug\arm_scale_f32.o
 .debug_info    0x00005236      0x1d9 .\CortexM3\ARM_GCC_541\Debug\arm_dot_prod_q31.o
 .debug_info    0x0000540f      0x21f .\CortexM3\ARM_GCC_541\Debug\arm_scale_q31.o
 .debug_info    0x0000562e      0x32e .\CortexM3\ARM_GCC_541\Debug\arm_add_q31.o
 .debug_info    0x0000595c      0x207 .\CortexM3\ARM_GCC_541\Debug\arm_float_to_q31.o
 .debug_info    0x00005b63      0x13c .\CortexM3\ARM_GCC_541\Debug\arm_q31_to_float.o
 .debug_info    0x00005c9f      0x254 .\CortexM3\ARM_GCC_541\Debug\arm_dot_prod_q15.o
 .debug_info    0x00005ef3      0x2e5 .\CortexM3\ARM_GCC_541\Debug\arm_scale_q15.o
 .debug_info    0x000061d8      0x34c .\CortexM3\ARM_GCC_541\Debug\arm_add_q15.o
 .debug_info    0x00006524      0x22e .\CortexM3\ARM_GCC_541\Debug\arm_float_to_q15.o
 .debug_info    0x00006752      0x13c .\CortexM3\ARM_GCC_541\Debug\arm_q15_to_float.o
 .debug_info    0x0000688e      0x37c .\CortexM3\ARM_GCC_541\Debug\arm_dot_prod_q7.o
 .debug_info    0x00006c0a      0x2a3 .\CortexM3\ARM_GCC_541\Debug\arm_scale_q7.o
 .debug_info    0x00006ead      0x302 .\CortexM3\ARM_GCC_541\Debug\arm_add_q7.o
 .debug_info    0x000071af      0x22e .\CortexM3\ARM_GCC_541\Debug\arm_float_to_q7.o
 .debug_info    0x000073dd      0x13c .\CortexM3\ARM_GCC_541\Debug\arm_q7_to_float.o
 .debug_info    0x00007519      0x4da .\CortexM3\ARM_GCC_541\Debug\cyfitter_cfg.o
 .debug_info    0x000079f3      0x139 .\CortexM3\ARM_GCC_541\Debug\cymetadata.o
 .debug_info    0x00007b2c      0x3bb .\CortexM3\ARM_GCC_541\Debug\Cm3Start.o
 .debug_info    0x00007ee7      0x329 .\CortexM3\ARM_GCC_541\Debug\4 - Pendulo.a(Timer_1.o)
 .debug_info    0x00008210      0x357 .\CortexM3\ARM_GCC_541\Debug\4 - Pendulo.a(QuadDec_1.o)
 .debug_info    0x00008567       0xf3 .\CortexM3\ARM_GCC_541\Debug\4 - Pendulo.a(QuadDec_1_INT.o)
 .debug_info    0x0000865a      0x2d2 .\CortexM3\ARM_GCC_541\Debug\4 - Pendulo.a(isr_1.o)
 .debug_info    0x0000892c      0x357 .\CortexM3\ARM_GCC_541\Debug\4 - Pendulo.a(QuadDec_2.o)
 .debug_info    0x00008c83       0xf3 .\CortexM3\ARM_GCC_541\Debug\4 - Pendulo.a(QuadDec_2_INT.o)
 .debug_info    0x00008d76      0x348 .\CortexM3\ARM_GCC_541\Debug\4 - Pendulo.a(QuadDec_1_Cnt16.o)
 .debug_info    0x000090be      0x348 .\CortexM3\ARM_GCC_541\Debug\4 - Pendulo.a(QuadDec_2_Cnt16.o)
 .debug_info    0x00009406     0x1374 .\CortexM3\ARM_GCC_541\Debug\4 - Pendulo.a(CyLib.o)
 .debug_info    0x0000a77a      0xa2a .\CortexM3\ARM_GCC_541\Debug\4 - Pendulo.a(cyPm.o)
 .debug_info    0x0000b1a4      0x352 .\CortexM3\ARM_GCC_541\Debug\4 - Pendulo.a(PWM_Motor.o)
 .debug_info    0x0000b4f6      0x11f .\CortexM3\ARM_GCC_541\Debug\4 - Pendulo.a(Pin_IN1.o)
 .debug_info    0x0000b615      0x11f .\CortexM3\ARM_GCC_541\Debug\4 - Pendulo.a(Pin_IN2.o)
 .debug_info    0x0000b734      0x7b4 .\CortexM3\ARM_GCC_541\Debug\4 - Pendulo.a(UART_1.o)
 .debug_info    0x0000bee8      0x198 .\CortexM3\ARM_GCC_541\Debug\4 - Pendulo.a(UART_1_INT.o)
 .debug_info    0x0000c080      0x283 .\CortexM3\ARM_GCC_541\Debug\4 - Pendulo.a(UART_1_IntClock.o)
 .debug_info    0x0000c303      0x2d2 .\CortexM3\ARM_GCC_541\Debug\4 - Pendulo.a(isr_2.o)
 .debug_info    0x0000c5d5      0x11f .\CortexM3\ARM_GCC_541\Debug\4 - Pendulo.a(pin_flag.o)
 .debug_info    0x0000c6f4       0x86 .\CortexM3\ARM_GCC_541\Debug\4 - Pendulo.a(CyBootAsmGnu.o)
 .debug_info    0x0000c77a      0x64d .\CortexM3\ARM_GCC_541\Debug\4 - Pendulo.a(CyFlash.o)
 .debug_info    0x0000cdc7      0x550 .\CortexM3\ARM_GCC_541\Debug\4 - Pendulo.a(CySpc.o)

.debug_abbrev   0x00000000     0x354e
 *(.debug_abbrev)
 .debug_abbrev  0x00000000      0x12c .\CortexM3\ARM_GCC_541\Debug\main.o
 .debug_abbrev  0x0000012c       0xf4 .\CortexM3\ARM_GCC_541\Debug\motor.o
 .debug_abbrev  0x00000220       0xf5 .\CortexM3\ARM_GCC_541\Debug\pid.o
 .debug_abbrev  0x00000315       0xfd .\CortexM3\ARM_GCC_541\Debug\pendulo.o
 .debug_abbrev  0x00000412      0x23e .\CortexM3\ARM_GCC_541\Debug\uartp_pend.o
 .debug_abbrev  0x00000650      0x340 .\CortexM3\ARM_GCC_541\Debug\ctrl_pend.o
 .debug_abbrev  0x00000990      0x1a3 .\CortexM3\ARM_GCC_541\Debug\uartp2.o
 .debug_abbrev  0x00000b33       0x92 .\CortexM3\ARM_GCC_541\Debug\arm_add_f32.o
 .debug_abbrev  0x00000bc5       0x92 .\CortexM3\ARM_GCC_541\Debug\arm_dot_prod_f32.o
 .debug_abbrev  0x00000c57       0xa1 .\CortexM3\ARM_GCC_541\Debug\arm_mat_init_f32.o
 .debug_abbrev  0x00000cf8       0xf8 .\CortexM3\ARM_GCC_541\Debug\arm_mat_mult_f32.o
 .debug_abbrev  0x00000df0       0x92 .\CortexM3\ARM_GCC_541\Debug\arm_scale_f32.o
 .debug_abbrev  0x00000e82       0x92 .\CortexM3\ARM_GCC_541\Debug\arm_dot_prod_q31.o
 .debug_abbrev  0x00000f14       0xb0 .\CortexM3\ARM_GCC_541\Debug\arm_scale_q31.o
 .debug_abbrev  0x00000fc4       0xe2 .\CortexM3\ARM_GCC_541\Debug\arm_add_q31.o
 .debug_abbrev  0x000010a6       0xdb .\CortexM3\ARM_GCC_541\Debug\arm_float_to_q31.o
 .debug_abbrev  0x00001181       0x92 .\CortexM3\ARM_GCC_541\Debug\arm_q31_to_float.o
 .debug_abbrev  0x00001213       0xdb .\CortexM3\ARM_GCC_541\Debug\arm_dot_prod_q15.o
 .debug_abbrev  0x000012ee       0xc2 .\CortexM3\ARM_GCC_541\Debug\arm_scale_q15.o
 .debug_abbrev  0x000013b0      0x116 .\CortexM3\ARM_GCC_541\Debug\arm_add_q15.o
 .debug_abbrev  0x000014c6       0xad .\CortexM3\ARM_GCC_541\Debug\arm_float_to_q15.o
 .debug_abbrev  0x00001573       0x92 .\CortexM3\ARM_GCC_541\Debug\arm_q15_to_float.o
 .debug_abbrev  0x00001605       0xdb .\CortexM3\ARM_GCC_541\Debug\arm_dot_prod_q7.o
 .debug_abbrev  0x000016e0       0xc2 .\CortexM3\ARM_GCC_541\Debug\arm_scale_q7.o
 .debug_abbrev  0x000017a2      0x107 .\CortexM3\ARM_GCC_541\Debug\arm_add_q7.o
 .debug_abbrev  0x000018a9       0xad .\CortexM3\ARM_GCC_541\Debug\arm_float_to_q7.o
 .debug_abbrev  0x00001956       0x92 .\CortexM3\ARM_GCC_541\Debug\arm_q7_to_float.o
 .debug_abbrev  0x000019e8      0x1fe .\CortexM3\ARM_GCC_541\Debug\cyfitter_cfg.o
 .debug_abbrev  0x00001be6       0x77 .\CortexM3\ARM_GCC_541\Debug\cymetadata.o
 .debug_abbrev  0x00001c5d      0x1e8 .\CortexM3\ARM_GCC_541\Debug\Cm3Start.o
 .debug_abbrev  0x00001e45      0x13a .\CortexM3\ARM_GCC_541\Debug\4 - Pendulo.a(Timer_1.o)
 .debug_abbrev  0x00001f7f      0x128 .\CortexM3\ARM_GCC_541\Debug\4 - Pendulo.a(QuadDec_1.o)
 .debug_abbrev  0x000020a7       0x78 .\CortexM3\ARM_GCC_541\Debug\4 - Pendulo.a(QuadDec_1_INT.o)
 .debug_abbrev  0x0000211f      0x173 .\CortexM3\ARM_GCC_541\Debug\4 - Pendulo.a(isr_1.o)
 .debug_abbrev  0x00002292      0x128 .\CortexM3\ARM_GCC_541\Debug\4 - Pendulo.a(QuadDec_2.o)
 .debug_abbrev  0x000023ba       0x78 .\CortexM3\ARM_GCC_541\Debug\4 - Pendulo.a(QuadDec_2_INT.o)
 .debug_abbrev  0x00002432      0x117 .\CortexM3\ARM_GCC_541\Debug\4 - Pendulo.a(QuadDec_1_Cnt16.o)
 .debug_abbrev  0x00002549      0x117 .\CortexM3\ARM_GCC_541\Debug\4 - Pendulo.a(QuadDec_2_Cnt16.o)
 .debug_abbrev  0x00002660      0x254 .\CortexM3\ARM_GCC_541\Debug\4 - Pendulo.a(CyLib.o)
 .debug_abbrev  0x000028b4      0x1ab .\CortexM3\ARM_GCC_541\Debug\4 - Pendulo.a(cyPm.o)
 .debug_abbrev  0x00002a5f      0x133 .\CortexM3\ARM_GCC_541\Debug\4 - Pendulo.a(PWM_Motor.o)
 .debug_abbrev  0x00002b92       0x90 .\CortexM3\ARM_GCC_541\Debug\4 - Pendulo.a(Pin_IN1.o)
 .debug_abbrev  0x00002c22       0x90 .\CortexM3\ARM_GCC_541\Debug\4 - Pendulo.a(Pin_IN2.o)
 .debug_abbrev  0x00002cb2      0x16f .\CortexM3\ARM_GCC_541\Debug\4 - Pendulo.a(UART_1.o)
 .debug_abbrev  0x00002e21       0xa2 .\CortexM3\ARM_GCC_541\Debug\4 - Pendulo.a(UART_1_INT.o)
 .debug_abbrev  0x00002ec3      0x139 .\CortexM3\ARM_GCC_541\Debug\4 - Pendulo.a(UART_1_IntClock.o)
 .debug_abbrev  0x00002ffc      0x173 .\CortexM3\ARM_GCC_541\Debug\4 - Pendulo.a(isr_2.o)
 .debug_abbrev  0x0000316f       0x90 .\CortexM3\ARM_GCC_541\Debug\4 - Pendulo.a(pin_flag.o)
 .debug_abbrev  0x000031ff       0x14 .\CortexM3\ARM_GCC_541\Debug\4 - Pendulo.a(CyBootAsmGnu.o)
 .debug_abbrev  0x00003213      0x1a7 .\CortexM3\ARM_GCC_541\Debug\4 - Pendulo.a(CyFlash.o)
 .debug_abbrev  0x000033ba      0x194 .\CortexM3\ARM_GCC_541\Debug\4 - Pendulo.a(CySpc.o)

.debug_line     0x00000000     0x59d9
 *(.debug_line)
 .debug_line    0x00000000      0x22c .\CortexM3\ARM_GCC_541\Debug\main.o
 .debug_line    0x0000022c      0x1c6 .\CortexM3\ARM_GCC_541\Debug\motor.o
 .debug_line    0x000003f2      0x146 .\CortexM3\ARM_GCC_541\Debug\pid.o
 .debug_line    0x00000538      0x1c0 .\CortexM3\ARM_GCC_541\Debug\pendulo.o
 .debug_line    0x000006f8      0x36f .\CortexM3\ARM_GCC_541\Debug\uartp_pend.o
 .debug_line    0x00000a67      0xa4c .\CortexM3\ARM_GCC_541\Debug\ctrl_pend.o
 .debug_line    0x000014b3      0x2a8 .\CortexM3\ARM_GCC_541\Debug\uartp2.o
 .debug_line    0x0000175b      0x13d .\CortexM3\ARM_GCC_541\Debug\arm_add_f32.o
 .debug_line    0x00001898      0x13f .\CortexM3\ARM_GCC_541\Debug\arm_dot_prod_f32.o
 .debug_line    0x000019d7      0x123 .\CortexM3\ARM_GCC_541\Debug\arm_mat_init_f32.o
 .debug_line    0x00001afa      0x15e .\CortexM3\ARM_GCC_541\Debug\arm_mat_mult_f32.o
 .debug_line    0x00001c58      0x13d .\CortexM3\ARM_GCC_541\Debug\arm_scale_f32.o
 .debug_line    0x00001d95      0x14e .\CortexM3\ARM_GCC_541\Debug\arm_dot_prod_q31.o
 .debug_line    0x00001ee3      0x176 .\CortexM3\ARM_GCC_541\Debug\arm_scale_q31.o
 .debug_line    0x00002059      0x18f .\CortexM3\ARM_GCC_541\Debug\arm_add_q31.o
 .debug_line    0x000021e8      0x17f .\CortexM3\ARM_GCC_541\Debug\arm_float_to_q31.o
 .debug_line    0x00002367      0x13a .\CortexM3\ARM_GCC_541\Debug\arm_q31_to_float.o
 .debug_line    0x000024a1      0x162 .\CortexM3\ARM_GCC_541\Debug\arm_dot_prod_q15.o
 .debug_line    0x00002603      0x143 .\CortexM3\ARM_GCC_541\Debug\arm_scale_q15.o
 .debug_line    0x00002746      0x15b .\CortexM3\ARM_GCC_541\Debug\arm_add_q15.o
 .debug_line    0x000028a1      0x13e .\CortexM3\ARM_GCC_541\Debug\arm_float_to_q15.o
 .debug_line    0x000029df      0x13a .\CortexM3\ARM_GCC_541\Debug\arm_q15_to_float.o
 .debug_line    0x00002b19      0x187 .\CortexM3\ARM_GCC_541\Debug\arm_dot_prod_q7.o
 .debug_line    0x00002ca0      0x13d .\CortexM3\ARM_GCC_541\Debug\arm_scale_q7.o
 .debug_line    0x00002ddd      0x13d .\CortexM3\ARM_GCC_541\Debug\arm_add_q7.o
 .debug_line    0x00002f1a      0x13d .\CortexM3\ARM_GCC_541\Debug\arm_float_to_q7.o
 .debug_line    0x00003057      0x139 .\CortexM3\ARM_GCC_541\Debug\arm_q7_to_float.o
 .debug_line    0x00003190      0x1c4 .\CortexM3\ARM_GCC_541\Debug\cyfitter_cfg.o
 .debug_line    0x00003354      0x113 .\CortexM3\ARM_GCC_541\Debug\cymetadata.o
 .debug_line    0x00003467      0x206 .\CortexM3\ARM_GCC_541\Debug\Cm3Start.o
 .debug_line    0x0000366d      0x189 .\CortexM3\ARM_GCC_541\Debug\4 - Pendulo.a(Timer_1.o)
 .debug_line    0x000037f6      0x13d .\CortexM3\ARM_GCC_541\Debug\4 - Pendulo.a(QuadDec_1.o)
 .debug_line    0x00003933       0x6c .\CortexM3\ARM_GCC_541\Debug\4 - Pendulo.a(QuadDec_1_INT.o)
 .debug_line    0x0000399f      0x132 .\CortexM3\ARM_GCC_541\Debug\4 - Pendulo.a(isr_1.o)
 .debug_line    0x00003ad1      0x13d .\CortexM3\ARM_GCC_541\Debug\4 - Pendulo.a(QuadDec_2.o)
 .debug_line    0x00003c0e       0x6c .\CortexM3\ARM_GCC_541\Debug\4 - Pendulo.a(QuadDec_2_INT.o)
 .debug_line    0x00003c7a      0x18f .\CortexM3\ARM_GCC_541\Debug\4 - Pendulo.a(QuadDec_1_Cnt16.o)
 .debug_line    0x00003e09      0x18f .\CortexM3\ARM_GCC_541\Debug\4 - Pendulo.a(QuadDec_2_Cnt16.o)
 .debug_line    0x00003f98      0x816 .\CortexM3\ARM_GCC_541\Debug\4 - Pendulo.a(CyLib.o)
 .debug_line    0x000047ae      0x367 .\CortexM3\ARM_GCC_541\Debug\4 - Pendulo.a(cyPm.o)
 .debug_line    0x00004b15      0x18c .\CortexM3\ARM_GCC_541\Debug\4 - Pendulo.a(PWM_Motor.o)
 .debug_line    0x00004ca1       0x94 .\CortexM3\ARM_GCC_541\Debug\4 - Pendulo.a(Pin_IN1.o)
 .debug_line    0x00004d35       0x94 .\CortexM3\ARM_GCC_541\Debug\4 - Pendulo.a(Pin_IN2.o)
 .debug_line    0x00004dc9      0x343 .\CortexM3\ARM_GCC_541\Debug\4 - Pendulo.a(UART_1.o)
 .debug_line    0x0000510c       0xa8 .\CortexM3\ARM_GCC_541\Debug\4 - Pendulo.a(UART_1_INT.o)
 .debug_line    0x000051b4      0x17e .\CortexM3\ARM_GCC_541\Debug\4 - Pendulo.a(UART_1_IntClock.o)
 .debug_line    0x00005332      0x132 .\CortexM3\ARM_GCC_541\Debug\4 - Pendulo.a(isr_2.o)
 .debug_line    0x00005464       0x95 .\CortexM3\ARM_GCC_541\Debug\4 - Pendulo.a(pin_flag.o)
 .debug_line    0x000054f9       0x66 .\CortexM3\ARM_GCC_541\Debug\4 - Pendulo.a(CyBootAsmGnu.o)
 .debug_line    0x0000555f      0x21a .\CortexM3\ARM_GCC_541\Debug\4 - Pendulo.a(CyFlash.o)
 .debug_line    0x00005779      0x260 .\CortexM3\ARM_GCC_541\Debug\4 - Pendulo.a(CySpc.o)

.debug_frame    0x00000000     0x2b0c
 *(.debug_frame)
 .debug_frame   0x00000000       0x30 .\CortexM3\ARM_GCC_541\Debug\main.o
 .debug_frame   0x00000030       0x84 .\CortexM3\ARM_GCC_541\Debug\motor.o
 .debug_frame   0x000000b4       0x4c .\CortexM3\ARM_GCC_541\Debug\pid.o
 .debug_frame   0x00000100       0x68 .\CortexM3\ARM_GCC_541\Debug\pendulo.o
 .debug_frame   0x00000168      0x130 .\CortexM3\ARM_GCC_541\Debug\uartp_pend.o
 .debug_frame   0x00000298      0x608 .\CortexM3\ARM_GCC_541\Debug\ctrl_pend.o
 .debug_frame   0x000008a0      0x154 .\CortexM3\ARM_GCC_541\Debug\uartp2.o
 .debug_frame   0x000009f4       0x48 .\CortexM3\ARM_GCC_541\Debug\arm_add_f32.o
 .debug_frame   0x00000a3c       0x44 .\CortexM3\ARM_GCC_541\Debug\arm_dot_prod_f32.o
 .debug_frame   0x00000a80       0x20 .\CortexM3\ARM_GCC_541\Debug\arm_mat_init_f32.o
 .debug_frame   0x00000aa0       0x48 .\CortexM3\ARM_GCC_541\Debug\arm_mat_mult_f32.o
 .debug_frame   0x00000ae8       0x44 .\CortexM3\ARM_GCC_541\Debug\arm_scale_f32.o
 .debug_frame   0x00000b2c       0x48 .\CortexM3\ARM_GCC_541\Debug\arm_dot_prod_q31.o
 .debug_frame   0x00000b74       0x48 .\CortexM3\ARM_GCC_541\Debug\arm_scale_q31.o
 .debug_frame   0x00000bbc       0x48 .\CortexM3\ARM_GCC_541\Debug\arm_add_q31.o
 .debug_frame   0x00000c04       0x3c .\CortexM3\ARM_GCC_541\Debug\arm_float_to_q31.o
 .debug_frame   0x00000c40       0x3c .\CortexM3\ARM_GCC_541\Debug\arm_q31_to_float.o
 .debug_frame   0x00000c7c       0x3c .\CortexM3\ARM_GCC_541\Debug\arm_dot_prod_q15.o
 .debug_frame   0x00000cb8       0x34 .\CortexM3\ARM_GCC_541\Debug\arm_scale_q15.o
 .debug_frame   0x00000cec       0x38 .\CortexM3\ARM_GCC_541\Debug\arm_add_q15.o
 .debug_frame   0x00000d24       0x3c .\CortexM3\ARM_GCC_541\Debug\arm_float_to_q15.o
 .debug_frame   0x00000d60       0x3c .\CortexM3\ARM_GCC_541\Debug\arm_q15_to_float.o
 .debug_frame   0x00000d9c       0x38 .\CortexM3\ARM_GCC_541\Debug\arm_dot_prod_q7.o
 .debug_frame   0x00000dd4       0x38 .\CortexM3\ARM_GCC_541\Debug\arm_scale_q7.o
 .debug_frame   0x00000e0c       0x38 .\CortexM3\ARM_GCC_541\Debug\arm_add_q7.o
 .debug_frame   0x00000e44       0x3c .\CortexM3\ARM_GCC_541\Debug\arm_float_to_q7.o
 .debug_frame   0x00000e80       0x3c .\CortexM3\ARM_GCC_541\Debug\arm_q7_to_float.o
 .debug_frame   0x00000ebc       0xe4 .\CortexM3\ARM_GCC_541\Debug\cyfitter_cfg.o
 .debug_frame   0x00000fa0       0xb8 .\CortexM3\ARM_GCC_541\Debug\Cm3Start.o
 .debug_frame   0x00001058      0x134 .\CortexM3\ARM_GCC_541\Debug\4 - Pendulo.a(Timer_1.o)
 .debug_frame   0x0000118c       0xec .\CortexM3\ARM_GCC_541\Debug\4 - Pendulo.a(QuadDec_1.o)
 .debug_frame   0x00001278       0x20 .\CortexM3\ARM_GCC_541\Debug\4 - Pendulo.a(QuadDec_1_INT.o)
 .debug_frame   0x00001298      0x104 .\CortexM3\ARM_GCC_541\Debug\4 - Pendulo.a(isr_1.o)
 .debug_frame   0x0000139c       0xec .\CortexM3\ARM_GCC_541\Debug\4 - Pendulo.a(QuadDec_2.o)
 .debug_frame   0x00001488       0x20 .\CortexM3\ARM_GCC_541\Debug\4 - Pendulo.a(QuadDec_2_INT.o)
 .debug_frame   0x000014a8      0x134 .\CortexM3\ARM_GCC_541\Debug\4 - Pendulo.a(QuadDec_1_Cnt16.o)
 .debug_frame   0x000015dc      0x134 .\CortexM3\ARM_GCC_541\Debug\4 - Pendulo.a(QuadDec_2_Cnt16.o)
 .debug_frame   0x00001710      0x738 .\CortexM3\ARM_GCC_541\Debug\4 - Pendulo.a(CyLib.o)
 .debug_frame   0x00001e48      0x1f8 .\CortexM3\ARM_GCC_541\Debug\4 - Pendulo.a(cyPm.o)
 .debug_frame   0x00002040      0x134 .\CortexM3\ARM_GCC_541\Debug\4 - Pendulo.a(PWM_Motor.o)
 .debug_frame   0x00002174       0x50 .\CortexM3\ARM_GCC_541\Debug\4 - Pendulo.a(Pin_IN1.o)
 .debug_frame   0x000021c4       0x50 .\CortexM3\ARM_GCC_541\Debug\4 - Pendulo.a(Pin_IN2.o)
 .debug_frame   0x00002214      0x268 .\CortexM3\ARM_GCC_541\Debug\4 - Pendulo.a(UART_1.o)
 .debug_frame   0x0000247c       0x30 .\CortexM3\ARM_GCC_541\Debug\4 - Pendulo.a(UART_1_INT.o)
 .debug_frame   0x000024ac       0xe0 .\CortexM3\ARM_GCC_541\Debug\4 - Pendulo.a(UART_1_IntClock.o)
 .debug_frame   0x0000258c      0x104 .\CortexM3\ARM_GCC_541\Debug\4 - Pendulo.a(isr_2.o)
 .debug_frame   0x00002690       0x50 .\CortexM3\ARM_GCC_541\Debug\4 - Pendulo.a(pin_flag.o)
 .debug_frame   0x000026e0      0x194 .\CortexM3\ARM_GCC_541\Debug\4 - Pendulo.a(CyFlash.o)
 .debug_frame   0x00002874      0x180 .\CortexM3\ARM_GCC_541\Debug\4 - Pendulo.a(CySpc.o)
 .debug_frame   0x000029f4       0x30 d:/psoc/psoc creator/4.4/psoc creator/import/gnu/arm/5.4.1/bin/../lib/gcc/arm-none-eabi/5.4.1/armv7-m\libgcc.a(_fixsfdi.o)
 .debug_frame   0x00002a24       0x2c d:/psoc/psoc creator/4.4/psoc creator/import/gnu/arm/5.4.1/bin/../lib/gcc/arm-none-eabi/5.4.1/armv7-m\libgcc.a(_fixunssfdi.o)
 .debug_frame   0x00002a50       0x20 d:/psoc/psoc creator/4.4/psoc creator/import/gnu/arm/5.4.1/bin/../lib/gcc/arm-none-eabi/5.4.1/../../../../arm-none-eabi/lib/armv7-m\libg_nano.a(lib_a-errno.o)
 .debug_frame   0x00002a70       0x28 d:/psoc/psoc creator/4.4/psoc creator/import/gnu/arm/5.4.1/bin/../lib/gcc/arm-none-eabi/5.4.1/../../../../arm-none-eabi/lib/armv7-m\libg_nano.a(lib_a-exit.o)
 .debug_frame   0x00002a98       0x2c d:/psoc/psoc creator/4.4/psoc creator/import/gnu/arm/5.4.1/bin/../lib/gcc/arm-none-eabi/5.4.1/../../../../arm-none-eabi/lib/armv7-m\libg_nano.a(lib_a-init.o)
 .debug_frame   0x00002ac4       0x28 d:/psoc/psoc creator/4.4/psoc creator/import/gnu/arm/5.4.1/bin/../lib/gcc/arm-none-eabi/5.4.1/../../../../arm-none-eabi/lib/armv7-m\libg_nano.a(lib_a-memcpy-stub.o)
 .debug_frame   0x00002aec       0x20 d:/psoc/psoc creator/4.4/psoc creator/import/gnu/arm/5.4.1/bin/../lib/gcc/arm-none-eabi/5.4.1/../../../../arm-none-eabi/lib/armv7-m\libg_nano.a(lib_a-memset.o)

.debug_str      0x00000000     0x3335
 *(.debug_str)
 .debug_str     0x00000000      0x394 .\CortexM3\ARM_GCC_541\Debug\main.o
                                0x3e2 (size before relaxing)
 .debug_str     0x00000394       0x83 .\CortexM3\ARM_GCC_541\Debug\motor.o
                                0x219 (size before relaxing)
 .debug_str     0x00000417       0x6f .\CortexM3\ARM_GCC_541\Debug\pid.o
                                0x205 (size before relaxing)
 .debug_str     0x00000486       0xfd .\CortexM3\ARM_GCC_541\Debug\pendulo.o
                                0x2e8 (size before relaxing)
 .debug_str     0x00000583      0x1da .\CortexM3\ARM_GCC_541\Debug\uartp_pend.o
                                0x45b (size before relaxing)
 .debug_str     0x0000075d      0x49d .\CortexM3\ARM_GCC_541\Debug\ctrl_pend.o
                                0x81a (size before relaxing)
 .debug_str     0x00000bfa       0xd5 .\CortexM3\ARM_GCC_541\Debug\uartp2.o
                                0x314 (size before relaxing)
 .debug_str     0x00000ccf       0x63 .\CortexM3\ARM_GCC_541\Debug\arm_add_f32.o
                                0x1f3 (size before relaxing)
 .debug_str     0x00000d32       0x1a .\CortexM3\ARM_GCC_541\Debug\arm_dot_prod_f32.o
                                0x1d7 (size before relaxing)
 .debug_str     0x00000d4c       0x6c .\CortexM3\ARM_GCC_541\Debug\arm_mat_init_f32.o
                                0x1f0 (size before relaxing)
 .debug_str     0x00000db8       0xf3 .\CortexM3\ARM_GCC_541\Debug\arm_mat_mult_f32.o
                                0x2c8 (size before relaxing)
 .debug_str     0x00000eab       0x15 .\CortexM3\ARM_GCC_541\Debug\arm_scale_f32.o
                                0x1ce (size before relaxing)
 .debug_str     0x00000ec0       0x13 .\CortexM3\ARM_GCC_541\Debug\arm_dot_prod_q31.o
                                0x225 (size before relaxing)
 .debug_str     0x00000ed3       0x3c .\CortexM3\ARM_GCC_541\Debug\arm_scale_q31.o
                                0x22f (size before relaxing)
 .debug_str     0x00000f0f       0x25 .\CortexM3\ARM_GCC_541\Debug\arm_add_q31.o
                                0x230 (size before relaxing)
 .debug_str     0x00000f34       0x13 .\CortexM3\ARM_GCC_541\Debug\arm_float_to_q31.o
                                0x20e (size before relaxing)
 .debug_str     0x00000f47       0x24 .\CortexM3\ARM_GCC_541\Debug\arm_q31_to_float.o
                                0x1e6 (size before relaxing)
 .debug_str     0x00000f6b       0x27 .\CortexM3\ARM_GCC_541\Debug\arm_dot_prod_q15.o
                                0x232 (size before relaxing)
 .debug_str     0x00000f92       0x1d .\CortexM3\ARM_GCC_541\Debug\arm_scale_q15.o
                                0x241 (size before relaxing)
 .debug_str     0x00000faf       0x17 .\CortexM3\ARM_GCC_541\Debug\arm_add_q15.o
                                0x21b (size before relaxing)
 .debug_str     0x00000fc6       0x13 .\CortexM3\ARM_GCC_541\Debug\arm_float_to_q15.o
                                0x20b (size before relaxing)
 .debug_str     0x00000fd9       0x24 .\CortexM3\ARM_GCC_541\Debug\arm_q15_to_float.o
                                0x1e6 (size before relaxing)
 .debug_str     0x00000ffd       0x37 .\CortexM3\ARM_GCC_541\Debug\arm_dot_prod_q7.o
                                0x231 (size before relaxing)
 .debug_str     0x00001034        0xf .\CortexM3\ARM_GCC_541\Debug\arm_scale_q7.o
                                0x21c (size before relaxing)
 .debug_str     0x00001043       0x15 .\CortexM3\ARM_GCC_541\Debug\arm_add_q7.o
                                0x201 (size before relaxing)
 .debug_str     0x00001058       0x12 .\CortexM3\ARM_GCC_541\Debug\arm_float_to_q7.o
                                0x206 (size before relaxing)
 .debug_str     0x0000106a       0x22 .\CortexM3\ARM_GCC_541\Debug\arm_q7_to_float.o
                                0x1e1 (size before relaxing)
 .debug_str     0x0000108c      0x165 .\CortexM3\ARM_GCC_541\Debug\cyfitter_cfg.o
                                0x30b (size before relaxing)
 .debug_str     0x000011f1       0x7f .\CortexM3\ARM_GCC_541\Debug\cymetadata.o
                                0x1da (size before relaxing)
 .debug_str     0x00001270      0x132 .\CortexM3\ARM_GCC_541\Debug\Cm3Start.o
                                0x300 (size before relaxing)
 .debug_str     0x000013a2      0x13d .\CortexM3\ARM_GCC_541\Debug\4 - Pendulo.a(Timer_1.o)
                                0x378 (size before relaxing)
 .debug_str     0x000014df      0x186 .\CortexM3\ARM_GCC_541\Debug\4 - Pendulo.a(QuadDec_1.o)
                                0x380 (size before relaxing)
 .debug_str     0x00001665       0x48 .\CortexM3\ARM_GCC_541\Debug\4 - Pendulo.a(QuadDec_1_INT.o)
                                0x1e4 (size before relaxing)
 .debug_str     0x000016ad       0xf0 .\CortexM3\ARM_GCC_541\Debug\4 - Pendulo.a(isr_1.o)
                                0x29c (size before relaxing)
 .debug_str     0x0000179d      0x141 .\CortexM3\ARM_GCC_541\Debug\4 - Pendulo.a(QuadDec_2.o)
                                0x380 (size before relaxing)
 .debug_str     0x000018de       0x48 .\CortexM3\ARM_GCC_541\Debug\4 - Pendulo.a(QuadDec_2_INT.o)
                                0x1e4 (size before relaxing)
 .debug_str     0x00001926      0x1db .\CortexM3\ARM_GCC_541\Debug\4 - Pendulo.a(QuadDec_1_Cnt16.o)
                                0x40c (size before relaxing)
 .debug_str     0x00001b01      0x1bf .\CortexM3\ARM_GCC_541\Debug\4 - Pendulo.a(QuadDec_2_Cnt16.o)
                                0x40c (size before relaxing)
 .debug_str     0x00001cc0      0x7bd .\CortexM3\ARM_GCC_541\Debug\4 - Pendulo.a(CyLib.o)
                                0xa3d (size before relaxing)
 .debug_str     0x0000247d      0x365 .\CortexM3\ARM_GCC_541\Debug\4 - Pendulo.a(cyPm.o)
                                0x729 (size before relaxing)
 .debug_str     0x000027e2      0x18a .\CortexM3\ARM_GCC_541\Debug\4 - Pendulo.a(PWM_Motor.o)
                                0x3a0 (size before relaxing)
 .debug_str     0x0000296c       0x62 .\CortexM3\ARM_GCC_541\Debug\4 - Pendulo.a(Pin_IN1.o)
                                0x1e2 (size before relaxing)
 .debug_str     0x000029ce       0x57 .\CortexM3\ARM_GCC_541\Debug\4 - Pendulo.a(Pin_IN2.o)
                                0x1e2 (size before relaxing)
 .debug_str     0x00002a25      0x37b .\CortexM3\ARM_GCC_541\Debug\4 - Pendulo.a(UART_1.o)
                                0x5de (size before relaxing)
 .debug_str     0x00002da0       0x64 .\CortexM3\ARM_GCC_541\Debug\4 - Pendulo.a(UART_1_INT.o)
                                0x29e (size before relaxing)
 .debug_str     0x00002e04      0x197 .\CortexM3\ARM_GCC_541\Debug\4 - Pendulo.a(UART_1_IntClock.o)
                                0x344 (size before relaxing)
 .debug_str     0x00002f9b       0xd8 .\CortexM3\ARM_GCC_541\Debug\4 - Pendulo.a(isr_2.o)
                                0x29c (size before relaxing)
 .debug_str     0x00003073       0x5b .\CortexM3\ARM_GCC_541\Debug\4 - Pendulo.a(pin_flag.o)
                                0x1e7 (size before relaxing)
 .debug_str     0x000030ce      0x1bb .\CortexM3\ARM_GCC_541\Debug\4 - Pendulo.a(CyFlash.o)
                                0x3b6 (size before relaxing)
 .debug_str     0x00003289       0xac .\CortexM3\ARM_GCC_541\Debug\4 - Pendulo.a(CySpc.o)
                                0x32e (size before relaxing)

.debug_loc      0x00000000     0x7d5d
 *(.debug_loc)
 .debug_loc     0x00000000       0xd7 .\CortexM3\ARM_GCC_541\Debug\main.o
 .debug_loc     0x000000d7       0x7d .\CortexM3\ARM_GCC_541\Debug\motor.o
 .debug_loc     0x00000154      0x116 .\CortexM3\ARM_GCC_541\Debug\pid.o
 .debug_loc     0x0000026a       0x6b .\CortexM3\ARM_GCC_541\Debug\pendulo.o
 .debug_loc     0x000002d5      0x3e6 .\CortexM3\ARM_GCC_541\Debug\uartp_pend.o
 .debug_loc     0x000006bb     0x2281 .\CortexM3\ARM_GCC_541\Debug\ctrl_pend.o
 .debug_loc     0x0000293c      0x227 .\CortexM3\ARM_GCC_541\Debug\uartp2.o
 .debug_loc     0x00002b63      0x16d .\CortexM3\ARM_GCC_541\Debug\arm_add_f32.o
 .debug_loc     0x00002cd0      0x1a7 .\CortexM3\ARM_GCC_541\Debug\arm_dot_prod_f32.o
 .debug_loc     0x00002e77      0x3ce .\CortexM3\ARM_GCC_541\Debug\arm_mat_mult_f32.o
 .debug_loc     0x00003245      0x13f .\CortexM3\ARM_GCC_541\Debug\arm_scale_f32.o
 .debug_loc     0x00003384      0x2ed .\CortexM3\ARM_GCC_541\Debug\arm_dot_prod_q31.o
 .debug_loc     0x00003671      0x3a9 .\CortexM3\ARM_GCC_541\Debug\arm_scale_q31.o
 .debug_loc     0x00003a1a      0x30a .\CortexM3\ARM_GCC_541\Debug\arm_add_q31.o
 .debug_loc     0x00003d24      0x1af .\CortexM3\ARM_GCC_541\Debug\arm_float_to_q31.o
 .debug_loc     0x00003ed3      0x137 .\CortexM3\ARM_GCC_541\Debug\arm_q31_to_float.o
 .debug_loc     0x0000400a      0x25e .\CortexM3\ARM_GCC_541\Debug\arm_dot_prod_q15.o
 .debug_loc     0x00004268      0x31e .\CortexM3\ARM_GCC_541\Debug\arm_scale_q15.o
 .debug_loc     0x00004586      0x3cb .\CortexM3\ARM_GCC_541\Debug\arm_add_q15.o
 .debug_loc     0x00004951      0x1f5 .\CortexM3\ARM_GCC_541\Debug\arm_float_to_q15.o
 .debug_loc     0x00004b46      0x137 .\CortexM3\ARM_GCC_541\Debug\arm_q15_to_float.o
 .debug_loc     0x00004c7d      0x506 .\CortexM3\ARM_GCC_541\Debug\arm_dot_prod_q7.o
 .debug_loc     0x00005183      0x2ab .\CortexM3\ARM_GCC_541\Debug\arm_scale_q7.o
 .debug_loc     0x0000542e      0x384 .\CortexM3\ARM_GCC_541\Debug\arm_add_q7.o
 .debug_loc     0x000057b2      0x1f5 .\CortexM3\ARM_GCC_541\Debug\arm_float_to_q7.o
 .debug_loc     0x000059a7      0x137 .\CortexM3\ARM_GCC_541\Debug\arm_q7_to_float.o
 .debug_loc     0x00005ade      0x1d7 .\CortexM3\ARM_GCC_541\Debug\cyfitter_cfg.o
 .debug_loc     0x00005cb5      0x144 .\CortexM3\ARM_GCC_541\Debug\Cm3Start.o
 .debug_loc     0x00005df9       0x31 .\CortexM3\ARM_GCC_541\Debug\4 - Pendulo.a(Timer_1.o)
 .debug_loc     0x00005e2a       0xb9 .\CortexM3\ARM_GCC_541\Debug\4 - Pendulo.a(QuadDec_1.o)
 .debug_loc     0x00005ee3       0x13 .\CortexM3\ARM_GCC_541\Debug\4 - Pendulo.a(QuadDec_1_INT.o)
 .debug_loc     0x00005ef6       0x56 .\CortexM3\ARM_GCC_541\Debug\4 - Pendulo.a(isr_1.o)
 .debug_loc     0x00005f4c       0xb9 .\CortexM3\ARM_GCC_541\Debug\4 - Pendulo.a(QuadDec_2.o)
 .debug_loc     0x00006005       0x13 .\CortexM3\ARM_GCC_541\Debug\4 - Pendulo.a(QuadDec_2_INT.o)
 .debug_loc     0x00006018       0x3d .\CortexM3\ARM_GCC_541\Debug\4 - Pendulo.a(QuadDec_1_Cnt16.o)
 .debug_loc     0x00006055       0x3d .\CortexM3\ARM_GCC_541\Debug\4 - Pendulo.a(QuadDec_2_Cnt16.o)
 .debug_loc     0x00006092      0xa11 .\CortexM3\ARM_GCC_541\Debug\4 - Pendulo.a(CyLib.o)
 .debug_loc     0x00006aa3      0x1e4 .\CortexM3\ARM_GCC_541\Debug\4 - Pendulo.a(cyPm.o)
 .debug_loc     0x00006c87       0x26 .\CortexM3\ARM_GCC_541\Debug\4 - Pendulo.a(PWM_Motor.o)
 .debug_loc     0x00006cad       0x42 .\CortexM3\ARM_GCC_541\Debug\4 - Pendulo.a(Pin_IN1.o)
 .debug_loc     0x00006cef       0x42 .\CortexM3\ARM_GCC_541\Debug\4 - Pendulo.a(Pin_IN2.o)
 .debug_loc     0x00006d31      0x36c .\CortexM3\ARM_GCC_541\Debug\4 - Pendulo.a(UART_1.o)
 .debug_loc     0x0000709d       0x45 .\CortexM3\ARM_GCC_541\Debug\4 - Pendulo.a(UART_1_INT.o)
 .debug_loc     0x000070e2      0x12c .\CortexM3\ARM_GCC_541\Debug\4 - Pendulo.a(UART_1_IntClock.o)
 .debug_loc     0x0000720e       0x56 .\CortexM3\ARM_GCC_541\Debug\4 - Pendulo.a(isr_2.o)
 .debug_loc     0x00007264       0x42 .\CortexM3\ARM_GCC_541\Debug\4 - Pendulo.a(pin_flag.o)
 .debug_loc     0x000072a6      0x3b2 .\CortexM3\ARM_GCC_541\Debug\4 - Pendulo.a(CyFlash.o)
 .debug_loc     0x00007658      0x705 .\CortexM3\ARM_GCC_541\Debug\4 - Pendulo.a(CySpc.o)

.debug_macinfo
 *(.debug_macinfo)

.debug_ranges   0x00000000      0xec8
 *(.debug_ranges)
 .debug_ranges  0x00000000       0x10 .\CortexM3\ARM_GCC_541\Debug\main.o
 .debug_ranges  0x00000010       0x28 .\CortexM3\ARM_GCC_541\Debug\motor.o
 .debug_ranges  0x00000038       0x18 .\CortexM3\ARM_GCC_541\Debug\pid.o
 .debug_ranges  0x00000050       0x20 .\CortexM3\ARM_GCC_541\Debug\pendulo.o
 .debug_ranges  0x00000070       0x60 .\CortexM3\ARM_GCC_541\Debug\uartp_pend.o
 .debug_ranges  0x000000d0      0x190 .\CortexM3\ARM_GCC_541\Debug\ctrl_pend.o
 .debug_ranges  0x00000260       0x70 .\CortexM3\ARM_GCC_541\Debug\uartp2.o
 .debug_ranges  0x000002d0       0x10 .\CortexM3\ARM_GCC_541\Debug\arm_add_f32.o
 .debug_ranges  0x000002e0       0x10 .\CortexM3\ARM_GCC_541\Debug\arm_dot_prod_f32.o
 .debug_ranges  0x000002f0       0x10 .\CortexM3\ARM_GCC_541\Debug\arm_mat_init_f32.o
 .debug_ranges  0x00000300       0x10 .\CortexM3\ARM_GCC_541\Debug\arm_mat_mult_f32.o
 .debug_ranges  0x00000310       0x10 .\CortexM3\ARM_GCC_541\Debug\arm_scale_f32.o
 .debug_ranges  0x00000320       0x10 .\CortexM3\ARM_GCC_541\Debug\arm_dot_prod_q31.o
 .debug_ranges  0x00000330       0x10 .\CortexM3\ARM_GCC_541\Debug\arm_scale_q31.o
 .debug_ranges  0x00000340       0x10 .\CortexM3\ARM_GCC_541\Debug\arm_add_q31.o
 .debug_ranges  0x00000350       0x10 .\CortexM3\ARM_GCC_541\Debug\arm_float_to_q31.o
 .debug_ranges  0x00000360       0x10 .\CortexM3\ARM_GCC_541\Debug\arm_q31_to_float.o
 .debug_ranges  0x00000370       0x10 .\CortexM3\ARM_GCC_541\Debug\arm_dot_prod_q15.o
 .debug_ranges  0x00000380       0x28 .\CortexM3\ARM_GCC_541\Debug\arm_scale_q15.o
 .debug_ranges  0x000003a8       0x10 .\CortexM3\ARM_GCC_541\Debug\arm_add_q15.o
 .debug_ranges  0x000003b8       0x40 .\CortexM3\ARM_GCC_541\Debug\arm_float_to_q15.o
 .debug_ranges  0x000003f8       0x10 .\CortexM3\ARM_GCC_541\Debug\arm_q15_to_float.o
 .debug_ranges  0x00000408       0x10 .\CortexM3\ARM_GCC_541\Debug\arm_dot_prod_q7.o
 .debug_ranges  0x00000418       0x28 .\CortexM3\ARM_GCC_541\Debug\arm_scale_q7.o
 .debug_ranges  0x00000440       0x28 .\CortexM3\ARM_GCC_541\Debug\arm_add_q7.o
 .debug_ranges  0x00000468       0x40 .\CortexM3\ARM_GCC_541\Debug\arm_float_to_q7.o
 .debug_ranges  0x000004a8       0x10 .\CortexM3\ARM_GCC_541\Debug\arm_q7_to_float.o
 .debug_ranges  0x000004b8       0x48 .\CortexM3\ARM_GCC_541\Debug\cyfitter_cfg.o
 .debug_ranges  0x00000500       0x38 .\CortexM3\ARM_GCC_541\Debug\Cm3Start.o
 .debug_ranges  0x00000538       0x88 .\CortexM3\ARM_GCC_541\Debug\4 - Pendulo.a(Timer_1.o)
 .debug_ranges  0x000005c0       0x50 .\CortexM3\ARM_GCC_541\Debug\4 - Pendulo.a(QuadDec_1.o)
 .debug_ranges  0x00000610       0x10 .\CortexM3\ARM_GCC_541\Debug\4 - Pendulo.a(QuadDec_1_INT.o)
 .debug_ranges  0x00000620       0x70 .\CortexM3\ARM_GCC_541\Debug\4 - Pendulo.a(isr_1.o)
 .debug_ranges  0x00000690       0x50 .\CortexM3\ARM_GCC_541\Debug\4 - Pendulo.a(QuadDec_2.o)
 .debug_ranges  0x000006e0       0x10 .\CortexM3\ARM_GCC_541\Debug\4 - Pendulo.a(QuadDec_2_INT.o)
 .debug_ranges  0x000006f0       0x88 .\CortexM3\ARM_GCC_541\Debug\4 - Pendulo.a(QuadDec_1_Cnt16.o)
 .debug_ranges  0x00000778       0x88 .\CortexM3\ARM_GCC_541\Debug\4 - Pendulo.a(QuadDec_2_Cnt16.o)
 .debug_ranges  0x00000800      0x290 .\CortexM3\ARM_GCC_541\Debug\4 - Pendulo.a(CyLib.o)
 .debug_ranges  0x00000a90       0x88 .\CortexM3\ARM_GCC_541\Debug\4 - Pendulo.a(cyPm.o)
 .debug_ranges  0x00000b18       0x88 .\CortexM3\ARM_GCC_541\Debug\4 - Pendulo.a(PWM_Motor.o)
 .debug_ranges  0x00000ba0       0x28 .\CortexM3\ARM_GCC_541\Debug\4 - Pendulo.a(Pin_IN1.o)
 .debug_ranges  0x00000bc8       0x28 .\CortexM3\ARM_GCC_541\Debug\4 - Pendulo.a(Pin_IN2.o)
 .debug_ranges  0x00000bf0       0xe0 .\CortexM3\ARM_GCC_541\Debug\4 - Pendulo.a(UART_1.o)
 .debug_ranges  0x00000cd0       0x18 .\CortexM3\ARM_GCC_541\Debug\4 - Pendulo.a(UART_1_INT.o)
 .debug_ranges  0x00000ce8       0x60 .\CortexM3\ARM_GCC_541\Debug\4 - Pendulo.a(UART_1_IntClock.o)
 .debug_ranges  0x00000d48       0x70 .\CortexM3\ARM_GCC_541\Debug\4 - Pendulo.a(isr_2.o)
 .debug_ranges  0x00000db8       0x28 .\CortexM3\ARM_GCC_541\Debug\4 - Pendulo.a(pin_flag.o)
 .debug_ranges  0x00000de0       0x78 .\CortexM3\ARM_GCC_541\Debug\4 - Pendulo.a(CyFlash.o)
 .debug_ranges  0x00000e58       0x70 .\CortexM3\ARM_GCC_541\Debug\4 - Pendulo.a(CySpc.o)

.comment        0x00000000       0x6e
 .comment       0x00000000       0x6e .\CortexM3\ARM_GCC_541\Debug\main.o
                                 0x6f (size before relaxing)
 .comment       0x0000006e       0x6f .\CortexM3\ARM_GCC_541\Debug\motor.o
 .comment       0x0000006e       0x6f .\CortexM3\ARM_GCC_541\Debug\pid.o
 .comment       0x0000006e       0x6f .\CortexM3\ARM_GCC_541\Debug\pendulo.o
 .comment       0x0000006e       0x6f .\CortexM3\ARM_GCC_541\Debug\uartp_pend.o
 .comment       0x0000006e       0x6f .\CortexM3\ARM_GCC_541\Debug\ctrl_pend.o
 .comment       0x0000006e       0x6f .\CortexM3\ARM_GCC_541\Debug\uartp2.o
 .comment       0x0000006e       0x6f .\CortexM3\ARM_GCC_541\Debug\arm_add_f32.o
 .comment       0x0000006e       0x6f .\CortexM3\ARM_GCC_541\Debug\arm_dot_prod_f32.o
 .comment       0x0000006e       0x6f .\CortexM3\ARM_GCC_541\Debug\arm_mat_init_f32.o
 .comment       0x0000006e       0x6f .\CortexM3\ARM_GCC_541\Debug\arm_mat_mult_f32.o
 .comment       0x0000006e       0x6f .\CortexM3\ARM_GCC_541\Debug\arm_scale_f32.o
 .comment       0x0000006e       0x6f .\CortexM3\ARM_GCC_541\Debug\arm_dot_prod_q31.o
 .comment       0x0000006e       0x6f .\CortexM3\ARM_GCC_541\Debug\arm_scale_q31.o
 .comment       0x0000006e       0x6f .\CortexM3\ARM_GCC_541\Debug\arm_add_q31.o
 .comment       0x0000006e       0x6f .\CortexM3\ARM_GCC_541\Debug\arm_float_to_q31.o
 .comment       0x0000006e       0x6f .\CortexM3\ARM_GCC_541\Debug\arm_q31_to_float.o
 .comment       0x0000006e       0x6f .\CortexM3\ARM_GCC_541\Debug\arm_dot_prod_q15.o
 .comment       0x0000006e       0x6f .\CortexM3\ARM_GCC_541\Debug\arm_scale_q15.o