Archive member included to satisfy reference by file (symbol)

.\CortexM3\ARM_GCC_541\Debug\4 - Pendulo.a(Timer_1.o)
                              .\CortexM3\ARM_GCC_541\Debug\main.o (Timer_1_Stop)
.\CortexM3\ARM_GCC_541\Debug\4 - Pendulo.a(QuadDec_1.o)
                              .\CortexM3\ARM_GCC_541\Debug\pendulo.o (QuadDec_1_GetCounter)
.\CortexM3\ARM_GCC_541\Debug\4 - Pendulo.a(QuadDec_1_INT.o)
                              .\CortexM3\ARM_GCC_541\Debug\4 - Pendulo.a(QuadDec_1.o) (QuadDec_1_ISR)
.\CortexM3\ARM_GCC_541\Debug\4 - Pendulo.a(isr_1.o)
                              .\CortexM3\ARM_GCC_541\Debug\pendulo.o (isr_1_StartEx)
.\CortexM3\ARM_GCC_541\Debug\4 - Pendulo.a(QuadDec_2.o)
                              .\CortexM3\ARM_GCC_541\Debug\pendulo.o (QuadDec_2_GetCounter)
.\CortexM3\ARM_GCC_541\Debug\4 - Pendulo.a(QuadDec_2_INT.o)
                              .\CortexM3\ARM_GCC_541\Debug\4 - Pendulo.a(QuadDec_2.o) (QuadDec_2_ISR)
.\CortexM3\ARM_GCC_541\Debug\4 - Pendulo.a(QuadDec_1_Cnt16.o)
                              .\CortexM3\ARM_GCC_541\Debug\4 - Pendulo.a(QuadDec_1.o) (QuadDec_1_Cnt16_Stop)
.\CortexM3\ARM_GCC_541\Debug\4 - Pendulo.a(QuadDec_2_Cnt16.o)
                              .\CortexM3\ARM_GCC_541\Debug\4 - Pendulo.a(QuadDec_2.o) (QuadDec_2_Cnt16_Stop)
.\CortexM3\ARM_GCC_541\Debug\4 - Pendulo.a(CyLib.o)
                              .\CortexM3\ARM_GCC_541\Debug\Cm3Start.o (CyHalt)
.\CortexM3\ARM_GCC_541\Debug\4 - Pendulo.a(cyPm.o)
                              .\CortexM3\ARM_GCC_541\Debug\4 - Pendulo.a(CyLib.o) (CyPmReadStatus)
.\CortexM3\ARM_GCC_541\Debug\4 - Pendulo.a(PWM_Motor.o)
                              .\CortexM3\ARM_GCC_541\Debug\motor.o (PWM_Motor_WriteCompare)
.\CortexM3\ARM_GCC_541\Debug\4 - Pendulo.a(Pin_IN1.o)
                              .\CortexM3\ARM_GCC_541\Debug\motor.o (Pin_IN1_Write)
.\CortexM3\ARM_GCC_541\Debug\4 - Pendulo.a(Pin_IN2.o)
                              .\CortexM3\ARM_GCC_541\Debug\motor.o (Pin_IN2_Write)
.\CortexM3\ARM_GCC_541\Debug\4 - Pendulo.a(UART_1.o)
                              .\CortexM3\ARM_GCC_541\Debug\uartp_pend.o (UART_1_Start)
.\CortexM3\ARM_GCC_541\Debug\4 - Pendulo.a(UART_1_INT.o)
                              .\CortexM3\ARM_GCC_541\Debug\4 - Pendulo.a(UART_1.o) (UART_1_RXISR)
.\CortexM3\ARM_GCC_541\Debug\4 - Pendulo.a(UART_1_IntClock.o)
                              .\CortexM3\ARM_GCC_541\Debug\4 - Pendulo.a(UART_1.o) (UART_1_IntClock_Start)
.\CortexM3\ARM_GCC_541\Debug\4 - Pendulo.a(isr_2.o)
                              .\CortexM3\ARM_GCC_541\Debug\uartp_pend.o (isr_2_StartEx)
.\CortexM3\ARM_GCC_541\Debug\4 - Pendulo.a(pin_flag.o)
                              .\CortexM3\ARM_GCC_541\Debug\main.o (pin_flag_Write)
.\CortexM3\ARM_GCC_541\Debug\4 - Pendulo.a(CyBootAsmGnu.o)
                              .\CortexM3\ARM_GCC_541\Debug\cyfitter_cfg.o (CyDelayCycles)
.\CortexM3\ARM_GCC_541\Debug\4 - Pendulo.a(CyFlash.o)
                              .\CortexM3\ARM_GCC_541\Debug\4 - Pendulo.a(cyPm.o) (CyFlash_SetWaitCycles)
.\CortexM3\ARM_GCC_541\Debug\4 - Pendulo.a(CySpc.o)
                              .\CortexM3\ARM_GCC_541\Debug\4 - Pendulo.a(CyFlash.o) (CySpcStart)
d:/psoc/psoc creator/4.4/psoc creator/import/gnu/arm/5.4.1/bin/../lib/gcc/arm-none-eabi/5.4.1/armv7-m\libgcc.a(_arm_addsubsf3.o)
                              .\CortexM3\ARM_GCC_541\Debug\motor.o (__aeabi_fsub)
d:/psoc/psoc creator/4.4/psoc creator/import/gnu/arm/5.4.1/bin/../lib/gcc/arm-none-eabi/5.4.1/armv7-m\libgcc.a(_arm_muldivsf3.o)
                              .\CortexM3\ARM_GCC_541\Debug\motor.o (__aeabi_fmul)
d:/psoc/psoc creator/4.4/psoc creator/import/gnu/arm/5.4.1/bin/../lib/gcc/arm-none-eabi/5.4.1/armv7-m\libgcc.a(_arm_cmpsf2.o)
                              .\CortexM3\ARM_GCC_541\Debug\ctrl_pend.o (__aeabi_fcmpeq)
d:/psoc/psoc creator/4.4/psoc creator/import/gnu/arm/5.4.1/bin/../lib/gcc/arm-none-eabi/5.4.1/armv7-m\libgcc.a(_arm_fixsfsi.o)
                              .\CortexM3\ARM_GCC_541\Debug\motor.o (__aeabi_f2iz)
d:/psoc/psoc creator/4.4/psoc creator/import/gnu/arm/5.4.1/bin/../lib/gcc/arm-none-eabi/5.4.1/armv7-m\libgcc.a(_arm_fixunssfsi.o)
                              .\CortexM3\ARM_GCC_541\Debug\uartp_pend.o (__aeabi_f2uiz)
d:/psoc/psoc creator/4.4/psoc creator/import/gnu/arm/5.4.1/bin/../lib/gcc/arm-none-eabi/5.4.1/armv7-m\libgcc.a(_fixsfdi.o)
                              .\CortexM3\ARM_GCC_541\Debug\arm_float_to_q31.o (__aeabi_f2lz)
d:/psoc/psoc creator/4.4/psoc creator/import/gnu/arm/5.4.1/bin/../lib/gcc/arm-none-eabi/5.4.1/armv7-m\libgcc.a(_fixunssfdi.o)
                              d:/psoc/psoc creator/4.4/psoc creator/import/gnu/arm/5.4.1/bin/../lib/gcc/arm-none-eabi/5.4.1/armv7-m\libgcc.a(_fixsfdi.o) (__aeabi_f2ulz)
d:/psoc/psoc creator/4.4/psoc creator/import/gnu/arm/5.4.1/bin/../lib/gcc/arm-none-eabi/5.4.1/armv7-m\libgcc.a(_arm_addsubdf3.o)
[...]
Memory Configuration

Name             Origin             Length             Attributes
rom              0x00000000         0x00040000         xr
ram              0x1fff8000         0x00010000         xrw
*default*        0x00000000         0xffffffff

Linker script and memory map

LOAD d:/psoc/psoc creator/4.4/psoc creator/import/gnu/arm/5.4.1/bin/../lib/gcc/arm-none-eabi/5.4.1/armv7-m/crti.o
LOAD d:/psoc/psoc creator/4.4/psoc creator/import/gnu/arm/5.4.1/bin/../lib/gcc/arm-none-eabi/5.4.1/armv7-m/crtbegin.o
LOAD d:/psoc/psoc creator/4.4/psoc creator/import/gnu/arm/5.4.1/bin/../lib/gcc/arm-none-eabi/5.4.1/../../../../arm-none-eabi/lib/armv7-m/crt0.o
START GROUP
LOAD .\CortexM3\ARM_GCC_541\Debug\main.o
LOAD .\CortexM3\ARM_GCC_541\Debug\motor.o
LOAD .\CortexM3\ARM_GCC_541\Debug\pid.o
LOAD .\CortexM3\ARM_GCC_541\Debug\pendulo.o
LOAD .\CortexM3\ARM_GCC_541\Debug\uartp_pend.o
LOAD .\CortexM3\ARM_GCC_541\Debug\ctrl_pend.o
LOAD .\CortexM3\ARM_GCC_541\Debug\uartp2.o
LOAD .\CortexM3\ARM_GCC_541\Debug\arm_add_f32.o
LOAD .\CortexM3\ARM_GCC_541\Debug\arm_dot_prod_f32.o
LOAD .\CortexM3\ARM_GCC_541\Debug\arm_mat_init_f32.o
LOAD .\CortexM3\ARM_GCC_541\Debug\arm_mat_mult_f32.o
LOAD .\CortexM3\ARM_GCC_541\Debug\arm_scale_f32.o
LOAD .\CortexM3\ARM_GCC_541\Debug\arm_dot_prod_q31.o
LOAD .\CortexM3\ARM_GCC_541\Debug\arm_scale_q31.o
LOAD .\CortexM3\ARM_GCC_541\Debug\arm_add_q31.o
LOAD .\CortexM3\ARM_GCC_541\Debug\arm_float_to_q31.o
LOAD .\CortexM3\ARM_GCC_541\Debug\arm_q31_to_float.o
LOAD .\CortexM3\ARM_GCC_541\Debug\arm_dot_prod_q15.o
LOAD .\CortexM3\ARM_GCC_541\Debug\arm_scale_q15.o
LOAD .\CortexM3\ARM_GCC_541\Debug\arm_add_q15.o
LOAD .\CortexM3\ARM_GCC_541\Debug\arm_float_to_q15.o
LOAD .\CortexM3\ARM_GCC_541\Debug\arm_q15_to_float.o
LOAD .\CortexM3\ARM_GCC_541\Debug\arm_dot_prod_q7.o
LOAD .\CortexM3\ARM_GCC_541\Debug\arm_scale_q7.o
LOAD .\CortexM3\ARM_GCC_541\Debug\arm_add_q7.o
LOAD .\CortexM3\ARM_GCC_541\Debug\arm_float_to_q7.o
LOAD .\CortexM3\ARM_GCC_541\Debug\arm_q7_to_float.o
LOAD .\CortexM3\ARM_GCC_541\Debug\cyfitter_cfg.o
LOAD .\CortexM3\ARM_GCC_541\Debug\cymetadata.o
LOAD .\CortexM3\ARM_GCC_541\Debug\Cm3Start.o
LOAD .\CortexM3\ARM_GCC_541\Debug\4 - Pendulo.a
LOAD D:\PSoc\PSoC Creator\4.4\PSoC Creator\psoc\content\cycomponentlibrary\CyComponentLibrary.cylib\CortexM3\ARM_GCC_541\Debug\CyComponentLibrary.a
LOAD d:/psoc/psoc creator/4.4/psoc creator/import/gnu/arm/5.4.1/bin/../lib/gcc/arm-none-eabi/5.4.1/../../../../arm-none-eabi/lib/armv7-m\libm.a
END GROUP
START GROUP
LOAD d:/psoc/psoc creator/4.4/psoc creator/import/gnu/arm/5.4.1/bin/../lib/gcc/arm-none-eabi/5.4.1/armv7-m\libgcc.a
LOAD d:/psoc/psoc creator/4.4/psoc creator/import/gnu/arm/5.4.1/bin/../lib/gcc/arm-none-eabi/5.4.1/../../../../arm-none-eabi/lib/armv7-m\libg_nano.a
LOAD d:/psoc/psoc creator/4.4/psoc creator/import/gnu/arm/5.4.1/bin/../lib/gcc/arm-none-eabi/5.4.1/../../../../arm-none-eabi/lib/armv7-m\libc_nano.a
END GROUP
START GROUP
LOAD d:/psoc/psoc creator/4.4/psoc creator/import/gnu/arm/5.4.1/bin/../lib/gcc/arm-none-eabi/5.4.1/armv7-m\libgcc.a
LOAD d:/psoc/psoc creator/4.4/psoc creator/import/gnu/arm/5.4.1/bin/../lib/gcc/arm-none-eabi/5.4.1/../../../../arm-none-eabi/lib/armv7-m\libc_nano.a
END GROUP
LOAD d:/psoc/psoc creator/4.4/psoc creator/import/gnu/arm/5.4.1/bin/../lib/gcc/arm-none-eabi/5.4.1/armv7-m/crtend.o
LOAD d:/psoc/psoc creator/4.4/psoc creator/import/gnu/arm/5.4.1/bin/../lib/gcc/arm-none-eabi/5.4.1/armv7-m/crtn.o
START GROUP
LOAD d:/psoc/psoc creator/4.4/psoc creator/import/gnu/arm/5.4.1/bin/../lib/gcc/arm-none-eabi/5.4.1/armv7-m\libgcc.a
LOAD d:/psoc/psoc creator/4.4/psoc creator/import/gnu/arm/5.4.1/bin/../lib/gcc/arm-none-eabi/5.4.1/../../../../arm-none-eabi/lib/armv7-m\libc.a
LOAD d:/psoc/psoc creator/4.4/psoc creator/import/gnu/arm/5.4.1/bin/../lib/gcc/arm-none-eabi/5.4.1/../../../../arm-none-eabi/lib/armv7-m\libnosys.a
END GROUP
                0x00000000                CY_APPL_ORIGIN = 0x0
                0x00000100                CY_FLASH_ROW_SIZE = 0x100
                0x00000020                CY_ECC_ROW_SIZE = 0x20
                0x00000000                CY_EE_IN_BTLDR = 0x0
                0x00000000                CY_APPL_LOADABLE = 0x0
                0x00000800                CY_EE_SIZE = 0x800
                0x00000001                CY_APPL_NUM = 0x1
                0x00000001                CY_APPL_MAX = 0x1
                0x00000040                CY_METADATA_SIZE = 0x40
                0x00000000                CY_APPL_LOADABLE = 0x0
                0x00000000                CY_CHECKSUM_EXCLUDE_SIZE = ALIGN (0x0, CY_FLASH_ROW_SIZE)
                [!provide]                PROVIDE (__cy_heap_start, _end)
                0x00000001                PROVIDE (__cy_region_num, ((__cy_regions_end - __cy_regions) / 0x10))
                0x20008000                PROVIDE (__cy_stack, (ORIGIN (ram) + LENGTH (ram)))
                [!provide]                PROVIDE (__cy_heap_end, (__cy_stack - 0x800))

.cybootloader   0x00000000        0x0
 *(.cybootloader)
                0x00000000                appl1_start = CY_APPL_ORIGIN?CY_APPL_ORIGIN:ALIGN (CY_FLASH_ROW_SIZE)
                0x0001ff00                appl2_start = (appl1_start + ALIGN ((((LENGTH (rom) - appl1_start) - (0x2 * CY_FLASH_ROW_SIZE)) / 0x2), CY_FLASH_ROW_SIZE))
                0x00000000                appl_start = (CY_APPL_NUM == 0x1)?appl1_start:appl2_start
                0x00000000                ecc_offset = ((appl_start / CY_FLASH_ROW_SIZE) * CY_ECC_ROW_SIZE)
                0x00000000                ee_offset = (CY_APPL_LOADABLE && ! (CY_EE_IN_BTLDR))?((CY_EE_SIZE / CY_APPL_MAX) * (CY_APPL_NUM - 0x1)):0x0
                0x00000800                ee_size = (CY_APPL_LOADABLE && ! (CY_EE_IN_BTLDR))?(CY_EE_SIZE / CY_APPL_MAX):CY_EE_SIZE
                [!provide]                PROVIDE (CY_ECC_OFFSET, ecc_offset)

.text           0x00000000     0x536a
 CREATE_OBJECT_SYMBOLS
                0x00000000                PROVIDE (__cy_interrupt_vector, RomVectors)
 *(.romvectors)
 .romvectors    0x00000000       0x10 .\CortexM3\ARM_GCC_541\Debug\Cm3Start.o
                0x00000000                RomVectors
                0x00000001                ASSERT ((. != __cy_interrupt_vector), No interrupt vector)
                0x00000001                ASSERT (CY_APPL_ORIGIN?(SIZEOF (.cybootloader) <= CY_APPL_ORIGIN):0x1, Wrong image location)
                0x00000010                PROVIDE (__cy_reset, Reset)
 *(.text.Reset)
 .text.Reset    0x00000010       0x18 .\CortexM3\ARM_GCC_541\Debug\Cm3Start.o
                0x00000010                Reset
                0x00000001                ASSERT ((. != __cy_reset), No reset code)
 *(.dma_init)
                0x00000001                ASSERT ((((appl_start + .) <= 0x10000) || 0x1), DMA Init must be within the first 64k of flash)
 *(.text .text.* .gnu.linkonce.t.*)
 .text          0x00000028       0x5c d:/psoc/psoc creator/4.4/psoc creator/import/gnu/arm/5.4.1/bin/../lib/gcc/arm-none-eabi/5.4.1/armv7-m/crtbegin.o
 .text.main     0x00000084      0x218 .\CortexM3\ARM_GCC_541\Debug\main.o
                0x00000084                main
 .text.Motor_Control
                0x0000029c       0x60 .\CortexM3\ARM_GCC_541\Debug\motor.o
                0x0000029c                Motor_Control
 .text.Motor_Free
                0x000002fc       0x18 .\CortexM3\ARM_GCC_541\Debug\motor.o
                0x000002fc                Motor_Free
 .text.PWM_Desde_Voltaje
                0x00000314       0xb8 .\CortexM3\ARM_GCC_541\Debug\motor.o
                0x00000314                PWM_Desde_Voltaje
 .text.Control_Timer_ISR
                0x000003cc       0x14 .\CortexM3\ARM_GCC_541\Debug\pendulo.o
                0x000003cc                Control_Timer_ISR
 .text.pendulo_init
                0x000003e0       0x40 .\CortexM3\ARM_GCC_541\Debug\pendulo.o
                0x000003e0                pendulo_init
 .text.pendulo_reset_encoders
                0x00000420       0x18 .\CortexM3\ARM_GCC_541\Debug\pendulo.o
                0x00000420                pendulo_reset_encoders
 .text.pendulo_read
                0x00000438       0x38 .\CortexM3\ARM_GCC_541\Debug\pendulo.o
                0x00000438                pendulo_read
 .text.ll_wait_byte
                0x00000470       0x28 .\CortexM3\ARM_GCC_541\Debug\uartp_pend.o
 .text.ll_putchar
                0x00000498        0x8 .\CortexM3\ARM_GCC_541\Debug\uartp_pend.o
 .text.ll_recv_word4
                0x000004a0       0x90 .\CortexM3\ARM_GCC_541\Debug\uartp_pend.o
 .text.handle_cmd_p
                0x00000530      0x1c8 .\CortexM3\ARM_GCC_541\Debug\uartp_pend.o
 .text.UARTP_Rx_ISR
                0x000006f8       0xc4 .\CortexM3\ARM_GCC_541\Debug\uartp_pend.o
                0x000006f8                UARTP_Rx_ISR
 .text.UARTP_Init
                0x000007bc       0x28 .\CortexM3\ARM_GCC_541\Debug\uartp_pend.o
                0x000007bc                UARTP_Init
 .text.UARTP_ProcessCommand
                0x000007e4      0x144 .\CortexM3\ARM_GCC_541\Debug\uartp_pend.o
                0x000007e4                UARTP_ProcessCommand
 .text.satf     0x00000928       0x28 .\CortexM3\ARM_GCC_541\Debug\ctrl_pend.o
 .text.mode_ss  0x00000950       0x10 .\CortexM3\ARM_GCC_541\Debug\ctrl_pend.o
 .text.mode_has_i
                0x00000960       0x10 .\CortexM3\ARM_GCC_541\Debug\ctrl_pend.o
 .text.tf_step  0x00000970       0xcc .\CortexM3\ARM_GCC_541\Debug\ctrl_pend.o
 .text.ss_yhat_q31
                0x00000a3c      0x13c .\CortexM3\ARM_GCC_541\Debug\ctrl_pend.o
 .text.ss_obs_act_correct_q31
                0x00000b78      0x124 .\CortexM3\ARM_GCC_541\Debug\ctrl_pend.o
 .text.ss_predict_q31
                0x00000c9c      0x194 .\CortexM3\ARM_GCC_541\Debug\ctrl_pend.o
 .text.ss_obs_pred_q31
                0x00000e30      0x138 .\CortexM3\ARM_GCC_541\Debug\ctrl_pend.o
 .text.ss_obs_act_predict_q31
                0x00000f68       0x14 .\CortexM3\ARM_GCC_541\Debug\ctrl_pend.o
 .text.ss_u_cmd_q31
                0x00000f7c      0x138 .\CortexM3\ARM_GCC_541\Debug\ctrl_pend.o
 .text.ss_yhat_q15
                0x000010b4      0x150 .\CortexM3\ARM_GCC_541\Debug\ctrl_pend.o
 .text.ss_obs_act_correct_q15
                0x00001204      0x130 .\CortexM3\ARM_GCC_541\Debug\ctrl_pend.o
 .text.ss_predict_q15
                0x00001334      0x1a8 .\CortexM3\ARM_GCC_541\Debug\ctrl_pend.o
 .text.ss_obs_pred_q15
                0x000014dc      0x144 .\CortexM3\ARM_GCC_541\Debug\ctrl_pend.o
 .text.ss_obs_act_predict_q15
                0x00001620       0x14 .\CortexM3\ARM_GCC_541\Debug\ctrl_pend.o
 .text.ss_u_cmd_q15
                0x00001634      0x144 .\CortexM3\ARM_GCC_541\Debug\ctrl_pend.o
 .text.ss_yhat_q7
                0x00001778      0x144 .\CortexM3\ARM_GCC_541\Debug\ctrl_pend.o
 .text.ss_obs_act_correct_q7
                0x000018bc      0x12c .\CortexM3\ARM_GCC_541\Debug\ctrl_pend.o
 .text.ss_predict_q7
                0x000019e8      0x194 .\CortexM3\ARM_GCC_541\Debug\ctrl_pend.o
 .text.ss_obs_pred_q7
                0x00001b7c      0x140 .\CortexM3\ARM_GCC_541\Debug\ctrl_pend.o
 .text.ss_obs_act_predict_q7
                0x00001cbc       0x14 .\CortexM3\ARM_GCC_541\Debug\ctrl_pend.o
 .text.ss_u_cmd_q7
                0x00001cd0      0x138 .\CortexM3\ARM_GCC_541\Debug\ctrl_pend.o
 .text.ss_yhat_f32
                0x00001e08       0x2c .\CortexM3\ARM_GCC_541\Debug\ctrl_pend.o
 .text.ss_obs_act_correct_f32
                0x00001e34       0x3c .\CortexM3\ARM_GCC_541\Debug\ctrl_pend.o
 .text.obs_act_correct
                0x00001e70       0x30 .\CortexM3\ARM_GCC_541\Debug\ctrl_pend.o
 .text.ss_predict_f32
                0x00001ea0       0x48 .\CortexM3\ARM_GCC_541\Debug\ctrl_pend.o
 .text.ss_obs_pred_f32
                0x00001ee8       0x48 .\CortexM3\ARM_GCC_541\Debug\ctrl_pend.o
 .text.obs_pred
                0x00001f30       0x30 .\CortexM3\ARM_GCC_541\Debug\ctrl_pend.o
 .text.ss_obs_act_predict_f32
                0x00001f60       0x14 .\CortexM3\ARM_GCC_541\Debug\ctrl_pend.o
 .text.obs_act_predict
                0x00001f74       0x30 .\CortexM3\ARM_GCC_541\Debug\ctrl_pend.o
 .text.ss_u_cmd_f32
                0x00001fa4       0x44 .\CortexM3\ARM_GCC_541\Debug\ctrl_pend.o
 .text.u_cmd    0x00001fe8       0x30 .\CortexM3\ARM_GCC_541\Debug\ctrl_pend.o
 .text.run_step
                0x00002018      0x1f4 .\CortexM3\ARM_GCC_541\Debug\ctrl_pend.o
 .text.ctrl_init
                0x0000220c       0x64 .\CortexM3\ARM_GCC_541\Debug\ctrl_pend.o
                0x0000220c                ctrl_init
 .text.ctrl_set_mode
                0x00002270       0x1c .\CortexM3\ARM_GCC_541\Debug\ctrl_pend.o
                0x00002270                ctrl_set_mode
 .text.ctrl_apply_coeffs
                0x0000228c      0x4ec .\CortexM3\ARM_GCC_541\Debug\ctrl_pend.o
                0x0000228c                ctrl_apply_coeffs
 .text.ctrl_set_num_type
                0x00002778       0x10 .\CortexM3\ARM_GCC_541\Debug\ctrl_pend.o
                0x00002778                ctrl_set_num_type
 .text.ctrl_start
                0x00002788       0x7c .\CortexM3\ARM_GCC_541\Debug\ctrl_pend.o
                0x00002788                ctrl_start
 .text.ctrl_stop
                0x00002804       0x14 .\CortexM3\ARM_GCC_541\Debug\ctrl_pend.o
                0x00002804                ctrl_stop
 .text.ctrl_update_ref
                0x00002818        0xc .\CortexM3\ARM_GCC_541\Debug\ctrl_pend.o
                0x00002818                ctrl_update_ref
 .text.ctrl_set_sat
                0x00002824       0x48 .\CortexM3\ARM_GCC_541\Debug\ctrl_pend.o
                0x00002824                ctrl_set_sat
 .text.ctrl_step
                0x0000286c      0x1a0 .\CortexM3\ARM_GCC_541\Debug\ctrl_pend.o
                0x0000286c                ctrl_step
 .text.arm_add_f32
                0x00002a0c       0x90 .\CortexM3\ARM_GCC_541\Debug\arm_add_f32.o
                0x00002a0c                arm_add_f32
 .text.arm_dot_prod_f32
                0x00002a9c       0xa0 .\CortexM3\ARM_GCC_541\Debug\arm_dot_prod_f32.o
                0x00002a9c                arm_dot_prod_f32
 .text.arm_scale_f32
                0x00002b3c       0x88 .\CortexM3\ARM_GCC_541\Debug\arm_scale_f32.o
                0x00002b3c                arm_scale_f32
 .text.arm_dot_prod_q31
                0x00002bc4      0x174 .\CortexM3\ARM_GCC_541\Debug\arm_dot_prod_q31.o
                0x00002bc4                arm_dot_prod_q31
 .text.arm_scale_q31
                0x00002d38      0x1f4 .\CortexM3\ARM_GCC_541\Debug\arm_scale_q31.o
                0x00002d38                arm_scale_q31
 .text.arm_add_q31
                0x00002f2c      0x104 .\CortexM3\ARM_GCC_541\Debug\arm_add_q31.o
                0x00002f2c                arm_add_q31
 .text.arm_float_to_q31
                0x00003030       0xdc .\CortexM3\ARM_GCC_541\Debug\arm_float_to_q31.o
                0x00003030                arm_float_to_q31
 .text.arm_dot_prod_q15
                0x0000310c       0x90 .\CortexM3\ARM_GCC_541\Debug\arm_dot_prod_q15.o
                0x0000310c                arm_dot_prod_q15
 .text.arm_scale_q15
                0x0000319c       0x90 .\CortexM3\ARM_GCC_541\Debug\arm_scale_q15.o
                0x0000319c                arm_scale_q15
 .text.arm_add_q15
                0x0000322c       0x98 .\CortexM3\ARM_GCC_541\Debug\arm_add_q15.o
                0x0000322c                arm_add_q15
 .text.arm_float_to_q15
                0x000032c4       0xa0 .\CortexM3\ARM_GCC_541\Debug\arm_float_to_q15.o
                0x000032c4                arm_float_to_q15
 .text.arm_dot_prod_q7
                0x00003364       0xcc .\CortexM3\ARM_GCC_541\Debug\arm_dot_prod_q7.o
                0x00003364                arm_dot_prod_q7
 .text.arm_scale_q7
                0x00003430       0x9c .\CortexM3\ARM_GCC_541\Debug\arm_scale_q7.o
                0x00003430                arm_scale_q7
 .text.arm_add_q7
                0x000034cc       0x94 .\CortexM3\ARM_GCC_541\Debug\arm_add_q7.o
                0x000034cc                arm_add_q7
 .text.arm_float_to_q7
                0x00003560       0xa0 .\CortexM3\ARM_GCC_541\Debug\arm_float_to_q7.o
                0x00003560                arm_float_to_q7
 .text.CyClockStartupError
                0x00003600        0x4 .\CortexM3\ARM_GCC_541\Debug\cyfitter_cfg.o
 .text.cfg_write_bytes32
                0x00003604       0x34 .\CortexM3\ARM_GCC_541\Debug\cyfitter_cfg.o
 .text.AnalogSetDefault
                0x00003638       0x28 .\CortexM3\ARM_GCC_541\Debug\cyfitter_cfg.o
 .text.CYMEMZERO
                0x00003660        0xc .\CortexM3\ARM_GCC_541\Debug\cyfitter_cfg.o
 .text.ClockSetup
                0x0000366c       0xc0 .\CortexM3\ARM_GCC_541\Debug\cyfitter_cfg.o
 .text.CYCONFIGCPY
                0x0000372c        0x8 .\CortexM3\ARM_GCC_541\Debug\cyfitter_cfg.o
 .text.cyfitter_cfg
                0x00003734      0x128 .\CortexM3\ARM_GCC_541\Debug\cyfitter_cfg.o
                0x00003734                cyfitter_cfg
 .text.IntDefaultHandler
                0x0000385c       0x10 .\CortexM3\ARM_GCC_541\Debug\Cm3Start.o
                0x0000385c                IntDefaultHandler
 .text.Start_c  0x0000386c       0x4c .\CortexM3\ARM_GCC_541\Debug\Cm3Start.o
                0x0000386c                Start_c
 .text.initialize_psoc
                0x000038b8       0x68 .\CortexM3\ARM_GCC_541\Debug\Cm3Start.o
                0x000038b8                initialize_psoc
 .text.Timer_1_Enable
                0x00003920       0x10 .\CortexM3\ARM_GCC_541\Debug\4 - Pendulo.a(Timer_1.o)
                0x00003920                Timer_1_Enable
 .text.Timer_1_Stop
                0x00003930       0x10 .\CortexM3\ARM_GCC_541\Debug\4 - Pendulo.a(Timer_1.o)
                0x00003930                Timer_1_Stop
 .text.Timer_1_SetInterruptMode
                0x00003940        0xc .\CortexM3\ARM_GCC_541\Debug\4 - Pendulo.a(Timer_1.o)
                0x00003940                Timer_1_SetInterruptMode
 .text.Timer_1_SoftwareCapture
                0x0000394c        0xc .\CortexM3\ARM_GCC_541\Debug\4 - Pendulo.a(Timer_1.o)
                0x0000394c                Timer_1_SoftwareCapture
 .text.Timer_1_ReadStatusRegister
                0x00003958        0xc .\CortexM3\ARM_GCC_541\Debug\4 - Pendulo.a(Timer_1.o)
                0x00003958                Timer_1_ReadStatusRegister
 .text.Timer_1_WritePeriod
                0x00003964        0xc .\CortexM3\ARM_GCC_541\Debug\4 - Pendulo.a(Timer_1.o)
                0x00003964                Timer_1_WritePeriod
 .text.Timer_1_ReadCapture
                0x00003970        0xc .\CortexM3\ARM_GCC_541\Debug\4 - Pendulo.a(Timer_1.o)
                0x00003970                Timer_1_ReadCapture
 .text.Timer_1_WriteCounter
                0x0000397c        0xc .\CortexM3\ARM_GCC_541\Debug\4 - Pendulo.a(Timer_1.o)
                0x0000397c                Timer_1_WriteCounter
 .text.Timer_1_SetCaptureMode
                0x00003988       0x1c .\CortexM3\ARM_GCC_541\Debug\4 - Pendulo.a(Timer_1.o)
                0x00003988                Timer_1_SetCaptureMode
 .text.Timer_1_ClearFIFO
                0x000039a4       0x14 .\CortexM3\ARM_GCC_541\Debug\4 - Pendulo.a(Timer_1.o)
                0x000039a4                Timer_1_ClearFIFO
 .text.Timer_1_Init
                0x000039b8       0x3c .\CortexM3\ARM_GCC_541\Debug\4 - Pendulo.a(Timer_1.o)
                0x000039b8                Timer_1_Init
 .text.Timer_1_Start
                0x000039f4       0x1c .\CortexM3\ARM_GCC_541\Debug\4 - Pendulo.a(Timer_1.o)
                0x000039f4                Timer_1_Start
 .text.QuadDec_1_Init
                0x00003a10       0x24 .\CortexM3\ARM_GCC_541\Debug\4 - Pendulo.a(QuadDec_1.o)
                0x00003a10                QuadDec_1_Init
 .text.QuadDec_1_GetCounter
                0x00003a34       0x2c .\CortexM3\ARM_GCC_541\Debug\4 - Pendulo.a(QuadDec_1.o)
                0x00003a34                QuadDec_1_GetCounter
 .text.QuadDec_1_GetEvents
                0x00003a60       0x10 .\CortexM3\ARM_GCC_541\Debug\4 - Pendulo.a(QuadDec_1.o)
                0x00003a60                QuadDec_1_GetEvents
 .text.QuadDec_1_SetInterruptMask
                0x00003a70       0x10 .\CortexM3\ARM_GCC_541\Debug\4 - Pendulo.a(QuadDec_1.o)
                0x00003a70                QuadDec_1_SetInterruptMask
 .text.QuadDec_1_Enable
                0x00003a80       0x30 .\CortexM3\ARM_GCC_541\Debug\4 - Pendulo.a(QuadDec_1.o)
                0x00003a80                QuadDec_1_Enable
 .text.QuadDec_1_Start
                0x00003ab0       0x34 .\CortexM3\ARM_GCC_541\Debug\4 - Pendulo.a(QuadDec_1.o)
                0x00003ab0                QuadDec_1_Start
 .text.QuadDec_1_ISR
                0x00003ae4       0x40 .\CortexM3\ARM_GCC_541\Debug\4 - Pendulo.a(QuadDec_1_INT.o)
                0x00003ae4                QuadDec_1_ISR
 .text.isr_1_SetVector
                0x00003b24        0xc .\CortexM3\ARM_GCC_541\Debug\4 - Pendulo.a(isr_1.o)
                0x00003b24                isr_1_SetVector
 .text.isr_1_SetPriority
                0x00003b30       0x10 .\CortexM3\ARM_GCC_541\Debug\4 - Pendulo.a(isr_1.o)
                0x00003b30                isr_1_SetPriority
 .text.isr_1_Enable
                0x00003b40        0xc .\CortexM3\ARM_GCC_541\Debug\4 - Pendulo.a(isr_1.o)
                0x00003b40                isr_1_Enable
 .text.isr_1_Disable
                0x00003b4c        0xc .\CortexM3\ARM_GCC_541\Debug\4 - Pendulo.a(isr_1.o)
                0x00003b4c                isr_1_Disable
 .text.isr_1_StartEx
                0x00003b58       0x1c .\CortexM3\ARM_GCC_541\Debug\4 - Pendulo.a(isr_1.o)
                0x00003b58                isr_1_StartEx
 .text.QuadDec_2_Init
                0x00003b74       0x24 .\CortexM3\ARM_GCC_541\Debug\4 - Pendulo.a(QuadDec_2.o)
                0x00003b74                QuadDec_2_Init
 .text.QuadDec_2_GetCounter
                0x00003b98       0x2c .\CortexM3\ARM_GCC_541\Debug\4 - Pendulo.a(QuadDec_2.o)
                0x00003b98                QuadDec_2_GetCounter
 .text.QuadDec_2_SetCounter
                0x00003bc4       0x28 .\CortexM3\ARM_GCC_541\Debug\4 - Pendulo.a(QuadDec_2.o)
                0x00003bc4                QuadDec_2_SetCounter
 .text.QuadDec_2_GetEvents
                0x00003bec       0x10 .\CortexM3\ARM_GCC_541\Debug\4 - Pendulo.a(QuadDec_2.o)
                0x00003bec                QuadDec_2_GetEvents
 .text.QuadDec_2_SetInterruptMask
                0x00003bfc       0x10 .\CortexM3\ARM_GCC_541\Debug\4 - Pendulo.a(QuadDec_2.o)
                0x00003bfc                QuadDec_2_SetInterruptMask
 .text.QuadDec_2_Enable
                0x00003c0c       0x30 .\CortexM3\ARM_GCC_541\Debug\4 - Pendulo.a(QuadDec_2.o)
                0x00003c0c                QuadDec_2_Enable
 .text.QuadDec_2_Start
                0x00003c3c       0x34 .\CortexM3\ARM_GCC_541\Debug\4 - Pendulo.a(QuadDec_2.o)
                0x00003c3c                QuadDec_2_Start
 .text.QuadDec_2_ISR
                0x00003c70       0x40 .\CortexM3\ARM_GCC_541\Debug\4 - Pendulo.a(QuadDec_2_INT.o)
                0x00003c70                QuadDec_2_ISR
 .text.QuadDec_1_Cnt16_Enable
                0x00003cb0       0x10 .\CortexM3\ARM_GCC_541\Debug\4 - Pendulo.a(QuadDec_1_Cnt16.o)
                0x00003cb0                QuadDec_1_Cnt16_Enable
 .text.QuadDec_1_Cnt16_SetInterruptMode
                0x00003cc0        0xc .\CortexM3\ARM_GCC_541\Debug\4 - Pendulo.a(QuadDec_1_Cnt16.o)
                0x00003cc0                QuadDec_1_Cnt16_SetInterruptMode
 .text.QuadDec_1_Cnt16_ReadStatusRegister
                0x00003ccc        0xc .\CortexM3\ARM_GCC_541\Debug\4 - Pendulo.a(QuadDec_1_Cnt16.o)
                0x00003ccc                QuadDec_1_Cnt16_ReadStatusRegister
 .text.QuadDec_1_Cnt16_WriteCounter
                0x00003cd8        0xc .\CortexM3\ARM_GCC_541\Debug\4 - Pendulo.a(QuadDec_1_Cnt16.o)
                0x00003cd8                QuadDec_1_Cnt16_WriteCounter
 .text.QuadDec_1_Cnt16_ReadCounter
                0x00003ce4       0x14 .\CortexM3\ARM_GCC_541\Debug\4 - Pendulo.a(QuadDec_1_Cnt16.o)
                0x00003ce4                QuadDec_1_Cnt16_ReadCounter
 .text.QuadDec_1_Cnt16_ReadCapture
                0x00003cf8        0xc .\CortexM3\ARM_GCC_541\Debug\4 - Pendulo.a(QuadDec_1_Cnt16.o)
                0x00003cf8                QuadDec_1_Cnt16_ReadCapture
 .text.QuadDec_1_Cnt16_WritePeriod
                0x00003d04        0xc .\CortexM3\ARM_GCC_541\Debug\4 - Pendulo.a(QuadDec_1_Cnt16.o)
                0x00003d04                QuadDec_1_Cnt16_WritePeriod
 .text.QuadDec_1_Cnt16_WriteCompare
                0x00003d10        0xc .\CortexM3\ARM_GCC_541\Debug\4 - Pendulo.a(QuadDec_1_Cnt16.o)
                0x00003d10                QuadDec_1_Cnt16_WriteCompare
 .text.QuadDec_1_Cnt16_ClearFIFO
                0x00003d1c       0x14 .\CortexM3\ARM_GCC_541\Debug\4 - Pendulo.a(QuadDec_1_Cnt16.o)
                0x00003d1c                QuadDec_1_Cnt16_ClearFIFO
 .text.QuadDec_1_Cnt16_Init
                0x00003d30       0x58 .\CortexM3\ARM_GCC_541\Debug\4 - Pendulo.a(QuadDec_1_Cnt16.o)
                0x00003d30                QuadDec_1_Cnt16_Init
 .text.QuadDec_1_Cnt16_Start
                0x00003d88       0x1c .\CortexM3\ARM_GCC_541\Debug\4 - Pendulo.a(QuadDec_1_Cnt16.o)
                0x00003d88                QuadDec_1_Cnt16_Start
 .text.QuadDec_2_Cnt16_Enable
                0x00003da4       0x10 .\CortexM3\ARM_GCC_541\Debug\4 - Pendulo.a(QuadDec_2_Cnt16.o)
                0x00003da4                QuadDec_2_Cnt16_Enable
 .text.QuadDec_2_Cnt16_SetInterruptMode
                0x00003db4        0xc .\CortexM3\ARM_GCC_541\Debug\4 - Pendulo.a(QuadDec_2_Cnt16.o)
                0x00003db4                QuadDec_2_Cnt16_SetInterruptMode
 .text.QuadDec_2_Cnt16_ReadStatusRegister
                0x00003dc0        0xc .\CortexM3\ARM_GCC_541\Debug\4 - Pendulo.a(QuadDec_2_Cnt16.o)
                0x00003dc0                QuadDec_2_Cnt16_ReadStatusRegister
 .text.QuadDec_2_Cnt16_WriteCounter
                0x00003dcc        0xc .\CortexM3\ARM_GCC_541\Debug\4 - Pendulo.a(QuadDec_2_Cnt16.o)
                0x00003dcc                QuadDec_2_Cnt16_WriteCounter
 .text.QuadDec_2_Cnt16_ReadCounter
                0x00003dd8       0x14 .\CortexM3\ARM_GCC_541\Debug\4 - Pendulo.a(QuadDec_2_Cnt16.o)
                0x00003dd8                QuadDec_2_Cnt16_ReadCounter
 .text.QuadDec_2_Cnt16_ReadCapture
                0x00003dec        0xc .\CortexM3\ARM_GCC_541\Debug\4 - Pendulo.a(QuadDec_2_Cnt16.o)
                0x00003dec                QuadDec_2_Cnt16_ReadCapture
 .text.QuadDec_2_Cnt16_WritePeriod
                0x00003df8        0xc .\CortexM3\ARM_GCC_541\Debug\4 - Pendulo.a(QuadDec_2_Cnt16.o)
                0x00003df8                QuadDec_2_Cnt16_WritePeriod
 .text.QuadDec_2_Cnt16_WriteCompare
                0x00003e04        0xc .\CortexM3\ARM_GCC_541\Debug\4 - Pendulo.a(QuadDec_2_Cnt16.o)
                0x00003e04                QuadDec_2_Cnt16_WriteCompare
 .text.QuadDec_2_Cnt16_ClearFIFO
                0x00003e10       0x14 .\CortexM3\ARM_GCC_541\Debug\4 - Pendulo.a(QuadDec_2_Cnt16.o)
                0x00003e10                QuadDec_2_Cnt16_ClearFIFO
 .text.QuadDec_2_Cnt16_Init
                0x00003e24       0x58 .\CortexM3\ARM_GCC_541\Debug\4 - Pendulo.a(QuadDec_2_Cnt16.o)
                0x00003e24                QuadDec_2_Cnt16_Init
 .text.QuadDec_2_Cnt16_Start
                0x00003e7c       0x1c .\CortexM3\ARM_GCC_541\Debug\4 - Pendulo.a(QuadDec_2_Cnt16.o)
                0x00003e7c                QuadDec_2_Cnt16_Start
 .text.CyHalt   0x00003e98        0x4 .\CortexM3\ARM_GCC_541\Debug\4 - Pendulo.a(CyLib.o)
                0x00003e98                CyHalt
 .text.CyDelay  0x00003e9c       0x2c .\CortexM3\ARM_GCC_541\Debug\4 - Pendulo.a(CyLib.o)
                0x00003e9c                CyDelay
 .text.CyIntSetVector
                0x00003ec8       0x28 .\CortexM3\ARM_GCC_541\Debug\4 - Pendulo.a(CyLib.o)
                0x00003ec8                CyIntSetVector
 .text.CyIntSetPriority
                0x00003ef0       0x30 .\CortexM3\ARM_GCC_541\Debug\4 - Pendulo.a(CyLib.o)
                0x00003ef0                CyIntSetPriority
 .text.PWM_Motor_Enable
                0x00003f20       0x10 .\CortexM3\ARM_GCC_541\Debug\4 - Pendulo.a(PWM_Motor.o)
                0x00003f20                PWM_Motor_Enable
 .text.PWM_Motor_WriteCounter
                0x00003f30        0xc .\CortexM3\ARM_GCC_541\Debug\4 - Pendulo.a(PWM_Motor.o)
                0x00003f30                PWM_Motor_WriteCounter
 .text.PWM_Motor_WritePeriod
                0x00003f3c        0xc .\CortexM3\ARM_GCC_541\Debug\4 - Pendulo.a(PWM_Motor.o)
                0x00003f3c                PWM_Motor_WritePeriod
 .text.PWM_Motor_WriteCompare
                0x00003f48        0xc .\CortexM3\ARM_GCC_541\Debug\4 - Pendulo.a(PWM_Motor.o)
                0x00003f48                PWM_Motor_WriteCompare
 .text.PWM_Motor_SetInterruptMode
                0x00003f54        0xc .\CortexM3\ARM_GCC_541\Debug\4 - Pendulo.a(PWM_Motor.o)
                0x00003f54                PWM_Motor_SetInterruptMode
 .text.PWM_Motor_ReadStatusRegister
                0x00003f60        0xc .\CortexM3\ARM_GCC_541\Debug\4 - Pendulo.a(PWM_Motor.o)
                0x00003f60                PWM_Motor_ReadStatusRegister
 .text.PWM_Motor_ReadCapture
                0x00003f6c        0xc .\CortexM3\ARM_GCC_541\Debug\4 - Pendulo.a(PWM_Motor.o)
                0x00003f6c                PWM_Motor_ReadCapture
 .text.PWM_Motor_ClearFIFO
                0x00003f78       0x14 .\CortexM3\ARM_GCC_541\Debug\4 - Pendulo.a(PWM_Motor.o)
                0x00003f78                PWM_Motor_ClearFIFO
 .text.PWM_Motor_Init
                0x00003f8c       0x60 .\CortexM3\ARM_GCC_541\Debug\4 - Pendulo.a(PWM_Motor.o)
                0x00003f8c                PWM_Motor_Init
 .text.PWM_Motor_Start
                0x00003fec       0x1c .\CortexM3\ARM_GCC_541\Debug\4 - Pendulo.a(PWM_Motor.o)
                0x00003fec                PWM_Motor_Start
 .text.Pin_IN1_Write
                0x00004008       0x18 .\CortexM3\ARM_GCC_541\Debug\4 - Pendulo.a(Pin_IN1.o)
                0x00004008                Pin_IN1_Write
 .text.Pin_IN2_Write
                0x00004020       0x18 .\CortexM3\ARM_GCC_541\Debug\4 - Pendulo.a(Pin_IN2.o)
                0x00004020                Pin_IN2_Write
 .text.UART_1_Init
                0x00004038       0x5c .\CortexM3\ARM_GCC_541\Debug\4 - Pendulo.a(UART_1.o)
                0x00004038                UART_1_Init
 .text.UART_1_Enable
                0x00004094       0x50 .\CortexM3\ARM_GCC_541\Debug\4 - Pendulo.a(UART_1.o)
                0x00004094                UART_1_Enable
 .text.UART_1_Start
                0x000040e4       0x1c .\CortexM3\ARM_GCC_541\Debug\4 - Pendulo.a(UART_1.o)
                0x000040e4                UART_1_Start
 .text.UART_1_ReadRxData
                0x00004100       0x64 .\CortexM3\ARM_GCC_541\Debug\4 - Pendulo.a(UART_1.o)
                0x00004100                UART_1_ReadRxData
 .text.UART_1_GetRxBufferSize
                0x00004164       0x6c .\CortexM3\ARM_GCC_541\Debug\4 - Pendulo.a(UART_1.o)
                0x00004164                UART_1_GetRxBufferSize
 .text.UART_1_WriteTxData
                0x000041d0       0x60 .\CortexM3\ARM_GCC_541\Debug\4 - Pendulo.a(UART_1.o)
                0x000041d0                UART_1_WriteTxData
 .text.UART_1_PutChar
                0x00004230       0x7c .\CortexM3\ARM_GCC_541\Debug\4 - Pendulo.a(UART_1.o)
                0x00004230                UART_1_PutChar
 .text.UART_1_PutArray
                0x000042ac       0x28 .\CortexM3\ARM_GCC_541\Debug\4 - Pendulo.a(UART_1.o)
                0x000042ac                UART_1_PutArray
 .text.UART_1_RXISR
                0x000042d4       0x9c .\CortexM3\ARM_GCC_541\Debug\4 - Pendulo.a(UART_1_INT.o)
                0x000042d4                UART_1_RXISR
 .text.UART_1_TXISR
                0x00004370       0x5c .\CortexM3\ARM_GCC_541\Debug\4 - Pendulo.a(UART_1_INT.o)
                0x00004370                UART_1_TXISR
 .text.UART_1_IntClock_Start
                0x000043cc       0x1c .\CortexM3\ARM_GCC_541\Debug\4 - Pendulo.a(UART_1_IntClock.o)
                0x000043cc                UART_1_IntClock_Start
 .text.isr_2_SetVector
                0x000043e8        0xc .\CortexM3\ARM_GCC_541\Debug\4 - Pendulo.a(isr_2.o)
                0x000043e8                isr_2_SetVector
 .text.isr_2_SetPriority
                0x000043f4       0x10 .\CortexM3\ARM_GCC_541\Debug\4 - Pendulo.a(isr_2.o)
                0x000043f4                isr_2_SetPriority
 .text.isr_2_Enable
                0x00004404        0xc .\CortexM3\ARM_GCC_541\Debug\4 - Pendulo.a(isr_2.o)
                0x00004404                isr_2_Enable
 .text.isr_2_Disable
                0x00004410        0xc .\CortexM3\ARM_GCC_541\Debug\4 - Pendulo.a(isr_2.o)
                0x00004410                isr_2_Disable
 .text.isr_2_StartEx
                0x0000441c       0x1c .\CortexM3\ARM_GCC_541\Debug\4 - Pendulo.a(isr_2.o)
                0x0000441c                isr_2_StartEx
 .text.pin_flag_Write
                0x00004438       0x18 .\CortexM3\ARM_GCC_541\Debug\4 - Pendulo.a(pin_flag.o)
                0x00004438                pin_flag_Write
 .text          0x00004450       0x20 .\CortexM3\ARM_GCC_541\Debug\4 - Pendulo.a(CyBootAsmGnu.o)
                0x00004450                CyDelayCycles
                0x00004460                CyEnterCriticalSection
                0x00004468                CyExitCriticalSection
 .text          0x00004470      0x21c d:/psoc/psoc creator/4.4/psoc creator/import/gnu/arm/5.4.1/bin/../lib/gcc/arm-none-eabi/5.4.1/armv7-m\libgcc.a(_arm_addsubsf3.o)
                0x00004470                __aeabi_frsub
                0x00004478                __subsf3
                0x00004478                __aeabi_fsub
                0x0000447c                __aeabi_fadd
                0x0000447c                __addsf3
                0x000045dc                __aeabi_ui2f
                0x000045dc                __floatunsisf
                0x000045e4                __aeabi_i2f
                0x000045e4                __floatsisf
                0x00004600                __aeabi_ul2f
                0x00004600                __floatundisf
                0x00004610                __aeabi_l2f
                0x00004610                __floatdisf
 .text          0x0000468c      0x2a0 d:/psoc/psoc creator/4.4/psoc creator/import/gnu/arm/5.4.1/bin/../lib/gcc/arm-none-eabi/5.4.1/armv7-m\libgcc.a(_arm_muldivsf3.o)
                0x0000468c                __mulsf3
                0x0000468c                __aeabi_fmul
                0x000047f4                __aeabi_fdiv
                0x000047f4                __divsf3
 .text          0x0000492c       0xec d:/psoc/psoc creator/4.4/psoc creator/import/gnu/arm/5.4.1/bin/../lib/gcc/arm-none-eabi/5.4.1/armv7-m\libgcc.a(_arm_cmpsf2.o)
                0x0000492c                __gesf2
                0x0000492c                __gtsf2
                0x00004934                __lesf2
                0x00004934                __ltsf2
                0x0000493c                __nesf2
                0x0000493c                __eqsf2
                0x0000493c                __cmpsf2
                0x0000499c                __aeabi_cfrcmple
                0x000049a4                __aeabi_cfcmpeq
                0x000049a4                __aeabi_cfcmple
                0x000049b4                __aeabi_fcmpeq
                0x000049c8                __aeabi_fcmplt
                0x000049dc                __aeabi_fcmple
                0x000049f0                __aeabi_fcmpge
                0x00004a04                __aeabi_fcmpgt
 .text          0x00004a18       0x4c d:/psoc/psoc creator/4.4/psoc creator/import/gnu/arm/5.4.1/bin/../lib/gcc/arm-none-eabi/5.4.1/armv7-m\libgcc.a(_arm_fixsfsi.o)
                0x00004a18                __aeabi_f2iz
                0x00004a18                __fixsfsi
 .text          0x00004a64       0x40 d:/psoc/psoc creator/4.4/psoc creator/import/gnu/arm/5.4.1/bin/../lib/gcc/arm-none-eabi/5.4.1/armv7-m\libgcc.a(_arm_fixunssfsi.o)
                0x00004a64                __fixunssfsi
                0x00004a64                __aeabi_f2uiz
 .text          0x00004aa4       0x28 d:/psoc/psoc creator/4.4/psoc creator/import/gnu/arm/5.4.1/bin/../lib/gcc/arm-none-eabi/5.4.1/armv7-m\libgcc.a(_fixsfdi.o)
                0x00004aa4                __fixsfdi
                0x00004aa4                __aeabi_f2lz
 .text          0x00004acc       0x4c d:/psoc/psoc creator/4.4/psoc creator/import/gnu/arm/5.4.1/bin/../lib/gcc/arm-none-eabi/5.4.1/armv7-m\libgcc.a(_fixunssfdi.o)
                0x00004acc                __fixunssfdi
                0x00004acc                __aeabi_f2ulz
 .text          0x00004b18      0x370 d:/psoc/psoc creator/4.4/psoc creator/import/gnu/arm/5.4.1/bin/../lib/gcc/arm-none-eabi/5.4.1/armv7-m\libgcc.a(_arm_addsubdf3.o)
                0x00004b18                __aeabi_drsub
                0x00004b20                __aeabi_dsub
                0x00004b20                __subdf3
                0x00004b24                __aeabi_dadd
                0x00004b24                __adddf3
                0x00004d9c                __floatunsidf
                0x00004d9c                __aeabi_ui2d
                0x00004dbc                __floatsidf
                0x00004dbc                __aeabi_i2d
                0x00004de0                __aeabi_f2d
                0x00004de0                __extendsfdf2
                0x00004e1c                __floatundidf
                0x00004e1c                __aeabi_ul2d
                0x00004e2c                __floatdidf
                0x00004e2c                __aeabi_l2d
 .text          0x00004e88      0x424 d:/psoc/psoc creator/4.4/psoc creator/import/gnu/arm/5.4.1/bin/../lib/gcc/arm-none-eabi/5.4.1/armv7-m\libgcc.a(_arm_muldivdf3.o)
                0x00004e88                __aeabi_dmul
                0x00004e88                __muldf3
                0x000050dc                __divdf3
                0x000050dc                __aeabi_ddiv
 .text          0x000052ac       0x40 d:/psoc/psoc creator/4.4/psoc creator/import/gnu/arm/5.4.1/bin/../lib/gcc/arm-none-eabi/5.4.1/armv7-m\libgcc.a(_arm_fixunsdfsi.o)
                0x000052ac                __aeabi_d2uiz
                0x000052ac                __fixunsdfsi
 .text.__errno  0x000052ec        0xc d:/psoc/psoc creator/4.4/psoc creator/import/gnu/arm/5.4.1/bin/../lib/gcc/arm-none-eabi/5.4.1/../../../../arm-none-eabi/lib/armv7-m\libg_nano.a(lib_a-errno.o)
                0x000052ec                __errno
 .text.__libc_init_array
                0x000052f8       0x4c d:/psoc/psoc creator/4.4/psoc creator/import/gnu/arm/5.4.1/bin/../lib/gcc/arm-none-eabi/5.4.1/../../../../arm-none-eabi/lib/armv7-m\libg_nano.a(lib_a-init.o)
                0x000052f8                __libc_init_array
 .text.memcpy   0x00005344       0x16 d:/psoc/psoc creator/4.4/psoc creator/import/gnu/arm/5.4.1/bin/../lib/gcc/arm-none-eabi/5.4.1/../../../../arm-none-eabi/lib/armv7-m\libg_nano.a(lib_a-memcpy-stub.o)
                0x00005344                memcpy
 .text.memset   0x0000535a       0x10 d:/psoc/psoc creator/4.4/psoc creator/import/gnu/arm/5.4.1/bin/../lib/gcc/arm-none-eabi/5.4.1/../../../../arm-none-eabi/lib/armv7-m\libg_nano.a(lib_a-memset.o)
                0x0000535a                memset
 *(.plt)
 *(.gnu.warning)
 *(.glue_7t)
 .glue_7t       0x0000536a        0x0 linker stubs
 *(.glue_7)
 .glue_7        0x0000536a        0x0 linker stubs
 *(.vfp11_veneer)
 .vfp11_veneer  0x0000536a        0x0 linker stubs
 *(.bootloader)
 *(.ARM.extab* .gnu.linkonce.armextab.*)
 *(.gcc_except_table)

.v4_bx          0x0000536c        0x0
 .v4_bx         0x0000536c        0x0 linker stubs

.iplt           0x0000536c        0x0
 .iplt          0x0000536c        0x0 d:/psoc/psoc creator/4.4/psoc creator/import/gnu/arm/5.4.1/bin/../lib/gcc/arm-none-eabi/5.4.1/armv7-m/crtbegin.o

.eh_frame_hdr
 *(.eh_frame_hdr)

.eh_frame       0x0000536c        0x4
 *(.eh_frame)
 .eh_frame      0x0000536c        0x0 d:/psoc/psoc creator/4.4/psoc creator/import/gnu/arm/5.4.1/bin/../lib/gcc/arm-none-eabi/5.4.1/armv7-m/crtbegin.o
 .eh_frame      0x0000536c        0x4 d:/psoc/psoc creator/4.4/psoc creator/import/gnu/arm/5.4.1/bin/../lib/gcc/arm-none-eabi/5.4.1/armv7-m/crtend.o
                [!provide]                PROVIDE (__exidx_start, .)

.ARM.exidx
 *(.ARM.exidx* .gnu.linkonce.armexidx.*)
                0x00005370                __exidx_end = .

.rodata         0x00005370       0x80
 *(.rodata .rodata.* .gnu.linkonce.r.*)
 .rodata        0x00005370       0x44 .\CortexM3\ARM_GCC_541\Debug\cyfitter_cfg.o
 .rodata.str1.1
                0x000053b4        0x2 d:/psoc/psoc creator/4.4/psoc creator/import/gnu/arm/5.4.1/bin/../lib/gcc/arm-none-eabi/5.4.1/../../../../arm-none-eabi/lib/armv7-m\libg_nano.a(lib_a-impure.o)
                0x000053b8                . = ALIGN (0x4)
 *fill*         0x000053b6        0x2 
 *(.init)
 .init          0x000053b8        0x4 d:/psoc/psoc creator/4.4/psoc creator/import/gnu/arm/5.4.1/bin/../lib/gcc/arm-none-eabi/5.4.1/armv7-m/crti.o
                0x000053b8                _init
 .init          0x000053bc        0x8 d:/psoc/psoc creator/4.4/psoc creator/import/gnu/arm/5.4.1/bin/../lib/gcc/arm-none-eabi/5.4.1/armv7-m/crtn.o
                0x000053c4                . = ALIGN (0x4)
                0x000053c4                __preinit_array_start = .
 *(.preinit_array)
                0x000053c4                __preinit_array_end = .
                0x000053c4                . = ALIGN (0x4)
                0x000053c4                __init_array_start = .
 *(SORT(.init_array.*))
 *(.init_array)
 .init_array    0x000053c4        0x4 d:/psoc/psoc creator/4.4/psoc creator/import/gnu/arm/5.4.1/bin/../lib/gcc/arm-none-eabi/5.4.1/armv7-m/crtbegin.o
 .init_array    0x000053c8        0x4 .\CortexM3\ARM_GCC_541\Debug\Cm3Start.o
                0x000053cc                __init_array_end = .
                0x000053cc                . = ALIGN (0x4)
 *(.fini)
 .fini          0x000053cc        0x4 d:/psoc/psoc creator/4.4/psoc creator/import/gnu/arm/5.4.1/bin/../lib/gcc/arm-none-eabi/5.4.1/armv7-m/crti.o
                0x000053cc                _fini
 .fini          0x000053d0        0x8 d:/psoc/psoc creator/4.4/psoc creator/import/gnu/arm/5.4.1/bin/../lib/gcc/arm-none-eabi/5.4.1/armv7-m/crtn.o
                0x000053d8                . = ALIGN (0x4)
                0x000053d8                __fini_array_start = .
 *(.fini_array)
 .fini_array    0x000053d8        0x4 d:/psoc/psoc creator/4.4/psoc creator/import/gnu/arm/5.4.1/bin/../lib/gcc/arm-none-eabi/5.4.1/armv7-m/crtbegin.o
 *(SORT(.fini_array.*))
                0x000053dc                __fini_array_end = .
                0x000053dc                . = ALIGN (0x4)
 *crtbegin.o(.ctors)
 *(EXCLUDE_FILE(*crtend.o) .ctors)
 *(SORT(.ctors.*))
 *crtend.o(.ctors)
                0x000053dc                . = ALIGN (0x4)
 *crtbegin.o(.dtors)
 *(EXCLUDE_FILE(*crtend.o) .dtors)
 *(SORT(.dtors.*))
 *crtend.o(.dtors)
                0x000053dc                . = ALIGN (0x4)
                0x000053dc                __cy_regions = .
                0x000053dc        0x4 LONG 0x53f0 __cy_region_init_ram
                0x000053e0        0x4 LONG 0x1fff80c8 __cy_region_start_data
                0x000053e4        0x4 LONG 0x88 __cy_region_init_size_ram
                0x000053e8        0x4 LONG 0x768 __cy_region_zero_size_ram
                0x000053ec                __cy_regions_end = .
                0x000053f0                . = ALIGN (0x8)
 *fill*         0x000053ec        0x4 
                0x000053f0                _etext = .

.cy_checksum_exclude
                0x000053f0        0x0
 *(.cy_checksum_exclude)

.ramvectors     0x1fff8000       0xc0
                0x1fff8000                __cy_region_start_ram = .
 *(.ramvectors)
 .ramvectors    0x1fff8000       0xc0 .\CortexM3\ARM_GCC_541\Debug\Cm3Start.o
                0x1fff8000                CyRamVectors

.noinit         0x1fff80c0        0x1
 *(.noinit)
 .noinit        0x1fff80c0        0x1 .\CortexM3\ARM_GCC_541\Debug\4 - Pendulo.a(CyLib.o)
                0x1fff80c0                CyResetStatus

.data           0x1fff80c8       0x88 load address 0x000053f0
                0x1fff80c8                __cy_region_start_data = .
 *(.jcr)
 .jcr           0x1fff80c8        0x0 d:/psoc/psoc creator/4.4/psoc creator/import/gnu/arm/5.4.1/bin/../lib/gcc/arm-none-eabi/5.4.1/armv7-m/crtbegin.o
 .jcr           0x1fff80c8        0x4 d:/psoc/psoc creator/4.4/psoc creator/import/gnu/arm/5.4.1/bin/../lib/gcc/arm-none-eabi/5.4.1/armv7-m/crtend.o
 *(.got.plt)
 *(.got)
 *(.shdata)
 *(.data .data.* .gnu.linkonce.d.*)
 .data          0x1fff80cc       0x10 .\CortexM3\ARM_GCC_541\Debug\ctrl_pend.o
                0x1fff80d8                ctrl_period_ticks
 .data          0x1fff80dc       0x10 .\CortexM3\ARM_GCC_541\Debug\4 - Pendulo.a(CyLib.o)
                0x1fff80dc                cydelay_32k_ms
                0x1fff80e0                cydelay_freq_khz
                0x1fff80e4                cydelay_freq_mhz
                0x1fff80e8                cydelay_freq_hz
 .data.impure_data
                0x1fff80ec       0x60 d:/psoc/psoc creator/4.4/psoc creator/import/gnu/arm/5.4.1/bin/../lib/gcc/arm-none-eabi/5.4.1/../../../../arm-none-eabi/lib/armv7-m\libg_nano.a(lib_a-impure.o)
 .data._impure_ptr
                0x1fff814c        0x4 d:/psoc/psoc creator/4.4/psoc creator/import/gnu/arm/5.4.1/bin/../lib/gcc/arm-none-eabi/5.4.1/../../../../arm-none-eabi/lib/armv7-m\libg_nano.a(lib_a-impure.o)
                0x1fff814c                _impure_ptr
                0x1fff8150                . = ALIGN (0x8)
 *(.ram)
                0x1fff8150                _edata = .

.igot.plt       0x1fff8150        0x0 load address 0x00005478
 .igot.plt      0x1fff8150        0x0 d:/psoc/psoc creator/4.4/psoc creator/import/gnu/arm/5.4.1/bin/../lib/gcc/arm-none-eabi/5.4.1/armv7-m/crtbegin.o

.bss            0x1fff8150      0x768 load address 0x00005478
                0x1fff8150                PROVIDE (__bss_start__, .)
 *(.shbss)
 *(.bss .bss.* .gnu.linkonce.b.*)
 .bss           0x1fff8150       0x1c d:/psoc/psoc creator/4.4/psoc creator/import/gnu/arm/5.4.1/bin/../lib/gcc/arm-none-eabi/5.4.1/armv7-m/crtbegin.o
 .bss           0x1fff816c        0xa .\CortexM3\ARM_GCC_541\Debug\pendulo.o
                0x1fff816c                g_flag_control
                0x1fff8170                g_prev_motor_count
                0x1fff8174                g_last_u_pwm
 *fill*         0x1fff8176        0x2 
 .bss           0x1fff8178       0xe8 .\CortexM3\ARM_GCC_541\Debug\uartp_pend.o
                0x1fff8250                g_ref_in_volts
                0x1fff8254                UARTP_PendingRef
                0x1fff8258                UARTP_SysMode
 .bss           0x1fff8260      0x248 .\CortexM3\ARM_GCC_541\Debug\ctrl_pend.o
                0x1fff847d                ctrl_telem_ready
                0x1fff847e                ctrl_period_pending
                0x1fff8488                ctrl_telem_u1
                0x1fff848c                ctrl_telem_y1
                0x1fff8490                ctrl_telem_u2
                0x1fff8494                ctrl_telem_y2
                0x1fff8498                ctrl_telem_x1i
                0x1fff849c                ctrl_telem_x2i
                0x1fff84a0                ctrl_telem_x1o
                0x1fff84a4                ctrl_telem_x2o
 .bss           0x1fff84a8        0x1 .\CortexM3\ARM_GCC_541\Debug\4 - Pendulo.a(Timer_1.o)
                0x1fff84a8                Timer_1_initVar
 .bss           0x1fff84a9        0x1 .\CortexM3\ARM_GCC_541\Debug\4 - Pendulo.a(QuadDec_1.o)
                0x1fff84a9                QuadDec_1_initVar
 *fill*         0x1fff84aa        0x2 
 .bss           0x1fff84ac        0x4 .\CortexM3\ARM_GCC_541\Debug\4 - Pendulo.a(QuadDec_1_INT.o)
                0x1fff84ac                QuadDec_1_count32SoftPart
 .bss           0x1fff84b0        0x1 .\CortexM3\ARM_GCC_541\Debug\4 - Pendulo.a(QuadDec_2.o)
                0x1fff84b0                QuadDec_2_initVar
 *fill*         0x1fff84b1        0x3 
 .bss           0x1fff84b4        0x4 .\CortexM3\ARM_GCC_541\Debug\4 - Pendulo.a(QuadDec_2_INT.o)
                0x1fff84b4                QuadDec_2_count32SoftPart
 .bss           0x1fff84b8        0x1 .\CortexM3\ARM_GCC_541\Debug\4 - Pendulo.a(QuadDec_1_Cnt16.o)
                0x1fff84b8                QuadDec_1_Cnt16_initVar
 .bss           0x1fff84b9        0x1 .\CortexM3\ARM_GCC_541\Debug\4 - Pendulo.a(QuadDec_2_Cnt16.o)
                0x1fff84b9                QuadDec_2_Cnt16_initVar
 .bss           0x1fff84ba        0x1 .\CortexM3\ARM_GCC_541\Debug\4 - Pendulo.a(PWM_Motor.o)
                0x1fff84ba                PWM_Motor_initVar
 *fill*         0x1fff84bb        0x1 
 .bss           0x1fff84bc        0xd .\CortexM3\ARM_GCC_541\Debug\4 - Pendulo.a(UART_1.o)
                0x1fff84bc                UART_1_errorStatus
                0x1fff84bd                UART_1_initVar
                0x1fff84be                UART_1_rxBufferRead
                0x1fff84c0                UART_1_rxBufferWrite
                0x1fff84c2                UART_1_rxBufferLoopDetect
                0x1fff84c3                UART_1_rxBufferOverflow
                0x1fff84c4                UART_1_txBufferRead
                0x1fff84c6                UART_1_txBufferWrite
 *(COMMON)
 *fill*         0x1fff84c9        0x3 
 COMMON         0x1fff84cc      0x3e8 .\CortexM3\ARM_GCC_541\Debug\4 - Pendulo.a(UART_1.o)
                0x1fff84cc                UART_1_txBuffer
                0x1fff86c0                UART_1_rxBuffer
                0x1fff88b8                . = ALIGN (0x8)
 *fill*         0x1fff88b4        0x4 
 *(.ram.b)
                0x1fff88b8                _end = .
                0x1fff88b8                __end = .
                0x1fff88b8                PROVIDE (end, .)
                0x1fff88b8                PROVIDE (__bss_end__, .)
                0x000053f0                __cy_region_init_ram = LOADADDR (.data)
                0x00000088                __cy_region_init_size_ram = (_edata - ADDR (.data))
                0x00000768                __cy_region_zero_size_ram = (_end - _edata)

.heap           0x1fff88b8       0x80 load address 0x00005478
                0x1fff88b8                . = _end
                0x1fff8938                . = (. + 0x80)
 *fill*         0x1fff88b8       0x80 
                0x1fff8938                __cy_heap_limit = .

.stack          0x20007800      0x800
                0x20007800                __cy_stack_limit = .
                0x20008000                . = (. + 0x800)
 *fill*         0x20007800      0x800 
                0x00000001                ASSERT ((__cy_stack_limit >= __cy_heap_limit), region RAM overflowed with stack)
                0x00000000                cy_checksum_exclude_size = (CY_APPL_LOADABLE == 0x1)?SIZEOF (.cy_checksum_exclude):0x0
                0x00000001                ASSERT ((cy_checksum_exclude_size <= CY_CHECKSUM_EXCLUDE_SIZE), CY_BOOT: Section .cy_checksum_exclude size exceedes specified limit.)

.cyloadermeta
 *(.cyloadermeta)

.cyloadablemeta
 *(.cyloadablemeta)

.cyconfigecc    0x80000000      0xd6c
 *(.cyconfigecc)
 .cyconfigecc   0x80000000      0xd6c .\CortexM3\ARM_GCC_541\Debug\cymetadata.o
                0x80000000                cy_meta_configecc

.cycustnvl      0x90000000        0x4
 *(.cycustnvl)
 .cycustnvl     0x90000000        0x4 .\CortexM3\ARM_GCC_541\Debug\cymetadata.o
                0x90000000                cy_meta_custnvl

.cywolatch      0x90100000        0x4
 *(.cywolatch)
 .cywolatch     0x90100000        0x4 .\CortexM3\ARM_GCC_541\Debug\cymetadata.o
                0x90100000                cy_meta_wonvl

.cyeeprom       0x90200000        0x0
 *(.cyeeprom)
                0x00000001                ASSERT ((. <= ((0x90200000 + ee_offset) + ee_size)), .cyeeprom data will not fit in EEPROM)

.cyflashprotect
                0x90400000      0x100
 *(.cyflashprotect)
 .cyflashprotect
                0x90400000      0x100 .\CortexM3\ARM_GCC_541\Debug\cymetadata.o
                0x90400000                cy_meta_flashprotect

.cymeta         0x90500000        0xc
 *(.cymeta)
 .cymeta        0x90500000        0xc .\CortexM3\ARM_GCC_541\Debug\cymetadata.o
                0x90500000                cy_metadata

.rel.dyn        0x00005478        0x0 load address 0x9050000c
 .rel.iplt      0x00005478        0x0 d:/psoc/psoc creator/4.4/psoc creator/import/gnu/arm/5.4.1/bin/../lib/gcc/arm-none-eabi/5.4.1/armv7-m/crtbegin.o

.stab
 *(.stab)

.stabstr
 *(.stabstr)

.debug
 *(.debug)

.line
 *(.line)

.debug_srcinfo
 *(.debug_srcinfo)

.debug_sfnames
 *(.debug_sfnames)

.debug_aranges  0x00000000     0x1110
 *(.debug_aranges)
 .debug_aranges
                0x00000000       0x20 .\CortexM3\ARM_GCC_541\Debug\main.o
 .debug_aranges
                0x00000020       0x38 .\CortexM3\ARM_GCC_541\Debug\motor.o
 .debug_aranges
                0x00000058       0x28 .\CortexM3\ARM_GCC_541\Debug\pid.o
 .debug_aranges
                0x00000080       0x38 .\CortexM3\ARM_GCC_541\Debug\pendulo.o
 .debug_aranges
                0x000000b8       0x58 .\CortexM3\ARM_GCC_541\Debug\uartp_pend.o
 .debug_aranges
                0x00000110      0x170 .\CortexM3\ARM_GCC_541\Debug\ctrl_pend.o
 .debug_aranges
                0x00000280       0x68 .\CortexM3\ARM_GCC_541\Debug\uartp2.o
 .debug_aranges
                0x000002e8       0x20 .\CortexM3\ARM_GCC_541\Debug\arm_add_f32.o
 .debug_aranges
                0x00000308       0x20 .\CortexM3\ARM_GCC_541\Debug\arm_dot_prod_f32.o
 .debug_aranges
                0x00000328       0x20 .\CortexM3\ARM_GCC_541\Debug\arm_mat_init_f32.o
 .debug_aranges
                0x00000348       0x20 .\CortexM3\ARM_GCC_541\Debug\arm_mat_mult_f32.o
 .debug_aranges
                0x00000368       0x20 .\CortexM3\ARM_GCC_541\Debug\arm_scale_f32.o
 .debug_aranges
                0x00000388       0x20 .\CortexM3\ARM_GCC_541\Debug\arm_dot_prod_q31.o
 .debug_aranges
                0x000003a8       0x20 .\CortexM3\ARM_GCC_541\Debug\arm_scale_q31.o
 .debug_aranges
                0x000003c8       0x20 .\CortexM3\ARM_GCC_541\Debug\arm_add_q31.o
 .debug_aranges
                0x000003e8       0x20 .\CortexM3\ARM_GCC_541\Debug\arm_float_to_q31.o
 .debug_aranges
                0x00000408       0x20 .\CortexM3\ARM_GCC_541\Debug\arm_q31_to_float.o
 .debug_aranges
                0x00000428       0x20 .\CortexM3\ARM_GCC_541\Debug\arm_dot_prod_q15.o
 .debug_aranges
                0x00000448       0x20 .\CortexM3\ARM_GCC_541\Debug\arm_scale_q15.o
 .debug_aranges
                0x00000468       0x20 .\CortexM3\ARM_GCC_541\Debug\arm_add_q15.o
 .debug_aranges
                0x00000488       0x20 .\CortexM3\ARM_GCC_541\Debug\arm_float_to_q15.o
 .debug_aranges
                0x000004a8       0x20 .\CortexM3\ARM_GCC_541\Debug\arm_q15_to_float.o
 .debug_aranges
                0x000004c8       0x20 .\CortexM3\ARM_GCC_541\Debug\arm_dot_prod_q7.o
 .debug_aranges
                0x000004e8       0x20 .\CortexM3\ARM_GCC_541\Debug\arm_scale_q7.o
 .debug_aranges
                0x00000508       0x20 .\CortexM3\ARM_GCC_541\Debug\arm_add_q7.o
 .debug_aranges
                0x00000528       0x20 .\CortexM3\ARM_GCC_541\Debug\arm_float_to_q7.o
 .debug_aranges
                0x00000548       0x20 .\CortexM3\ARM_GCC_541\Debug\arm_q7_to_float.o
 .debug_aranges
                0x00000568       0x58 .\CortexM3\ARM_GCC_541\Debug\cyfitter_cfg.o
 .debug_aranges
                0x000005c0       0x18 .\CortexM3\ARM_GCC_541\Debug\cymetadata.o
 .debug_aranges
                0x000005d8       0x48 .\CortexM3\ARM_GCC_541\Debug\Cm3Start.o
 .debug_aranges
                0x00000620       0x98 .\CortexM3\ARM_GCC_541\Debug\4 - Pendulo.a(Timer_1.o)
 .debug_aranges
                0x000006b8       0x60 .\CortexM3\ARM_GCC_541\Debug\4 - Pendulo.a(QuadDec_1.o)
 .debug_aranges
                0x00000718       0x20 .\CortexM3\ARM_GCC_541\Debug\4 - Pendulo.a(QuadDec_1_INT.o)
 .debug_aranges
                0x00000738       0x80 .\CortexM3\ARM_GCC_541\Debug\4 - Pendulo.a(isr_1.o)
 .debug_aranges
                0x000007b8       0x60 .\CortexM3\ARM_GCC_541\Debug\4 - Pendulo.a(QuadDec_2.o)
 .debug_aranges
                0x00000818       0x20 .\CortexM3\ARM_GCC_541\Debug\4 - Pendulo.a(QuadDec_2_INT.o)
 .debug_aranges
                0x00000838       0x98 .\CortexM3\ARM_GCC_541\Debug\4 - Pendulo.a(QuadDec_1_Cnt16.o)
 .debug_aranges
                0x000008d0       0x98 .\CortexM3\ARM_GCC_541\Debug\4 - Pendulo.a(QuadDec_2_Cnt16.o)
 .debug_aranges
                0x00000968      0x2a0 .\CortexM3\ARM_GCC_541\Debug\4 - Pendulo.a(CyLib.o)
 .debug_aranges
                0x00000c08       0x98 .\CortexM3\ARM_GCC_541\Debug\4 - Pendulo.a(cyPm.o)
 .debug_aranges
                0x00000ca0       0x98 .\CortexM3\ARM_GCC_541\Debug\4 - Pendulo.a(PWM_Motor.o)
 .debug_aranges
                0x00000d38       0x38 .\CortexM3\ARM_GCC_541\Debug\4 - Pendulo.a(Pin_IN1.o)
 .debug_aranges
                0x00000d70       0x38 .\CortexM3\ARM_GCC_541\Debug\4 - Pendulo.a(Pin_IN2.o)
 .debug_aranges
                0x00000da8       0xf0 .\CortexM3\ARM_GCC_541\Debug\4 - Pendulo.a(UART_1.o)
 .debug_aranges
                0x00000e98       0x28 .\CortexM3\ARM_GCC_541\Debug\4 - Pendulo.a(UART_1_INT.o)
 .debug_aranges
                0x00000ec0       0x70 .\CortexM3\ARM_GCC_541\Debug\4 - Pendulo.a(UART_1_IntClock.o)
 .debug_aranges
                0x00000f30       0x80 .\CortexM3\ARM_GCC_541\Debug\4 - Pendulo.a(isr_2.o)
 .debug_aranges
                0x00000fb0       0x38 .\CortexM3\ARM_GCC_541\Debug\4 - Pendulo.a(pin_flag.o)
 .debug_aranges
                0x00000fe8       0x20 .\CortexM3\ARM_GCC_541\Debug\4 - Pendulo.a(CyBootAsmGnu.o)
 .debug_aranges
                0x00001008       0x88 .\CortexM3\ARM_GCC_541\Debug\4 - Pendulo.a(CyFlash.o)
 .debug_aranges
                0x00001090       0x80 .\CortexM3\ARM_GCC_541\Debug\4 - Pendulo.a(CySpc.o)

.debug_pubnames
 *(.debug_pubnames)

.debug_info     0x00000000     0xd5f1
 *(.debug_info .gnu.linkonce.wi.*)
 .debug_info    0x00000000      0x3e6 .\CortexM3\ARM_GCC_541\Debug\main.o
 .debug_info    0x000003e6      0x2a9 .\CortexM3\ARM_GCC_541\Debug\motor.o
 .debug_info    0x0000068f      0x1c7 .\CortexM3\ARM_GCC_541\Debug\pid.o
 .debug_info    0x00000856      0x2ca .\CortexM3\ARM_GCC_541\Debug\pendulo.o
 .debug_info    0x00000b20      0x8f8 .\CortexM3\ARM_GCC_541\Debug\uartp_pend.o
 .debug_info    0x00001418     0x316c .\CortexM3\ARM_GCC_541\Debug\ctrl_pend.o
 .debug_info    0x00004584      0x6cf .\CortexM3\ARM_GCC_541\Debug\uartp2.o
 .debug_info    0x00004c53      0x18a .\CortexM3\ARM_GCC_541\Debug\arm_add_f32.o
 .debug_info    0x00004ddd      0x121 .\CortexM3\ARM_GCC_541\Debug\arm_dot_prod_f32.o
 .debug_info    0x00004efe      0x142 .\CortexM3\ARM_GCC_541\Debug\arm_mat_init_f32.o
 .debug_info    0x00005040      0x2a3 .\CortexM3\ARM_GCC_541\Debug\arm_mat_mult_f32.o
 .debug_info    0x000052e3      0x14e .\CortexM3\ARM_GCC_541\Debug\arm_scale_f32.o
 .debug_info    0x00005431      0x1d9 .\CortexM3\ARM_GCC_541\Debug\arm_dot_prod_q31.o
 .debug_info    0x0000560a      0x21f .\CortexM3\ARM_GCC_541\Debug\arm_scale_q31.o
 .debug_info    0x00005829      0x32e .\CortexM3\ARM_GCC_541\Debug\arm_add_q31.o
 .debug_info    0x00005b57      0x207 .\CortexM3\ARM_GCC_541\Debug\arm_float_to_q31.o
 .debug_info    0x00005d5e      0x13c .\CortexM3\ARM_GCC_541\Debug\arm_q31_to_float.o
 .debug_info    0x00005e9a      0x254 .\CortexM3\ARM_GCC_541\Debug\arm_dot_prod_q15.o
 .debug_info    0x000060ee      0x2e5 .\CortexM3\ARM_GCC_541\Debug\arm_scale_q15.o
 .debug_info    0x000063d3      0x34c .\CortexM3\ARM_GCC_541\Debug\arm_add_q15.o
 .debug_info    0x0000671f      0x22e .\CortexM3\ARM_GCC_541\Debug\arm_float_to_q15.o
 .debug_info    0x0000694d      0x13c .\CortexM3\ARM_GCC_541\Debug\arm_q15_to_float.o
 .debug_info    0x00006a89      0x37c .\CortexM3\ARM_GCC_541\Debug\arm_dot_prod_q7.o
 .debug_info    0x00006e05      0x2a3 .\CortexM3\ARM_GCC_541\Debug\arm_scale_q7.o
 .debug_info    0x000070a8      0x302 .\CortexM3\ARM_GCC_541\Debug\arm_add_q7.o
 .debug_info    0x000073aa      0x22e .\CortexM3\ARM_GCC_541\Debug\arm_float_to_q7.o
 .debug_info    0x000075d8      0x13c .\CortexM3\ARM_GCC_541\Debug\arm_q7_to_float.o
 .debug_info    0x00007714      0x5b9 .\CortexM3\ARM_GCC_541\Debug\cyfitter_cfg.o
 .debug_info    0x00007ccd      0x139 .\CortexM3\ARM_GCC_541\Debug\cymetadata.o
 .debug_info    0x00007e06      0x3bb .\CortexM3\ARM_GCC_541\Debug\Cm3Start.o
 .debug_info    0x000081c1      0x329 .\CortexM3\ARM_GCC_541\Debug\4 - Pendulo.a(Timer_1.o)
 .debug_info    0x000084ea      0x357 .\CortexM3\ARM_GCC_541\Debug\4 - Pendulo.a(QuadDec_1.o)
 .debug_info    0x00008841       0xf3 .\CortexM3\ARM_GCC_541\Debug\4 - Pendulo.a(QuadDec_1_INT.o)
 .debug_info    0x00008934      0x2d2 .\CortexM3\ARM_GCC_541\Debug\4 - Pendulo.a(isr_1.o)
 .debug_info    0x00008c06      0x357 .\CortexM3\ARM_GCC_541\Debug\4 - Pendulo.a(QuadDec_2.o)
 .debug_info    0x00008f5d       0xf3 .\CortexM3\ARM_GCC_541\Debug\4 - Pendulo.a(QuadDec_2_INT.o)
 .debug_info    0x00009050      0x348 .\CortexM3\ARM_GCC_541\Debug\4 - Pendulo.a(QuadDec_1_Cnt16.o)
 .debug_info    0x00009398      0x348 .\CortexM3\ARM_GCC_541\Debug\4 - Pendulo.a(QuadDec_2_Cnt16.o)
 .debug_info    0x000096e0     0x1374 .\CortexM3\ARM_GCC_541\Debug\4 - Pendulo.a(CyLib.o)
 .debug_info    0x0000aa54      0xa2a .\CortexM3\ARM_GCC_541\Debug\4 - Pendulo.a(cyPm.o)
 .debug_info    0x0000b47e      0x352 .\CortexM3\ARM_GCC_541\Debug\4 - Pendulo.a(PWM_Motor.o)
 .debug_info    0x0000b7d0      0x11f .\CortexM3\ARM_GCC_541\Debug\4 - Pendulo.a(Pin_IN1.o)
 .debug_info    0x0000b8ef      0x11f .\CortexM3\ARM_GCC_541\Debug\4 - Pendulo.a(Pin_IN2.o)
 .debug_info    0x0000ba0e      0x7b4 .\CortexM3\ARM_GCC_541\Debug\4 - Pendulo.a(UART_1.o)
 .debug_info    0x0000c1c2      0x198 .\CortexM3\ARM_GCC_541\Debug\4 - Pendulo.a(UART_1_INT.o)
 .debug_info    0x0000c35a      0x283 .\CortexM3\ARM_GCC_541\Debug\4 - Pendulo.a(UART_1_IntClock.o)
 .debug_info    0x0000c5dd      0x2d2 .\CortexM3\ARM_GCC_541\Debug\4 - Pendulo.a(isr_2.o)
 .debug_info    0x0000c8af      0x11f .\CortexM3\ARM_GCC_541\Debug\4 - Pendulo.a(pin_flag.o)
 .debug_info    0x0000c9ce       0x86 .\CortexM3\ARM_GCC_541\Debug\4 - Pendulo.a(CyBootAsmGnu.o)
 .debug_info    0x0000ca54      0x64d .\CortexM3\ARM_GCC_541\Debug\4 - Pendulo.a(CyFlash.o)
 .debug_info    0x0000d0a1      0x550 .\CortexM3\ARM_GCC_541\Debug\4 - Pendulo.a(CySpc.o)

.debug_abbrev   0x00000000     0x3586
 *(.debug_abbrev)
 .debug_abbrev  0x00000000      0x12c .\CortexM3\ARM_GCC_541\Debug\main.o
 .debug_abbrev  0x0000012c      0x103 .\CortexM3\ARM_GCC_541\Debug\motor.o
 .debug_abbrev  0x0000022f       0xf5 .\CortexM3\ARM_GCC_541\Debug\pid.o
 .debug_abbrev  0x00000324       0xfd .\CortexM3\ARM_GCC_541\Debug\pendulo.o
 .debug_abbrev  0x00000421      0x23e .\CortexM3\ARM_GCC_541\Debug\uartp_pend.o
 .debug_abbrev  0x0000065f      0x35a .\CortexM3\ARM_GCC_541\Debug\ctrl_pend.o
 .debug_abbrev  0x000009b9      0x1a3 .\CortexM3\ARM_GCC_541\Debug\uartp2.o
 .debug_abbrev  0x00000b5c       0x92 .\CortexM3\ARM_GCC_541\Debug\arm_add_f32.o
 .debug_abbrev  0x00000bee       0x92 .\CortexM3\ARM_GCC_541\Debug\arm_dot_prod_f32.o
 .debug_abbrev  0x00000c80       0xa1 .\CortexM3\ARM_GCC_541\Debug\arm_mat_init_f32.o
 .debug_abbrev  0x00000d21       0xf8 .\CortexM3\ARM_GCC_541\Debug\arm_mat_mult_f32.o
 .debug_abbrev  0x00000e19       0x92 .\CortexM3\ARM_GCC_541\Debug\arm_scale_f32.o
 .debug_abbrev  0x00000eab       0x92 .\CortexM3\ARM_GCC_541\Debug\arm_dot_prod_q31.o
 .debug_abbrev  0x00000f3d       0xb0 .\CortexM3\ARM_GCC_541\Debug\arm_scale_q31.o
 .debug_abbrev  0x00000fed       0xe2 .\CortexM3\ARM_GCC_541\Debug\arm_add_q31.o
 .debug_abbrev  0x000010cf       0xdb .\CortexM3\ARM_GCC_541\Debug\arm_float_to_q31.o
 .debug_abbrev  0x000011aa       0x92 .\CortexM3\ARM_GCC_541\Debug\arm_q31_to_float.o
 .debug_abbrev  0x0000123c       0xdb .\CortexM3\ARM_GCC_541\Debug\arm_dot_prod_q15.o
 .debug_abbrev  0x00001317       0xc2 .\CortexM3\ARM_GCC_541\Debug\arm_scale_q15.o
 .debug_abbrev  0x000013d9      0x116 .\CortexM3\ARM_GCC_541\Debug\arm_add_q15.o
 .debug_abbrev  0x000014ef       0xad .\CortexM3\ARM_GCC_541\Debug\arm_float_to_q15.o
 .debug_abbrev  0x0000159c       0x92 .\CortexM3\ARM_GCC_541\Debug\arm_q15_to_float.o
 .debug_abbrev  0x0000162e       0xdb .\CortexM3\ARM_GCC_541\Debug\arm_dot_prod_q7.o
 .debug_abbrev  0x00001709       0xc2 .\CortexM3\ARM_GCC_541\Debug\arm_scale_q7.o
 .debug_abbrev  0x000017cb      0x107 .\CortexM3\ARM_GCC_541\Debug\arm_add_q7.o
 .debug_abbrev  0x000018d2       0xad .\CortexM3\ARM_GCC_541\Debug\arm_float_to_q7.o
 .debug_abbrev  0x0000197f       0x92 .\CortexM3\ARM_GCC_541\Debug\arm_q7_to_float.o
 .debug_abbrev  0x00001a11      0x20d .\CortexM3\ARM_GCC_541\Debug\cyfitter_cfg.o
 .debug_abbrev  0x00001c1e       0x77 .\CortexM3\ARM_GCC_541\Debug\cymetadata.o
 .debug_abbrev  0x00001c95      0x1e8 .\CortexM3\ARM_GCC_541\Debug\Cm3Start.o
 .debug_abbrev  0x00001e7d      0x13a .\CortexM3\ARM_GCC_541\Debug\4 - Pendulo.a(Timer_1.o)
 .debug_abbrev  0x00001fb7      0x128 .\CortexM3\ARM_GCC_541\Debug\4 - Pendulo.a(QuadDec_1.o)
 .debug_abbrev  0x000020df       0x78 .\CortexM3\ARM_GCC_541\Debug\4 - Pendulo.a(QuadDec_1_INT.o)
 .debug_abbrev  0x00002157      0x173 .\CortexM3\ARM_GCC_541\Debug\4 - Pendulo.a(isr_1.o)
 .debug_abbrev  0x000022ca      0x128 .\CortexM3\ARM_GCC_541\Debug\4 - Pendulo.a(QuadDec_2.o)
 .debug_abbrev  0x000023f2       0x78 .\CortexM3\ARM_GCC_541\Debug\4 - Pendulo.a(QuadDec_2_INT.o)
 .debug_abbrev  0x0000246a      0x117 .\CortexM3\ARM_GCC_541\Debug\4 - Pendulo.a(QuadDec_1_Cnt16.o)
 .debug_abbrev  0x00002581      0x117 .\CortexM3\ARM_GCC_541\Debug\4 - Pendulo.a(QuadDec_2_Cnt16.o)
 .debug_abbrev  0x00002698      0x254 .\CortexM3\ARM_GCC_541\Debug\4 - Pendulo.a(CyLib.o)
 .debug_abbrev  0x000028ec      0x1ab .\CortexM3\ARM_GCC_541\Debug\4 - Pendulo.a(cyPm.o)
 .debug_abbrev  0x00002a97      0x133 .\CortexM3\ARM_GCC_541\Debug\4 - Pendulo.a(PWM_Motor.o)
 .debug_abbrev  0x00002bca       0x90 .\CortexM3\ARM_GCC_541\Debug\4 - Pendulo.a(Pin_IN1.o)
 .debug_abbrev  0x00002c5a       0x90 .\CortexM3\ARM_GCC_541\Debug\4 - Pendulo.a(Pin_IN2.o)
 .debug_abbrev  0x00002cea      0x16f .\CortexM3\ARM_GCC_541\Debug\4 - Pendulo.a(UART_1.o)
 .debug_abbrev  0x00002e59       0xa2 .\CortexM3\ARM_GCC_541\Debug\4 - Pendulo.a(UART_1_INT.o)
 .debug_abbrev  0x00002efb      0x139 .\CortexM3\ARM_GCC_541\Debug\4 - Pendulo.a(UART_1_IntClock.o)
 .debug_abbrev  0x00003034      0x173 .\CortexM3\ARM_GCC_541\Debug\4 - Pendulo.a(isr_2.o)
 .debug_abbrev  0x000031a7       0x90 .\CortexM3\ARM_GCC_541\Debug\4 - Pendulo.a(pin_flag.o)
 .debug_abbrev  0x00003237       0x14 .\CortexM3\ARM_GCC_541\Debug\4 - Pendulo.a(CyBootAsmGnu.o)
 .debug_abbrev  0x0000324b      0x1a7 .\CortexM3\ARM_GCC_541\Debug\4 - Pendulo.a(CyFlash.o)
 .debug_abbrev  0x000033f2      0x194 .\CortexM3\ARM_GCC_541\Debug\4 - Pendulo.a(CySpc.o)

.debug_line     0x00000000     0x5a7e
 *(.debug_line)
 .debug_line    0x00000000      0x22c .\CortexM3\ARM_GCC_541\Debug\main.o
 .debug_line    0x0000022c      0x1c8 .\CortexM3\ARM_GCC_541\Debug\motor.o
 .debug_line    0x000003f4      0x146 .\CortexM3\ARM_GCC_541\Debug\pid.o
 .debug_line    0x0000053a      0x1d2 .\CortexM3\ARM_GCC_541\Debug\pendulo.o
 .debug_line    0x0000070c      0x36f .\CortexM3\ARM_GCC_541\Debug\uartp_pend.o
 .debug_line    0x00000a7b      0xac1 .\CortexM3\ARM_GCC_541\Debug\ctrl_pend.o
 .debug_line    0x0000153c      0x2a8 .\CortexM3\ARM_GCC_541\Debug\uartp2.o
 .debug_line    0x000017e4      0x13d .\CortexM3\ARM_GCC_541\Debug\arm_add_f32.o
 .debug_line    0x00001921      0x13f .\CortexM3\ARM_GCC_541\Debug\arm_dot_prod_f32.o
 .debug_line    0x00001a60      0x123 .\CortexM3\ARM_GCC_541\Debug\arm_mat_init_f32.o
 .debug_line    0x00001b83      0x15e .\CortexM3\ARM_GCC_541\Debug\arm_mat_mult_f32.o
 .debug_line    0x00001ce1      0x13d .\CortexM3\ARM_GCC_541\Debug\arm_scale_f32.o
 .debug_line    0x00001e1e      0x14e .\CortexM3\ARM_GCC_541\Debug\arm_dot_prod_q31.o
 .debug_line    0x00001f6c      0x176 .\CortexM3\ARM_GCC_541\Debug\arm_scale_q31.o
 .debug_line    0x000020e2      0x18f .\CortexM3\ARM_GCC_541\Debug\arm_add_q31.o
 .debug_line    0x00002271      0x17f .\CortexM3\ARM_GCC_541\Debug\arm_float_to_q31.o
 .debug_line    0x000023f0      0x13a .\CortexM3\ARM_GCC_541\Debug\arm_q31_to_float.o
 .debug_line    0x0000252a      0x162 .\CortexM3\ARM_GCC_541\Debug\arm_dot_prod_q15.o
 .debug_line    0x0000268c      0x143 .\CortexM3\ARM_GCC_541\Debug\arm_scale_q15.o
 .debug_line    0x000027cf      0x15b .\CortexM3\ARM_GCC_541\Debug\arm_add_q15.o
 .debug_line    0x0000292a      0x13e .\CortexM3\ARM_GCC_541\Debug\arm_float_to_q15.o
 .debug_line    0x00002a68      0x13a .\CortexM3\ARM_GCC_541\Debug\arm_q15_to_float.o
 .debug_line    0x00002ba2      0x187 .\CortexM3\ARM_GCC_541\Debug\arm_dot_prod_q7.o
 .debug_line    0x00002d29      0x13d .\CortexM3\ARM_GCC_541\Debug\arm_scale_q7.o
 .debug_line    0x00002e66      0x13d .\CortexM3\ARM_GCC_541\Debug\arm_add_q7.o
 .debug_line    0x00002fa3      0x13d .\CortexM3\ARM_GCC_541\Debug\arm_float_to_q7.o
 .debug_line    0x000030e0      0x139 .\CortexM3\ARM_GCC_541\Debug\arm_q7_to_float.o
 .debug_line    0x00003219      0x1e0 .\CortexM3\ARM_GCC_541\Debug\cyfitter_cfg.o
 .debug_line    0x000033f9      0x113 .\CortexM3\ARM_GCC_541\Debug\cymetadata.o
 .debug_line    0x0000350c      0x206 .\CortexM3\ARM_GCC_541\Debug\Cm3Start.o
 .debug_line    0x00003712      0x189 .\CortexM3\ARM_GCC_541\Debug\4 - Pendulo.a(Timer_1.o)
 .debug_line    0x0000389b      0x13d .\CortexM3\ARM_GCC_541\Debug\4 - Pendulo.a(QuadDec_1.o)
 .debug_line    0x000039d8       0x6c .\CortexM3\ARM_GCC_541\Debug\4 - Pendulo.a(QuadDec_1_INT.o)
 .debug_line    0x00003a44      0x132 .\CortexM3\ARM_GCC_541\Debug\4 - Pendulo.a(isr_1.o)
 .debug_line    0x00003b76      0x13d .\CortexM3\ARM_GCC_541\Debug\4 - Pendulo.a(QuadDec_2.o)
 .debug_line    0x00003cb3       0x6c .\CortexM3\ARM_GCC_541\Debug\4 - Pendulo.a(QuadDec_2_INT.o)
 .debug_line    0x00003d1f      0x18f .\CortexM3\ARM_GCC_541\Debug\4 - Pendulo.a(QuadDec_1_Cnt16.o)
 .debug_line    0x00003eae      0x18f .\CortexM3\ARM_GCC_541\Debug\4 - Pendulo.a(QuadDec_2_Cnt16.o)
 .debug_line    0x0000403d      0x816 .\CortexM3\ARM_GCC_541\Debug\4 - Pendulo.a(CyLib.o)
 .debug_line    0x00004853      0x367 .\CortexM3\ARM_GCC_541\Debug\4 - Pendulo.a(cyPm.o)
 .debug_line    0x00004bba      0x18c .\CortexM3\ARM_GCC_541\Debug\4 - Pendulo.a(PWM_Motor.o)
 .debug_line    0x00004d46       0x94 .\CortexM3\ARM_GCC_541\Debug\4 - Pendulo.a(Pin_IN1.o)
 .debug_line    0x00004dda       0x94 .\CortexM3\ARM_GCC_541\Debug\4 - Pendulo.a(Pin_IN2.o)
 .debug_line    0x00004e6e      0x343 .\CortexM3\ARM_GCC_541\Debug\4 - Pendulo.a(UART_1.o)
 .debug_line    0x000051b1       0xa8 .\CortexM3\ARM_GCC_541\Debug\4 - Pendulo.a(UART_1_INT.o)
 .debug_line    0x00005259      0x17e .\CortexM3\ARM_GCC_541\Debug\4 - Pendulo.a(UART_1_IntClock.o)
 .debug_line    0x000053d7      0x132 .\CortexM3\ARM_GCC_541\Debug\4 - Pendulo.a(isr_2.o)
 .debug_line    0x00005509       0x95 .\CortexM3\ARM_GCC_541\Debug\4 - Pendulo.a(pin_flag.o)
 .debug_line    0x0000559e       0x66 .\CortexM3\ARM_GCC_541\Debug\4 - Pendulo.a(CyBootAsmGnu.o)
 .debug_line    0x00005604      0x21a .\CortexM3\ARM_GCC_541\Debug\4 - Pendulo.a(CyFlash.o)
 .debug_line    0x0000581e      0x260 .\CortexM3\ARM_GCC_541\Debug\4 - Pendulo.a(CySpc.o)

.debug_frame    0x00000000     0x2b30
 *(.debug_frame)
 .debug_frame   0x00000000       0x30 .\CortexM3\ARM_GCC_541\Debug\main.o
 .debug_frame   0x00000030       0x84 .\CortexM3\ARM_GCC_541\Debug\motor.o
 .debug_frame   0x000000b4       0x4c .\CortexM3\ARM_GCC_541\Debug\pid.o
 .debug_frame   0x00000100       0x84 .\CortexM3\ARM_GCC_541\Debug\pendulo.o
 .debug_frame   0x00000184      0x130 .\CortexM3\ARM_GCC_541\Debug\uartp_pend.o
 .debug_frame   0x000002b4      0x610 .\CortexM3\ARM_GCC_541\Debug\ctrl_pend.o
 .debug_frame   0x000008c4      0x154 .\CortexM3\ARM_GCC_541\Debug\uartp2.o
 .debug_frame   0x00000a18       0x48 .\CortexM3\ARM_GCC_541\Debug\arm_add_f32.o
 .debug_frame   0x00000a60       0x44 .\CortexM3\ARM_GCC_541\Debug\arm_dot_prod_f32.o
 .debug_frame   0x00000aa4       0x20 .\CortexM3\ARM_GCC_541\Debug\arm_mat_init_f32.o
 .debug_frame   0x00000ac4       0x48 .\CortexM3\ARM_GCC_541\Debug\arm_mat_mult_f32.o
 .debug_frame   0x00000b0c       0x44 .\CortexM3\ARM_GCC_541\Debug\arm_scale_f32.o
 .debug_frame   0x00000b50       0x48 .\CortexM3\ARM_GCC_541\Debug\arm_dot_prod_q31.o
 .debug_frame   0x00000b98       0x48 .\CortexM3\ARM_GCC_541\Debug\arm_scale_q31.o
 .debug_frame   0x00000be0       0x48 .\CortexM3\ARM_GCC_541\Debug\arm_add_q31.o
 .debug_frame   0x00000c28       0x3c .\CortexM3\ARM_GCC_541\Debug\arm_float_to_q31.o
 .debug_frame   0x00000c64       0x3c .\CortexM3\ARM_GCC_541\Debug\arm_q31_to_float.o
 .debug_frame   0x00000ca0       0x3c .\CortexM3\ARM_GCC_541\Debug\arm_dot_prod_q15.o
 .debug_frame   0x00000cdc       0x34 .\CortexM3\ARM_GCC_541\Debug\arm_scale_q15.o
 .debug_frame   0x00000d10       0x38 .\CortexM3\ARM_GCC_541\Debug\arm_add_q15.o
 .debug_frame   0x00000d48       0x3c .\CortexM3\ARM_GCC_541\Debug\arm_float_to_q15.o
 .debug_frame   0x00000d84       0x3c .\CortexM3\ARM_GCC_541\Debug\arm_q15_to_float.o
 .debug_frame   0x00000dc0       0x38 .\CortexM3\ARM_GCC_541\Debug\arm_dot_prod_q7.o
 .debug_frame   0x00000df8       0x38 .\CortexM3\ARM_GCC_541\Debug\arm_scale_q7.o
 .debug_frame   0x00000e30       0x38 .\CortexM3\ARM_GCC_541\Debug\arm_add_q7.o
 .debug_frame   0x00000e68       0x3c .\CortexM3\ARM_GCC_541\Debug\arm_float_to_q7.o
 .debug_frame   0x00000ea4       0x3c .\CortexM3\ARM_GCC_541\Debug\arm_q7_to_float.o
 .debug_frame   0x00000ee0       0xe4 .\CortexM3\ARM_GCC_541\Debug\cyfitter_cfg.o
 .debug_frame   0x00000fc4       0xb8 .\CortexM3\ARM_GCC_541\Debug\Cm3Start.o
 .debug_frame   0x0000107c      0x134 .\CortexM3\ARM_GCC_541\Debug\4 - Pendulo.a(Timer_1.o)
 .debug_frame   0x000011b0       0xec .\CortexM3\ARM_GCC_541\Debug\4 - Pendulo.a(QuadDec_1.o)
 .debug_frame   0x0000129c       0x20 .\CortexM3\ARM_GCC_541\Debug\4 - Pendulo.a(QuadDec_1_INT.o)
 .debug_frame   0x000012bc      0x104 .\CortexM3\ARM_GCC_541\Debug\4 - Pendulo.a(isr_1.o)
 .debug_frame   0x000013c0       0xec .\CortexM3\ARM_GCC_541\Debug\4 - Pendulo.a(QuadDec_2.o)
 .debug_frame   0x000014ac       0x20 .\CortexM3\ARM_GCC_541\Debug\4 - Pendulo.a(QuadDec_2_INT.o)
 .debug_frame   0x000014cc      0x134 .\CortexM3\ARM_GCC_541\Debug\4 - Pendulo.a(QuadDec_1_Cnt16.o)
 .debug_frame   0x00001600      0x134 .\CortexM3\ARM_GCC_541\Debug\4 - Pendulo.a(QuadDec_2_Cnt16.o)
 .debug_frame   0x00001734      0x738 .\CortexM3\ARM_GCC_541\Debug\4 - Pendulo.a(CyLib.o)
 .debug_frame   0x00001e6c      0x1f8 .\CortexM3\ARM_GCC_541\Debug\4 - Pendulo.a(cyPm.o)
 .debug_frame   0x00002064      0x134 .\CortexM3\ARM_GCC_541\Debug\4 - Pendulo.a(PWM_Motor.o)
 .debug_frame   0x00002198       0x50 .\CortexM3\ARM_GCC_541\Debug\4 - Pendulo.a(Pin_IN1.o)
 .debug_frame   0x000021e8       0x50 .\CortexM3\ARM_GCC_541\Debug\4 - Pendulo.a(Pin_IN2.o)
 .debug_frame   0x00002238      0x268 .\CortexM3\ARM_GCC_541\Debug\4 - Pendulo.a(UART_1.o)
 .debug_frame   0x000024a0       0x30 .\CortexM3\ARM_GCC_541\Debug\4 - Pendulo.a(UART_1_INT.o)
 .debug_frame   0x000024d0       0xe0 .\CortexM3\ARM_GCC_541\Debug\4 - Pendulo.a(UART_1_IntClock.o)
 .debug_frame   0x000025b0      0x104 .\CortexM3\ARM_GCC_541\Debug\4 - Pendulo.a(isr_2.o)
 .debug_frame   0x000026b4       0x50 .\CortexM3\ARM_GCC_541\Debug\4 - Pendulo.a(pin_flag.o)
 .debug_frame   0x00002704      0x194 .\CortexM3\ARM_GCC_541\Debug\4 - Pendulo.a(CyFlash.o)
 .debug_frame   0x00002898      0x180 .\CortexM3\ARM_GCC_541\Debug\4 - Pendulo.a(CySpc.o)
 .debug_frame   0x00002a18       0x30 d:/psoc/psoc creator/4.4/psoc creator/import/gnu/arm/5.4.1/bin/../lib/gcc/arm-none-eabi/5.4.1/armv7-m\libgcc.a(_fixsfdi.o)
 .debug_frame   0x00002a48       0x2c d:/psoc/psoc creator/4.4/psoc creator/import/gnu/arm/5.4.1/bin/../lib/gcc/arm-none-eabi/5.4.1/armv7-m\libgcc.a(_fixunssfdi.o)
 .debug_frame   0x00002a74       0x20 d:/psoc/psoc creator/4.4/psoc creator/import/gnu/arm/5.4.1/bin/../lib/gcc/arm-none-eabi/5.4.1/../../../../arm-none-eabi/lib/armv7-m\libg_nano.a(lib_a-errno.o)
 .debug_frame   0x00002a94       0x28 d:/psoc/psoc creator/4.4/psoc creator/import/gnu/arm/5.4.1/bin/../lib/gcc/arm-none-eabi/5.4.1/../../../../arm-none-eabi/lib/armv7-m\libg_nano.a(lib_a-exit.o)
 .debug_frame   0x00002abc       0x2c d:/psoc/psoc creator/4.4/psoc creator/import/gnu/arm/5.4.1/bin/../lib/gcc/arm-none-eabi/5.4.1/../../../../arm-none-eabi/lib/armv7-m\libg_nano.a(lib_a-init.o)
 .debug_frame   0x00002ae8       0x28 d:/psoc/psoc creator/4.4/psoc creator/import/gnu/arm/5.4.1/bin/../lib/gcc/arm-none-eabi/5.4.1/../../../../arm-none-eabi/lib/armv7-m\libg_nano.a(lib_a-memcpy-stub.o)
 .debug_frame   0x00002b10       0x20 d:/psoc/psoc creator/4.4/psoc creator/import/gnu/arm/5.4.1/bin/../lib/gcc/arm-none-eabi/5.4.1/../../../../arm-none-eabi/lib/armv7-m\libg_nano.a(lib_a-memset.o)

.debug_str      0x00000000     0x33ca
 *(.debug_str)
 .debug_str     0x00000000      0x394 .\CortexM3\ARM_GCC_541\Debug\main.o
                                0x3e2 (size before relaxing)
 .debug_str     0x00000394       0x89 .\CortexM3\ARM_GCC_541\Debug\motor.o
                                0x21f (size before relaxing)
 .debug_str     0x0000041d       0x6f .\CortexM3\ARM_GCC_541\Debug\pid.o
                                0x205 (size before relaxing)
 .debug_str     0x0000048c      0x129 .\CortexM3\ARM_GCC_541\Debug\pendulo.o
                                0x314 (size before relaxing)
 .debug_str     0x000005b5      0x1da .\CortexM3\ARM_GCC_541\Debug\uartp_pend.o
                                0x45b (size before relaxing)
 .debug_str     0x0000078f      0x4e0 .\CortexM3\ARM_GCC_541\Debug\ctrl_pend.o
                                0x895 (size before relaxing)
 .debug_str     0x00000c6f       0xd5 .\CortexM3\ARM_GCC_541\Debug\uartp2.o
                                0x314 (size before relaxing)
 .debug_str     0x00000d44       0x63 .\CortexM3\ARM_GCC_541\Debug\arm_add_f32.o
                                0x1f3 (size before relaxing)
 .debug_str     0x00000da7       0x1a .\CortexM3\ARM_GCC_541\Debug\arm_dot_prod_f32.o
                                0x1d7 (size before relaxing)
 .debug_str     0x00000dc1       0x6c .\CortexM3\ARM_GCC_541\Debug\arm_mat_init_f32.o
                                0x1f0 (size before relaxing)
 .debug_str     0x00000e2d       0xf3 .\CortexM3\ARM_GCC_541\Debug\arm_mat_mult_f32.o
                                0x2c8 (size before relaxing)
 .debug_str     0x00000f20       0x15 .\CortexM3\ARM_GCC_541\Debug\arm_scale_f32.o
                                0x1ce (size before relaxing)
 .debug_str     0x00000f35       0x13 .\CortexM3\ARM_GCC_541\Debug\arm_dot_prod_q31.o
                                0x225 (size before relaxing)
 .debug_str     0x00000f48       0x3c .\CortexM3\ARM_GCC_541\Debug\arm_scale_q31.o
                                0x22f (size before relaxing)
 .debug_str     0x00000f84       0x25 .\CortexM3\ARM_GCC_541\Debug\arm_add_q31.o
                                0x230 (size before relaxing)
 .debug_str     0x00000fa9       0x13 .\CortexM3\ARM_GCC_541\Debug\arm_float_to_q31.o
                                0x20e (size before relaxing)
 .debug_str     0x00000fbc       0x24 .\CortexM3\ARM_GCC_541\Debug\arm_q31_to_float.o
                                0x1e6 (size before relaxing)
 .debug_str     0x00000fe0       0x27 .\CortexM3\ARM_GCC_541\Debug\arm_dot_prod_q15.o
                                0x232 (size before relaxing)
 .debug_str     0x00001007       0x1d .\CortexM3\ARM_GCC_541\Debug\arm_scale_q15.o
                                0x241 (size before relaxing)
 .debug_str     0x00001024       0x17 .\CortexM3\ARM_GCC_541\Debug\arm_add_q15.o
                                0x21b (size before relaxing)
 .debug_str     0x0000103b       0x13 .\CortexM3\ARM_GCC_541\Debug\arm_float_to_q15.o
                                0x20b (size before relaxing)
 .debug_str     0x0000104e       0x24 .\CortexM3\ARM_GCC_541\Debug\arm_q15_to_float.o
                                0x1e6 (size before relaxing)
 .debug_str     0x00001072       0x37 .\CortexM3\ARM_GCC_541\Debug\arm_dot_prod_q7.o
                                0x231 (size before relaxing)
 .debug_str     0x000010a9        0xf .\CortexM3\ARM_GCC_541\Debug\arm_scale_q7.o
                                0x21c (size before relaxing)
 .debug_str     0x000010b8       0x15 .\CortexM3\ARM_GCC_541\Debug\arm_add_q7.o
                                0x201 (size before relaxing)
 .debug_str     0x000010cd       0x12 .\CortexM3\ARM_GCC_541\Debug\arm_float_to_q7.o
                                0x206 (size before relaxing)
 .debug_str     0x000010df       0x22 .\CortexM3\ARM_GCC_541\Debug\arm_q7_to_float.o
                                0x1e1 (size before relaxing)
 .debug_str     0x00001101      0x19a .\CortexM3\ARM_GCC_541\Debug\cyfitter_cfg.o
                                0x340 (size before relaxing)
 .debug_str     0x0000129b       0x7f .\CortexM3\ARM_GCC_541\Debug\cymetadata.o
                                0x1da (size before relaxing)
 .debug_str     0x0000131a      0x132 .\CortexM3\ARM_GCC_541\Debug\Cm3Start.o
                                0x300 (size before relaxing)
 .debug_str     0x0000144c      0x13d .\CortexM3\ARM_GCC_541\Debug\4 - Pendulo.a(Timer_1.o)
                                0x378 (size before relaxing)
 .debug_str     0x00001589      0x186 .\CortexM3\ARM_GCC_541\Debug\4 - Pendulo.a(QuadDec_1.o)
                                0x380 (size before relaxing)
 .debug_str     0x0000170f       0x48 .\CortexM3\ARM_GCC_541\Debug\4 - Pendulo.a(QuadDec_1_INT.o)
                                0x1e4 (size before relaxing)
 .debug_str     0x00001757       0xf0 .\CortexM3\ARM_GCC_541\Debug\4 - Pendulo.a(isr_1.o)
                                0x29c (size before relaxing)
 .debug_str     0x00001847      0x12c .\CortexM3\ARM_GCC_541\Debug\4 - Pendulo.a(QuadDec_2.o)
                                0x380 (size before relaxing)
 .debug_str     0x00001973       0x48 .\CortexM3\ARM_GCC_541\Debug\4 - Pendulo.a(QuadDec_2_INT.o)
                                0x1e4 (size before relaxing)
 .debug_str     0x000019bb      0x1db .\CortexM3\ARM_GCC_541\Debug\4 - Pendulo.a(QuadDec_1_Cnt16.o)
                                0x40c (size before relaxing)
 .debug_str     0x00001b96      0x1bf .\CortexM3\ARM_GCC_541\Debug\4 - Pendulo.a(QuadDec_2_Cnt16.o)
                                0x40c (size before relaxing)
 .debug_str     0x00001d55      0x7bd .\CortexM3\ARM_GCC_541\Debug\4 - Pendulo.a(CyLib.o)
                                0xa3d (size before relaxing)
 .debug_str     0x00002512      0x365 .\CortexM3\ARM_GCC_541\Debug\4 - Pendulo.a(cyPm.o)
                                0x729 (size before relaxing)
 .debug_str     0x00002877      0x18a .\CortexM3\ARM_GCC_541\Debug\4 - Pendulo.a(PWM_Motor.o)
                                0x3a0 (size before relaxing)
 .debug_str     0x00002a01       0x62 .\CortexM3\ARM_GCC_541\Debug\4 - Pendulo.a(Pin_IN1.o)
                                0x1e2 (size before relaxing)
 .debug_str     0x00002a63       0x57 .\CortexM3\ARM_GCC_541\Debug\4 - Pendulo.a(Pin_IN2.o)
                                0x1e2 (size before relaxing)
 .debug_str     0x00002aba      0x37b .\CortexM3\ARM_GCC_541\Debug\4 - Pendulo.a(UART_1.o)
                                0x5de (size before relaxing)
 .debug_str     0x00002e35       0x64 .\CortexM3\ARM_GCC_541\Debug\4 - Pendulo.a(UART_1_INT.o)
                                0x29e (size before relaxing)
 .debug_str     0x00002e99      0x197 .\CortexM3\ARM_GCC_541\Debug\4 - Pendulo.a(UART_1_IntClock.o)
                                0x344 (size before relaxing)
 .debug_str     0x00003030       0xd8 .\CortexM3\ARM_GCC_541\Debug\4 - Pendulo.a(isr_2.o)
                                0x29c (size before relaxing)
 .debug_str     0x00003108       0x5b .\CortexM3\ARM_GCC_541\Debug\4 - Pendulo.a(pin_flag.o)
                                0x1e7 (size before relaxing)
 .debug_str     0x00003163      0x1bb .\CortexM3\ARM_GCC_541\Debug\4 - Pendulo.a(CyFlash.o)
                                0x3b6 (size before relaxing)
 .debug_str     0x0000331e       0xac .\CortexM3\ARM_GCC_541\Debug\4 - Pendulo.a(CySpc.o)
                                0x32e (size before relaxing)

.debug_loc      0x00000000     0x7f8c
 *(.debug_loc)
 .debug_loc     0x00000000       0xd7 .\CortexM3\ARM_GCC_541\Debug\main.o
 .debug_loc     0x000000d7       0xa4 .\CortexM3\ARM_GCC_541\Debug\motor.o
 .debug_loc     0x0000017b      0x116 .\CortexM3\ARM_GCC_541\Debug\pid.o
 .debug_loc     0x00000291       0x6b .\CortexM3\ARM_GCC_541\Debug\pendulo.o
 .debug_loc     0x000002fc      0x3e6 .\CortexM3\ARM_GCC_541\Debug\uartp_pend.o
 .debug_loc     0x000006e2     0x23d8 .\CortexM3\ARM_GCC_541\Debug\ctrl_pend.o
 .debug_loc     0x00002aba      0x227 .\CortexM3\ARM_GCC_541\Debug\uartp2.o
 .debug_loc     0x00002ce1      0x16d .\CortexM3\ARM_GCC_541\Debug\arm_add_f32.o
 .debug_loc     0x00002e4e      0x1a7 .\CortexM3\ARM_GCC_541\Debug\arm_dot_prod_f32.o
 .debug_loc     0x00002ff5      0x3ce .\CortexM3\ARM_GCC_541\Debug\arm_mat_mult_f32.o
 .debug_loc     0x000033c3      0x13f .\CortexM3\ARM_GCC_541\Debug\arm_scale_f32.o
 .debug_loc     0x00003502      0x2ed .\CortexM3\ARM_GCC_541\Debug\arm_dot_prod_q31.o
 .debug_loc     0x000037ef      0x3a9 .\CortexM3\ARM_GCC_541\Debug\arm_scale_q31.o
 .debug_loc     0x00003b98      0x30a .\CortexM3\ARM_GCC_541\Debug\arm_add_q31.o
 .debug_loc     0x00003ea2      0x1af .\CortexM3\ARM_GCC_541\Debug\arm_float_to_q31.o
 .debug_loc     0x00004051      0x137 .\CortexM3\ARM_GCC_541\Debug\arm_q31_to_float.o
 .debug_loc     0x00004188      0x25e .\CortexM3\ARM_GCC_541\Debug\arm_dot_prod_q15.o
 .debug_loc     0x000043e6      0x31e .\CortexM3\ARM_GCC_541\Debug\arm_scale_q15.o
 .debug_loc     0x00004704      0x3cb .\CortexM3\ARM_GCC_541\Debug\arm_add_q15.o
 .debug_loc     0x00004acf      0x1f5 .\CortexM3\ARM_GCC_541\Debug\arm_float_to_q15.o
 .debug_loc     0x00004cc4      0x137 .\CortexM3\ARM_GCC_541\Debug\arm_q15_to_float.o
 .debug_loc     0x00004dfb      0x506 .\CortexM3\ARM_GCC_541\Debug\arm_dot_prod_q7.o
 .debug_loc     0x00005301      0x2ab .\CortexM3\ARM_GCC_541\Debug\arm_scale_q7.o
 .debug_loc     0x000055ac      0x384 .\CortexM3\ARM_GCC_541\Debug\arm_add_q7.o
 .debug_loc     0x00005930      0x1f5 .\CortexM3\ARM_GCC_541\Debug\arm_float_to_q7.o
 .debug_loc     0x00005b25      0x137 .\CortexM3\ARM_GCC_541\Debug\arm_q7_to_float.o
 .debug_loc     0x00005c5c      0x288 .\CortexM3\ARM_GCC_541\Debug\cyfitter_cfg.o
 .debug_loc     0x00005ee4      0x144 .\CortexM3\ARM_GCC_541\Debug\Cm3Start.o
 .debug_loc     0x00006028       0x31 .\CortexM3\ARM_GCC_541\Debug\4 - Pendulo.a(Timer_1.o)
 .debug_loc     0x00006059       0xb9 .\CortexM3\ARM_GCC_541\Debug\4 - Pendulo.a(QuadDec_1.o)
 .debug_loc     0x00006112       0x13 .\CortexM3\ARM_GCC_541\Debug\4 - Pendulo.a(QuadDec_1_INT.o)
 .debug_loc     0x00006125       0x56 .\CortexM3\ARM_GCC_541\Debug\4 - Pendulo.a(isr_1.o)
 .debug_loc     0x0000617b       0xb9 .\CortexM3\ARM_GCC_541\Debug\4 - Pendulo.a(QuadDec_2.o)
 .debug_loc     0x00006234       0x13 .\CortexM3\ARM_GCC_541\Debug\4 - Pendulo.a(QuadDec_2_INT.o)
 .debug_loc     0x00006247       0x3d .\CortexM3\ARM_GCC_541\Debug\4 - Pendulo.a(QuadDec_1_Cnt16.o)
 .debug_loc     0x00006284       0x3d .\CortexM3\ARM_GCC_541\Debug\4 - Pendulo.a(QuadDec_2_Cnt16.o)
 .debug_loc     0x000062c1      0xa11 .\CortexM3\ARM_GCC_541\Debug\4 - Pendulo.a(CyLib.o)
 .debug_loc     0x00006cd2      0x1e4 .\CortexM3\ARM_GCC_541\Debug\4 - Pendulo.a(cyPm.o)
 .debug_loc     0x00006eb6       0x26 .\CortexM3\ARM_GCC_541\Debug\4 - Pendulo.a(PWM_Motor.o)
 .debug_loc     0x00006edc       0x42 .\CortexM3\ARM_GCC_541\Debug\4 - Pendulo.a(Pin_IN1.o)
 .debug_loc     0x00006f1e       0x42 .\CortexM3\ARM_GCC_541\Debug\4 - Pendulo.a(Pin_IN2.o)
 .debug_loc     0x00006f60      0x36c .\CortexM3\ARM_GCC_541\Debug\4 - Pendulo.a(UART_1.o)
 .debug_loc     0x000072cc       0x45 .\CortexM3\ARM_GCC_541\Debug\4 - Pendulo.a(UART_1_INT.o)
 .debug_loc     0x00007311      0x12c .\CortexM3\ARM_GCC_541\Debug\4 - Pendulo.a(UART_1_IntClock.o)
 .debug_loc     0x0000743d       0x56 .\CortexM3\ARM_GCC_541\Debug\4 - Pendulo.a(isr_2.o)
 .debug_loc     0x00007493       0x42 .\CortexM3\ARM_GCC_541\Debug\4 - Pendulo.a(pin_flag.o)
 .debug_loc     0x000074d5      0x3b2 .\CortexM3\ARM_GCC_541\Debug\4 - Pendulo.a(CyFlash.o)
 .debug_loc     0x00007887      0x705 .\CortexM3\ARM_GCC_541\Debug\4 - Pendulo.a(CySpc.o)

.debug_macinfo
 *(.debug_macinfo)

.debug_ranges   0x00000000      0xed0
 *(.debug_ranges)
 .debug_ranges  0x00000000       0x10 .\CortexM3\ARM_GCC_541\Debug\main.o
 .debug_ranges  0x00000010       0x28 .\CortexM3\ARM_GCC_541\Debug\motor.o
 .debug_ranges  0x00000038       0x18 .\CortexM3\ARM_GCC_541\Debug\pid.o
 .debug_ranges  0x00000050       0x28 .\CortexM3\ARM_GCC_541\Debug\pendulo.o
 .debug_ranges  0x00000078       0x60 .\CortexM3\ARM_GCC_541\Debug\uartp_pend.o
 .debug_ranges  0x000000d8      0x190 .\CortexM3\ARM_GCC_541\Debug\ctrl_pend.o
 .debug_ranges  0x00000268       0x70 .\CortexM3\ARM_GCC_541\Debug\uartp2.o
 .debug_ranges  0x000002d8       0x10 .\CortexM3\ARM_GCC_541\Debug\arm_add_f32.o
 .debug_ranges  0x000002e8       0x10 .\CortexM3\ARM_GCC_541\Debug\arm_dot_prod_f32.o
 .debug_ranges  0x000002f8       0x10 .\CortexM3\ARM_GCC_541\Debug\arm_mat_init_f32.o
 .debug_ranges  0x00000308       0x10 .\CortexM3\ARM_GCC_541\Debug\arm_mat_mult_f32.o
 .debug_ranges  0x00000318       0x10 .\CortexM3\ARM_GCC_541\Debug\arm_scale_f32.o
 .debug_ranges  0x00000328       0x10 .\CortexM3\ARM_GCC_541\Debug\arm_dot_prod_q31.o
 .debug_ranges  0x00000338       0x10 .\CortexM3\ARM_GCC_541\Debug\arm_scale_q31.o
 .debug_ranges  0x00000348       0x10 .\CortexM3\ARM_GCC_541\Debug\arm_add_q31.o
 .debug_ranges  0x00000358       0x10 .\CortexM3\ARM_GCC_541\Debug\arm_float_to_q31.o
 .debug_ranges  0x00000368       0x10 .\CortexM3\ARM_GCC_541\Debug\arm_q31_to_float.o
 .debug_ranges  0x00000378       0x10 .\CortexM3\ARM_GCC_541\Debug\arm_dot_prod_q15.o
 .debug_ranges  0x00000388       0x28 .\CortexM3\ARM_GCC_541\Debug\arm_scale_q15.o
 .debug_ranges  0x000003b0       0x10 .\CortexM3\ARM_GCC_541\Debug\arm_add_q15.o
 .debug_ranges  0x000003c0       0x40 .\CortexM3\ARM_GCC_541\Debug\arm_float_to_q15.o
 .debug_ranges  0x00000400       0x10 .\CortexM3\ARM_GCC_541\Debug\arm_q15_to_float.o
 .debug_ranges  0x00000410       0x10 .\CortexM3\ARM_GCC_541\Debug\arm_dot_prod_q7.o
 .debug_ranges  0x00000420       0x28 .\CortexM3\ARM_GCC_541\Debug\arm_scale_q7.o
 .debug_ranges  0x00000448       0x28 .\CortexM3\ARM_GCC_541\Debug\arm_add_q7.o
 .debug_ranges  0x00000470       0x40 .\CortexM3\ARM_GCC_541\Debug\arm_float_to_q7.o
 .debug_ranges  0x000004b0       0x10 .\CortexM3\ARM_GCC_541\Debug\arm_q7_to_float.o
 .debug_ranges  0x000004c0       0x48 .\CortexM3\ARM_GCC_541\Debug\cyfitter_cfg.o
 .debug_ranges  0x00000508       0x38 .\CortexM3\ARM_GCC_541\Debug\Cm3Start.o
 .debug_ranges  0x00000540       0x88 .\CortexM3\ARM_GCC_541\Debug\4 - Pendulo.a(Timer_1.o)
 .debug_ranges  0x000005c8       0x50 .\CortexM3\ARM_GCC_541\Debug\4 - Pendulo.a(QuadDec_1.o)
 .debug_ranges  0x00000618       0x10 .\CortexM3\ARM_GCC_541\Debug\4 - Pendulo.a(QuadDec_1_INT.o)
 .debug_ranges  0x00000628       0x70 .\CortexM3\ARM_GCC_541\Debug\4 - Pendulo.a(isr_1.o)
 .debug_ranges  0x00000698       0x50 .\CortexM3\ARM_GCC_541\Debug\4 - Pendulo.a(QuadDec_2.o)
 .debug_ranges  0x000006e8       0x10 .\CortexM3\ARM_GCC_541\Debug\4 - Pendulo.a(QuadDec_2_INT.o)
 .debug_ranges  0x000006f8       0x88 .\CortexM3\ARM_GCC_541\Debug\4 - Pendulo.a(QuadDec_1_Cnt16.o)
 .debug_ranges  0x00000780       0x88 .\CortexM3\ARM_GCC_541\Debug\4 - Pendulo.a(QuadDec_2_Cnt16.o)
 .debug_ranges  0x00000808      0x290 .\CortexM3\ARM_GCC_541\Debug\4 - Pendulo.a(CyLib.o)
 .debug_ranges  0x00000a98       0x88 .\CortexM3\ARM_GCC_541\Debug\4 - Pendulo.a(cyPm.o)
 .debug_ranges  0x00000b20       0x88 .\CortexM3\ARM_GCC_541\Debug\4 - Pendulo.a(PWM_Motor.o)
 .debug_ranges  0x00000ba8       0x28 .\CortexM3\ARM_GCC_541\Debug\4 - Pendulo.a(Pin_IN1.o)
 .debug_ranges  0x00000bd0       0x28 .\CortexM3\ARM_GCC_541\Debug\4 - Pendulo.a(Pin_IN2.o)
 .debug_ranges  0x00000bf8       0xe0 .\CortexM3\ARM_GCC_541\Debug\4 - Pendulo.a(UART_1.o)
 .debug_ranges  0x00000cd8       0x18 .\CortexM3\ARM_GCC_541\Debug\4 - Pendulo.a(UART_1_INT.o)
 .debug_ranges  0x00000cf0       0x60 .\CortexM3\ARM_GCC_541\Debug\4 - Pendulo.a(UART_1_IntClock.o)
 .debug_ranges  0x00000d50       0x70 .\CortexM3\ARM_GCC_541\Debug\4 - Pendulo.a(isr_2.o)
 .debug_ranges  0x00000dc0       0x28 .\CortexM3\ARM_GCC_541\Debug\4 - Pendulo.a(pin_flag.o)
 .debug_ranges  0x00000de8       0x78 .\CortexM3\ARM_GCC_541\Debug\4 - Pendulo.a(CyFlash.o)
 .debug_ranges  0x00000e60       0x70 .\CortexM3\ARM_GCC_541\Debug\4 - Pendulo.a(CySpc.o)

.comment        0x00000000       0x6e
 .comment       0x00000000       0x6e .\CortexM3\ARM_GCC_541\Debug\main.o
                                 0x6f (size before relaxing)
 .comment       0x0000006e       0x6f .\CortexM3\ARM_GCC_541\Debug\motor.o
 .comment       0x0000006e       0x6f .\CortexM3\ARM_GCC_541\Debug\pid.o
 .comment       0x0000006e       0x6f .\CortexM3\ARM_GCC_541\Debug\pendulo.o
 .comment       0x0000006e       0x6f .\CortexM3\ARM_GCC_541\Debug\uartp_pend.o
 .comment       0x0000006e       0x6f .\CortexM3\ARM_GCC_541\Debug\ctrl_pend.o
 .comment       0x0000006e       0x6f .\CortexM3\ARM_GCC_541\Debug\uartp2.o
 .comment       0x0000006e       0x6f .\CortexM3\ARM_GCC_541\Debug\arm_add_f32.o
 .comment       0x0000006e       0x6f .\CortexM3\ARM_GCC_541\Debug\arm_dot_prod_f32.o
 .comment       0x0000006e       0x6f .\CortexM3\ARM_GCC_541\Debug\arm_mat_init_f32.o
 .comment       0x0000006e       0x6f .\CortexM3\ARM_GCC_541\Debug\arm_mat_mult_f32.o
 .comment       0x0000006e       0x6f .\CortexM3\ARM_GCC_541\Debug\arm_scale_f32.o
 .comment       0x0000006e       0x6f .\CortexM3\ARM_GCC_541\Debug\arm_dot_prod_q31.o
 .comment       0x0000006e       0x6f .\CortexM3\ARM_GCC_541\Debug\arm_scale_q31.o
 .comment       0x0000006e       0x6f .\CortexM3\ARM_GCC_541\Debug\arm_add_q31.o