ARM GAS  C:\Users\user\AppData\Local\Temp\ccPQB0mU.s 			page 1


   1              		.syntax unified
   2              		.cpu cortex-m3
   3              		.fpu softvfp
   4              		.eabi_attribute 20, 1
   5              		.eabi_attribute 21, 1
   6              		.eabi_attribute 23, 3
   7              		.eabi_attribute 24, 1
   8              		.eabi_attribute 25, 1
   9              		.eabi_attribute 26, 1
  10              		.eabi_attribute 30, 1
  11              		.eabi_attribute 34, 1
  12              		.eabi_attribute 18, 4
  13              		.thumb
  14              		.syntax unified
  15              		.file	"main.c"
  16              		.text
  17              	.Ltext0:
  18              		.cfi_sections	.debug_frame
  19              		.section	.text.main,"ax",%progbits
  20              		.align	2
  21              		.global	main
  22              		.thumb
  23              		.thumb_func
  24              		.type	main, %function
  25              	main:
  26              	.LFB63:
  27              		.file 1 "main.c"
   1:main.c        **** /* ============================================================
   2:main.c        ****    main.c — Péndulo Invertido PSoC 5LP  v6
   3:main.c        ****    Arquitectura: PSoC = control + sensor/actuador, MATLAB = display.
   4:main.c        **** 
   5:main.c        ****    Protocolo (uartp_pend):
   6:main.c        ****      COMMAND mode:
   7:main.c        ****        'r' → 'K'                          Reset
   8:main.c        ****        'f' → 'R' → [Fs f32 4B handshake] → 'K'   Compatibilidad
   9:main.c        ****        'p' → [len 2B LE][216B payload][xsum] → 'K'/'E'  Set params
  10:main.c        ****        'i' → 'K'                          Iniciar STREAM mode
  11:main.c        ****        's' → 'K'                          Stop
  12:main.c        **** 
  13:main.c        ****      STREAM mode (PSoC-driven, v6):
  14:main.c        ****        PSoC → MATLAB: 9×field = 36 bytes/tick
  15:main.c        ****        MATLAB → PSoC: 'u' + [ref f32]     Actualizar referencia inner
  16:main.c        ****                       's'                  Stop
  17:main.c        **** 
  18:main.c        ****    Telemetría 36 bytes por tick:
  19:main.c        ****        y1       = omega [rad/s]      (float32 LE, bytes  0- 3)
  20:main.c        ****        y2       = theta [rad]        (float32 LE, bytes  4- 7)
  21:main.c        ****        u1       = esfuerzo PWM       (float32 LE, bytes  8-11)
  22:main.c        ****        u2       = ref inner          (float32 LE, bytes 12-15)
  23:main.c        ****        x1i      = inner xhat[0]     (float32 LE, bytes 16-19)
  24:main.c        ****        x2i      = inner xhat[1]     (float32 LE, bytes 20-23)
  25:main.c        ****        x1o      = outer xhat[0]     (float32 LE, bytes 24-27)
  26:main.c        ****        x2o      = outer xhat[1]     (float32 LE, bytes 28-31)
  27:main.c        ****        elapsed  = ticks ctrl_step   (uint32  LE, bytes 32-35)
  28:main.c        ****                   clock = 24 MHz → time_us = elapsed / 24.0
  29:main.c        ****    ============================================================ */
  30:main.c        **** #include "project.h"
ARM GAS  C:\Users\user\AppData\Local\Temp\ccPQB0mU.s 			page 2


  31:main.c        **** #include "pendulo.h"
  32:main.c        **** #include "motor.h"
  33:main.c        **** #include "uartp_pend.h"
  34:main.c        **** #include "ctrl_pend.h"
  35:main.c        **** 
  36:main.c        **** /* Tamaño de trama de telemetría (8×float32 + 1×uint32 = 36 bytes) */
  37:main.c        **** #define TELEM_FRAME_SZ  36u
  38:main.c        **** 
  39:main.c        **** int main(void)
  40:main.c        **** {
  28              		.loc 1 40 0
  29              		.cfi_startproc
  30              		@ args = 0, pretend = 0, frame = 72
  31              		@ frame_needed = 0, uses_anonymous_args = 0
  32 0000 30B5     		push	{r4, r5, lr}
  33              		.cfi_def_cfa_offset 12
  34              		.cfi_offset 4, -12
  35              		.cfi_offset 5, -8
  36              		.cfi_offset 14, -4
  37 0002 93B0     		sub	sp, sp, #76
  38              		.cfi_def_cfa_offset 88
  41:main.c        ****     uint8  frame[TELEM_FRAME_SZ];
  42:main.c        ****     uint8  *p;
  43:main.c        ****     float  t_y1, t_y2, t_u1, t_u2;
  44:main.c        ****     float  t_x1i, t_x2i, t_x1o, t_x2o;
  45:main.c        ****     uint32 cap_before, cap_after, elapsed;
  46:main.c        ****     uint8  intr;
  47:main.c        **** 
  48:main.c        ****     CyGlobalIntEnable;
  39              		.loc 1 48 0
  40              		.syntax unified
  41              	@ 48 "main.c" 1
  42 0004 62B6     		CPSIE   i
  43              	@ 0 "" 2
  49:main.c        **** 
  50:main.c        ****     ctrl_init();           /* inicializar módulo de control */
  44              		.loc 1 50 0
  45              		.thumb
  46              		.syntax unified
  47 0006 FFF7FEFF 		bl	ctrl_init
  48              	.LVL0:
  51:main.c        ****     pendulo_init();        /* QuadDec, PWM, Timer ISR */
  49              		.loc 1 51 0
  50 000a FFF7FEFF 		bl	pendulo_init
  51              	.LVL1:
  52:main.c        ****     UARTP_Init();          /* UART_1_Start + SysMode = COMMAND */
  52              		.loc 1 52 0
  53 000e FFF7FEFF 		bl	UARTP_Init
  54              	.LVL2:
  55              	.L2:
  53:main.c        **** 
  54:main.c        ****     for (;;)
  55:main.c        ****     {
  56:main.c        ****         /* ══ Aplicar período de timer pendiente ══
  57:main.c        ****            ctrl_apply_coeffs() calcula ctrl_period_ticks cuando recibe Fs.
  58:main.c        ****            Aplicar aquí en contexto main (no ISR).                          */
  59:main.c        ****         if (ctrl_period_pending)
ARM GAS  C:\Users\user\AppData\Local\Temp\ccPQB0mU.s 			page 3


  56              		.loc 1 59 0
  57 0012 804B     		ldr	r3, .L10
  58 0014 1B78     		ldrb	r3, [r3]	@ zero_extendqisi2
  59 0016 13F0FF0F 		tst	r3, #255
  60 001a 0AD0     		beq	.L3
  60:main.c        ****         {
  61:main.c        ****             ctrl_period_pending = 0u;
  61              		.loc 1 61 0
  62 001c 0022     		movs	r2, #0
  63 001e 7D4B     		ldr	r3, .L10
  64 0020 1A70     		strb	r2, [r3]
  62:main.c        ****             Timer_1_Stop();
  65              		.loc 1 62 0
  66 0022 FFF7FEFF 		bl	Timer_1_Stop
  67              	.LVL3:
  63:main.c        ****             Timer_1_WritePeriod(ctrl_period_ticks);
  68              		.loc 1 63 0
  69 0026 7C4B     		ldr	r3, .L10+4
  70 0028 1868     		ldr	r0, [r3]
  71 002a FFF7FEFF 		bl	Timer_1_WritePeriod
  72              	.LVL4:
  64:main.c        ****             Timer_1_Start();
  73              		.loc 1 64 0
  74 002e FFF7FEFF 		bl	Timer_1_Start
  75              	.LVL5:
  76              	.L3:
  65:main.c        ****         }
  66:main.c        **** 
  67:main.c        ****         if (UARTP_SysMode == UARTP_SYS_COMMAND)
  77              		.loc 1 67 0
  78 0032 7A4B     		ldr	r3, .L10+8
  79 0034 1B78     		ldrb	r3, [r3]	@ zero_extendqisi2
  80 0036 13F0FF0F 		tst	r3, #255
  81 003a 02D1     		bne	.L4
  68:main.c        ****         {
  69:main.c        ****             /* ── COMMAND: procesar comandos de configuración ── */
  70:main.c        ****             UARTP_ProcessCommand();
  82              		.loc 1 70 0
  83 003c FFF7FEFF 		bl	UARTP_ProcessCommand
  84              	.LVL6:
  85 0040 E7E7     		b	.L2
  86              	.L4:
  71:main.c        ****         }
  72:main.c        ****         else /* UARTP_SYS_CONTROL (= STREAM mode) */
  73:main.c        ****         {
  74:main.c        ****             /* ── STREAM: tick de control + envío de telemetría ── */
  75:main.c        ****             if (g_flag_control)
  87              		.loc 1 75 0
  88 0042 774B     		ldr	r3, .L10+12
  89 0044 1B78     		ldrb	r3, [r3]	@ zero_extendqisi2
  90 0046 13F0FF0F 		tst	r3, #255
  91 004a E2D0     		beq	.L2
  76:main.c        ****             {
  77:main.c        ****                 g_flag_control = 0u;
  92              		.loc 1 77 0
  93 004c 0025     		movs	r5, #0
  94 004e 744B     		ldr	r3, .L10+12
ARM GAS  C:\Users\user\AppData\Local\Temp\ccPQB0mU.s 			page 4


  95 0050 1D70     		strb	r5, [r3]
  78:main.c        **** 
  79:main.c        ****                 /* 1. Ejecutar paso de control — capturar ticks antes y después */
  80:main.c        ****                 Timer_1_SoftwareCapture();
  96              		.loc 1 80 0
  97 0052 FFF7FEFF 		bl	Timer_1_SoftwareCapture
  98              	.LVL7:
  81:main.c        ****                 cap_before = Timer_1_ReadCapture();
  99              		.loc 1 81 0
 100 0056 FFF7FEFF 		bl	Timer_1_ReadCapture
 101              	.LVL8:
 102 005a 0446     		mov	r4, r0
 103              	.LVL9:
  82:main.c        **** #if DEBUG_PINS_ENABLED
  83:main.c        ****                 pin_flag_Write(1u);
 104              		.loc 1 83 0
 105 005c 0120     		movs	r0, #1
 106              	.LVL10:
 107 005e FFF7FEFF 		bl	pin_flag_Write
 108              	.LVL11:
  84:main.c        **** #endif
  85:main.c        ****                 ctrl_step();
 109              		.loc 1 85 0
 110 0062 FFF7FEFF 		bl	ctrl_step
 111              	.LVL12:
  86:main.c        **** #if DEBUG_PINS_ENABLED
  87:main.c        ****                 pin_flag_Write(0u);
 112              		.loc 1 87 0
 113 0066 2846     		mov	r0, r5
 114 0068 FFF7FEFF 		bl	pin_flag_Write
 115              	.LVL13:
  88:main.c        **** #endif
  89:main.c        ****                 Timer_1_SoftwareCapture();
 116              		.loc 1 89 0
 117 006c FFF7FEFF 		bl	Timer_1_SoftwareCapture
 118              	.LVL14:
  90:main.c        ****                 cap_after = Timer_1_ReadCapture();
 119              		.loc 1 90 0
 120 0070 FFF7FEFF 		bl	Timer_1_ReadCapture
 121              	.LVL15:
  91:main.c        ****                 /* Timer cuenta hacia abajo → elapsed = before - after */
  92:main.c        ****                 elapsed = (cap_before >= cap_after) ? (cap_before - cap_after) : 0u;
 122              		.loc 1 92 0
 123 0074 8442     		cmp	r4, r0
 124 0076 01D3     		bcc	.L8
 125              		.loc 1 92 0 is_stmt 0 discriminator 1
 126 0078 241A     		subs	r4, r4, r0
 127              	.LVL16:
 128 007a 00E0     		b	.L6
 129              	.LVL17:
 130              	.L8:
 131              		.loc 1 92 0
 132 007c 0024     		movs	r4, #0
 133              	.LVL18:
 134              	.L6:
  93:main.c        **** 
  94:main.c        ****                 /* 2. Leer telemetría con sección crítica mínima */
ARM GAS  C:\Users\user\AppData\Local\Temp\ccPQB0mU.s 			page 5


  95:main.c        ****                 intr = CyEnterCriticalSection();
 135              		.loc 1 95 0 is_stmt 1 discriminator 4
 136 007e FFF7FEFF 		bl	CyEnterCriticalSection
 137              	.LVL19:
  96:main.c        ****                 t_y1  = ctrl_telem_y1;
 138              		.loc 1 96 0 discriminator 4
 139 0082 684B     		ldr	r3, .L10+16
 140 0084 1B68     		ldr	r3, [r3]	@ float
 141 0086 0893     		str	r3, [sp, #32]	@ float
  97:main.c        ****                 t_y2  = ctrl_telem_y2;
 142              		.loc 1 97 0 discriminator 4
 143 0088 674B     		ldr	r3, .L10+20
 144 008a 1B68     		ldr	r3, [r3]	@ float
 145 008c 0793     		str	r3, [sp, #28]	@ float
  98:main.c        ****                 t_u1  = ctrl_telem_u1;
 146              		.loc 1 98 0 discriminator 4
 147 008e 674B     		ldr	r3, .L10+24
 148 0090 1B68     		ldr	r3, [r3]	@ float
 149 0092 0693     		str	r3, [sp, #24]	@ float
  99:main.c        ****                 t_u2  = ctrl_telem_u2;
 150              		.loc 1 99 0 discriminator 4
 151 0094 664B     		ldr	r3, .L10+28
 152 0096 1B68     		ldr	r3, [r3]	@ float
 153 0098 0593     		str	r3, [sp, #20]	@ float
 100:main.c        ****                 t_x1i = ctrl_telem_x1i;
 154              		.loc 1 100 0 discriminator 4
 155 009a 664B     		ldr	r3, .L10+32
 156 009c 1B68     		ldr	r3, [r3]	@ float
 157 009e 0493     		str	r3, [sp, #16]	@ float
 101:main.c        ****                 t_x2i = ctrl_telem_x2i;
 158              		.loc 1 101 0 discriminator 4
 159 00a0 654B     		ldr	r3, .L10+36
 160 00a2 1B68     		ldr	r3, [r3]	@ float
 161 00a4 0393     		str	r3, [sp, #12]	@ float
 102:main.c        ****                 t_x1o = ctrl_telem_x1o;
 162              		.loc 1 102 0 discriminator 4
 163 00a6 654B     		ldr	r3, .L10+40
 164 00a8 1B68     		ldr	r3, [r3]	@ float
 165 00aa 0293     		str	r3, [sp, #8]	@ float
 103:main.c        ****                 t_x2o = ctrl_telem_x2o;
 166              		.loc 1 103 0 discriminator 4
 167 00ac 644B     		ldr	r3, .L10+44
 168 00ae 1B68     		ldr	r3, [r3]	@ float
 169 00b0 0193     		str	r3, [sp, #4]	@ float
 104:main.c        ****                 ctrl_telem_ready = 0u;
 170              		.loc 1 104 0 discriminator 4
 171 00b2 0022     		movs	r2, #0
 172 00b4 634B     		ldr	r3, .L10+48
 173 00b6 1A70     		strb	r2, [r3]
 105:main.c        ****                 CyExitCriticalSection(intr);
 174              		.loc 1 105 0 discriminator 4
 175 00b8 FFF7FEFF 		bl	CyExitCriticalSection
 176              	.LVL20:
 106:main.c        **** 
 107:main.c        ****                 /* 3. Serializar 8 × float32 LE en trama de 32 bytes */
 108:main.c        ****                 p = (uint8*)&t_y1;
 109:main.c        ****                 frame[0]=p[0];  frame[1]=p[1];  frame[2]=p[2];  frame[3]=p[3];
ARM GAS  C:\Users\user\AppData\Local\Temp\ccPQB0mU.s 			page 6


 177              		.loc 1 109 0 discriminator 4
 178 00bc 9DF82030 		ldrb	r3, [sp, #32]	@ zero_extendqisi2
 179 00c0 8DF82430 		strb	r3, [sp, #36]
 180 00c4 9DF82130 		ldrb	r3, [sp, #33]	@ zero_extendqisi2
 181 00c8 8DF82530 		strb	r3, [sp, #37]
 182 00cc 9DF82230 		ldrb	r3, [sp, #34]	@ zero_extendqisi2
 183 00d0 8DF82630 		strb	r3, [sp, #38]
 184 00d4 9DF82330 		ldrb	r3, [sp, #35]	@ zero_extendqisi2
 185 00d8 8DF82730 		strb	r3, [sp, #39]
 186              	.LVL21:
 110:main.c        ****                 p = (uint8*)&t_y2;
 111:main.c        ****                 frame[4]=p[0];  frame[5]=p[1];  frame[6]=p[2];  frame[7]=p[3];
 187              		.loc 1 111 0 discriminator 4
 188 00dc 9DF81C30 		ldrb	r3, [sp, #28]	@ zero_extendqisi2
 189 00e0 8DF82830 		strb	r3, [sp, #40]
 190 00e4 9DF81D30 		ldrb	r3, [sp, #29]	@ zero_extendqisi2
 191 00e8 8DF82930 		strb	r3, [sp, #41]
 192 00ec 9DF81E30 		ldrb	r3, [sp, #30]	@ zero_extendqisi2
 193 00f0 8DF82A30 		strb	r3, [sp, #42]
 194 00f4 9DF81F30 		ldrb	r3, [sp, #31]	@ zero_extendqisi2
 195 00f8 8DF82B30 		strb	r3, [sp, #43]
 196              	.LVL22:
 112:main.c        ****                 p = (uint8*)&t_u1;
 113:main.c        ****                 frame[8]=p[0];  frame[9]=p[1];  frame[10]=p[2]; frame[11]=p[3];
 197              		.loc 1 113 0 discriminator 4
 198 00fc 9DF81830 		ldrb	r3, [sp, #24]	@ zero_extendqisi2
 199 0100 8DF82C30 		strb	r3, [sp, #44]
 200 0104 9DF81930 		ldrb	r3, [sp, #25]	@ zero_extendqisi2
 201 0108 8DF82D30 		strb	r3, [sp, #45]
 202 010c 9DF81A30 		ldrb	r3, [sp, #26]	@ zero_extendqisi2
 203 0110 8DF82E30 		strb	r3, [sp, #46]
 204 0114 9DF81B30 		ldrb	r3, [sp, #27]	@ zero_extendqisi2
 205 0118 8DF82F30 		strb	r3, [sp, #47]
 206              	.LVL23:
 114:main.c        ****                 p = (uint8*)&t_u2;
 115:main.c        ****                 frame[12]=p[0]; frame[13]=p[1]; frame[14]=p[2]; frame[15]=p[3];
 207              		.loc 1 115 0 discriminator 4
 208 011c 9DF81430 		ldrb	r3, [sp, #20]	@ zero_extendqisi2
 209 0120 8DF83030 		strb	r3, [sp, #48]
 210 0124 9DF81530 		ldrb	r3, [sp, #21]	@ zero_extendqisi2
 211 0128 8DF83130 		strb	r3, [sp, #49]
 212 012c 9DF81630 		ldrb	r3, [sp, #22]	@ zero_extendqisi2
 213 0130 8DF83230 		strb	r3, [sp, #50]
 214 0134 9DF81730 		ldrb	r3, [sp, #23]	@ zero_extendqisi2
 215 0138 8DF83330 		strb	r3, [sp, #51]
 216              	.LVL24:
 116:main.c        ****                 p = (uint8*)&t_x1i;
 117:main.c        ****                 frame[16]=p[0]; frame[17]=p[1]; frame[18]=p[2]; frame[19]=p[3];
 217              		.loc 1 117 0 discriminator 4
 218 013c 9DF81030 		ldrb	r3, [sp, #16]	@ zero_extendqisi2
 219 0140 8DF83430 		strb	r3, [sp, #52]
 220 0144 9DF81130 		ldrb	r3, [sp, #17]	@ zero_extendqisi2
 221 0148 8DF83530 		strb	r3, [sp, #53]
 222 014c 9DF81230 		ldrb	r3, [sp, #18]	@ zero_extendqisi2
 223 0150 8DF83630 		strb	r3, [sp, #54]
 224 0154 9DF81330 		ldrb	r3, [sp, #19]	@ zero_extendqisi2
 225 0158 8DF83730 		strb	r3, [sp, #55]
ARM GAS  C:\Users\user\AppData\Local\Temp\ccPQB0mU.s 			page 7


 226              	.LVL25:
 118:main.c        ****                 p = (uint8*)&t_x2i;
 119:main.c        ****                 frame[20]=p[0]; frame[21]=p[1]; frame[22]=p[2]; frame[23]=p[3];
 227              		.loc 1 119 0 discriminator 4
 228 015c 9DF80C30 		ldrb	r3, [sp, #12]	@ zero_extendqisi2
 229 0160 8DF83830 		strb	r3, [sp, #56]
 230 0164 9DF80D30 		ldrb	r3, [sp, #13]	@ zero_extendqisi2
 231 0168 8DF83930 		strb	r3, [sp, #57]
 232 016c 9DF80E30 		ldrb	r3, [sp, #14]	@ zero_extendqisi2
 233 0170 8DF83A30 		strb	r3, [sp, #58]
 234 0174 9DF80F30 		ldrb	r3, [sp, #15]	@ zero_extendqisi2
 235 0178 8DF83B30 		strb	r3, [sp, #59]
 236              	.LVL26:
 120:main.c        ****                 p = (uint8*)&t_x1o;
 121:main.c        ****                 frame[24]=p[0]; frame[25]=p[1]; frame[26]=p[2]; frame[27]=p[3];
 237              		.loc 1 121 0 discriminator 4
 238 017c 9DF80830 		ldrb	r3, [sp, #8]	@ zero_extendqisi2
 239 0180 8DF83C30 		strb	r3, [sp, #60]
 240 0184 9DF80930 		ldrb	r3, [sp, #9]	@ zero_extendqisi2
 241 0188 8DF83D30 		strb	r3, [sp, #61]
 242 018c 9DF80A30 		ldrb	r3, [sp, #10]	@ zero_extendqisi2
 243 0190 8DF83E30 		strb	r3, [sp, #62]
 244 0194 9DF80B30 		ldrb	r3, [sp, #11]	@ zero_extendqisi2
 245 0198 8DF83F30 		strb	r3, [sp, #63]
 246              	.LVL27:
 122:main.c        ****                 p = (uint8*)&t_x2o;
 123:main.c        ****                 frame[28]=p[0]; frame[29]=p[1]; frame[30]=p[2]; frame[31]=p[3];
 247              		.loc 1 123 0 discriminator 4
 248 019c 9DF80430 		ldrb	r3, [sp, #4]	@ zero_extendqisi2
 249 01a0 8DF84030 		strb	r3, [sp, #64]
 250 01a4 9DF80530 		ldrb	r3, [sp, #5]	@ zero_extendqisi2
 251 01a8 8DF84130 		strb	r3, [sp, #65]
 252 01ac 9DF80630 		ldrb	r3, [sp, #6]	@ zero_extendqisi2
 253 01b0 8DF84230 		strb	r3, [sp, #66]
 254 01b4 9DF80730 		ldrb	r3, [sp, #7]	@ zero_extendqisi2
 255 01b8 8DF84330 		strb	r3, [sp, #67]
 256              	.LVL28:
 257              	.LBB2:
 124:main.c        ****                 /* elapsed ticks de ctrl_step (uint32 LE).
 125:main.c        ****                    Bit 31 (0x80000000) se reusa como flag de stall: lo seteamos
 126:main.c        ****                    si ctrl_stall_flag=1 para que MATLAB sepa que el control se
 127:main.c        ****                    detuvo por choque contra los topes. elapsed real ~30000 ticks
 128:main.c        ****                    <<< 2^31 así que no hay colisión. */
 129:main.c        ****                 {
 130:main.c        ****                     uint32 elapsed_with_flag = elapsed;
 131:main.c        ****                     if (ctrl_stall_flag) {
 258              		.loc 1 131 0 discriminator 4
 259 01bc 224B     		ldr	r3, .L10+52
 260 01be 1B78     		ldrb	r3, [r3]	@ zero_extendqisi2
 261 01c0 13F0FF0F 		tst	r3, #255
 262 01c4 01D0     		beq	.L7
 132:main.c        ****                         elapsed_with_flag |= 0x80000000u;
 263              		.loc 1 132 0
 264 01c6 44F00044 		orr	r4, r4, #-2147483648
 265              	.LVL29:
 266              	.L7:
 133:main.c        ****                     }
ARM GAS  C:\Users\user\AppData\Local\Temp\ccPQB0mU.s 			page 8


 134:main.c        ****                     frame[32]=(uint8)(elapsed_with_flag);
 267              		.loc 1 134 0
 268 01ca 8DF84440 		strb	r4, [sp, #68]
 135:main.c        ****                     frame[33]=(uint8)(elapsed_with_flag >> 8u);
 269              		.loc 1 135 0
 270 01ce C4F30723 		ubfx	r3, r4, #8, #8
 271 01d2 8DF84530 		strb	r3, [sp, #69]
 136:main.c        ****                     frame[34]=(uint8)(elapsed_with_flag >> 16u);
 272              		.loc 1 136 0
 273 01d6 C4F30743 		ubfx	r3, r4, #16, #8
 274 01da 8DF84630 		strb	r3, [sp, #70]
 137:main.c        ****                     frame[35]=(uint8)(elapsed_with_flag >> 24u);
 275              		.loc 1 137 0
 276 01de 240E     		lsrs	r4, r4, #24
 277              	.LVL30:
 278 01e0 8DF84740 		strb	r4, [sp, #71]
 279              	.LBE2:
 138:main.c        ****                 }
 139:main.c        **** 
 140:main.c        ****                 /* 4. Enviar por UART */
 141:main.c        ****                 UART_1_PutArray(frame, TELEM_FRAME_SZ);
 280              		.loc 1 141 0
 281 01e4 2421     		movs	r1, #36
 282 01e6 0DEB0100 		add	r0, sp, r1
 283 01ea FFF7FEFF 		bl	UART_1_PutArray
 284              	.LVL31:
 142:main.c        **** 
 143:main.c        ****                 /* 5. Si hubo stall, abortar control y volver a COMMAND mode.
 144:main.c        ****                    El frame ya viajó con el bit de stall → MATLAB lo detecta. */
 145:main.c        ****                 if (ctrl_stall_flag) {
 285              		.loc 1 145 0
 286 01ee 164B     		ldr	r3, .L10+52
 287 01f0 1B78     		ldrb	r3, [r3]	@ zero_extendqisi2
 288 01f2 13F0FF0F 		tst	r3, #255
 289 01f6 3FF40CAF 		beq	.L2
 146:main.c        ****                     Motor_Free();
 290              		.loc 1 146 0
 291 01fa FFF7FEFF 		bl	Motor_Free
 292              	.LVL32:
 147:main.c        ****                     ctrl_stop();
 293              		.loc 1 147 0
 294 01fe FFF7FEFF 		bl	ctrl_stop
 295              	.LVL33:
 148:main.c        ****                     g_flag_control  = 0u;
 296              		.loc 1 148 0
 297 0202 0023     		movs	r3, #0
 298 0204 064A     		ldr	r2, .L10+12
 299 0206 1370     		strb	r3, [r2]
 149:main.c        ****                     UARTP_SysMode   = UARTP_SYS_COMMAND;
 300              		.loc 1 149 0
 301 0208 044A     		ldr	r2, .L10+8
 302 020a 1370     		strb	r3, [r2]
 150:main.c        ****                     ctrl_stall_flag = 0u;
 303              		.loc 1 150 0
 304 020c 0E4A     		ldr	r2, .L10+52
 305 020e 1370     		strb	r3, [r2]
 306 0210 FFE6     		b	.L2
ARM GAS  C:\Users\user\AppData\Local\Temp\ccPQB0mU.s 			page 9


 307              	.L11:
 308 0212 00BF     		.align	2
 309              	.L10:
 310 0214 00000000 		.word	ctrl_period_pending
 311 0218 00000000 		.word	ctrl_period_ticks
 312 021c 00000000 		.word	UARTP_SysMode
 313 0220 00000000 		.word	g_flag_control
 314 0224 00000000 		.word	ctrl_telem_y1
 315 0228 00000000 		.word	ctrl_telem_y2
 316 022c 00000000 		.word	ctrl_telem_u1
 317 0230 00000000 		.word	ctrl_telem_u2
 318 0234 00000000 		.word	ctrl_telem_x1i
 319 0238 00000000 		.word	ctrl_telem_x2i
 320 023c 00000000 		.word	ctrl_telem_x1o
 321 0240 00000000 		.word	ctrl_telem_x2o
 322 0244 00000000 		.word	ctrl_telem_ready
 323 0248 00000000 		.word	ctrl_stall_flag
 324              		.cfi_endproc
 325              	.LFE63:
 326              		.size	main, .-main
 327              		.text
 328              	.Letext0:
 329              		.file 2 "d:\\psoc\\psoc creator\\4.4\\psoc creator\\import\\gnu\\arm\\5.4.1\\arm-none-eabi\\includ
 330              		.file 3 "d:\\psoc\\psoc creator\\4.4\\psoc creator\\import\\gnu\\arm\\5.4.1\\arm-none-eabi\\includ
 331              		.file 4 "Generated_Source\\PSoC5/cytypes.h"
 332              		.file 5 "uartp_pend.h"
 333              		.file 6 "./core_cm3.h"
 334              		.file 7 "pendulo.h"
 335              		.file 8 "ctrl_pend.h"
 336              		.file 9 "Generated_Source\\PSoC5/Timer_1.h"
 337              		.file 10 "Generated_Source\\PSoC5/pin_flag.h"
 338              		.file 11 "Generated_Source\\PSoC5/CyLib.h"
 339              		.file 12 "Generated_Source\\PSoC5/UART_1.h"
 340              		.file 13 "motor.h"
 341              		.section	.debug_info,"",%progbits
 342              	.Ldebug_info0:
 343 0000 36040000 		.4byte	0x436
 344 0004 0400     		.2byte	0x4
 345 0006 00000000 		.4byte	.Ldebug_abbrev0
 346 000a 04       		.byte	0x4
 347 000b 01       		.uleb128 0x1
 348 000c 7E030000 		.4byte	.LASF66
 349 0010 0C       		.byte	0xc
 350 0011 C1020000 		.4byte	.LASF67
 351 0015 4D010000 		.4byte	.LASF68
 352 0019 00000000 		.4byte	.Ldebug_ranges0+0
 353 001d 00000000 		.4byte	0
 354 0021 00000000 		.4byte	.Ldebug_line0
 355 0025 02       		.uleb128 0x2
 356 0026 01       		.byte	0x1
 357 0027 06       		.byte	0x6
 358 0028 EA010000 		.4byte	.LASF0
 359 002c 02       		.uleb128 0x2
 360 002d 01       		.byte	0x1
 361 002e 08       		.byte	0x8
 362 002f A4010000 		.4byte	.LASF1
 363 0033 02       		.uleb128 0x2
ARM GAS  C:\Users\user\AppData\Local\Temp\ccPQB0mU.s 			page 10


 364 0034 02       		.byte	0x2
 365 0035 05       		.byte	0x5
 366 0036 48000000 		.4byte	.LASF2
 367 003a 02       		.uleb128 0x2
 368 003b 02       		.byte	0x2
 369 003c 07       		.byte	0x7
 370 003d 43020000 		.4byte	.LASF3
 371 0041 03       		.uleb128 0x3
 372 0042 18030000 		.4byte	.LASF9
 373 0046 02       		.byte	0x2
 374 0047 3F       		.byte	0x3f
 375 0048 4C000000 		.4byte	0x4c
 376 004c 02       		.uleb128 0x2
 377 004d 04       		.byte	0x4
 378 004e 05       		.byte	0x5
 379 004f 5B020000 		.4byte	.LASF4
 380 0053 02       		.uleb128 0x2
 381 0054 04       		.byte	0x4
 382 0055 07       		.byte	0x7
 383 0056 27010000 		.4byte	.LASF5
 384 005a 02       		.uleb128 0x2
 385 005b 08       		.byte	0x8
 386 005c 05       		.byte	0x5
 387 005d 09010000 		.4byte	.LASF6
 388 0061 02       		.uleb128 0x2
 389 0062 08       		.byte	0x8
 390 0063 07       		.byte	0x7
 391 0064 F6010000 		.4byte	.LASF7
 392 0068 04       		.uleb128 0x4
 393 0069 04       		.byte	0x4
 394 006a 05       		.byte	0x5
 395 006b 696E7400 		.ascii	"int\000"
 396 006f 02       		.uleb128 0x2
 397 0070 04       		.byte	0x4
 398 0071 07       		.byte	0x7
 399 0072 21020000 		.4byte	.LASF8
 400 0076 03       		.uleb128 0x3
 401 0077 69020000 		.4byte	.LASF10
 402 007b 03       		.byte	0x3
 403 007c 2C       		.byte	0x2c
 404 007d 41000000 		.4byte	0x41
 405 0081 05       		.uleb128 0x5
 406 0082 8B020000 		.4byte	.LASF11
 407 0086 04       		.byte	0x4
 408 0087 E901     		.2byte	0x1e9
 409 0089 2C000000 		.4byte	0x2c
 410 008d 05       		.uleb128 0x5
 411 008e F5020000 		.4byte	.LASF12
 412 0092 04       		.byte	0x4
 413 0093 EB01     		.2byte	0x1eb
 414 0095 53000000 		.4byte	0x53
 415 0099 02       		.uleb128 0x2
 416 009a 04       		.byte	0x4
 417 009b 04       		.byte	0x4
 418 009c 03010000 		.4byte	.LASF13
 419 00a0 02       		.uleb128 0x2
 420 00a1 08       		.byte	0x8
ARM GAS  C:\Users\user\AppData\Local\Temp\ccPQB0mU.s 			page 11


 421 00a2 04       		.byte	0x4
 422 00a3 51030000 		.4byte	.LASF14
 423 00a7 02       		.uleb128 0x2
 424 00a8 01       		.byte	0x1
 425 00a9 08       		.byte	0x8
 426 00aa 56020000 		.4byte	.LASF15
 427 00ae 06       		.uleb128 0x6
 428 00af 81000000 		.4byte	0x81
 429 00b3 06       		.uleb128 0x6
 430 00b4 8D000000 		.4byte	0x8d
 431 00b8 02       		.uleb128 0x2
 432 00b9 08       		.byte	0x8
 433 00ba 04       		.byte	0x4
 434 00bb 00000000 		.4byte	.LASF16
 435 00bf 02       		.uleb128 0x2
 436 00c0 04       		.byte	0x4
 437 00c1 07       		.byte	0x7
 438 00c2 63000000 		.4byte	.LASF17
 439 00c6 07       		.uleb128 0x7
 440 00c7 01       		.byte	0x1
 441 00c8 2C000000 		.4byte	0x2c
 442 00cc 05       		.byte	0x5
 443 00cd 2F       		.byte	0x2f
 444 00ce DF000000 		.4byte	0xdf
 445 00d2 08       		.uleb128 0x8
 446 00d3 91020000 		.4byte	.LASF18
 447 00d7 00       		.byte	0
 448 00d8 08       		.uleb128 0x8
 449 00d9 94000000 		.4byte	.LASF19
 450 00dd 01       		.byte	0x1
 451 00de 00       		.byte	0
 452 00df 03       		.uleb128 0x3
 453 00e0 B7000000 		.4byte	.LASF20
 454 00e4 05       		.byte	0x5
 455 00e5 32       		.byte	0x32
 456 00e6 C6000000 		.4byte	0xc6
 457 00ea 09       		.uleb128 0x9
 458 00eb 64020000 		.4byte	.LASF69
 459 00ef 01       		.byte	0x1
 460 00f0 27       		.byte	0x27
 461 00f1 68000000 		.4byte	0x68
 462 00f5 00000000 		.4byte	.LFB63
 463 00f9 4C020000 		.4byte	.LFE63-.LFB63
 464 00fd 01       		.uleb128 0x1
 465 00fe 9C       		.byte	0x9c
 466 00ff BE020000 		.4byte	0x2be
 467 0103 0A       		.uleb128 0xa
 468 0104 B1000000 		.4byte	.LASF21
 469 0108 01       		.byte	0x1
 470 0109 29       		.byte	0x29
 471 010a BE020000 		.4byte	0x2be
 472 010e 02       		.uleb128 0x2
 473 010f 91       		.byte	0x91
 474 0110 4C       		.sleb128 -52
 475 0111 0B       		.uleb128 0xb
 476 0112 7000     		.ascii	"p\000"
 477 0114 01       		.byte	0x1
ARM GAS  C:\Users\user\AppData\Local\Temp\ccPQB0mU.s 			page 12


 478 0115 2A       		.byte	0x2a
 479 0116 CE020000 		.4byte	0x2ce
 480 011a 00000000 		.4byte	.LLST0
 481 011e 0A       		.uleb128 0xa
 482 011f B7020000 		.4byte	.LASF22
 483 0123 01       		.byte	0x1
 484 0124 2B       		.byte	0x2b
 485 0125 99000000 		.4byte	0x99
 486 0129 02       		.uleb128 0x2
 487 012a 91       		.byte	0x91
 488 012b 48       		.sleb128 -56
 489 012c 0A       		.uleb128 0xa
 490 012d BC020000 		.4byte	.LASF23
 491 0131 01       		.byte	0x1
 492 0132 2B       		.byte	0x2b
 493 0133 99000000 		.4byte	0x99
 494 0137 02       		.uleb128 0x2
 495 0138 91       		.byte	0x91
 496 0139 44       		.sleb128 -60
 497 013a 0A       		.uleb128 0xa
 498 013b 81020000 		.4byte	.LASF24
 499 013f 01       		.byte	0x1
 500 0140 2B       		.byte	0x2b
 501 0141 99000000 		.4byte	0x99
 502 0145 02       		.uleb128 0x2
 503 0146 91       		.byte	0x91
 504 0147 40       		.sleb128 -64
 505 0148 0A       		.uleb128 0xa
 506 0149 86020000 		.4byte	.LASF25
 507 014d 01       		.byte	0x1
 508 014e 2B       		.byte	0x2b
 509 014f 99000000 		.4byte	0x99
 510 0153 03       		.uleb128 0x3
 511 0154 91       		.byte	0x91
 512 0155 BC7F     		.sleb128 -68
 513 0157 0A       		.uleb128 0xa
 514 0158 C4010000 		.4byte	.LASF26
 515 015c 01       		.byte	0x1
 516 015d 2C       		.byte	0x2c
 517 015e 99000000 		.4byte	0x99
 518 0162 03       		.uleb128 0x3
 519 0163 91       		.byte	0x91
 520 0164 B87F     		.sleb128 -72
 521 0166 0A       		.uleb128 0xa
 522 0167 B1020000 		.4byte	.LASF27
 523 016b 01       		.byte	0x1
 524 016c 2C       		.byte	0x2c
 525 016d 99000000 		.4byte	0x99
 526 0171 03       		.uleb128 0x3
 527 0172 91       		.byte	0x91
 528 0173 B47F     		.sleb128 -76
 529 0175 0A       		.uleb128 0xa
 530 0176 D5010000 		.4byte	.LASF28
 531 017a 01       		.byte	0x1
 532 017b 2C       		.byte	0x2c
 533 017c 99000000 		.4byte	0x99
 534 0180 03       		.uleb128 0x3
ARM GAS  C:\Users\user\AppData\Local\Temp\ccPQB0mU.s 			page 13


 535 0181 91       		.byte	0x91
 536 0182 B07F     		.sleb128 -80
 537 0184 0A       		.uleb128 0xa
 538 0185 EF020000 		.4byte	.LASF29
 539 0189 01       		.byte	0x1
 540 018a 2C       		.byte	0x2c
 541 018b 99000000 		.4byte	0x99
 542 018f 03       		.uleb128 0x3
 543 0190 91       		.byte	0x91
 544 0191 AC7F     		.sleb128 -84
 545 0193 0C       		.uleb128 0xc
 546 0194 A6000000 		.4byte	.LASF30
 547 0198 01       		.byte	0x1
 548 0199 2D       		.byte	0x2d
 549 019a 8D000000 		.4byte	0x8d
 550 019e 75000000 		.4byte	.LLST1
 551 01a2 0C       		.uleb128 0xc
 552 01a3 2E020000 		.4byte	.LASF31
 553 01a7 01       		.byte	0x1
 554 01a8 2D       		.byte	0x2d
 555 01a9 8D000000 		.4byte	0x8d
 556 01ad 9E000000 		.4byte	.LLST2
 557 01b1 0C       		.uleb128 0xc
 558 01b2 8C000000 		.4byte	.LASF32
 559 01b6 01       		.byte	0x1
 560 01b7 2D       		.byte	0x2d
 561 01b8 8D000000 		.4byte	0x8d
 562 01bc B1000000 		.4byte	.LLST3
 563 01c0 0C       		.uleb128 0xc
 564 01c1 30030000 		.4byte	.LASF33
 565 01c5 01       		.byte	0x1
 566 01c6 2E       		.byte	0x2e
 567 01c7 81000000 		.4byte	0x81
 568 01cb C4000000 		.4byte	.LLST4
 569 01cf 0D       		.uleb128 0xd
 570 01d0 BC010000 		.4byte	.LBB2
 571 01d4 28000000 		.4byte	.LBE2-.LBB2
 572 01d8 EC010000 		.4byte	0x1ec
 573 01dc 0C       		.uleb128 0xc
 574 01dd 7A000000 		.4byte	.LASF34
 575 01e1 01       		.byte	0x1
 576 01e2 82       		.byte	0x82
 577 01e3 8D000000 		.4byte	0x8d
 578 01e7 D7000000 		.4byte	.LLST5
 579 01eb 00       		.byte	0
 580 01ec 0E       		.uleb128 0xe
 581 01ed 0A000000 		.4byte	.LVL0
 582 01f1 89030000 		.4byte	0x389
 583 01f5 0E       		.uleb128 0xe
 584 01f6 0E000000 		.4byte	.LVL1
 585 01fa 94030000 		.4byte	0x394
 586 01fe 0E       		.uleb128 0xe
 587 01ff 12000000 		.4byte	.LVL2
 588 0203 9F030000 		.4byte	0x39f
 589 0207 0E       		.uleb128 0xe
 590 0208 26000000 		.4byte	.LVL3
 591 020c AA030000 		.4byte	0x3aa
ARM GAS  C:\Users\user\AppData\Local\Temp\ccPQB0mU.s 			page 14


 592 0210 0E       		.uleb128 0xe
 593 0211 2E000000 		.4byte	.LVL4
 594 0215 B5030000 		.4byte	0x3b5
 595 0219 0E       		.uleb128 0xe
 596 021a 32000000 		.4byte	.LVL5
 597 021e C0030000 		.4byte	0x3c0
 598 0222 0E       		.uleb128 0xe
 599 0223 40000000 		.4byte	.LVL6
 600 0227 CB030000 		.4byte	0x3cb
 601 022b 0E       		.uleb128 0xe
 602 022c 56000000 		.4byte	.LVL7
 603 0230 D6030000 		.4byte	0x3d6
 604 0234 0E       		.uleb128 0xe
 605 0235 5A000000 		.4byte	.LVL8
 606 0239 E1030000 		.4byte	0x3e1
 607 023d 0F       		.uleb128 0xf
 608 023e 62000000 		.4byte	.LVL11
 609 0242 EC030000 		.4byte	0x3ec
 610 0246 50020000 		.4byte	0x250
 611 024a 10       		.uleb128 0x10
 612 024b 01       		.uleb128 0x1
 613 024c 50       		.byte	0x50
 614 024d 01       		.uleb128 0x1
 615 024e 31       		.byte	0x31
 616 024f 00       		.byte	0
 617 0250 0E       		.uleb128 0xe
 618 0251 66000000 		.4byte	.LVL12
 619 0255 F7030000 		.4byte	0x3f7
 620 0259 0F       		.uleb128 0xf
 621 025a 6C000000 		.4byte	.LVL13
 622 025e EC030000 		.4byte	0x3ec
 623 0262 6D020000 		.4byte	0x26d
 624 0266 10       		.uleb128 0x10
 625 0267 01       		.uleb128 0x1
 626 0268 50       		.byte	0x50
 627 0269 02       		.uleb128 0x2
 628 026a 75       		.byte	0x75
 629 026b 00       		.sleb128 0
 630 026c 00       		.byte	0
 631 026d 0E       		.uleb128 0xe
 632 026e 70000000 		.4byte	.LVL14
 633 0272 D6030000 		.4byte	0x3d6
 634 0276 0E       		.uleb128 0xe
 635 0277 74000000 		.4byte	.LVL15
 636 027b E1030000 		.4byte	0x3e1
 637 027f 0E       		.uleb128 0xe
 638 0280 82000000 		.4byte	.LVL19
 639 0284 02040000 		.4byte	0x402
 640 0288 0E       		.uleb128 0xe
 641 0289 BC000000 		.4byte	.LVL20
 642 028d 0D040000 		.4byte	0x40d
 643 0291 0F       		.uleb128 0xf
 644 0292 EE010000 		.4byte	.LVL31
 645 0296 18040000 		.4byte	0x418
 646 029a AB020000 		.4byte	0x2ab
 647 029e 10       		.uleb128 0x10
 648 029f 01       		.uleb128 0x1
ARM GAS  C:\Users\user\AppData\Local\Temp\ccPQB0mU.s 			page 15


 649 02a0 50       		.byte	0x50
 650 02a1 02       		.uleb128 0x2
 651 02a2 91       		.byte	0x91
 652 02a3 4C       		.sleb128 -52
 653 02a4 10       		.uleb128 0x10
 654 02a5 01       		.uleb128 0x1
 655 02a6 51       		.byte	0x51
 656 02a7 02       		.uleb128 0x2
 657 02a8 08       		.byte	0x8
 658 02a9 24       		.byte	0x24
 659 02aa 00       		.byte	0
 660 02ab 0E       		.uleb128 0xe
 661 02ac FE010000 		.4byte	.LVL32
 662 02b0 23040000 		.4byte	0x423
 663 02b4 0E       		.uleb128 0xe
 664 02b5 02020000 		.4byte	.LVL33
 665 02b9 2E040000 		.4byte	0x42e
 666 02bd 00       		.byte	0
 667 02be 11       		.uleb128 0x11
 668 02bf 81000000 		.4byte	0x81
 669 02c3 CE020000 		.4byte	0x2ce
 670 02c7 12       		.uleb128 0x12
 671 02c8 BF000000 		.4byte	0xbf
 672 02cc 23       		.byte	0x23
 673 02cd 00       		.byte	0
 674 02ce 13       		.uleb128 0x13
 675 02cf 04       		.byte	0x4
 676 02d0 81000000 		.4byte	0x81
 677 02d4 14       		.uleb128 0x14
 678 02d5 71030000 		.4byte	.LASF35
 679 02d9 06       		.byte	0x6
 680 02da 9606     		.2byte	0x696
 681 02dc E0020000 		.4byte	0x2e0
 682 02e0 06       		.uleb128 0x6
 683 02e1 76000000 		.4byte	0x76
 684 02e5 15       		.uleb128 0x15
 685 02e6 E0000000 		.4byte	.LASF36
 686 02ea 07       		.byte	0x7
 687 02eb 28       		.byte	0x28
 688 02ec AE000000 		.4byte	0xae
 689 02f0 15       		.uleb128 0x15
 690 02f1 6C000000 		.4byte	.LASF37
 691 02f5 05       		.byte	0x5
 692 02f6 34       		.byte	0x34
 693 02f7 FB020000 		.4byte	0x2fb
 694 02fb 06       		.uleb128 0x6
 695 02fc DF000000 		.4byte	0xdf
 696 0300 15       		.uleb128 0x15
 697 0301 71020000 		.4byte	.LASF38
 698 0305 08       		.byte	0x8
 699 0306 43       		.byte	0x43
 700 0307 AE000000 		.4byte	0xae
 701 030b 15       		.uleb128 0x15
 702 030c C8000000 		.4byte	.LASF39
 703 0310 08       		.byte	0x8
 704 0311 46       		.byte	0x46
 705 0312 16030000 		.4byte	0x316
ARM GAS  C:\Users\user\AppData\Local\Temp\ccPQB0mU.s 			page 16


 706 0316 06       		.uleb128 0x6
 707 0317 99000000 		.4byte	0x99
 708 031b 15       		.uleb128 0x15
 709 031c 35030000 		.4byte	.LASF40
 710 0320 08       		.byte	0x8
 711 0321 47       		.byte	0x47
 712 0322 16030000 		.4byte	0x316
 713 0326 15       		.uleb128 0x15
 714 0327 22030000 		.4byte	.LASF41
 715 032b 08       		.byte	0x8
 716 032c 48       		.byte	0x48
 717 032d 16030000 		.4byte	0x316
 718 0331 15       		.uleb128 0x15
 719 0332 43030000 		.4byte	.LASF42
 720 0336 08       		.byte	0x8
 721 0337 49       		.byte	0x49
 722 0338 16030000 		.4byte	0x316
 723 033c 15       		.uleb128 0x15
 724 033d 58030000 		.4byte	.LASF43
 725 0341 08       		.byte	0x8
 726 0342 4A       		.byte	0x4a
 727 0343 16030000 		.4byte	0x316
 728 0347 15       		.uleb128 0x15
 729 0348 E0020000 		.4byte	.LASF44
 730 034c 08       		.byte	0x8
 731 034d 4B       		.byte	0x4b
 732 034e 16030000 		.4byte	0x316
 733 0352 15       		.uleb128 0x15
 734 0353 DB010000 		.4byte	.LASF45
 735 0357 08       		.byte	0x8
 736 0358 4C       		.byte	0x4c
 737 0359 16030000 		.4byte	0x316
 738 035d 15       		.uleb128 0x15
 739 035e FC020000 		.4byte	.LASF46
 740 0362 08       		.byte	0x8
 741 0363 4D       		.byte	0x4d
 742 0364 16030000 		.4byte	0x316
 743 0368 15       		.uleb128 0x15
 744 0369 52000000 		.4byte	.LASF47
 745 036d 08       		.byte	0x8
 746 036e 4E       		.byte	0x4e
 747 036f AE000000 		.4byte	0xae
 748 0373 15       		.uleb128 0x15
 749 0374 EF000000 		.4byte	.LASF48
 750 0378 08       		.byte	0x8
 751 0379 51       		.byte	0x51
 752 037a AE000000 		.4byte	0xae
 753 037e 15       		.uleb128 0x15
 754 037f B2010000 		.4byte	.LASF49
 755 0383 08       		.byte	0x8
 756 0384 52       		.byte	0x52
 757 0385 B3000000 		.4byte	0xb3
 758 0389 16       		.uleb128 0x16
 759 038a 9A010000 		.4byte	.LASF50
 760 038e 9A010000 		.4byte	.LASF50
 761 0392 08       		.byte	0x8
 762 0393 55       		.byte	0x55
ARM GAS  C:\Users\user\AppData\Local\Temp\ccPQB0mU.s 			page 17


 763 0394 16       		.uleb128 0x16
 764 0395 0C040000 		.4byte	.LASF51
 765 0399 0C040000 		.4byte	.LASF51
 766 039d 07       		.byte	0x7
 767 039e 31       		.byte	0x31
 768 039f 16       		.uleb128 0x16
 769 03a0 CA010000 		.4byte	.LASF52
 770 03a4 CA010000 		.4byte	.LASF52
 771 03a8 05       		.byte	0x5
 772 03a9 41       		.byte	0x41
 773 03aa 16       		.uleb128 0x16
 774 03ab 0B030000 		.4byte	.LASF53
 775 03af 0B030000 		.4byte	.LASF53
 776 03b3 09       		.byte	0x9
 777 03b4 5B       		.byte	0x5b
 778 03b5 16       		.uleb128 0x16
 779 03b6 39010000 		.4byte	.LASF54
 780 03ba 39010000 		.4byte	.LASF54
 781 03be 09       		.byte	0x9
 782 03bf 68       		.byte	0x68
 783 03c0 16       		.uleb128 0x16
 784 03c1 A3020000 		.4byte	.LASF55
 785 03c5 A3020000 		.4byte	.LASF55
 786 03c9 09       		.byte	0x9
 787 03ca 5A       		.byte	0x5a
 788 03cb 16       		.uleb128 0x16
 789 03cc 85010000 		.4byte	.LASF56
 790 03d0 85010000 		.4byte	.LASF56
 791 03d4 05       		.byte	0x5
 792 03d5 44       		.byte	0x44
 793 03d6 16       		.uleb128 0x16
 794 03d7 C8020000 		.4byte	.LASF57
 795 03db C8020000 		.4byte	.LASF57
 796 03df 09       		.byte	0x9
 797 03e0 6C       		.byte	0x6c
 798 03e1 16       		.uleb128 0x16
 799 03e2 0D020000 		.4byte	.LASF58
 800 03e6 0D020000 		.4byte	.LASF58
 801 03ea 09       		.byte	0x9
 802 03eb 6B       		.byte	0x6b
 803 03ec 16       		.uleb128 0x16
 804 03ed 0C000000 		.4byte	.LASF59
 805 03f1 0C000000 		.4byte	.LASF59
 806 03f5 0A       		.byte	0xa
 807 03f6 26       		.byte	0x26
 808 03f7 16       		.uleb128 0x16
 809 03f8 D6000000 		.4byte	.LASF60
 810 03fc D6000000 		.4byte	.LASF60
 811 0400 08       		.byte	0x8
 812 0401 5A       		.byte	0x5a
 813 0402 16       		.uleb128 0x16
 814 0403 31000000 		.4byte	.LASF61
 815 0407 31000000 		.4byte	.LASF61
 816 040b 0B       		.byte	0xb
 817 040c 7D       		.byte	0x7d
 818 040d 16       		.uleb128 0x16
 819 040e 1B000000 		.4byte	.LASF62
ARM GAS  C:\Users\user\AppData\Local\Temp\ccPQB0mU.s 			page 18


 820 0412 1B000000 		.4byte	.LASF62
 821 0416 0B       		.byte	0xb
 822 0417 7E       		.byte	0x7e
 823 0418 16       		.uleb128 0x16
 824 0419 17010000 		.4byte	.LASF63
 825 041d 17010000 		.4byte	.LASF63
 826 0421 0C       		.byte	0xc
 827 0422 8C       		.byte	0x8c
 828 0423 16       		.uleb128 0x16
 829 0424 38020000 		.4byte	.LASF64
 830 0428 38020000 		.4byte	.LASF64
 831 042c 0D       		.byte	0xd
 832 042d 33       		.byte	0x33
 833 042e 16       		.uleb128 0x16
 834 042f 67030000 		.4byte	.LASF65
 835 0433 67030000 		.4byte	.LASF65
 836 0437 08       		.byte	0x8
 837 0438 59       		.byte	0x59
 838 0439 00       		.byte	0
 839              		.section	.debug_abbrev,"",%progbits
 840              	.Ldebug_abbrev0:
 841 0000 01       		.uleb128 0x1
 842 0001 11       		.uleb128 0x11
 843 0002 01       		.byte	0x1
 844 0003 25       		.uleb128 0x25
 845 0004 0E       		.uleb128 0xe
 846 0005 13       		.uleb128 0x13
 847 0006 0B       		.uleb128 0xb
 848 0007 03       		.uleb128 0x3
 849 0008 0E       		.uleb128 0xe
 850 0009 1B       		.uleb128 0x1b
 851 000a 0E       		.uleb128 0xe
 852 000b 55       		.uleb128 0x55
 853 000c 17       		.uleb128 0x17
 854 000d 11       		.uleb128 0x11
 855 000e 01       		.uleb128 0x1
 856 000f 10       		.uleb128 0x10
 857 0010 17       		.uleb128 0x17
 858 0011 00       		.byte	0
 859 0012 00       		.byte	0
 860 0013 02       		.uleb128 0x2
 861 0014 24       		.uleb128 0x24
 862 0015 00       		.byte	0
 863 0016 0B       		.uleb128 0xb
 864 0017 0B       		.uleb128 0xb
 865 0018 3E       		.uleb128 0x3e
 866 0019 0B       		.uleb128 0xb
 867 001a 03       		.uleb128 0x3
 868 001b 0E       		.uleb128 0xe
 869 001c 00       		.byte	0
 870 001d 00       		.byte	0
 871 001e 03       		.uleb128 0x3
 872 001f 16       		.uleb128 0x16
 873 0020 00       		.byte	0
 874 0021 03       		.uleb128 0x3
 875 0022 0E       		.uleb128 0xe
 876 0023 3A       		.uleb128 0x3a
ARM GAS  C:\Users\user\AppData\Local\Temp\ccPQB0mU.s 			page 19


 877 0024 0B       		.uleb128 0xb
 878 0025 3B       		.uleb128 0x3b
 879 0026 0B       		.uleb128 0xb
 880 0027 49       		.uleb128 0x49
 881 0028 13       		.uleb128 0x13
 882 0029 00       		.byte	0
 883 002a 00       		.byte	0
 884 002b 04       		.uleb128 0x4
 885 002c 24       		.uleb128 0x24
 886 002d 00       		.byte	0
 887 002e 0B       		.uleb128 0xb
 888 002f 0B       		.uleb128 0xb
 889 0030 3E       		.uleb128 0x3e
 890 0031 0B       		.uleb128 0xb
 891 0032 03       		.uleb128 0x3
 892 0033 08       		.uleb128 0x8
 893 0034 00       		.byte	0
 894 0035 00       		.byte	0
 895 0036 05       		.uleb128 0x5
 896 0037 16       		.uleb128 0x16
 897 0038 00       		.byte	0
 898 0039 03       		.uleb128 0x3
 899 003a 0E       		.uleb128 0xe
 900 003b 3A       		.uleb128 0x3a
 901 003c 0B       		.uleb128 0xb
 902 003d 3B       		.uleb128 0x3b
 903 003e 05       		.uleb128 0x5
 904 003f 49       		.uleb128 0x49
 905 0040 13       		.uleb128 0x13
 906 0041 00       		.byte	0
 907 0042 00       		.byte	0
 908 0043 06       		.uleb128 0x6
 909 0044 35       		.uleb128 0x35
 910 0045 00       		.byte	0
 911 0046 49       		.uleb128 0x49
 912 0047 13       		.uleb128 0x13
 913 0048 00       		.byte	0
 914 0049 00       		.byte	0
 915 004a 07       		.uleb128 0x7
 916 004b 04       		.uleb128 0x4
 917 004c 01       		.byte	0x1
 918 004d 0B       		.uleb128 0xb
 919 004e 0B       		.uleb128 0xb
 920 004f 49       		.uleb128 0x49
 921 0050 13       		.uleb128 0x13
 922 0051 3A       		.uleb128 0x3a
 923 0052 0B       		.uleb128 0xb
 924 0053 3B       		.uleb128 0x3b
 925 0054 0B       		.uleb128 0xb
 926 0055 01       		.uleb128 0x1
 927 0056 13       		.uleb128 0x13
 928 0057 00       		.byte	0
 929 0058 00       		.byte	0
 930 0059 08       		.uleb128 0x8
 931 005a 28       		.uleb128 0x28
 932 005b 00       		.byte	0
 933 005c 03       		.uleb128 0x3
ARM GAS  C:\Users\user\AppData\Local\Temp\ccPQB0mU.s 			page 20


 934 005d 0E       		.uleb128 0xe
 935 005e 1C       		.uleb128 0x1c
 936 005f 0B       		.uleb128 0xb
 937 0060 00       		.byte	0
 938 0061 00       		.byte	0
 939 0062 09       		.uleb128 0x9
 940 0063 2E       		.uleb128 0x2e
 941 0064 01       		.byte	0x1
 942 0065 3F       		.uleb128 0x3f
 943 0066 19       		.uleb128 0x19
 944 0067 03       		.uleb128 0x3
 945 0068 0E       		.uleb128 0xe
 946 0069 3A       		.uleb128 0x3a
 947 006a 0B       		.uleb128 0xb
 948 006b 3B       		.uleb128 0x3b
 949 006c 0B       		.uleb128 0xb
 950 006d 27       		.uleb128 0x27
 951 006e 19       		.uleb128 0x19
 952 006f 49       		.uleb128 0x49
 953 0070 13       		.uleb128 0x13
 954 0071 8701     		.uleb128 0x87
 955 0073 19       		.uleb128 0x19
 956 0074 11       		.uleb128 0x11
 957 0075 01       		.uleb128 0x1
 958 0076 12       		.uleb128 0x12
 959 0077 06       		.uleb128 0x6
 960 0078 40       		.uleb128 0x40
 961 0079 18       		.uleb128 0x18
 962 007a 9742     		.uleb128 0x2117
 963 007c 19       		.uleb128 0x19
 964 007d 01       		.uleb128 0x1
 965 007e 13       		.uleb128 0x13
 966 007f 00       		.byte	0
 967 0080 00       		.byte	0
 968 0081 0A       		.uleb128 0xa
 969 0082 34       		.uleb128 0x34
 970 0083 00       		.byte	0
 971 0084 03       		.uleb128 0x3
 972 0085 0E       		.uleb128 0xe
 973 0086 3A       		.uleb128 0x3a
 974 0087 0B       		.uleb128 0xb
 975 0088 3B       		.uleb128 0x3b
 976 0089 0B       		.uleb128 0xb
 977 008a 49       		.uleb128 0x49
 978 008b 13       		.uleb128 0x13
 979 008c 02       		.uleb128 0x2
 980 008d 18       		.uleb128 0x18
 981 008e 00       		.byte	0
 982 008f 00       		.byte	0
 983 0090 0B       		.uleb128 0xb
 984 0091 34       		.uleb128 0x34
 985 0092 00       		.byte	0
 986 0093 03       		.uleb128 0x3
 987 0094 08       		.uleb128 0x8
 988 0095 3A       		.uleb128 0x3a
 989 0096 0B       		.uleb128 0xb
 990 0097 3B       		.uleb128 0x3b
ARM GAS  C:\Users\user\AppData\Local\Temp\ccPQB0mU.s 			page 21


 991 0098 0B       		.uleb128 0xb
 992 0099 49       		.uleb128 0x49
 993 009a 13       		.uleb128 0x13
 994 009b 02       		.uleb128 0x2
 995 009c 17       		.uleb128 0x17
 996 009d 00       		.byte	0
 997 009e 00       		.byte	0
 998 009f 0C       		.uleb128 0xc
 999 00a0 34       		.uleb128 0x34
 1000 00a1 00       		.byte	0
 1001 00a2 03       		.uleb128 0x3
 1002 00a3 0E       		.uleb128 0xe
 1003 00a4 3A       		.uleb128 0x3a
 1004 00a5 0B       		.uleb128 0xb
 1005 00a6 3B       		.uleb128 0x3b
 1006 00a7 0B       		.uleb128 0xb
 1007 00a8 49       		.uleb128 0x49
 1008 00a9 13       		.uleb128 0x13
 1009 00aa 02       		.uleb128 0x2
 1010 00ab 17       		.uleb128 0x17
 1011 00ac 00       		.byte	0
 1012 00ad 00       		.byte	0
 1013 00ae 0D       		.uleb128 0xd
 1014 00af 0B       		.uleb128 0xb
 1015 00b0 01       		.byte	0x1
 1016 00b1 11       		.uleb128 0x11
 1017 00b2 01       		.uleb128 0x1
 1018 00b3 12       		.uleb128 0x12
 1019 00b4 06       		.uleb128 0x6
 1020 00b5 01       		.uleb128 0x1
 1021 00b6 13       		.uleb128 0x13
 1022 00b7 00       		.byte	0
 1023 00b8 00       		.byte	0
 1024 00b9 0E       		.uleb128 0xe
 1025 00ba 898201   		.uleb128 0x4109
 1026 00bd 00       		.byte	0
 1027 00be 11       		.uleb128 0x11
 1028 00bf 01       		.uleb128 0x1
 1029 00c0 31       		.uleb128 0x31
 1030 00c1 13       		.uleb128 0x13
 1031 00c2 00       		.byte	0
 1032 00c3 00       		.byte	0
 1033 00c4 0F       		.uleb128 0xf
 1034 00c5 898201   		.uleb128 0x4109
 1035 00c8 01       		.byte	0x1
 1036 00c9 11       		.uleb128 0x11
 1037 00ca 01       		.uleb128 0x1
 1038 00cb 31       		.uleb128 0x31
 1039 00cc 13       		.uleb128 0x13
 1040 00cd 01       		.uleb128 0x1
 1041 00ce 13       		.uleb128 0x13
 1042 00cf 00       		.byte	0
 1043 00d0 00       		.byte	0
 1044 00d1 10       		.uleb128 0x10
 1045 00d2 8A8201   		.uleb128 0x410a
 1046 00d5 00       		.byte	0
 1047 00d6 02       		.uleb128 0x2
ARM GAS  C:\Users\user\AppData\Local\Temp\ccPQB0mU.s 			page 22


 1048 00d7 18       		.uleb128 0x18
 1049 00d8 9142     		.uleb128 0x2111
 1050 00da 18       		.uleb128 0x18
 1051 00db 00       		.byte	0
 1052 00dc 00       		.byte	0
 1053 00dd 11       		.uleb128 0x11
 1054 00de 01       		.uleb128 0x1
 1055 00df 01       		.byte	0x1
 1056 00e0 49       		.uleb128 0x49
 1057 00e1 13       		.uleb128 0x13
 1058 00e2 01       		.uleb128 0x1
 1059 00e3 13       		.uleb128 0x13
 1060 00e4 00       		.byte	0
 1061 00e5 00       		.byte	0
 1062 00e6 12       		.uleb128 0x12
 1063 00e7 21       		.uleb128 0x21
 1064 00e8 00       		.byte	0
 1065 00e9 49       		.uleb128 0x49
 1066 00ea 13       		.uleb128 0x13
 1067 00eb 2F       		.uleb128 0x2f
 1068 00ec 0B       		.uleb128 0xb
 1069 00ed 00       		.byte	0
 1070 00ee 00       		.byte	0
 1071 00ef 13       		.uleb128 0x13
 1072 00f0 0F       		.uleb128 0xf
 1073 00f1 00       		.byte	0
 1074 00f2 0B       		.uleb128 0xb
 1075 00f3 0B       		.uleb128 0xb
 1076 00f4 49       		.uleb128 0x49
 1077 00f5 13       		.uleb128 0x13
 1078 00f6 00       		.byte	0
 1079 00f7 00       		.byte	0
 1080 00f8 14       		.uleb128 0x14
 1081 00f9 34       		.uleb128 0x34
 1082 00fa 00       		.byte	0
 1083 00fb 03       		.uleb128 0x3
 1084 00fc 0E       		.uleb128 0xe
 1085 00fd 3A       		.uleb128 0x3a
 1086 00fe 0B       		.uleb128 0xb
 1087 00ff 3B       		.uleb128 0x3b
 1088 0100 05       		.uleb128 0x5
 1089 0101 49       		.uleb128 0x49
 1090 0102 13       		.uleb128 0x13
 1091 0103 3F       		.uleb128 0x3f
 1092 0104 19       		.uleb128 0x19
 1093 0105 3C       		.uleb128 0x3c
 1094 0106 19       		.uleb128 0x19
 1095 0107 00       		.byte	0
 1096 0108 00       		.byte	0
 1097 0109 15       		.uleb128 0x15
 1098 010a 34       		.uleb128 0x34
 1099 010b 00       		.byte	0
 1100 010c 03       		.uleb128 0x3
 1101 010d 0E       		.uleb128 0xe
 1102 010e 3A       		.uleb128 0x3a
 1103 010f 0B       		.uleb128 0xb
 1104 0110 3B       		.uleb128 0x3b
ARM GAS  C:\Users\user\AppData\Local\Temp\ccPQB0mU.s 			page 23


 1105 0111 0B       		.uleb128 0xb
 1106 0112 49       		.uleb128 0x49
 1107 0113 13       		.uleb128 0x13
 1108 0114 3F       		.uleb128 0x3f
 1109 0115 19       		.uleb128 0x19
 1110 0116 3C       		.uleb128 0x3c
 1111 0117 19       		.uleb128 0x19
 1112 0118 00       		.byte	0
 1113 0119 00       		.byte	0
 1114 011a 16       		.uleb128 0x16
 1115 011b 2E       		.uleb128 0x2e
 1116 011c 00       		.byte	0
 1117 011d 3F       		.uleb128 0x3f
 1118 011e 19       		.uleb128 0x19
 1119 011f 3C       		.uleb128 0x3c
 1120 0120 19       		.uleb128 0x19
 1121 0121 6E       		.uleb128 0x6e
 1122 0122 0E       		.uleb128 0xe
 1123 0123 03       		.uleb128 0x3
 1124 0124 0E       		.uleb128 0xe
 1125 0125 3A       		.uleb128 0x3a
 1126 0126 0B       		.uleb128 0xb
 1127 0127 3B       		.uleb128 0x3b
 1128 0128 0B       		.uleb128 0xb
 1129 0129 00       		.byte	0
 1130 012a 00       		.byte	0
 1131 012b 00       		.byte	0
 1132              		.section	.debug_loc,"",%progbits
 1133              	.Ldebug_loc0:
 1134              	.LLST0:
 1135 0000 BC000000 		.4byte	.LVL20
 1136 0004 DC000000 		.4byte	.LVL21
 1137 0008 0300     		.2byte	0x3
 1138 000a 91       		.byte	0x91
 1139 000b 48       		.sleb128 -56
 1140 000c 9F       		.byte	0x9f
 1141 000d DC000000 		.4byte	.LVL21
 1142 0011 FC000000 		.4byte	.LVL22
 1143 0015 0300     		.2byte	0x3
 1144 0017 91       		.byte	0x91
 1145 0018 44       		.sleb128 -60
 1146 0019 9F       		.byte	0x9f
 1147 001a FC000000 		.4byte	.LVL22
 1148 001e 1C010000 		.4byte	.LVL23
 1149 0022 0300     		.2byte	0x3
 1150 0024 91       		.byte	0x91
 1151 0025 40       		.sleb128 -64
 1152 0026 9F       		.byte	0x9f
 1153 0027 1C010000 		.4byte	.LVL23
 1154 002b 3C010000 		.4byte	.LVL24
 1155 002f 0400     		.2byte	0x4
 1156 0031 91       		.byte	0x91
 1157 0032 BC7F     		.sleb128 -68
 1158 0034 9F       		.byte	0x9f
 1159 0035 3C010000 		.4byte	.LVL24
 1160 0039 5C010000 		.4byte	.LVL25
 1161 003d 0400     		.2byte	0x4
ARM GAS  C:\Users\user\AppData\Local\Temp\ccPQB0mU.s 			page 24


 1162 003f 91       		.byte	0x91
 1163 0040 B87F     		.sleb128 -72
 1164 0042 9F       		.byte	0x9f
 1165 0043 5C010000 		.4byte	.LVL25
 1166 0047 7C010000 		.4byte	.LVL26
 1167 004b 0400     		.2byte	0x4
 1168 004d 91       		.byte	0x91
 1169 004e B47F     		.sleb128 -76
 1170 0050 9F       		.byte	0x9f
 1171 0051 7C010000 		.4byte	.LVL26
 1172 0055 9C010000 		.4byte	.LVL27
 1173 0059 0400     		.2byte	0x4
 1174 005b 91       		.byte	0x91
 1175 005c B07F     		.sleb128 -80
 1176 005e 9F       		.byte	0x9f
 1177 005f 9C010000 		.4byte	.LVL27
 1178 0063 4C020000 		.4byte	.LFE63
 1179 0067 0400     		.2byte	0x4
 1180 0069 91       		.byte	0x91
 1181 006a AC7F     		.sleb128 -84
 1182 006c 9F       		.byte	0x9f
 1183 006d 00000000 		.4byte	0
 1184 0071 00000000 		.4byte	0
 1185              	.LLST1:
 1186 0075 5C000000 		.4byte	.LVL9
 1187 0079 5E000000 		.4byte	.LVL10
 1188 007d 0100     		.2byte	0x1
 1189 007f 50       		.byte	0x50
 1190 0080 5E000000 		.4byte	.LVL10
 1191 0084 7A000000 		.4byte	.LVL16
 1192 0088 0100     		.2byte	0x1
 1193 008a 54       		.byte	0x54
 1194 008b 7C000000 		.4byte	.LVL17
 1195 008f 7E000000 		.4byte	.LVL18
 1196 0093 0100     		.2byte	0x1
 1197 0095 54       		.byte	0x54
 1198 0096 00000000 		.4byte	0
 1199 009a 00000000 		.4byte	0
 1200              	.LLST2:
 1201 009e 74000000 		.4byte	.LVL15
 1202 00a2 81000000 		.4byte	.LVL19-1
 1203 00a6 0100     		.2byte	0x1
 1204 00a8 50       		.byte	0x50
 1205 00a9 00000000 		.4byte	0
 1206 00ad 00000000 		.4byte	0
 1207              	.LLST3:
 1208 00b1 7E000000 		.4byte	.LVL18
 1209 00b5 CA010000 		.4byte	.LVL29
 1210 00b9 0100     		.2byte	0x1
 1211 00bb 54       		.byte	0x54
 1212 00bc 00000000 		.4byte	0
 1213 00c0 00000000 		.4byte	0
 1214              	.LLST4:
 1215 00c4 82000000 		.4byte	.LVL19
 1216 00c8 BB000000 		.4byte	.LVL20-1
 1217 00cc 0100     		.2byte	0x1
 1218 00ce 50       		.byte	0x50
ARM GAS  C:\Users\user\AppData\Local\Temp\ccPQB0mU.s 			page 25


 1219 00cf 00000000 		.4byte	0
 1220 00d3 00000000 		.4byte	0
 1221              	.LLST5:
 1222 00d7 BC010000 		.4byte	.LVL28
 1223 00db E0010000 		.4byte	.LVL30
 1224 00df 0100     		.2byte	0x1
 1225 00e1 54       		.byte	0x54
 1226 00e2 00000000 		.4byte	0
 1227 00e6 00000000 		.4byte	0
 1228              		.section	.debug_aranges,"",%progbits
 1229 0000 1C000000 		.4byte	0x1c
 1230 0004 0200     		.2byte	0x2
 1231 0006 00000000 		.4byte	.Ldebug_info0
 1232 000a 04       		.byte	0x4
 1233 000b 00       		.byte	0
 1234 000c 0000     		.2byte	0
 1235 000e 0000     		.2byte	0
 1236 0010 00000000 		.4byte	.LFB63
 1237 0014 4C020000 		.4byte	.LFE63-.LFB63
 1238 0018 00000000 		.4byte	0
 1239 001c 00000000 		.4byte	0
 1240              		.section	.debug_ranges,"",%progbits
 1241              	.Ldebug_ranges0:
 1242 0000 00000000 		.4byte	.LFB63
 1243 0004 4C020000 		.4byte	.LFE63
 1244 0008 00000000 		.4byte	0
 1245 000c 00000000 		.4byte	0
 1246              		.section	.debug_line,"",%progbits
 1247              	.Ldebug_line0:
 1248 0000 2B020000 		.section	.debug_str,"MS",%progbits,1
 1248      02008901 
 1248      00000201 
 1248      FB0E0D00 
 1248      01010101 
 1249              	.LASF16:
 1250 0000 6C6F6E67 		.ascii	"long double\000"
 1250      20646F75 
 1250      626C6500 
 1251              	.LASF59:
 1252 000c 70696E5F 		.ascii	"pin_flag_Write\000"
 1252      666C6167 
 1252      5F577269 
 1252      746500
 1253              	.LASF62:
 1254 001b 43794578 		.ascii	"CyExitCriticalSection\000"
 1254      69744372 
 1254      69746963 
 1254      616C5365 
 1254      6374696F 
 1255              	.LASF61:
 1256 0031 4379456E 		.ascii	"CyEnterCriticalSection\000"
 1256      74657243 
 1256      72697469 
 1256      63616C53 
 1256      65637469 
 1257              	.LASF2:
 1258 0048 73686F72 		.ascii	"short int\000"
ARM GAS  C:\Users\user\AppData\Local\Temp\ccPQB0mU.s 			page 26


 1258      7420696E 
 1258      7400
 1259              	.LASF47:
 1260 0052 6374726C 		.ascii	"ctrl_telem_ready\000"
 1260      5F74656C 
 1260      656D5F72 
 1260      65616479 
 1260      00
 1261              	.LASF17:
 1262 0063 73697A65 		.ascii	"sizetype\000"
 1262      74797065 
 1262      00
 1263              	.LASF37:
 1264 006c 55415254 		.ascii	"UARTP_SysMode\000"
 1264      505F5379 
 1264      734D6F64 
 1264      6500
 1265              	.LASF34:
 1266 007a 656C6170 		.ascii	"elapsed_with_flag\000"
 1266      7365645F 
 1266      77697468 
 1266      5F666C61 
 1266      6700
 1267              	.LASF32:
 1268 008c 656C6170 		.ascii	"elapsed\000"
 1268      73656400 
 1269              	.LASF19:
 1270 0094 55415254 		.ascii	"UARTP_SYS_CONTROL\000"
 1270      505F5359 
 1270      535F434F 
 1270      4E54524F 
 1270      4C00
 1271              	.LASF30:
 1272 00a6 6361705F 		.ascii	"cap_before\000"
 1272      6265666F 
 1272      726500
 1273              	.LASF21:
 1274 00b1 6672616D 		.ascii	"frame\000"
 1274      6500
 1275              	.LASF20:
 1276 00b7 75617274 		.ascii	"uartp_sys_mode_t\000"
 1276      705F7379 
 1276      735F6D6F 
 1276      64655F74 
 1276      00
 1277              	.LASF39:
 1278 00c8 6374726C 		.ascii	"ctrl_telem_u1\000"
 1278      5F74656C 
 1278      656D5F75 
 1278      3100
 1279              	.LASF60:
 1280 00d6 6374726C 		.ascii	"ctrl_step\000"
 1280      5F737465 
 1280      7000
 1281              	.LASF36:
 1282 00e0 675F666C 		.ascii	"g_flag_control\000"
 1282      61675F63 
ARM GAS  C:\Users\user\AppData\Local\Temp\ccPQB0mU.s 			page 27


 1282      6F6E7472 
 1282      6F6C00
 1283              	.LASF48:
 1284 00ef 6374726C 		.ascii	"ctrl_period_pending\000"
 1284      5F706572 
 1284      696F645F 
 1284      70656E64 
 1284      696E6700 
 1285              	.LASF13:
 1286 0103 666C6F61 		.ascii	"float\000"
 1286      7400
 1287              	.LASF6:
 1288 0109 6C6F6E67 		.ascii	"long long int\000"
 1288      206C6F6E 
 1288      6720696E 
 1288      7400
 1289              	.LASF63:
 1290 0117 55415254 		.ascii	"UART_1_PutArray\000"
 1290      5F315F50 
 1290      75744172 
 1290      72617900 
 1291              	.LASF5:
 1292 0127 6C6F6E67 		.ascii	"long unsigned int\000"
 1292      20756E73 
 1292      69676E65 
 1292      6420696E 
 1292      7400
 1293              	.LASF54:
 1294 0139 54696D65 		.ascii	"Timer_1_WritePeriod\000"
 1294      725F315F 
 1294      57726974 
 1294      65506572 
 1294      696F6400 
 1295              	.LASF68:
 1296 014d 443A5C50 		.ascii	"D:\\PSoc\\Auto\\TPF\\TPF_PenduloInvertido\\4 - Pend"
 1296      536F635C 
 1296      4175746F 
 1296      5C545046 
 1296      5C545046 
 1297 017b 756C6F2E 		.ascii	"ulo.cydsn\000"
 1297      63796473 
 1297      6E00
 1298              	.LASF56:
 1299 0185 55415254 		.ascii	"UARTP_ProcessCommand\000"
 1299      505F5072 
 1299      6F636573 
 1299      73436F6D 
 1299      6D616E64 
 1300              	.LASF50:
 1301 019a 6374726C 		.ascii	"ctrl_init\000"
 1301      5F696E69 
 1301      7400
 1302              	.LASF1:
 1303 01a4 756E7369 		.ascii	"unsigned char\000"
 1303      676E6564 
 1303      20636861 
 1303      7200
ARM GAS  C:\Users\user\AppData\Local\Temp\ccPQB0mU.s 			page 28


 1304              	.LASF49:
 1305 01b2 6374726C 		.ascii	"ctrl_period_ticks\000"
 1305      5F706572 
 1305      696F645F 
 1305      7469636B 
 1305      7300
 1306              	.LASF26:
 1307 01c4 745F7831 		.ascii	"t_x1i\000"
 1307      6900
 1308              	.LASF52:
 1309 01ca 55415254 		.ascii	"UARTP_Init\000"
 1309      505F496E 
 1309      697400
 1310              	.LASF28:
 1311 01d5 745F7831 		.ascii	"t_x1o\000"
 1311      6F00
 1312              	.LASF45:
 1313 01db 6374726C 		.ascii	"ctrl_telem_x1o\000"
 1313      5F74656C 
 1313      656D5F78 
 1313      316F00
 1314              	.LASF0:
 1315 01ea 7369676E 		.ascii	"signed char\000"
 1315      65642063 
 1315      68617200 
 1316              	.LASF7:
 1317 01f6 6C6F6E67 		.ascii	"long long unsigned int\000"
 1317      206C6F6E 
 1317      6720756E 
 1317      7369676E 
 1317      65642069 
 1318              	.LASF58:
 1319 020d 54696D65 		.ascii	"Timer_1_ReadCapture\000"
 1319      725F315F 
 1319      52656164 
 1319      43617074 
 1319      75726500 
 1320              	.LASF8:
 1321 0221 756E7369 		.ascii	"unsigned int\000"
 1321      676E6564 
 1321      20696E74 
 1321      00
 1322              	.LASF31:
 1323 022e 6361705F 		.ascii	"cap_after\000"
 1323      61667465 
 1323      7200
 1324              	.LASF64:
 1325 0238 4D6F746F 		.ascii	"Motor_Free\000"
 1325      725F4672 
 1325      656500
 1326              	.LASF3:
 1327 0243 73686F72 		.ascii	"short unsigned int\000"
 1327      7420756E 
 1327      7369676E 
 1327      65642069 
 1327      6E7400
 1328              	.LASF15:
ARM GAS  C:\Users\user\AppData\Local\Temp\ccPQB0mU.s 			page 29


 1329 0256 63686172 		.ascii	"char\000"
 1329      00
 1330              	.LASF4:
 1331 025b 6C6F6E67 		.ascii	"long int\000"
 1331      20696E74 
 1331      00
 1332              	.LASF69:
 1333 0264 6D61696E 		.ascii	"main\000"
 1333      00
 1334              	.LASF10:
 1335 0269 696E7433 		.ascii	"int32_t\000"
 1335      325F7400 
 1336              	.LASF38:
 1337 0271 6374726C 		.ascii	"ctrl_stall_flag\000"
 1337      5F737461 
 1337      6C6C5F66 
 1337      6C616700 
 1338              	.LASF24:
 1339 0281 745F7531 		.ascii	"t_u1\000"
 1339      00
 1340              	.LASF25:
 1341 0286 745F7532 		.ascii	"t_u2\000"
 1341      00
 1342              	.LASF11:
 1343 028b 75696E74 		.ascii	"uint8\000"
 1343      3800
 1344              	.LASF18:
 1345 0291 55415254 		.ascii	"UARTP_SYS_COMMAND\000"
 1345      505F5359 
 1345      535F434F 
 1345      4D4D414E 
 1345      4400
 1346              	.LASF55:
 1347 02a3 54696D65 		.ascii	"Timer_1_Start\000"
 1347      725F315F 
 1347      53746172 
 1347      7400
 1348              	.LASF27:
 1349 02b1 745F7832 		.ascii	"t_x2i\000"
 1349      6900
 1350              	.LASF22:
 1351 02b7 745F7931 		.ascii	"t_y1\000"
 1351      00
 1352              	.LASF23:
 1353 02bc 745F7932 		.ascii	"t_y2\000"
 1353      00
 1354              	.LASF67:
 1355 02c1 6D61696E 		.ascii	"main.c\000"
 1355      2E6300
 1356              	.LASF57:
 1357 02c8 54696D65 		.ascii	"Timer_1_SoftwareCapture\000"
 1357      725F315F 
 1357      536F6674 
 1357      77617265 
 1357      43617074 
 1358              	.LASF44:
 1359 02e0 6374726C 		.ascii	"ctrl_telem_x2i\000"
ARM GAS  C:\Users\user\AppData\Local\Temp\ccPQB0mU.s 			page 30


 1359      5F74656C 
 1359      656D5F78 
 1359      326900
 1360              	.LASF29:
 1361 02ef 745F7832 		.ascii	"t_x2o\000"
 1361      6F00
 1362              	.LASF12:
 1363 02f5 75696E74 		.ascii	"uint32\000"
 1363      333200
 1364              	.LASF46:
 1365 02fc 6374726C 		.ascii	"ctrl_telem_x2o\000"
 1365      5F74656C 
 1365      656D5F78 
 1365      326F00
 1366              	.LASF53:
 1367 030b 54696D65 		.ascii	"Timer_1_Stop\000"
 1367      725F315F 
 1367      53746F70 
 1367      00
 1368              	.LASF9:
 1369 0318 5F5F696E 		.ascii	"__int32_t\000"
 1369      7433325F 
 1369      7400
 1370              	.LASF41:
 1371 0322 6374726C 		.ascii	"ctrl_telem_u2\000"
 1371      5F74656C 
 1371      656D5F75 
 1371      3200
 1372              	.LASF33:
 1373 0330 696E7472 		.ascii	"intr\000"
 1373      00
 1374              	.LASF40:
 1375 0335 6374726C 		.ascii	"ctrl_telem_y1\000"
 1375      5F74656C 
 1375      656D5F79 
 1375      3100
 1376              	.LASF42:
 1377 0343 6374726C 		.ascii	"ctrl_telem_y2\000"
 1377      5F74656C 
 1377      656D5F79 
 1377      3200
 1378              	.LASF14:
 1379 0351 646F7562 		.ascii	"double\000"
 1379      6C6500
 1380              	.LASF43:
 1381 0358 6374726C 		.ascii	"ctrl_telem_x1i\000"
 1381      5F74656C 
 1381      656D5F78 
 1381      316900
 1382              	.LASF65:
 1383 0367 6374726C 		.ascii	"ctrl_stop\000"
 1383      5F73746F 
 1383      7000
 1384              	.LASF35:
 1385 0371 49544D5F 		.ascii	"ITM_RxBuffer\000"
 1385      52784275 
 1385      66666572 
ARM GAS  C:\Users\user\AppData\Local\Temp\ccPQB0mU.s 			page 31


 1385      00
 1386              	.LASF66:
 1387 037e 474E5520 		.ascii	"GNU C11 5.4.1 20160609 (release) [ARM/embedded-5-br"
 1387      43313120 
 1387      352E342E 
 1387      31203230 
 1387      31363036 
 1388 03b1 616E6368 		.ascii	"anch revision 237715] -mcpu=cortex-m3 -mthumb -g -O"
 1388      20726576 
 1388      6973696F 
 1388      6E203233 
 1388      37373135 
 1389 03e4 67202D66 		.ascii	"g -ffunction-sections -ffat-lto-objects\000"
 1389      66756E63 
 1389      74696F6E 
 1389      2D736563 
 1389      74696F6E 
 1390              	.LASF51:
 1391 040c 70656E64 		.ascii	"pendulo_init\000"
 1391      756C6F5F 
 1391      696E6974 
 1391      00
 1392              		.ident	"GCC: (GNU Tools for ARM Embedded Processors) 5.4.1 20160609 (release) [ARM/embedded-5-bran
