Archive member included to satisfy reference by file (symbol)

.\CortexM3\ARM_GCC_541\Debug\Ajuste de Curva.a(Timer_1.o)
                              .\CortexM3\ARM_GCC_541\Debug\main.o (Timer_1_ReadStatusRegister)
.\CortexM3\ARM_GCC_541\Debug\Ajuste de Curva.a(QuadDec_1.o)
                              .\CortexM3\ARM_GCC_541\Debug\main.o (QuadDec_1_GetCounter)
.\CortexM3\ARM_GCC_541\Debug\Ajuste de Curva.a(QuadDec_1_INT.o)
                              .\CortexM3\ARM_GCC_541\Debug\Ajuste de Curva.a(QuadDec_1.o) (QuadDec_1_ISR)
.\CortexM3\ARM_GCC_541\Debug\Ajuste de Curva.a(isr_1.o)
                              .\CortexM3\ARM_GCC_541\Debug\main.o (isr_1_StartEx)
.\CortexM3\ARM_GCC_541\Debug\Ajuste de Curva.a(QuadDec_1_Cnt16.o)
                              .\CortexM3\ARM_GCC_541\Debug\Ajuste de Curva.a(QuadDec_1.o) (QuadDec_1_Cnt16_Stop)
.\CortexM3\ARM_GCC_541\Debug\Ajuste de Curva.a(CyLib.o)
                              .\CortexM3\ARM_GCC_541\Debug\Cm3Start.o (CyHalt)
.\CortexM3\ARM_GCC_541\Debug\Ajuste de Curva.a(cyPm.o)
                              .\CortexM3\ARM_GCC_541\Debug\Ajuste de Curva.a(CyLib.o) (CyPmReadStatus)
.\CortexM3\ARM_GCC_541\Debug\Ajuste de Curva.a(cyutils.o)
                              .\CortexM3\ARM_GCC_541\Debug\Ajuste de Curva.a(Timer_1.o) (CySetReg24)
.\CortexM3\ARM_GCC_541\Debug\Ajuste de Curva.a(PWM_Motor.o)
                              .\CortexM3\ARM_GCC_541\Debug\main.o (PWM_Motor_WriteCompare)
.\CortexM3\ARM_GCC_541\Debug\Ajuste de Curva.a(Pin_IN1.o)
                              .\CortexM3\ARM_GCC_541\Debug\main.o (Pin_IN1_Write)
.\CortexM3\ARM_GCC_541\Debug\Ajuste de Curva.a(Pin_IN2.o)
                              .\CortexM3\ARM_GCC_541\Debug\main.o (Pin_IN2_Write)
.\CortexM3\ARM_GCC_541\Debug\Ajuste de Curva.a(UART_1.o)
                              .\CortexM3\ARM_GCC_541\Debug\main.o (UART_1_Start)
.\CortexM3\ARM_GCC_541\Debug\Ajuste de Curva.a(UART_1_IntClock.o)
                              .\CortexM3\ARM_GCC_541\Debug\Ajuste de Curva.a(UART_1.o) (UART_1_IntClock_Start)
.\CortexM3\ARM_GCC_541\Debug\Ajuste de Curva.a(CyBootAsmGnu.o)
                              .\CortexM3\ARM_GCC_541\Debug\cyfitter_cfg.o (CyDelayCycles)
.\CortexM3\ARM_GCC_541\Debug\Ajuste de Curva.a(CyFlash.o)
                              .\CortexM3\ARM_GCC_541\Debug\Ajuste de Curva.a(cyPm.o) (CyFlash_SetWaitCycles)
.\CortexM3\ARM_GCC_541\Debug\Ajuste de Curva.a(CySpc.o)
                              .\CortexM3\ARM_GCC_541\Debug\Ajuste de Curva.a(CyFlash.o) (CySpcStart)
d:/psoc/psoc creator/4.4/psoc creator/import/gnu/arm/5.4.1/bin/../lib/gcc/arm-none-eabi/5.4.1/armv7-m\libgcc.a(_arm_truncdfsf2.o)
                              .\CortexM3\ARM_GCC_541\Debug\main.o (__aeabi_d2f)
d:/psoc/psoc creator/4.4/psoc creator/import/gnu/arm/5.4.1/bin/../lib/gcc/arm-none-eabi/5.4.1/armv7-m\libgcc.a(_arm_addsubsf3.o)
                              .\CortexM3\ARM_GCC_541\Debug\main.o (__aeabi_fsub)
d:/psoc/psoc creator/4.4/psoc creator/import/gnu/arm/5.4.1/bin/../lib/gcc/arm-none-eabi/5.4.1/armv7-m\libgcc.a(_arm_muldivsf3.o)
                              .\CortexM3\ARM_GCC_541\Debug\main.o (__aeabi_fmul)
d:/psoc/psoc creator/4.4/psoc creator/import/gnu/arm/5.4.1/bin/../lib/gcc/arm-none-eabi/5.4.1/armv7-m\libgcc.a(_arm_fixsfsi.o)
                              .\CortexM3\ARM_GCC_541\Debug\main.o (__aeabi_f2iz)
d:/psoc/psoc creator/4.4/psoc creator/import/gnu/arm/5.4.1/bin/../lib/gcc/arm-none-eabi/5.4.1/../../../../arm-none-eabi/lib/armv7-m\libg_nano.a(lib_a-atof.o)
                              .\CortexM3\ARM_GCC_541\Debug\main.o (atof)
d:/psoc/psoc creator/4.4/psoc creator/import/gnu/arm/5.4.1/bin/../lib/gcc/arm-none-eabi/5.4.1/../../../../arm-none-eabi/lib/armv7-m\libg_nano.a(lib_a-errno.o)
                              .\CortexM3\ARM_GCC_541\Debug\Cm3Start.o (__errno)
d:/psoc/psoc creator/4.4/psoc creator/import/gnu/arm/5.4.1/bin/../lib/gcc/arm-none-eabi/5.4.1/../../../../arm-none-eabi/lib/armv7-m\libg_nano.a(lib_a-exit.o)
                              d:/psoc/psoc creator/4.4/psoc creator/import/gnu/arm/5.4.1/bin/../lib/gcc/arm-none-eabi/5.4.1/../../../../arm-none-eabi/lib/armv7-m/crt0.o (exit)
d:/psoc/psoc creator/4.4/psoc creator/import/gnu/arm/5.4.1/bin/../lib/gcc/arm-none-eabi/5.4.1/../../../../arm-none-eabi/lib/armv7-m\libg_nano.a(lib_a-impure.o)
                              d:/psoc/psoc creator/4.4/psoc creator/import/gnu/arm/5.4.1/bin/../lib/gcc/arm-none-eabi/5.4.1/../../../../arm-none-eabi/lib/armv7-m\libg_nano.a(lib_a-exit.o) (_global_impure_ptr)
d:/psoc/psoc creator/4.4/psoc creator/import/gnu/arm/5.4.1/bin/../lib/gcc/arm-none-eabi/5.4.1/../../../../arm-none-eabi/lib/armv7-m\libg_nano.a(lib_a-init.o)
                              d:/psoc/psoc creator/4.4/psoc creator/import/gnu/arm/5.4.1/bin/../lib/gcc/arm-none-eabi/5.4.1/../../../../arm-none-eabi/lib/armv7-m/crt0.o (__libc_init_array)
[...]
Memory Configuration

Name             Origin             Length             Attributes
rom              0x00000000         0x00040000         xr
ram              0x1fff8000         0x00010000         xrw
*default*        0x00000000         0xffffffff

Linker script and memory map

LOAD d:/psoc/psoc creator/4.4/psoc creator/import/gnu/arm/5.4.1/bin/../lib/gcc/arm-none-eabi/5.4.1/armv7-m/crti.o
LOAD d:/psoc/psoc creator/4.4/psoc creator/import/gnu/arm/5.4.1/bin/../lib/gcc/arm-none-eabi/5.4.1/armv7-m/crtbegin.o
LOAD d:/psoc/psoc creator/4.4/psoc creator/import/gnu/arm/5.4.1/bin/../lib/gcc/arm-none-eabi/5.4.1/../../../../arm-none-eabi/lib/armv7-m/crt0.o
START GROUP
LOAD .\CortexM3\ARM_GCC_541\Debug\main.o
LOAD .\CortexM3\ARM_GCC_541\Debug\cyfitter_cfg.o
LOAD .\CortexM3\ARM_GCC_541\Debug\cymetadata.o
LOAD .\CortexM3\ARM_GCC_541\Debug\Cm3Start.o
LOAD .\CortexM3\ARM_GCC_541\Debug\Ajuste de Curva.a
LOAD D:\PSoc\PSoC Creator\4.4\PSoC Creator\psoc\content\cycomponentlibrary\CyComponentLibrary.cylib\CortexM3\ARM_GCC_541\Debug\CyComponentLibrary.a
LOAD d:/psoc/psoc creator/4.4/psoc creator/import/gnu/arm/5.4.1/bin/../lib/gcc/arm-none-eabi/5.4.1/../../../../arm-none-eabi/lib/armv7-m\libm.a
END GROUP
START GROUP
LOAD d:/psoc/psoc creator/4.4/psoc creator/import/gnu/arm/5.4.1/bin/../lib/gcc/arm-none-eabi/5.4.1/armv7-m\libgcc.a
LOAD d:/psoc/psoc creator/4.4/psoc creator/import/gnu/arm/5.4.1/bin/../lib/gcc/arm-none-eabi/5.4.1/../../../../arm-none-eabi/lib/armv7-m\libg_nano.a
LOAD d:/psoc/psoc creator/4.4/psoc creator/import/gnu/arm/5.4.1/bin/../lib/gcc/arm-none-eabi/5.4.1/../../../../arm-none-eabi/lib/armv7-m\libc_nano.a
END GROUP
START GROUP
LOAD d:/psoc/psoc creator/4.4/psoc creator/import/gnu/arm/5.4.1/bin/../lib/gcc/arm-none-eabi/5.4.1/armv7-m\libgcc.a
LOAD d:/psoc/psoc creator/4.4/psoc creator/import/gnu/arm/5.4.1/bin/../lib/gcc/arm-none-eabi/5.4.1/../../../../arm-none-eabi/lib/armv7-m\libc_nano.a
END GROUP
LOAD d:/psoc/psoc creator/4.4/psoc creator/import/gnu/arm/5.4.1/bin/../lib/gcc/arm-none-eabi/5.4.1/armv7-m/crtend.o
LOAD d:/psoc/psoc creator/4.4/psoc creator/import/gnu/arm/5.4.1/bin/../lib/gcc/arm-none-eabi/5.4.1/armv7-m/crtn.o
START GROUP
LOAD d:/psoc/psoc creator/4.4/psoc creator/import/gnu/arm/5.4.1/bin/../lib/gcc/arm-none-eabi/5.4.1/armv7-m\libgcc.a
LOAD d:/psoc/psoc creator/4.4/psoc creator/import/gnu/arm/5.4.1/bin/../lib/gcc/arm-none-eabi/5.4.1/../../../../arm-none-eabi/lib/armv7-m\libc.a
LOAD d:/psoc/psoc creator/4.4/psoc creator/import/gnu/arm/5.4.1/bin/../lib/gcc/arm-none-eabi/5.4.1/../../../../arm-none-eabi/lib/armv7-m\libnosys.a
END GROUP
                0x00000000                CY_APPL_ORIGIN = 0x0
                0x00000100                CY_FLASH_ROW_SIZE = 0x100
                0x00000020                CY_ECC_ROW_SIZE = 0x20
                0x00000000                CY_EE_IN_BTLDR = 0x0
                0x00000000                CY_APPL_LOADABLE = 0x0
                0x00000800                CY_EE_SIZE = 0x800
                0x00000001                CY_APPL_NUM = 0x1
                0x00000001                CY_APPL_MAX = 0x1
                0x00000040                CY_METADATA_SIZE = 0x40
                0x00000000                CY_APPL_LOADABLE = 0x0
                0x00000000                CY_CHECKSUM_EXCLUDE_SIZE = ALIGN (0x0, CY_FLASH_ROW_SIZE)
                [!provide]                PROVIDE (__cy_heap_start, _end)
                0x00000001                PROVIDE (__cy_region_num, ((__cy_regions_end - __cy_regions) / 0x10))
                0x20008000                PROVIDE (__cy_stack, (ORIGIN (ram) + LENGTH (ram)))
                [!provide]                PROVIDE (__cy_heap_end, (__cy_stack - 0x800))

.cybootloader   0x00000000        0x0
 *(.cybootloader)
                0x00000000                appl1_start = CY_APPL_ORIGIN?CY_APPL_ORIGIN:ALIGN (CY_FLASH_ROW_SIZE)
                0x0001ff00                appl2_start = (appl1_start + ALIGN ((((LENGTH (rom) - appl1_start) - (0x2 * CY_FLASH_ROW_SIZE)) / 0x2), CY_FLASH_ROW_SIZE))
                0x00000000                appl_start = (CY_APPL_NUM == 0x1)?appl1_start:appl2_start
                0x00000000                ecc_offset = ((appl_start / CY_FLASH_ROW_SIZE) * CY_ECC_ROW_SIZE)
                0x00000000                ee_offset = (CY_APPL_LOADABLE && ! (CY_EE_IN_BTLDR))?((CY_EE_SIZE / CY_APPL_MAX) * (CY_APPL_NUM - 0x1)):0x0
                0x00000800                ee_size = (CY_APPL_LOADABLE && ! (CY_EE_IN_BTLDR))?(CY_EE_SIZE / CY_APPL_MAX):CY_EE_SIZE
                [!provide]                PROVIDE (CY_ECC_OFFSET, ecc_offset)

.text           0x00000000     0x3ecc
 CREATE_OBJECT_SYMBOLS
                0x00000000                PROVIDE (__cy_interrupt_vector, RomVectors)
 *(.romvectors)
 .romvectors    0x00000000       0x10 .\CortexM3\ARM_GCC_541\Debug\Cm3Start.o
                0x00000000                RomVectors
                0x00000001                ASSERT ((. != __cy_interrupt_vector), No interrupt vector)
                0x00000001                ASSERT (CY_APPL_ORIGIN?(SIZEOF (.cybootloader) <= CY_APPL_ORIGIN):0x1, Wrong image location)
                0x00000010                PROVIDE (__cy_reset, Reset)
 *(.text.Reset)
 .text.Reset    0x00000010       0x18 .\CortexM3\ARM_GCC_541\Debug\Cm3Start.o
                0x00000010                Reset
                0x00000001                ASSERT ((. != __cy_reset), No reset code)
 *(.dma_init)
                0x00000001                ASSERT ((((appl_start + .) <= 0x10000) || 0x1), DMA Init must be within the first 64k of flash)
 *(.text .text.* .gnu.linkonce.t.*)
 .text          0x00000028       0x5c d:/psoc/psoc creator/4.4/psoc creator/import/gnu/arm/5.4.1/bin/../lib/gcc/arm-none-eabi/5.4.1/armv7-m/crtbegin.o
 .text.Motor_Speed_ISR
                0x00000084       0x34 .\CortexM3\ARM_GCC_541\Debug\main.o
                0x00000084                Motor_Speed_ISR
 .text.RPM_Estimado
                0x000000b8       0x54 .\CortexM3\ARM_GCC_541\Debug\main.o
                0x000000b8                RPM_Estimado
 .text.PWM_Desde_Voltaje
                0x0000010c       0x68 .\CortexM3\ARM_GCC_541\Debug\main.o
                0x0000010c                PWM_Desde_Voltaje
 .text.Motor_Control
                0x00000174       0x60 .\CortexM3\ARM_GCC_541\Debug\main.o
                0x00000174                Motor_Control
 .text.main     0x000001d4      0x11c .\CortexM3\ARM_GCC_541\Debug\main.o
                0x000001d4                main
 .text.CyClockStartupError
                0x000002f0        0x4 .\CortexM3\ARM_GCC_541\Debug\cyfitter_cfg.o
 .text.cfg_write_bytes32
                0x000002f4       0x34 .\CortexM3\ARM_GCC_541\Debug\cyfitter_cfg.o
 .text.AnalogSetDefault
                0x00000328       0x28 .\CortexM3\ARM_GCC_541\Debug\cyfitter_cfg.o
 .text.CYMEMZERO
                0x00000350        0xc .\CortexM3\ARM_GCC_541\Debug\cyfitter_cfg.o
 .text.ClockSetup
                0x0000035c       0xc4 .\CortexM3\ARM_GCC_541\Debug\cyfitter_cfg.o
 .text.CYCONFIGCPY
                0x00000420        0x8 .\CortexM3\ARM_GCC_541\Debug\cyfitter_cfg.o
 .text.cyfitter_cfg
                0x00000428      0x140 .\CortexM3\ARM_GCC_541\Debug\cyfitter_cfg.o
                0x00000428                cyfitter_cfg
 .text.IntDefaultHandler
                0x00000568       0x10 .\CortexM3\ARM_GCC_541\Debug\Cm3Start.o
                0x00000568                IntDefaultHandler
 .text._sbrk    0x00000578       0x30 .\CortexM3\ARM_GCC_541\Debug\Cm3Start.o
                0x00000578                _sbrk
 .text.Start_c  0x000005a8       0x4c .\CortexM3\ARM_GCC_541\Debug\Cm3Start.o
                0x000005a8                Start_c
 .text.initialize_psoc
                0x000005f4       0x68 .\CortexM3\ARM_GCC_541\Debug\Cm3Start.o
                0x000005f4                initialize_psoc
 .text.Timer_1_Enable
                0x0000065c       0x10 .\CortexM3\ARM_GCC_541\Debug\Ajuste de Curva.a(Timer_1.o)
                0x0000065c                Timer_1_Enable
 .text.Timer_1_SetInterruptMode
                0x0000066c        0xc .\CortexM3\ARM_GCC_541\Debug\Ajuste de Curva.a(Timer_1.o)
                0x0000066c                Timer_1_SetInterruptMode
 .text.Timer_1_ReadStatusRegister
                0x00000678        0xc .\CortexM3\ARM_GCC_541\Debug\Ajuste de Curva.a(Timer_1.o)
                0x00000678                Timer_1_ReadStatusRegister
 .text.Timer_1_WritePeriod
                0x00000684       0x10 .\CortexM3\ARM_GCC_541\Debug\Ajuste de Curva.a(Timer_1.o)
                0x00000684                Timer_1_WritePeriod
 .text.Timer_1_ReadCapture
                0x00000694       0x10 .\CortexM3\ARM_GCC_541\Debug\Ajuste de Curva.a(Timer_1.o)
                0x00000694                Timer_1_ReadCapture
 .text.Timer_1_WriteCounter
                0x000006a4       0x10 .\CortexM3\ARM_GCC_541\Debug\Ajuste de Curva.a(Timer_1.o)
                0x000006a4                Timer_1_WriteCounter
 .text.Timer_1_ClearFIFO
                0x000006b4       0x14 .\CortexM3\ARM_GCC_541\Debug\Ajuste de Curva.a(Timer_1.o)
                0x000006b4                Timer_1_ClearFIFO
 .text.Timer_1_Init
                0x000006c8       0x38 .\CortexM3\ARM_GCC_541\Debug\Ajuste de Curva.a(Timer_1.o)
                0x000006c8                Timer_1_Init
 .text.Timer_1_Start
                0x00000700       0x1c .\CortexM3\ARM_GCC_541\Debug\Ajuste de Curva.a(Timer_1.o)
                0x00000700                Timer_1_Start
 .text.QuadDec_1_Init
                0x0000071c       0x24 .\CortexM3\ARM_GCC_541\Debug\Ajuste de Curva.a(QuadDec_1.o)
                0x0000071c                QuadDec_1_Init
 .text.QuadDec_1_GetCounter
                0x00000740       0x2c .\CortexM3\ARM_GCC_541\Debug\Ajuste de Curva.a(QuadDec_1.o)
                0x00000740                QuadDec_1_GetCounter
 .text.QuadDec_1_GetEvents
                0x0000076c       0x10 .\CortexM3\ARM_GCC_541\Debug\Ajuste de Curva.a(QuadDec_1.o)
                0x0000076c                QuadDec_1_GetEvents
 .text.QuadDec_1_SetInterruptMask
                0x0000077c       0x10 .\CortexM3\ARM_GCC_541\Debug\Ajuste de Curva.a(QuadDec_1.o)
                0x0000077c                QuadDec_1_SetInterruptMask
 .text.QuadDec_1_Enable
                0x0000078c       0x30 .\CortexM3\ARM_GCC_541\Debug\Ajuste de Curva.a(QuadDec_1.o)
                0x0000078c                QuadDec_1_Enable
 .text.QuadDec_1_Start
                0x000007bc       0x34 .\CortexM3\ARM_GCC_541\Debug\Ajuste de Curva.a(QuadDec_1.o)
                0x000007bc                QuadDec_1_Start
 .text.QuadDec_1_ISR
                0x000007f0       0x40 .\CortexM3\ARM_GCC_541\Debug\Ajuste de Curva.a(QuadDec_1_INT.o)
                0x000007f0                QuadDec_1_ISR
 .text.isr_1_SetVector
                0x00000830        0xc .\CortexM3\ARM_GCC_541\Debug\Ajuste de Curva.a(isr_1.o)
                0x00000830                isr_1_SetVector
 .text.isr_1_SetPriority
                0x0000083c       0x10 .\CortexM3\ARM_GCC_541\Debug\Ajuste de Curva.a(isr_1.o)
                0x0000083c                isr_1_SetPriority
 .text.isr_1_Enable
                0x0000084c        0xc .\CortexM3\ARM_GCC_541\Debug\Ajuste de Curva.a(isr_1.o)
                0x0000084c                isr_1_Enable
 .text.isr_1_Disable
                0x00000858        0xc .\CortexM3\ARM_GCC_541\Debug\Ajuste de Curva.a(isr_1.o)
                0x00000858                isr_1_Disable
 .text.isr_1_StartEx
                0x00000864       0x1c .\CortexM3\ARM_GCC_541\Debug\Ajuste de Curva.a(isr_1.o)
                0x00000864                isr_1_StartEx
 .text.QuadDec_1_Cnt16_Enable
                0x00000880       0x10 .\CortexM3\ARM_GCC_541\Debug\Ajuste de Curva.a(QuadDec_1_Cnt16.o)
                0x00000880                QuadDec_1_Cnt16_Enable
 .text.QuadDec_1_Cnt16_SetInterruptMode
                0x00000890        0xc .\CortexM3\ARM_GCC_541\Debug\Ajuste de Curva.a(QuadDec_1_Cnt16.o)
                0x00000890                QuadDec_1_Cnt16_SetInterruptMode
 .text.QuadDec_1_Cnt16_ReadStatusRegister
                0x0000089c        0xc .\CortexM3\ARM_GCC_541\Debug\Ajuste de Curva.a(QuadDec_1_Cnt16.o)
                0x0000089c                QuadDec_1_Cnt16_ReadStatusRegister
 .text.QuadDec_1_Cnt16_WriteCounter
                0x000008a8        0xc .\CortexM3\ARM_GCC_541\Debug\Ajuste de Curva.a(QuadDec_1_Cnt16.o)
                0x000008a8                QuadDec_1_Cnt16_WriteCounter
 .text.QuadDec_1_Cnt16_ReadCounter
                0x000008b4       0x14 .\CortexM3\ARM_GCC_541\Debug\Ajuste de Curva.a(QuadDec_1_Cnt16.o)
                0x000008b4                QuadDec_1_Cnt16_ReadCounter
 .text.QuadDec_1_Cnt16_ReadCapture
                0x000008c8        0xc .\CortexM3\ARM_GCC_541\Debug\Ajuste de Curva.a(QuadDec_1_Cnt16.o)
                0x000008c8                QuadDec_1_Cnt16_ReadCapture
 .text.QuadDec_1_Cnt16_WritePeriod
                0x000008d4        0xc .\CortexM3\ARM_GCC_541\Debug\Ajuste de Curva.a(QuadDec_1_Cnt16.o)
                0x000008d4                QuadDec_1_Cnt16_WritePeriod
 .text.QuadDec_1_Cnt16_WriteCompare
                0x000008e0        0xc .\CortexM3\ARM_GCC_541\Debug\Ajuste de Curva.a(QuadDec_1_Cnt16.o)
                0x000008e0                QuadDec_1_Cnt16_WriteCompare
 .text.QuadDec_1_Cnt16_ClearFIFO
                0x000008ec       0x14 .\CortexM3\ARM_GCC_541\Debug\Ajuste de Curva.a(QuadDec_1_Cnt16.o)
                0x000008ec                QuadDec_1_Cnt16_ClearFIFO
 .text.QuadDec_1_Cnt16_Init
                0x00000900       0x58 .\CortexM3\ARM_GCC_541\Debug\Ajuste de Curva.a(QuadDec_1_Cnt16.o)
                0x00000900                QuadDec_1_Cnt16_Init
 .text.QuadDec_1_Cnt16_Start
                0x00000958       0x1c .\CortexM3\ARM_GCC_541\Debug\Ajuste de Curva.a(QuadDec_1_Cnt16.o)
                0x00000958                QuadDec_1_Cnt16_Start
 .text.CyHalt   0x00000974        0x4 .\CortexM3\ARM_GCC_541\Debug\Ajuste de Curva.a(CyLib.o)
                0x00000974                CyHalt
 .text.CyDelay  0x00000978       0x2c .\CortexM3\ARM_GCC_541\Debug\Ajuste de Curva.a(CyLib.o)
                0x00000978                CyDelay
 .text.CyIntSetVector
                0x000009a4       0x28 .\CortexM3\ARM_GCC_541\Debug\Ajuste de Curva.a(CyLib.o)
                0x000009a4                CyIntSetVector
 .text.CyIntSetPriority
                0x000009cc       0x30 .\CortexM3\ARM_GCC_541\Debug\Ajuste de Curva.a(CyLib.o)
                0x000009cc                CyIntSetPriority
 .text.CySetReg24
                0x000009fc       0x14 .\CortexM3\ARM_GCC_541\Debug\Ajuste de Curva.a(cyutils.o)
                0x000009fc                CySetReg24
 .text.PWM_Motor_Enable
                0x00000a10       0x10 .\CortexM3\ARM_GCC_541\Debug\Ajuste de Curva.a(PWM_Motor.o)
                0x00000a10                PWM_Motor_Enable
 .text.PWM_Motor_WriteCounter
                0x00000a20        0xc .\CortexM3\ARM_GCC_541\Debug\Ajuste de Curva.a(PWM_Motor.o)
                0x00000a20                PWM_Motor_WriteCounter
 .text.PWM_Motor_WritePeriod
                0x00000a2c        0xc .\CortexM3\ARM_GCC_541\Debug\Ajuste de Curva.a(PWM_Motor.o)
                0x00000a2c                PWM_Motor_WritePeriod
 .text.PWM_Motor_WriteCompare
                0x00000a38        0xc .\CortexM3\ARM_GCC_541\Debug\Ajuste de Curva.a(PWM_Motor.o)
                0x00000a38                PWM_Motor_WriteCompare
 .text.PWM_Motor_SetInterruptMode
                0x00000a44        0xc .\CortexM3\ARM_GCC_541\Debug\Ajuste de Curva.a(PWM_Motor.o)
                0x00000a44                PWM_Motor_SetInterruptMode
 .text.PWM_Motor_ReadStatusRegister
                0x00000a50        0xc .\CortexM3\ARM_GCC_541\Debug\Ajuste de Curva.a(PWM_Motor.o)
                0x00000a50                PWM_Motor_ReadStatusRegister
 .text.PWM_Motor_ReadCapture
                0x00000a5c        0xc .\CortexM3\ARM_GCC_541\Debug\Ajuste de Curva.a(PWM_Motor.o)
                0x00000a5c                PWM_Motor_ReadCapture
 .text.PWM_Motor_ClearFIFO
                0x00000a68       0x14 .\CortexM3\ARM_GCC_541\Debug\Ajuste de Curva.a(PWM_Motor.o)
                0x00000a68                PWM_Motor_ClearFIFO
 .text.PWM_Motor_Init
                0x00000a7c       0x60 .\CortexM3\ARM_GCC_541\Debug\Ajuste de Curva.a(PWM_Motor.o)
                0x00000a7c                PWM_Motor_Init
 .text.PWM_Motor_Start
                0x00000adc       0x1c .\CortexM3\ARM_GCC_541\Debug\Ajuste de Curva.a(PWM_Motor.o)
                0x00000adc                PWM_Motor_Start
 .text.Pin_IN1_Write
                0x00000af8       0x18 .\CortexM3\ARM_GCC_541\Debug\Ajuste de Curva.a(Pin_IN1.o)
                0x00000af8                Pin_IN1_Write
 .text.Pin_IN2_Write
                0x00000b10       0x18 .\CortexM3\ARM_GCC_541\Debug\Ajuste de Curva.a(Pin_IN2.o)
                0x00000b10                Pin_IN2_Write
 .text.UART_1_Init
                0x00000b28       0x28 .\CortexM3\ARM_GCC_541\Debug\Ajuste de Curva.a(UART_1.o)
                0x00000b28                UART_1_Init
 .text.UART_1_Enable
                0x00000b50       0x38 .\CortexM3\ARM_GCC_541\Debug\Ajuste de Curva.a(UART_1.o)
                0x00000b50                UART_1_Enable
 .text.UART_1_Start
                0x00000b88       0x1c .\CortexM3\ARM_GCC_541\Debug\Ajuste de Curva.a(UART_1.o)
                0x00000b88                UART_1_Start
 .text.UART_1_GetChar
                0x00000ba4       0x2c .\CortexM3\ARM_GCC_541\Debug\Ajuste de Curva.a(UART_1.o)
                0x00000ba4                UART_1_GetChar
 .text.UART_1_PutChar
                0x00000bd0       0x18 .\CortexM3\ARM_GCC_541\Debug\Ajuste de Curva.a(UART_1.o)
                0x00000bd0                UART_1_PutChar
 .text.UART_1_PutString
                0x00000be8       0x24 .\CortexM3\ARM_GCC_541\Debug\Ajuste de Curva.a(UART_1.o)
                0x00000be8                UART_1_PutString
 .text.UART_1_IntClock_Start
                0x00000c0c       0x1c .\CortexM3\ARM_GCC_541\Debug\Ajuste de Curva.a(UART_1_IntClock.o)
                0x00000c0c                UART_1_IntClock_Start
 .text          0x00000c28       0x20 .\CortexM3\ARM_GCC_541\Debug\Ajuste de Curva.a(CyBootAsmGnu.o)
                0x00000c28                CyDelayCycles
                0x00000c38                CyEnterCriticalSection
                0x00000c40                CyExitCriticalSection
 .text          0x00000c48       0xa0 d:/psoc/psoc creator/4.4/psoc creator/import/gnu/arm/5.4.1/bin/../lib/gcc/arm-none-eabi/5.4.1/armv7-m\libgcc.a(_arm_truncdfsf2.o)
                0x00000c48                __truncdfsf2
                0x00000c48                __aeabi_d2f
 .text          0x00000ce8      0x21c d:/psoc/psoc creator/4.4/psoc creator/import/gnu/arm/5.4.1/bin/../lib/gcc/arm-none-eabi/5.4.1/armv7-m\libgcc.a(_arm_addsubsf3.o)
                0x00000ce8                __aeabi_frsub
                0x00000cf0                __subsf3
                0x00000cf0                __aeabi_fsub
                0x00000cf4                __aeabi_fadd
                0x00000cf4                __addsf3
                0x00000e54                __aeabi_ui2f
                0x00000e54                __floatunsisf
                0x00000e5c                __aeabi_i2f
                0x00000e5c                __floatsisf
                0x00000e78                __aeabi_ul2f
                0x00000e78                __floatundisf
                0x00000e88                __aeabi_l2f
                0x00000e88                __floatdisf
 .text          0x00000f04      0x2a0 d:/psoc/psoc creator/4.4/psoc creator/import/gnu/arm/5.4.1/bin/../lib/gcc/arm-none-eabi/5.4.1/armv7-m\libgcc.a(_arm_muldivsf3.o)
                0x00000f04                __mulsf3
                0x00000f04                __aeabi_fmul
                0x0000106c                __aeabi_fdiv
                0x0000106c                __divsf3
 .text          0x000011a4       0x4c d:/psoc/psoc creator/4.4/psoc creator/import/gnu/arm/5.4.1/bin/../lib/gcc/arm-none-eabi/5.4.1/armv7-m\libgcc.a(_arm_fixsfsi.o)
                0x000011a4                __aeabi_f2iz
                0x000011a4                __fixsfsi
 .text.atof     0x000011f0        0x6 d:/psoc/psoc creator/4.4/psoc creator/import/gnu/arm/5.4.1/bin/../lib/gcc/arm-none-eabi/5.4.1/../../../../arm-none-eabi/lib/armv7-m\libg_nano.a(lib_a-atof.o)
                0x000011f0                atof
 *fill*         0x000011f6        0x2 
 .text.__errno  0x000011f8        0xc d:/psoc/psoc creator/4.4/psoc creator/import/gnu/arm/5.4.1/bin/../lib/gcc/arm-none-eabi/5.4.1/../../../../arm-none-eabi/lib/armv7-m\libg_nano.a(lib_a-errno.o)
                0x000011f8                __errno
 .text.__libc_init_array
                0x00001204       0x4c d:/psoc/psoc creator/4.4/psoc creator/import/gnu/arm/5.4.1/bin/../lib/gcc/arm-none-eabi/5.4.1/../../../../arm-none-eabi/lib/armv7-m\libg_nano.a(lib_a-init.o)
                0x00001204                __libc_init_array
 .text.memcpy   0x00001250       0x16 d:/psoc/psoc creator/4.4/psoc creator/import/gnu/arm/5.4.1/bin/../lib/gcc/arm-none-eabi/5.4.1/../../../../arm-none-eabi/lib/armv7-m\libg_nano.a(lib_a-memcpy-stub.o)
                0x00001250                memcpy
 .text.memset   0x00001266       0x10 d:/psoc/psoc creator/4.4/psoc creator/import/gnu/arm/5.4.1/bin/../lib/gcc/arm-none-eabi/5.4.1/../../../../arm-none-eabi/lib/armv7-m\libg_nano.a(lib_a-memset.o)
                0x00001266                memset
 *fill*         0x00001276        0x2 
 .text.sprintf  0x00001278       0x48 d:/psoc/psoc creator/4.4/psoc creator/import/gnu/arm/5.4.1/bin/../lib/gcc/arm-none-eabi/5.4.1/../../../../arm-none-eabi/lib/armv7-m\libg_nano.a(lib_a-sprintf.o)
                0x00001278                siprintf
                0x00001278                sprintf
 .text.sulp     0x000012c0       0x42 d:/psoc/psoc creator/4.4/psoc creator/import/gnu/arm/5.4.1/bin/../lib/gcc/arm-none-eabi/5.4.1/../../../../arm-none-eabi/lib/armv7-m\libg_nano.a(lib_a-strtod.o)
 *fill*         0x00001302        0x6 
 .text._strtod_r
                0x00001308      0xc00 d:/psoc/psoc creator/4.4/psoc creator/import/gnu/arm/5.4.1/bin/../lib/gcc/arm-none-eabi/5.4.1/../../../../arm-none-eabi/lib/armv7-m\libg_nano.a(lib_a-strtod.o)
                0x00001308                _strtod_r
 .text.strtod   0x00001f08       0x10 d:/psoc/psoc creator/4.4/psoc creator/import/gnu/arm/5.4.1/bin/../lib/gcc/arm-none-eabi/5.4.1/../../../../arm-none-eabi/lib/armv7-m\libg_nano.a(lib_a-strtod.o)
                0x00001f08                strtod
 .text.rshift   0x00001f18       0x6c d:/psoc/psoc creator/4.4/psoc creator/import/gnu/arm/5.4.1/bin/../lib/gcc/arm-none-eabi/5.4.1/../../../../arm-none-eabi/lib/armv7-m\libg_nano.a(lib_a-gdtoa-gethex.o)
 .text.__hexdig_fun
                0x00001f84       0x2a d:/psoc/psoc creator/4.4/psoc creator/import/gnu/arm/5.4.1/bin/../lib/gcc/arm-none-eabi/5.4.1/../../../../arm-none-eabi/lib/armv7-m\libg_nano.a(lib_a-gdtoa-gethex.o)
                0x00001f84                __hexdig_fun
 .text.__gethex
                0x00001fae      0x43e d:/psoc/psoc creator/4.4/psoc creator/import/gnu/arm/5.4.1/bin/../lib/gcc/arm-none-eabi/5.4.1/../../../../arm-none-eabi/lib/armv7-m\libg_nano.a(lib_a-gdtoa-gethex.o)
                0x00001fae                __gethex
 .text.L_shift  0x000023ec       0x24 d:/psoc/psoc creator/4.4/psoc creator/import/gnu/arm/5.4.1/bin/../lib/gcc/arm-none-eabi/5.4.1/../../../../arm-none-eabi/lib/armv7-m\libg_nano.a(lib_a-gdtoa-hexnan.o)
 .text.__match  0x00002410       0x26 d:/psoc/psoc creator/4.4/psoc creator/import/gnu/arm/5.4.1/bin/../lib/gcc/arm-none-eabi/5.4.1/../../../../arm-none-eabi/lib/armv7-m\libg_nano.a(lib_a-gdtoa-hexnan.o)
                0x00002410                __match
 .text.__hexnan
                0x00002436      0x11c d:/psoc/psoc creator/4.4/psoc creator/import/gnu/arm/5.4.1/bin/../lib/gcc/arm-none-eabi/5.4.1/../../../../arm-none-eabi/lib/armv7-m\libg_nano.a(lib_a-gdtoa-hexnan.o)
                0x00002436                __hexnan
 *fill*         0x00002552        0x2 
 .text._localeconv_r
                0x00002554        0x8 d:/psoc/psoc creator/4.4/psoc creator/import/gnu/arm/5.4.1/bin/../lib/gcc/arm-none-eabi/5.4.1/../../../../arm-none-eabi/lib/armv7-m\libg_nano.a(lib_a-locale.o)
                0x00002554                _localeconv_r
 .text._Balloc  0x0000255c       0x6a d:/psoc/psoc creator/4.4/psoc creator/import/gnu/arm/5.4.1/bin/../lib/gcc/arm-none-eabi/5.4.1/../../../../arm-none-eabi/lib/armv7-m\libg_nano.a(lib_a-mprec.o)
                0x0000255c                _Balloc
 .text._Bfree   0x000025c6       0x2e d:/psoc/psoc creator/4.4/psoc creator/import/gnu/arm/5.4.1/bin/../lib/gcc/arm-none-eabi/5.4.1/../../../../arm-none-eabi/lib/armv7-m\libg_nano.a(lib_a-mprec.o)
                0x000025c6                _Bfree
 .text.__multadd
                0x000025f4       0x76 d:/psoc/psoc creator/4.4/psoc creator/import/gnu/arm/5.4.1/bin/../lib/gcc/arm-none-eabi/5.4.1/../../../../arm-none-eabi/lib/armv7-m\libg_nano.a(lib_a-mprec.o)
                0x000025f4                __multadd
 .text.__s2b    0x0000266a       0x7c d:/psoc/psoc creator/4.4/psoc creator/import/gnu/arm/5.4.1/bin/../lib/gcc/arm-none-eabi/5.4.1/../../../../arm-none-eabi/lib/armv7-m\libg_nano.a(lib_a-mprec.o)
                0x0000266a                __s2b
 .text.__hi0bits
                0x000026e6       0x40 d:/psoc/psoc creator/4.4/psoc creator/import/gnu/arm/5.4.1/bin/../lib/gcc/arm-none-eabi/5.4.1/../../../../arm-none-eabi/lib/armv7-m\libg_nano.a(lib_a-mprec.o)
                0x000026e6                __hi0bits
 .text.__lo0bits
                0x00002726       0x5a d:/psoc/psoc creator/4.4/psoc creator/import/gnu/arm/5.4.1/bin/../lib/gcc/arm-none-eabi/5.4.1/../../../../arm-none-eabi/lib/armv7-m\libg_nano.a(lib_a-mprec.o)
                0x00002726                __lo0bits
 .text.__i2b    0x00002780       0x12 d:/psoc/psoc creator/4.4/psoc creator/import/gnu/arm/5.4.1/bin/../lib/gcc/arm-none-eabi/5.4.1/../../../../arm-none-eabi/lib/armv7-m\libg_nano.a(lib_a-mprec.o)
                0x00002780                __i2b
 .text.__multiply
                0x00002792      0x120 d:/psoc/psoc creator/4.4/psoc creator/import/gnu/arm/5.4.1/bin/../lib/gcc/arm-none-eabi/5.4.1/../../../../arm-none-eabi/lib/armv7-m\libg_nano.a(lib_a-mprec.o)
                0x00002792                __multiply
 *fill*         0x000028b2        0x2 
 .text.__pow5mult
                0x000028b4       0x9c d:/psoc/psoc creator/4.4/psoc creator/import/gnu/arm/5.4.1/bin/../lib/gcc/arm-none-eabi/5.4.1/../../../../arm-none-eabi/lib/armv7-m\libg_nano.a(lib_a-mprec.o)
                0x000028b4                __pow5mult
 .text.__lshift
                0x00002950       0xa2 d:/psoc/psoc creator/4.4/psoc creator/import/gnu/arm/5.4.1/bin/../lib/gcc/arm-none-eabi/5.4.1/../../../../arm-none-eabi/lib/armv7-m\libg_nano.a(lib_a-mprec.o)
                0x00002950                __lshift
 .text.__mcmp   0x000029f2       0x38 d:/psoc/psoc creator/4.4/psoc creator/import/gnu/arm/5.4.1/bin/../lib/gcc/arm-none-eabi/5.4.1/../../../../arm-none-eabi/lib/armv7-m\libg_nano.a(lib_a-mprec.o)
                0x000029f2                __mcmp
 .text.__mdiff  0x00002a2a       0xbe d:/psoc/psoc creator/4.4/psoc creator/import/gnu/arm/5.4.1/bin/../lib/gcc/arm-none-eabi/5.4.1/../../../../arm-none-eabi/lib/armv7-m\libg_nano.a(lib_a-mprec.o)
                0x00002a2a                __mdiff
 .text.__ulp    0x00002ae8       0x48 d:/psoc/psoc creator/4.4/psoc creator/import/gnu/arm/5.4.1/bin/../lib/gcc/arm-none-eabi/5.4.1/../../../../arm-none-eabi/lib/armv7-m\libg_nano.a(lib_a-mprec.o)
                0x00002ae8                __ulp
 .text.__b2d    0x00002b30       0x9a d:/psoc/psoc creator/4.4/psoc creator/import/gnu/arm/5.4.1/bin/../lib/gcc/arm-none-eabi/5.4.1/../../../../arm-none-eabi/lib/armv7-m\libg_nano.a(lib_a-mprec.o)
                0x00002b30                __b2d
 .text.__d2b    0x00002bca       0x9c d:/psoc/psoc creator/4.4/psoc creator/import/gnu/arm/5.4.1/bin/../lib/gcc/arm-none-eabi/5.4.1/../../../../arm-none-eabi/lib/armv7-m\libg_nano.a(lib_a-mprec.o)
                0x00002bca                __d2b
 .text.__ratio  0x00002c66       0x50 d:/psoc/psoc creator/4.4/psoc creator/import/gnu/arm/5.4.1/bin/../lib/gcc/arm-none-eabi/5.4.1/../../../../arm-none-eabi/lib/armv7-m\libg_nano.a(lib_a-mprec.o)
                0x00002c66                __ratio
 .text.__copybits
                0x00002cb6       0x34 d:/psoc/psoc creator/4.4/psoc creator/import/gnu/arm/5.4.1/bin/../lib/gcc/arm-none-eabi/5.4.1/../../../../arm-none-eabi/lib/armv7-m\libg_nano.a(lib_a-mprec.o)
                0x00002cb6                __copybits
 .text.__any_on
                0x00002cea       0x44 d:/psoc/psoc creator/4.4/psoc creator/import/gnu/arm/5.4.1/bin/../lib/gcc/arm-none-eabi/5.4.1/../../../../arm-none-eabi/lib/armv7-m\libg_nano.a(lib_a-mprec.o)
                0x00002cea                __any_on
 .text._calloc_r
                0x00002d2e       0x1c d:/psoc/psoc creator/4.4/psoc creator/import/gnu/arm/5.4.1/bin/../lib/gcc/arm-none-eabi/5.4.1/../../../../arm-none-eabi/lib/armv7-m\libg_nano.a(lib_a-nano-callocr.o)
                0x00002d2e                _calloc_r
 *fill*         0x00002d4a        0x2 
 .text._malloc_r
                0x00002d4c       0xbc d:/psoc/psoc creator/4.4/psoc creator/import/gnu/arm/5.4.1/bin/../lib/gcc/arm-none-eabi/5.4.1/../../../../arm-none-eabi/lib/armv7-m\libg_nano.a(lib_a-nano-mallocr.o)
                0x00002d4c                _malloc_r
 .text.__ssputs_r
                0x00002e08       0xb2 d:/psoc/psoc creator/4.4/psoc creator/import/gnu/arm/5.4.1/bin/../lib/gcc/arm-none-eabi/5.4.1/../../../../arm-none-eabi/lib/armv7-m\libg_nano.a(lib_a-nano-svfprintf.o)
                0x00002e08                __ssputs_r
 *fill*         0x00002eba        0x2 
 .text._svfprintf_r
                0x00002ebc      0x1e8 d:/psoc/psoc creator/4.4/psoc creator/import/gnu/arm/5.4.1/bin/../lib/gcc/arm-none-eabi/5.4.1/../../../../arm-none-eabi/lib/armv7-m\libg_nano.a(lib_a-nano-svfprintf.o)
                0x00002ebc                _svfiprintf_r
                0x00002ebc                _svfprintf_r
 .text._printf_common
                0x000030a4       0xec d:/psoc/psoc creator/4.4/psoc creator/import/gnu/arm/5.4.1/bin/../lib/gcc/arm-none-eabi/5.4.1/../../../../arm-none-eabi/lib/armv7-m\libg_nano.a(lib_a-nano-vfprintf_i.o)
                0x000030a4                _printf_common
 .text._printf_i
                0x00003190      0x24c d:/psoc/psoc creator/4.4/psoc creator/import/gnu/arm/5.4.1/bin/../lib/gcc/arm-none-eabi/5.4.1/../../../../arm-none-eabi/lib/armv7-m\libg_nano.a(lib_a-nano-vfprintf_i.o)
                0x00003190                _printf_i
 .text._sbrk_r  0x000033dc       0x20 d:/psoc/psoc creator/4.4/psoc creator/import/gnu/arm/5.4.1/bin/../lib/gcc/arm-none-eabi/5.4.1/../../../../arm-none-eabi/lib/armv7-m\libg_nano.a(lib_a-sbrkr.o)
                0x000033dc                _sbrk_r
 .text          0x000033fc       0x10 d:/psoc/psoc creator/4.4/psoc creator/import/gnu/arm/5.4.1/bin/../lib/gcc/arm-none-eabi/5.4.1/../../../../arm-none-eabi/lib/armv7-m\libg_nano.a(lib_a-strlen.o)
                0x000033fc                strlen
 .text.strncmp  0x0000340c       0x2a d:/psoc/psoc creator/4.4/psoc creator/import/gnu/arm/5.4.1/bin/../lib/gcc/arm-none-eabi/5.4.1/../../../../arm-none-eabi/lib/armv7-m\libg_nano.a(lib_a-strncmp.o)
                0x0000340c                strncmp
 *fill*         0x00003436        0x2 
 .text.malloc   0x00003438       0x10 d:/psoc/psoc creator/4.4/psoc creator/import/gnu/arm/5.4.1/bin/../lib/gcc/arm-none-eabi/5.4.1/../../../../arm-none-eabi/lib/armv7-m\libg_nano.a(lib_a-malloc.o)
                0x00003438                malloc
 .text.memchr   0x00003448       0x1c d:/psoc/psoc creator/4.4/psoc creator/import/gnu/arm/5.4.1/bin/../lib/gcc/arm-none-eabi/5.4.1/../../../../arm-none-eabi/lib/armv7-m\libg_nano.a(lib_a-memchr-stub.o)
                0x00003448                memchr
 .text.memmove  0x00003464       0x36 d:/psoc/psoc creator/4.4/psoc creator/import/gnu/arm/5.4.1/bin/../lib/gcc/arm-none-eabi/5.4.1/../../../../arm-none-eabi/lib/armv7-m\libg_nano.a(lib_a-memmove.o)
                0x00003464                memmove
 .text.__malloc_lock
                0x0000349a        0x2 d:/psoc/psoc creator/4.4/psoc creator/import/gnu/arm/5.4.1/bin/../lib/gcc/arm-none-eabi/5.4.1/../../../../arm-none-eabi/lib/armv7-m\libg_nano.a(lib_a-mlock.o)
                0x0000349a                __malloc_lock
 .text.__malloc_unlock
                0x0000349c        0x2 d:/psoc/psoc creator/4.4/psoc creator/import/gnu/arm/5.4.1/bin/../lib/gcc/arm-none-eabi/5.4.1/../../../../arm-none-eabi/lib/armv7-m\libg_nano.a(lib_a-mlock.o)
                0x0000349c                __malloc_unlock
 *fill*         0x0000349e        0x2 
 .text._free_r  0x000034a0       0x98 d:/psoc/psoc creator/4.4/psoc creator/import/gnu/arm/5.4.1/bin/../lib/gcc/arm-none-eabi/5.4.1/../../../../arm-none-eabi/lib/armv7-m\libg_nano.a(lib_a-nano-freer.o)
                0x000034a0                _free_r
 .text._realloc_r
                0x00003538       0x4c d:/psoc/psoc creator/4.4/psoc creator/import/gnu/arm/5.4.1/bin/../lib/gcc/arm-none-eabi/5.4.1/../../../../arm-none-eabi/lib/armv7-m\libg_nano.a(lib_a-nano-reallocr.o)
                0x00003538                _realloc_r
 .text._malloc_usable_size_r
                0x00003584       0x14 d:/psoc/psoc creator/4.4/psoc creator/import/gnu/arm/5.4.1/bin/../lib/gcc/arm-none-eabi/5.4.1/../../../../arm-none-eabi/lib/armv7-m\libg_nano.a(lib_a-nano-msizer.o)
                0x00003584                _malloc_usable_size_r
 .text          0x00003598      0x370 d:/psoc/psoc creator/4.4/psoc creator/import/gnu/arm/5.4.1/bin/../lib/gcc/arm-none-eabi/5.4.1/armv7-m\libgcc.a(_arm_addsubdf3.o)
                0x00003598                __aeabi_drsub
                0x000035a0                __aeabi_dsub
                0x000035a0                __subdf3
                0x000035a4                __aeabi_dadd
                0x000035a4                __adddf3
                0x0000381c                __floatunsidf
                0x0000381c                __aeabi_ui2d
                0x0000383c                __floatsidf
                0x0000383c                __aeabi_i2d
                0x00003860                __aeabi_f2d
                0x00003860                __extendsfdf2
                0x0000389c                __floatundidf
                0x0000389c                __aeabi_ul2d
                0x000038ac                __floatdidf
                0x000038ac                __aeabi_l2d
 .text          0x00003908      0x424 d:/psoc/psoc creator/4.4/psoc creator/import/gnu/arm/5.4.1/bin/../lib/gcc/arm-none-eabi/5.4.1/armv7-m\libgcc.a(_arm_muldivdf3.o)
                0x00003908                __aeabi_dmul
                0x00003908                __muldf3
                0x00003b5c                __divdf3
                0x00003b5c                __aeabi_ddiv
 .text          0x00003d2c      0x110 d:/psoc/psoc creator/4.4/psoc creator/import/gnu/arm/5.4.1/bin/../lib/gcc/arm-none-eabi/5.4.1/armv7-m\libgcc.a(_arm_cmpdf2.o)
                0x00003d2c                __gtdf2
                0x00003d2c                __gedf2
                0x00003d34                __ltdf2
                0x00003d34                __ledf2
                0x00003d3c                __nedf2
                0x00003d3c                __eqdf2
                0x00003d3c                __cmpdf2
                0x00003db8                __aeabi_cdrcmple
                0x00003dc8                __aeabi_cdcmpeq
                0x00003dc8                __aeabi_cdcmple
                0x00003dd8                __aeabi_dcmpeq
                0x00003dec                __aeabi_dcmplt
                0x00003e00                __aeabi_dcmple
                0x00003e14                __aeabi_dcmpge
                0x00003e28                __aeabi_dcmpgt
 .text          0x00003e3c       0x50 d:/psoc/psoc creator/4.4/psoc creator/import/gnu/arm/5.4.1/bin/../lib/gcc/arm-none-eabi/5.4.1/armv7-m\libgcc.a(_arm_fixdfsi.o)
                0x00003e3c                __aeabi_d2iz
                0x00003e3c                __fixdfsi
 .text          0x00003e8c       0x40 d:/psoc/psoc creator/4.4/psoc creator/import/gnu/arm/5.4.1/bin/../lib/gcc/arm-none-eabi/5.4.1/armv7-m\libgcc.a(_arm_fixunsdfsi.o)
                0x00003e8c                __aeabi_d2uiz
                0x00003e8c                __fixunsdfsi
 *(.plt)
 *(.gnu.warning)
 *(.glue_7t)
 .glue_7t       0x00003ecc        0x0 linker stubs
 *(.glue_7)
 .glue_7        0x00003ecc        0x0 linker stubs
 *(.vfp11_veneer)
 .vfp11_veneer  0x00003ecc        0x0 linker stubs
 *(.bootloader)
 *(.ARM.extab* .gnu.linkonce.armextab.*)
 *(.gcc_except_table)

.v4_bx          0x00003ecc        0x0
 .v4_bx         0x00003ecc        0x0 linker stubs

.iplt           0x00003ecc        0x0
 .iplt          0x00003ecc        0x0 d:/psoc/psoc creator/4.4/psoc creator/import/gnu/arm/5.4.1/bin/../lib/gcc/arm-none-eabi/5.4.1/armv7-m/crtbegin.o

.eh_frame_hdr
 *(.eh_frame_hdr)

.eh_frame       0x00003ecc        0x4
 *(.eh_frame)
 .eh_frame      0x00003ecc        0x0 d:/psoc/psoc creator/4.4/psoc creator/import/gnu/arm/5.4.1/bin/../lib/gcc/arm-none-eabi/5.4.1/armv7-m/crtbegin.o
 .eh_frame      0x00003ecc        0x4 d:/psoc/psoc creator/4.4/psoc creator/import/gnu/arm/5.4.1/bin/../lib/gcc/arm-none-eabi/5.4.1/armv7-m/crtend.o
                [!provide]                PROVIDE (__exidx_start, .)

.ARM.exidx
 *(.ARM.exidx* .gnu.linkonce.armexidx.*)
                0x00003ed0                __exidx_end = .

.rodata         0x00003ed0      0x2c8
 *(.rodata .rodata.* .gnu.linkonce.r.*)
 .rodata.str1.4
                0x00003ed0       0xb4 .\CortexM3\ARM_GCC_541\Debug\main.o
                                 0xb2 (size before relaxing)
 .rodata        0x00003f84       0x40 .\CortexM3\ARM_GCC_541\Debug\cyfitter_cfg.o
 .rodata.str1.1
                0x00003fc4        0x2 d:/psoc/psoc creator/4.4/psoc creator/import/gnu/arm/5.4.1/bin/../lib/gcc/arm-none-eabi/5.4.1/../../../../arm-none-eabi/lib/armv7-m\libg_nano.a(lib_a-impure.o)
 *fill*         0x00003fc6        0x2 
 .rodata.fpinan.5401
                0x00003fc8       0x14 d:/psoc/psoc creator/4.4/psoc creator/import/gnu/arm/5.4.1/bin/../lib/gcc/arm-none-eabi/5.4.1/../../../../arm-none-eabi/lib/armv7-m\libg_nano.a(lib_a-strtod.o)
 .rodata.str1.1
                0x00003fdc        0xc d:/psoc/psoc creator/4.4/psoc creator/import/gnu/arm/5.4.1/bin/../lib/gcc/arm-none-eabi/5.4.1/../../../../arm-none-eabi/lib/armv7-m\libg_nano.a(lib_a-strtod.o)
 .rodata.fpi.5365
                0x00003fe8       0x14 d:/psoc/psoc creator/4.4/psoc creator/import/gnu/arm/5.4.1/bin/../lib/gcc/arm-none-eabi/5.4.1/../../../../arm-none-eabi/lib/armv7-m\libg_nano.a(lib_a-strtod.o)
 *fill*         0x00003ffc        0x4 
 .rodata.tinytens
                0x00004000       0x28 d:/psoc/psoc creator/4.4/psoc creator/import/gnu/arm/5.4.1/bin/../lib/gcc/arm-none-eabi/5.4.1/../../../../arm-none-eabi/lib/armv7-m\libg_nano.a(lib_a-strtod.o)
 .rodata.str1.1
                0x00004028        0x8 d:/psoc/psoc creator/4.4/psoc creator/import/gnu/arm/5.4.1/bin/../lib/gcc/arm-none-eabi/5.4.1/../../../../arm-none-eabi/lib/armv7-m\libg_nano.a(lib_a-locale.o)
                                  0xb (size before relaxing)
 .rodata.__mprec_tens
                0x00004030       0xc8 d:/psoc/psoc creator/4.4/psoc creator/import/gnu/arm/5.4.1/bin/../lib/gcc/arm-none-eabi/5.4.1/../../../../arm-none-eabi/lib/armv7-m\libg_nano.a(lib_a-mprec.o)
                0x00004030                __mprec_tens
 .rodata.p05.5408
                0x000040f8        0xc d:/psoc/psoc creator/4.4/psoc creator/import/gnu/arm/5.4.1/bin/../lib/gcc/arm-none-eabi/5.4.1/../../../../arm-none-eabi/lib/armv7-m\libg_nano.a(lib_a-mprec.o)
 *fill*         0x00004104        0x4 
 .rodata.__mprec_bigtens
                0x00004108       0x28 d:/psoc/psoc creator/4.4/psoc creator/import/gnu/arm/5.4.1/bin/../lib/gcc/arm-none-eabi/5.4.1/../../../../arm-none-eabi/lib/armv7-m\libg_nano.a(lib_a-mprec.o)
                0x00004108                __mprec_bigtens
 .rodata.str1.1
                0x00004130       0x11 d:/psoc/psoc creator/4.4/psoc creator/import/gnu/arm/5.4.1/bin/../lib/gcc/arm-none-eabi/5.4.1/../../../../arm-none-eabi/lib/armv7-m\libg_nano.a(lib_a-nano-svfprintf.o)
 .rodata.str1.1
                0x00004141       0x22 d:/psoc/psoc creator/4.4/psoc creator/import/gnu/arm/5.4.1/bin/../lib/gcc/arm-none-eabi/5.4.1/../../../../arm-none-eabi/lib/armv7-m\libg_nano.a(lib_a-nano-vfprintf_i.o)
                0x00004164                . = ALIGN (0x4)
 *fill*         0x00004163        0x1 
 *(.init)
 .init          0x00004164        0x4 d:/psoc/psoc creator/4.4/psoc creator/import/gnu/arm/5.4.1/bin/../lib/gcc/arm-none-eabi/5.4.1/armv7-m/crti.o
                0x00004164                _init
 .init          0x00004168        0x8 d:/psoc/psoc creator/4.4/psoc creator/import/gnu/arm/5.4.1/bin/../lib/gcc/arm-none-eabi/5.4.1/armv7-m/crtn.o
                0x00004170                . = ALIGN (0x4)
                0x00004170                __preinit_array_start = .
 *(.preinit_array)
                0x00004170                __preinit_array_end = .
                0x00004170                . = ALIGN (0x4)
                0x00004170                __init_array_start = .
 *(SORT(.init_array.*))
 *(.init_array)
 .init_array    0x00004170        0x4 d:/psoc/psoc creator/4.4/psoc creator/import/gnu/arm/5.4.1/bin/../lib/gcc/arm-none-eabi/5.4.1/armv7-m/crtbegin.o
 .init_array    0x00004174        0x4 .\CortexM3\ARM_GCC_541\Debug\Cm3Start.o
                0x00004178                __init_array_end = .
                0x00004178                . = ALIGN (0x4)
 *(.fini)
 .fini          0x00004178        0x4 d:/psoc/psoc creator/4.4/psoc creator/import/gnu/arm/5.4.1/bin/../lib/gcc/arm-none-eabi/5.4.1/armv7-m/crti.o
                0x00004178                _fini
 .fini          0x0000417c        0x8 d:/psoc/psoc creator/4.4/psoc creator/import/gnu/arm/5.4.1/bin/../lib/gcc/arm-none-eabi/5.4.1/armv7-m/crtn.o
                0x00004184                . = ALIGN (0x4)
                0x00004184                __fini_array_start = .
 *(.fini_array)
 .fini_array    0x00004184        0x4 d:/psoc/psoc creator/4.4/psoc creator/import/gnu/arm/5.4.1/bin/../lib/gcc/arm-none-eabi/5.4.1/armv7-m/crtbegin.o
 *(SORT(.fini_array.*))
                0x00004188                __fini_array_end = .
                0x00004188                . = ALIGN (0x4)
 *crtbegin.o(.ctors)
 *(EXCLUDE_FILE(*crtend.o) .ctors)
 *(SORT(.ctors.*))
 *crtend.o(.ctors)
                0x00004188                . = ALIGN (0x4)
 *crtbegin.o(.dtors)
 *(EXCLUDE_FILE(*crtend.o) .dtors)
 *(SORT(.dtors.*))
 *crtend.o(.dtors)
                0x00004188                . = ALIGN (0x4)
                0x00004188                __cy_regions = .
                0x00004188        0x4 LONG 0x4198 __cy_region_init_ram
                0x0000418c        0x4 LONG 0x1fff80c8 __cy_region_start_data
                0x00004190        0x4 LONG 0xb8 __cy_region_init_size_ram
                0x00004194        0x4 LONG 0x40 __cy_region_zero_size_ram
                0x00004198                __cy_regions_end = .
                0x00004198                . = ALIGN (0x8)
                0x00004198                _etext = .

.cy_checksum_exclude
                0x00004198        0x0
 *(.cy_checksum_exclude)

.ramvectors     0x1fff8000       0xc0
                0x1fff8000                __cy_region_start_ram = .
 *(.ramvectors)
 .ramvectors    0x1fff8000       0xc0 .\CortexM3\ARM_GCC_541\Debug\Cm3Start.o
                0x1fff8000                CyRamVectors

.noinit         0x1fff80c0        0x1
 *(.noinit)
 .noinit        0x1fff80c0        0x1 .\CortexM3\ARM_GCC_541\Debug\Ajuste de Curva.a(CyLib.o)
                0x1fff80c0                CyResetStatus

.data           0x1fff80c8       0xb8 load address 0x00004198
                0x1fff80c8                __cy_region_start_data = .
 *(.jcr)
 .jcr           0x1fff80c8        0x0 d:/psoc/psoc creator/4.4/psoc creator/import/gnu/arm/5.4.1/bin/../lib/gcc/arm-none-eabi/5.4.1/armv7-m/crtbegin.o
 .jcr           0x1fff80c8        0x4 d:/psoc/psoc creator/4.4/psoc creator/import/gnu/arm/5.4.1/bin/../lib/gcc/arm-none-eabi/5.4.1/armv7-m/crtend.o
 *(.got.plt)
 *(.got)
 *(.shdata)
 *(.data .data.* .gnu.linkonce.d.*)
 .data          0x1fff80cc        0x4 .\CortexM3\ARM_GCC_541\Debug\Cm3Start.o
 .data          0x1fff80d0       0x10 .\CortexM3\ARM_GCC_541\Debug\Ajuste de Curva.a(CyLib.o)
                0x1fff80d0                cydelay_32k_ms
                0x1fff80d4                cydelay_freq_khz
                0x1fff80d8                cydelay_freq_mhz
                0x1fff80dc                cydelay_freq_hz
 .data.impure_data
                0x1fff80e0       0x60 d:/psoc/psoc creator/4.4/psoc creator/import/gnu/arm/5.4.1/bin/../lib/gcc/arm-none-eabi/5.4.1/../../../../arm-none-eabi/lib/armv7-m\libg_nano.a(lib_a-impure.o)
 .data._impure_ptr
                0x1fff8140        0x4 d:/psoc/psoc creator/4.4/psoc creator/import/gnu/arm/5.4.1/bin/../lib/gcc/arm-none-eabi/5.4.1/../../../../arm-none-eabi/lib/armv7-m\libg_nano.a(lib_a-impure.o)
                0x1fff8140                _impure_ptr
 .data.lconv    0x1fff8144       0x38 d:/psoc/psoc creator/4.4/psoc creator/import/gnu/arm/5.4.1/bin/../lib/gcc/arm-none-eabi/5.4.1/../../../../arm-none-eabi/lib/armv7-m\libg_nano.a(lib_a-locale.o)
                0x1fff8180                . = ALIGN (0x8)
 *fill*         0x1fff817c        0x4 
 *(.ram)
                0x1fff8180                _edata = .

.igot.plt       0x1fff8180        0x0 load address 0x00004250
 .igot.plt      0x1fff8180        0x0 d:/psoc/psoc creator/4.4/psoc creator/import/gnu/arm/5.4.1/bin/../lib/gcc/arm-none-eabi/5.4.1/armv7-m/crtbegin.o

.bss            0x1fff8180       0x40 load address 0x00004250
                0x1fff8180                PROVIDE (__bss_start__, .)
 *(.shbss)
 *(.bss .bss.* .gnu.linkonce.b.*)
 .bss           0x1fff8180       0x1c d:/psoc/psoc creator/4.4/psoc creator/import/gnu/arm/5.4.1/bin/../lib/gcc/arm-none-eabi/5.4.1/armv7-m/crtbegin.o
 .bss           0x1fff819c        0x8 .\CortexM3\ARM_GCC_541\Debug\main.o
                0x1fff819c                encoder_prev_count
                0x1fff81a0                motor_speed_rpm
 .bss           0x1fff81a4        0x1 .\CortexM3\ARM_GCC_541\Debug\Ajuste de Curva.a(Timer_1.o)
                0x1fff81a4                Timer_1_initVar
 .bss           0x1fff81a5        0x1 .\CortexM3\ARM_GCC_541\Debug\Ajuste de Curva.a(QuadDec_1.o)
                0x1fff81a5                QuadDec_1_initVar
 *fill*         0x1fff81a6        0x2 
 .bss           0x1fff81a8        0x4 .\CortexM3\ARM_GCC_541\Debug\Ajuste de Curva.a(QuadDec_1_INT.o)
                0x1fff81a8                QuadDec_1_count32SoftPart
 .bss           0x1fff81ac        0x1 .\CortexM3\ARM_GCC_541\Debug\Ajuste de Curva.a(QuadDec_1_Cnt16.o)
                0x1fff81ac                QuadDec_1_Cnt16_initVar
 .bss           0x1fff81ad        0x1 .\CortexM3\ARM_GCC_541\Debug\Ajuste de Curva.a(PWM_Motor.o)
                0x1fff81ad                PWM_Motor_initVar
 .bss           0x1fff81ae        0x2 .\CortexM3\ARM_GCC_541\Debug\Ajuste de Curva.a(UART_1.o)
                0x1fff81ae                UART_1_initVar
 .bss.__malloc_sbrk_start
                0x1fff81b0        0x4 d:/psoc/psoc creator/4.4/psoc creator/import/gnu/arm/5.4.1/bin/../lib/gcc/arm-none-eabi/5.4.1/../../../../arm-none-eabi/lib/armv7-m\libg_nano.a(lib_a-nano-mallocr.o)
                0x1fff81b0                __malloc_sbrk_start
 .bss.__malloc_free_list
                0x1fff81b4        0x4 d:/psoc/psoc creator/4.4/psoc creator/import/gnu/arm/5.4.1/bin/../lib/gcc/arm-none-eabi/5.4.1/../../../../arm-none-eabi/lib/armv7-m\libg_nano.a(lib_a-nano-mallocr.o)
                0x1fff81b4                __malloc_free_list
 *(COMMON)
 COMMON         0x1fff81b8        0x4 d:/psoc/psoc creator/4.4/psoc creator/import/gnu/arm/5.4.1/bin/../lib/gcc/arm-none-eabi/5.4.1/../../../../arm-none-eabi/lib/armv7-m\libg_nano.a(lib_a-reent.o)
                0x1fff81b8                errno
                0x1fff81c0                . = ALIGN (0x8)
 *fill*         0x1fff81bc        0x4 
 *(.ram.b)
                0x1fff81c0                _end = .
                0x1fff81c0                __end = .
                0x1fff81c0                PROVIDE (end, .)
                0x1fff81c0                PROVIDE (__bss_end__, .)
                0x00004198                __cy_region_init_ram = LOADADDR (.data)
                0x000000b8                __cy_region_init_size_ram = (_edata - ADDR (.data))
                0x00000040                __cy_region_zero_size_ram = (_end - _edata)

.heap           0x1fff81c0       0x80 load address 0x00004250
                0x1fff81c0                . = _end
                0x1fff8240                . = (. + 0x80)
 *fill*         0x1fff81c0       0x80 
                0x1fff8240                __cy_heap_limit = .

.stack          0x20007800      0x800
                0x20007800                __cy_stack_limit = .
                0x20008000                . = (. + 0x800)
 *fill*         0x20007800      0x800 
                0x00000001                ASSERT ((__cy_stack_limit >= __cy_heap_limit), region RAM overflowed with stack)
                0x00000000                cy_checksum_exclude_size = (CY_APPL_LOADABLE == 0x1)?SIZEOF (.cy_checksum_exclude):0x0
                0x00000001                ASSERT ((cy_checksum_exclude_size <= CY_CHECKSUM_EXCLUDE_SIZE), CY_BOOT: Section .cy_checksum_exclude size exceedes specified limit.)

.cyloadermeta
 *(.cyloadermeta)

.cyloadablemeta
 *(.cyloadablemeta)

.cyconfigecc    0x80000000      0xcd8
 *(.cyconfigecc)
 .cyconfigecc   0x80000000      0xcd8 .\CortexM3\ARM_GCC_541\Debug\cymetadata.o
                0x80000000                cy_meta_configecc

.cycustnvl      0x90000000        0x4
 *(.cycustnvl)
 .cycustnvl     0x90000000        0x4 .\CortexM3\ARM_GCC_541\Debug\cymetadata.o
                0x90000000                cy_meta_custnvl

.cywolatch      0x90100000        0x4
 *(.cywolatch)
 .cywolatch     0x90100000        0x4 .\CortexM3\ARM_GCC_541\Debug\cymetadata.o
                0x90100000                cy_meta_wonvl

.cyeeprom       0x90200000        0x0
 *(.cyeeprom)
                0x00000001                ASSERT ((. <= ((0x90200000 + ee_offset) + ee_size)), .cyeeprom data will not fit in EEPROM)

.cyflashprotect
                0x90400000      0x100
 *(.cyflashprotect)
 .cyflashprotect
                0x90400000      0x100 .\CortexM3\ARM_GCC_541\Debug\cymetadata.o
                0x90400000                cy_meta_flashprotect

.cymeta         0x90500000        0xc
 *(.cymeta)
 .cymeta        0x90500000        0xc .\CortexM3\ARM_GCC_541\Debug\cymetadata.o
                0x90500000                cy_metadata

.rel.dyn        0x00004250        0x0 load address 0x9050000c
 .rel.iplt      0x00004250        0x0 d:/psoc/psoc creator/4.4/psoc creator/import/gnu/arm/5.4.1/bin/../lib/gcc/arm-none-eabi/5.4.1/armv7-m/crtbegin.o

.stab
 *(.stab)

.stabstr
 *(.stabstr)

.debug
 *(.debug)

.line
 *(.line)

.debug_srcinfo
 *(.debug_srcinfo)

.debug_sfnames
 *(.debug_sfnames)

.debug_aranges  0x00000000      0xa20
 *(.debug_aranges)
 .debug_aranges
                0x00000000       0x58 .\CortexM3\ARM_GCC_541\Debug\main.o
 .debug_aranges
                0x00000058       0x58 .\CortexM3\ARM_GCC_541\Debug\cyfitter_cfg.o
 .debug_aranges
                0x000000b0       0x18 .\CortexM3\ARM_GCC_541\Debug\cymetadata.o
 .debug_aranges
                0x000000c8       0x48 .\CortexM3\ARM_GCC_541\Debug\Cm3Start.o
 .debug_aranges
                0x00000110       0x90 .\CortexM3\ARM_GCC_541\Debug\Ajuste de Curva.a(Timer_1.o)
 .debug_aranges
                0x000001a0       0x60 .\CortexM3\ARM_GCC_541\Debug\Ajuste de Curva.a(QuadDec_1.o)
 .debug_aranges
                0x00000200       0x20 .\CortexM3\ARM_GCC_541\Debug\Ajuste de Curva.a(QuadDec_1_INT.o)
 .debug_aranges
                0x00000220       0x80 .\CortexM3\ARM_GCC_541\Debug\Ajuste de Curva.a(isr_1.o)
 .debug_aranges
                0x000002a0       0x98 .\CortexM3\ARM_GCC_541\Debug\Ajuste de Curva.a(QuadDec_1_Cnt16.o)
 .debug_aranges
                0x00000338      0x2a0 .\CortexM3\ARM_GCC_541\Debug\Ajuste de Curva.a(CyLib.o)
 .debug_aranges
                0x000005d8       0x98 .\CortexM3\ARM_GCC_541\Debug\Ajuste de Curva.a(cyPm.o)
 .debug_aranges
                0x00000670       0x20 .\CortexM3\ARM_GCC_541\Debug\Ajuste de Curva.a(cyutils.o)
 .debug_aranges
                0x00000690       0x98 .\CortexM3\ARM_GCC_541\Debug\Ajuste de Curva.a(PWM_Motor.o)
 .debug_aranges
                0x00000728       0x38 .\CortexM3\ARM_GCC_541\Debug\Ajuste de Curva.a(Pin_IN1.o)
 .debug_aranges
                0x00000760       0x38 .\CortexM3\ARM_GCC_541\Debug\Ajuste de Curva.a(Pin_IN2.o)
 .debug_aranges
                0x00000798       0xf0 .\CortexM3\ARM_GCC_541\Debug\Ajuste de Curva.a(UART_1.o)
 .debug_aranges
                0x00000888       0x70 .\CortexM3\ARM_GCC_541\Debug\Ajuste de Curva.a(UART_1_IntClock.o)
 .debug_aranges
                0x000008f8       0x20 .\CortexM3\ARM_GCC_541\Debug\Ajuste de Curva.a(CyBootAsmGnu.o)
 .debug_aranges
                0x00000918       0x88 .\CortexM3\ARM_GCC_541\Debug\Ajuste de Curva.a(CyFlash.o)
 .debug_aranges
                0x000009a0       0x80 .\CortexM3\ARM_GCC_541\Debug\Ajuste de Curva.a(CySpc.o)

.debug_pubnames
 *(.debug_pubnames)

.debug_info     0x00000000     0x5829
 *(.debug_info .gnu.linkonce.wi.*)
 .debug_info    0x00000000      0x6ca .\CortexM3\ARM_GCC_541\Debug\main.o
 .debug_info    0x000006ca      0x603 .\CortexM3\ARM_GCC_541\Debug\cyfitter_cfg.o
 .debug_info    0x00000ccd      0x139 .\CortexM3\ARM_GCC_541\Debug\cymetadata.o
 .debug_info    0x00000e06      0x3bb .\CortexM3\ARM_GCC_541\Debug\Cm3Start.o
 .debug_info    0x000011c1      0x332 .\CortexM3\ARM_GCC_541\Debug\Ajuste de Curva.a(Timer_1.o)
 .debug_info    0x000014f3      0x357 .\CortexM3\ARM_GCC_541\Debug\Ajuste de Curva.a(QuadDec_1.o)
 .debug_info    0x0000184a       0xf3 .\CortexM3\ARM_GCC_541\Debug\Ajuste de Curva.a(QuadDec_1_INT.o)
 .debug_info    0x0000193d      0x2d2 .\CortexM3\ARM_GCC_541\Debug\Ajuste de Curva.a(isr_1.o)
 .debug_info    0x00001c0f      0x348 .\CortexM3\ARM_GCC_541\Debug\Ajuste de Curva.a(QuadDec_1_Cnt16.o)
 .debug_info    0x00001f57     0x1374 .\CortexM3\ARM_GCC_541\Debug\Ajuste de Curva.a(CyLib.o)
 .debug_info    0x000032cb      0xa2a .\CortexM3\ARM_GCC_541\Debug\Ajuste de Curva.a(cyPm.o)
 .debug_info    0x00003cf5       0xee .\CortexM3\ARM_GCC_541\Debug\Ajuste de Curva.a(cyutils.o)
 .debug_info    0x00003de3      0x352 .\CortexM3\ARM_GCC_541\Debug\Ajuste de Curva.a(PWM_Motor.o)
 .debug_info    0x00004135      0x11f .\CortexM3\ARM_GCC_541\Debug\Ajuste de Curva.a(Pin_IN1.o)
 .debug_info    0x00004254      0x11f .\CortexM3\ARM_GCC_541\Debug\Ajuste de Curva.a(Pin_IN2.o)
 .debug_info    0x00004373      0x60c .\CortexM3\ARM_GCC_541\Debug\Ajuste de Curva.a(UART_1.o)
 .debug_info    0x0000497f      0x283 .\CortexM3\ARM_GCC_541\Debug\Ajuste de Curva.a(UART_1_IntClock.o)
 .debug_info    0x00004c02       0x8a .\CortexM3\ARM_GCC_541\Debug\Ajuste de Curva.a(CyBootAsmGnu.o)
 .debug_info    0x00004c8c      0x64d .\CortexM3\ARM_GCC_541\Debug\Ajuste de Curva.a(CyFlash.o)
 .debug_info    0x000052d9      0x550 .\CortexM3\ARM_GCC_541\Debug\Ajuste de Curva.a(CySpc.o)

.debug_abbrev   0x00000000     0x1846
 *(.debug_abbrev)
 .debug_abbrev  0x00000000      0x188 .\CortexM3\ARM_GCC_541\Debug\main.o
 .debug_abbrev  0x00000188      0x20d .\CortexM3\ARM_GCC_541\Debug\cyfitter_cfg.o
 .debug_abbrev  0x00000395       0x77 .\CortexM3\ARM_GCC_541\Debug\cymetadata.o
 .debug_abbrev  0x0000040c      0x1e8 .\CortexM3\ARM_GCC_541\Debug\Cm3Start.o
 .debug_abbrev  0x000005f4      0x14b .\CortexM3\ARM_GCC_541\Debug\Ajuste de Curva.a(Timer_1.o)
 .debug_abbrev  0x0000073f      0x128 .\CortexM3\ARM_GCC_541\Debug\Ajuste de Curva.a(QuadDec_1.o)
 .debug_abbrev  0x00000867       0x78 .\CortexM3\ARM_GCC_541\Debug\Ajuste de Curva.a(QuadDec_1_INT.o)
 .debug_abbrev  0x000008df      0x173 .\CortexM3\ARM_GCC_541\Debug\Ajuste de Curva.a(isr_1.o)
 .debug_abbrev  0x00000a52      0x117 .\CortexM3\ARM_GCC_541\Debug\Ajuste de Curva.a(QuadDec_1_Cnt16.o)
 .debug_abbrev  0x00000b69      0x254 .\CortexM3\ARM_GCC_541\Debug\Ajuste de Curva.a(CyLib.o)
 .debug_abbrev  0x00000dbd      0x1ab .\CortexM3\ARM_GCC_541\Debug\Ajuste de Curva.a(cyPm.o)
 .debug_abbrev  0x00000f68       0x8e .\CortexM3\ARM_GCC_541\Debug\Ajuste de Curva.a(cyutils.o)
 .debug_abbrev  0x00000ff6      0x133 .\CortexM3\ARM_GCC_541\Debug\Ajuste de Curva.a(PWM_Motor.o)
 .debug_abbrev  0x00001129       0x90 .\CortexM3\ARM_GCC_541\Debug\Ajuste de Curva.a(Pin_IN1.o)
 .debug_abbrev  0x000011b9       0x90 .\CortexM3\ARM_GCC_541\Debug\Ajuste de Curva.a(Pin_IN2.o)
 .debug_abbrev  0x00001249      0x175 .\CortexM3\ARM_GCC_541\Debug\Ajuste de Curva.a(UART_1.o)
 .debug_abbrev  0x000013be      0x139 .\CortexM3\ARM_GCC_541\Debug\Ajuste de Curva.a(UART_1_IntClock.o)
 .debug_abbrev  0x000014f7       0x14 .\CortexM3\ARM_GCC_541\Debug\Ajuste de Curva.a(CyBootAsmGnu.o)
 .debug_abbrev  0x0000150b      0x1a7 .\CortexM3\ARM_GCC_541\Debug\Ajuste de Curva.a(CyFlash.o)
 .debug_abbrev  0x000016b2      0x194 .\CortexM3\ARM_GCC_541\Debug\Ajuste de Curva.a(CySpc.o)

.debug_line     0x00000000     0x255f
 *(.debug_line)
 .debug_line    0x00000000      0x2da .\CortexM3\ARM_GCC_541\Debug\main.o
 .debug_line    0x000002da      0x1e1 .\CortexM3\ARM_GCC_541\Debug\cyfitter_cfg.o
 .debug_line    0x000004bb      0x113 .\CortexM3\ARM_GCC_541\Debug\cymetadata.o
 .debug_line    0x000005ce      0x206 .\CortexM3\ARM_GCC_541\Debug\Cm3Start.o
 .debug_line    0x000007d4      0x172 .\CortexM3\ARM_GCC_541\Debug\Ajuste de Curva.a(Timer_1.o)
 .debug_line    0x00000946      0x13d .\CortexM3\ARM_GCC_541\Debug\Ajuste de Curva.a(QuadDec_1.o)
 .debug_line    0x00000a83       0x6c .\CortexM3\ARM_GCC_541\Debug\Ajuste de Curva.a(QuadDec_1_INT.o)
 .debug_line    0x00000aef      0x132 .\CortexM3\ARM_GCC_541\Debug\Ajuste de Curva.a(isr_1.o)
 .debug_line    0x00000c21      0x18f .\CortexM3\ARM_GCC_541\Debug\Ajuste de Curva.a(QuadDec_1_Cnt16.o)
 .debug_line    0x00000db0      0x816 .\CortexM3\ARM_GCC_541\Debug\Ajuste de Curva.a(CyLib.o)
 .debug_line    0x000015c6      0x367 .\CortexM3\ARM_GCC_541\Debug\Ajuste de Curva.a(cyPm.o)
 .debug_line    0x0000192d       0x60 .\CortexM3\ARM_GCC_541\Debug\Ajuste de Curva.a(cyutils.o)
 .debug_line    0x0000198d      0x18c .\CortexM3\ARM_GCC_541\Debug\Ajuste de Curva.a(PWM_Motor.o)
 .debug_line    0x00001b19       0x94 .\CortexM3\ARM_GCC_541\Debug\Ajuste de Curva.a(Pin_IN1.o)
 .debug_line    0x00001bad       0x94 .\CortexM3\ARM_GCC_541\Debug\Ajuste de Curva.a(Pin_IN2.o)
 .debug_line    0x00001c41      0x2c0 .\CortexM3\ARM_GCC_541\Debug\Ajuste de Curva.a(UART_1.o)
 .debug_line    0x00001f01      0x17e .\CortexM3\ARM_GCC_541\Debug\Ajuste de Curva.a(UART_1_IntClock.o)
 .debug_line    0x0000207f       0x66 .\CortexM3\ARM_GCC_541\Debug\Ajuste de Curva.a(CyBootAsmGnu.o)
 .debug_line    0x000020e5      0x21a .\CortexM3\ARM_GCC_541\Debug\Ajuste de Curva.a(CyFlash.o)
 .debug_line    0x000022ff      0x260 .\CortexM3\ARM_GCC_541\Debug\Ajuste de Curva.a(CySpc.o)

.debug_frame    0x00000000     0x219c
 *(.debug_frame)
 .debug_frame   0x00000000      0x104 .\CortexM3\ARM_GCC_541\Debug\main.o
 .debug_frame   0x00000104       0xe4 .\CortexM3\ARM_GCC_541\Debug\cyfitter_cfg.o
 .debug_frame   0x000001e8       0xb8 .\CortexM3\ARM_GCC_541\Debug\Cm3Start.o
 .debug_frame   0x000002a0      0x13c .\CortexM3\ARM_GCC_541\Debug\Ajuste de Curva.a(Timer_1.o)
 .debug_frame   0x000003dc       0xec .\CortexM3\ARM_GCC_541\Debug\Ajuste de Curva.a(QuadDec_1.o)
 .debug_frame   0x000004c8       0x20 .\CortexM3\ARM_GCC_541\Debug\Ajuste de Curva.a(QuadDec_1_INT.o)
 .debug_frame   0x000004e8      0x104 .\CortexM3\ARM_GCC_541\Debug\Ajuste de Curva.a(isr_1.o)
 .debug_frame   0x000005ec      0x134 .\CortexM3\ARM_GCC_541\Debug\Ajuste de Curva.a(QuadDec_1_Cnt16.o)
 .debug_frame   0x00000720      0x738 .\CortexM3\ARM_GCC_541\Debug\Ajuste de Curva.a(CyLib.o)
 .debug_frame   0x00000e58      0x1f8 .\CortexM3\ARM_GCC_541\Debug\Ajuste de Curva.a(cyPm.o)
 .debug_frame   0x00001050       0x20 .\CortexM3\ARM_GCC_541\Debug\Ajuste de Curva.a(cyutils.o)
 .debug_frame   0x00001070      0x134 .\CortexM3\ARM_GCC_541\Debug\Ajuste de Curva.a(PWM_Motor.o)
 .debug_frame   0x000011a4       0x50 .\CortexM3\ARM_GCC_541\Debug\Ajuste de Curva.a(Pin_IN1.o)
 .debug_frame   0x000011f4       0x50 .\CortexM3\ARM_GCC_541\Debug\Ajuste de Curva.a(Pin_IN2.o)
 .debug_frame   0x00001244      0x250 .\CortexM3\ARM_GCC_541\Debug\Ajuste de Curva.a(UART_1.o)
 .debug_frame   0x00001494       0xe0 .\CortexM3\ARM_GCC_541\Debug\Ajuste de Curva.a(UART_1_IntClock.o)
 .debug_frame   0x00001574      0x194 .\CortexM3\ARM_GCC_541\Debug\Ajuste de Curva.a(CyFlash.o)
 .debug_frame   0x00001708      0x180 .\CortexM3\ARM_GCC_541\Debug\Ajuste de Curva.a(CySpc.o)
 .debug_frame   0x00001888       0x20 d:/psoc/psoc creator/4.4/psoc creator/import/gnu/arm/5.4.1/bin/../lib/gcc/arm-none-eabi/5.4.1/../../../../arm-none-eabi/lib/armv7-m\libg_nano.a(lib_a-atof.o)
 .debug_frame   0x000018a8       0x20 d:/psoc/psoc creator/4.4/psoc creator/import/gnu/arm/5.4.1/bin/../lib/gcc/arm-none-eabi/5.4.1/../../../../arm-none-eabi/lib/armv7-m\libg_nano.a(lib_a-errno.o)
 .debug_frame   0x000018c8       0x28 d:/psoc/psoc creator/4.4/psoc creator/import/gnu/arm/5.4.1/bin/../lib/gcc/arm-none-eabi/5.4.1/../../../../arm-none-eabi/lib/armv7-m\libg_nano.a(lib_a-exit.o)
 .debug_frame   0x000018f0       0x2c d:/psoc/psoc creator/4.4/psoc creator/import/gnu/arm/5.4.1/bin/../lib/gcc/arm-none-eabi/5.4.1/../../../../arm-none-eabi/lib/armv7-m\libg_nano.a(lib_a-init.o)
 .debug_frame   0x0000191c       0x28 d:/psoc/psoc creator/4.4/psoc creator/import/gnu/arm/5.4.1/bin/../lib/gcc/arm-none-eabi/5.4.1/../../../../arm-none-eabi/lib/armv7-m\libg_nano.a(lib_a-memcpy-stub.o)
 .debug_frame   0x00001944       0x20 d:/psoc/psoc creator/4.4/psoc creator/import/gnu/arm/5.4.1/bin/../lib/gcc/arm-none-eabi/5.4.1/../../../../arm-none-eabi/lib/armv7-m\libg_nano.a(lib_a-memset.o)
 .debug_frame   0x00001964       0x70 d:/psoc/psoc creator/4.4/psoc creator/import/gnu/arm/5.4.1/bin/../lib/gcc/arm-none-eabi/5.4.1/../../../../arm-none-eabi/lib/armv7-m\libg_nano.a(lib_a-sprintf.o)
 .debug_frame   0x000019d4       0x98 d:/psoc/psoc creator/4.4/psoc creator/import/gnu/arm/5.4.1/bin/../lib/gcc/arm-none-eabi/5.4.1/../../../../arm-none-eabi/lib/armv7-m\libg_nano.a(lib_a-strtod.o)
 .debug_frame   0x00001a6c       0x70 d:/psoc/psoc creator/4.4/psoc creator/import/gnu/arm/5.4.1/bin/../lib/gcc/arm-none-eabi/5.4.1/../../../../arm-none-eabi/lib/armv7-m\libg_nano.a(lib_a-gdtoa-gethex.o)
 .debug_frame   0x00001adc       0x74 d:/psoc/psoc creator/4.4/psoc creator/import/gnu/arm/5.4.1/bin/../lib/gcc/arm-none-eabi/5.4.1/../../../../arm-none-eabi/lib/armv7-m\libg_nano.a(lib_a-gdtoa-hexnan.o)
 .debug_frame   0x00001b50       0x98 d:/psoc/psoc creator/4.4/psoc creator/import/gnu/arm/5.4.1/bin/../lib/gcc/arm-none-eabi/5.4.1/../../../../arm-none-eabi/lib/armv7-m\libg_nano.a(lib_a-locale.o)
 .debug_frame   0x00001be8      0x234 d:/psoc/psoc creator/4.4/psoc creator/import/gnu/arm/5.4.1/bin/../lib/gcc/arm-none-eabi/5.4.1/../../../../arm-none-eabi/lib/armv7-m\libg_nano.a(lib_a-mprec.o)
 .debug_frame   0x00001e1c       0x2c d:/psoc/psoc creator/4.4/psoc creator/import/gnu/arm/5.4.1/bin/../lib/gcc/arm-none-eabi/5.4.1/../../../../arm-none-eabi/lib/armv7-m\libg_nano.a(lib_a-nano-callocr.o)
 .debug_frame   0x00001e48       0x2c d:/psoc/psoc creator/4.4/psoc creator/import/gnu/arm/5.4.1/bin/../lib/gcc/arm-none-eabi/5.4.1/../../../../arm-none-eabi/lib/armv7-m\libg_nano.a(lib_a-nano-mallocr.o)
 .debug_frame   0x00001e74       0x90 d:/psoc/psoc creator/4.4/psoc creator/import/gnu/arm/5.4.1/bin/../lib/gcc/arm-none-eabi/5.4.1/../../../../arm-none-eabi/lib/armv7-m\libg_nano.a(lib_a-nano-svfprintf.o)
 .debug_frame   0x00001f04       0x60 d:/psoc/psoc creator/4.4/psoc creator/import/gnu/arm/5.4.1/bin/../lib/gcc/arm-none-eabi/5.4.1/../../../../arm-none-eabi/lib/armv7-m\libg_nano.a(lib_a-nano-vfprintf_i.o)
 .debug_frame   0x00001f64       0x2c d:/psoc/psoc creator/4.4/psoc creator/import/gnu/arm/5.4.1/bin/../lib/gcc/arm-none-eabi/5.4.1/../../../../arm-none-eabi/lib/armv7-m\libg_nano.a(lib_a-sbrkr.o)
 .debug_frame   0x00001f90       0x20 d:/psoc/psoc creator/4.4/psoc creator/import/gnu/arm/5.4.1/bin/../lib/gcc/arm-none-eabi/5.4.1/../../../../arm-none-eabi/lib/armv7-m\libg_nano.a(lib_a-sf_nan.o)
 .debug_frame   0x00001fb0       0x20 d:/psoc/psoc creator/4.4/psoc creator/import/gnu/arm/5.4.1/bin/../lib/gcc/arm-none-eabi/5.4.1/../../../../arm-none-eabi/lib/armv7-m\libg_nano.a(lib_a-strcmp.o)
 .debug_frame   0x00001fd0       0x2c d:/psoc/psoc creator/4.4/psoc creator/import/gnu/arm/5.4.1/bin/../lib/gcc/arm-none-eabi/5.4.1/../../../../arm-none-eabi/lib/armv7-m\libg_nano.a(lib_a-strncmp.o)
 .debug_frame   0x00001ffc       0x30 d:/psoc/psoc creator/4.4/psoc creator/import/gnu/arm/5.4.1/bin/../lib/gcc/arm-none-eabi/5.4.1/../../../../arm-none-eabi/lib/armv7-m\libg_nano.a(lib_a-malloc.o)
 .debug_frame   0x0000202c       0x28 d:/psoc/psoc creator/4.4/psoc creator/import/gnu/arm/5.4.1/bin/../lib/gcc/arm-none-eabi/5.4.1/../../../../arm-none-eabi/lib/armv7-m\libg_nano.a(lib_a-memchr-stub.o)
 .debug_frame   0x00002054       0x28 d:/psoc/psoc creator/4.4/psoc creator/import/gnu/arm/5.4.1/bin/../lib/gcc/arm-none-eabi/5.4.1/../../../../arm-none-eabi/lib/armv7-m\libg_nano.a(lib_a-memmove.o)
 .debug_frame   0x0000207c       0x30 d:/psoc/psoc creator/4.4/psoc creator/import/gnu/arm/5.4.1/bin/../lib/gcc/arm-none-eabi/5.4.1/../../../../arm-none-eabi/lib/armv7-m\libg_nano.a(lib_a-mlock.o)
 .debug_frame   0x000020ac       0x38 d:/psoc/psoc creator/4.4/psoc creator/import/gnu/arm/5.4.1/bin/../lib/gcc/arm-none-eabi/5.4.1/../../../../arm-none-eabi/lib/armv7-m\libg_nano.a(lib_a-nano-freer.o)
 .debug_frame   0x000020e4       0x3c d:/psoc/psoc creator/4.4/psoc creator/import/gnu/arm/5.4.1/bin/../lib/gcc/arm-none-eabi/5.4.1/../../../../arm-none-eabi/lib/armv7-m\libg_nano.a(lib_a-nano-reallocr.o)
 .debug_frame   0x00002120       0x5c d:/psoc/psoc creator/4.4/psoc creator/import/gnu/arm/5.4.1/bin/../lib/gcc/arm-none-eabi/5.4.1/../../../../arm-none-eabi/lib/armv7-m\libg_nano.a(lib_a-reent.o)
 .debug_frame   0x0000217c       0x20 d:/psoc/psoc creator/4.4/psoc creator/import/gnu/arm/5.4.1/bin/../lib/gcc/arm-none-eabi/5.4.1/../../../../arm-none-eabi/lib/armv7-m\libg_nano.a(lib_a-nano-msizer.o)

.debug_str      0x00000000     0x2141
 *(.debug_str)
 .debug_str     0x00000000      0x356 .\CortexM3\ARM_GCC_541\Debug\main.o
                                0x3af (size before relaxing)
 .debug_str     0x00000356      0x1a9 .\CortexM3\ARM_GCC_541\Debug\cyfitter_cfg.o
                                0x344 (size before relaxing)
 .debug_str     0x000004ff       0x7f .\CortexM3\ARM_GCC_541\Debug\cymetadata.o
                                0x1de (size before relaxing)
 .debug_str     0x0000057e      0x13e .\CortexM3\ARM_GCC_541\Debug\Cm3Start.o
                                0x304 (size before relaxing)
 .debug_str     0x000006bc      0x1ae .\CortexM3\ARM_GCC_541\Debug\Ajuste de Curva.a(Timer_1.o)
                                0x364 (size before relaxing)
 .debug_str     0x0000086a      0x186 .\CortexM3\ARM_GCC_541\Debug\Ajuste de Curva.a(QuadDec_1.o)
                                0x384 (size before relaxing)
 .debug_str     0x000009f0       0x48 .\CortexM3\ARM_GCC_541\Debug\Ajuste de Curva.a(QuadDec_1_INT.o)
                                0x1e8 (size before relaxing)
 .debug_str     0x00000a38       0xf0 .\CortexM3\ARM_GCC_541\Debug\Ajuste de Curva.a(isr_1.o)
                                0x2a0 (size before relaxing)
 .debug_str     0x00000b28      0x1db .\CortexM3\ARM_GCC_541\Debug\Ajuste de Curva.a(QuadDec_1_Cnt16.o)
                                0x410 (size before relaxing)
 .debug_str     0x00000d03      0x7d3 .\CortexM3\ARM_GCC_541\Debug\Ajuste de Curva.a(CyLib.o)
                                0xa41 (size before relaxing)
 .debug_str     0x000014d6      0x365 .\CortexM3\ARM_GCC_541\Debug\Ajuste de Curva.a(cyPm.o)
                                0x72d (size before relaxing)
 .debug_str     0x0000183b       0x2e .\CortexM3\ARM_GCC_541\Debug\Ajuste de Curva.a(cyutils.o)
                                0x1ac (size before relaxing)
 .debug_str     0x00001869      0x191 .\CortexM3\ARM_GCC_541\Debug\Ajuste de Curva.a(PWM_Motor.o)
                                0x3a4 (size before relaxing)
 .debug_str     0x000019fa       0x62 .\CortexM3\ARM_GCC_541\Debug\Ajuste de Curva.a(Pin_IN1.o)
                                0x1e6 (size before relaxing)
 .debug_str     0x00001a5c       0x57 .\CortexM3\ARM_GCC_541\Debug\Ajuste de Curva.a(Pin_IN2.o)
                                0x1e6 (size before relaxing)
 .debug_str     0x00001ab3      0x290 .\CortexM3\ARM_GCC_541\Debug\Ajuste de Curva.a(UART_1.o)
                                0x4ad (size before relaxing)
 .debug_str     0x00001d43      0x197 .\CortexM3\ARM_GCC_541\Debug\Ajuste de Curva.a(UART_1_IntClock.o)
                                0x348 (size before relaxing)
 .debug_str     0x00001eda      0x1bb .\CortexM3\ARM_GCC_541\Debug\Ajuste de Curva.a(CyFlash.o)
                                0x3ba (size before relaxing)
 .debug_str     0x00002095       0xac .\CortexM3\ARM_GCC_541\Debug\Ajuste de Curva.a(CySpc.o)
                                0x332 (size before relaxing)

.debug_loc      0x00000000     0x22a7
 *(.debug_loc)
 .debug_loc     0x00000000      0x21a .\CortexM3\ARM_GCC_541\Debug\main.o
 .debug_loc     0x0000021a      0x288 .\CortexM3\ARM_GCC_541\Debug\cyfitter_cfg.o
 .debug_loc     0x000004a2      0x144 .\CortexM3\ARM_GCC_541\Debug\Cm3Start.o
 .debug_loc     0x000005e6       0x6b .\CortexM3\ARM_GCC_541\Debug\Ajuste de Curva.a(Timer_1.o)
 .debug_loc     0x00000651       0xb9 .\CortexM3\ARM_GCC_541\Debug\Ajuste de Curva.a(QuadDec_1.o)
 .debug_loc     0x0000070a       0x13 .\CortexM3\ARM_GCC_541\Debug\Ajuste de Curva.a(QuadDec_1_INT.o)
 .debug_loc     0x0000071d       0x56 .\CortexM3\ARM_GCC_541\Debug\Ajuste de Curva.a(isr_1.o)
 .debug_loc     0x00000773       0x3d .\CortexM3\ARM_GCC_541\Debug\Ajuste de Curva.a(QuadDec_1_Cnt16.o)
 .debug_loc     0x000007b0      0xa11 .\CortexM3\ARM_GCC_541\Debug\Ajuste de Curva.a(CyLib.o)
 .debug_loc     0x000011c1      0x1e4 .\CortexM3\ARM_GCC_541\Debug\Ajuste de Curva.a(cyPm.o)
 .debug_loc     0x000013a5       0x21 .\CortexM3\ARM_GCC_541\Debug\Ajuste de Curva.a(cyutils.o)
 .debug_loc     0x000013c6       0x26 .\CortexM3\ARM_GCC_541\Debug\Ajuste de Curva.a(PWM_Motor.o)
 .debug_loc     0x000013ec       0x42 .\CortexM3\ARM_GCC_541\Debug\Ajuste de Curva.a(Pin_IN1.o)
 .debug_loc     0x0000142e       0x42 .\CortexM3\ARM_GCC_541\Debug\Ajuste de Curva.a(Pin_IN2.o)
 .debug_loc     0x00001470      0x258 .\CortexM3\ARM_GCC_541\Debug\Ajuste de Curva.a(UART_1.o)
 .debug_loc     0x000016c8      0x128 .\CortexM3\ARM_GCC_541\Debug\Ajuste de Curva.a(UART_1_IntClock.o)
 .debug_loc     0x000017f0      0x3b2 .\CortexM3\ARM_GCC_541\Debug\Ajuste de Curva.a(CyFlash.o)
 .debug_loc     0x00001ba2      0x705 .\CortexM3\ARM_GCC_541\Debug\Ajuste de Curva.a(CySpc.o)

.debug_macinfo
 *(.debug_macinfo)

.debug_ranges   0x00000000      0x8c8
 *(.debug_ranges)
 .debug_ranges  0x00000000       0x48 .\CortexM3\ARM_GCC_541\Debug\main.o
 .debug_ranges  0x00000048       0x48 .\CortexM3\ARM_GCC_541\Debug\cyfitter_cfg.o
 .debug_ranges  0x00000090       0x38 .\CortexM3\ARM_GCC_541\Debug\Cm3Start.o
 .debug_ranges  0x000000c8       0x80 .\CortexM3\ARM_GCC_541\Debug\Ajuste de Curva.a(Timer_1.o)
 .debug_ranges  0x00000148       0x50 .\CortexM3\ARM_GCC_541\Debug\Ajuste de Curva.a(QuadDec_1.o)
 .debug_ranges  0x00000198       0x10 .\CortexM3\ARM_GCC_541\Debug\Ajuste de Curva.a(QuadDec_1_INT.o)
 .debug_ranges  0x000001a8       0x70 .\CortexM3\ARM_GCC_541\Debug\Ajuste de Curva.a(isr_1.o)
 .debug_ranges  0x00000218       0x88 .\CortexM3\ARM_GCC_541\Debug\Ajuste de Curva.a(QuadDec_1_Cnt16.o)
 .debug_ranges  0x000002a0      0x290 .\CortexM3\ARM_GCC_541\Debug\Ajuste de Curva.a(CyLib.o)
 .debug_ranges  0x00000530       0x88 .\CortexM3\ARM_GCC_541\Debug\Ajuste de Curva.a(cyPm.o)
 .debug_ranges  0x000005b8       0x10 .\CortexM3\ARM_GCC_541\Debug\Ajuste de Curva.a(cyutils.o)
 .debug_ranges  0x000005c8       0x88 .\CortexM3\ARM_GCC_541\Debug\Ajuste de Curva.a(PWM_Motor.o)
 .debug_ranges  0x00000650       0x28 .\CortexM3\ARM_GCC_541\Debug\Ajuste de Curva.a(Pin_IN1.o)
 .debug_ranges  0x00000678       0x28 .\CortexM3\ARM_GCC_541\Debug\Ajuste de Curva.a(Pin_IN2.o)
 .debug_ranges  0x000006a0       0xe0 .\CortexM3\ARM_GCC_541\Debug\Ajuste de Curva.a(UART_1.o)
 .debug_ranges  0x00000780       0x60 .\CortexM3\ARM_GCC_541\Debug\Ajuste de Curva.a(UART_1_IntClock.o)
 .debug_ranges  0x000007e0       0x78 .\CortexM3\ARM_GCC_541\Debug\Ajuste de Curva.a(CyFlash.o)
 .debug_ranges  0x00000858       0x70 .\CortexM3\ARM_GCC_541\Debug\Ajuste de Curva.a(CySpc.o)

.comment        0x00000000       0x6e
 .comment       0x00000000       0x6e .\CortexM3\ARM_GCC_541\Debug\main.o
                                 0x6f (size before relaxing)
 .comment       0x0000006e       0x6f .\CortexM3\ARM_GCC_541\Debug\cyfitter_cfg.o
 .comment       0x0000006e       0x6f .\CortexM3\ARM_GCC_541\Debug\cymetadata.o
 .comment       0x0000006e       0x6f .\CortexM3\ARM_GCC_541\Debug\Cm3Start.o
 .comment       0x0000006e       0x6f .\CortexM3\ARM_GCC_541\Debug\Ajuste de Curva.a(Timer_1.o)
 .comment       0x0000006e       0x6f .\CortexM3\ARM_GCC_541\Debug\Ajuste de Curva.a(QuadDec_1.o)
 .comment       0x0000006e       0x6f .\CortexM3\ARM_GCC_541\Debug\Ajuste de Curva.a(QuadDec_1_INT.o)
 .comment       0x0000006e       0x6f .\CortexM3\ARM_GCC_541\Debug\Ajuste de Curva.a(isr_1.o)
 .comment       0x0000006e       0x6f .\CortexM3\ARM_GCC_541\Debug\Ajuste de Curva.a(QuadDec_1_Cnt16.o)
 .comment       0x0000006e       0x6f .\CortexM3\ARM_GCC_541\Debug\Ajuste de Curva.a(CyLib.o)
 .comment       0x0000006e       0x6f .\CortexM3\ARM_GCC_541\Debug\Ajuste de Curva.a(cyPm.o)
 .comment       0x0000006e       0x6f .\CortexM3\ARM_GCC_541\Debug\Ajuste de Curva.a(cyutils.o)
 .comment       0x0000006e       0x6f .\CortexM3\ARM_GCC_541\Debug\Ajuste de Curva.a(PWM_Motor.o)
 .comment       0x0000006e       0x6f .\CortexM3\ARM_GCC_541\Debug\Ajuste de Curva.a(Pin_IN1.o)
 .comment       0x0000006e       0x6f .\CortexM3\ARM_GCC_541\Debug\Ajuste de Curva.a(Pin_IN2.o)
 .comment       0x0000006e       0x6f .\CortexM3\ARM_GCC_541\Debug\Ajuste de Curva.a(UART_1.o)
 .comment       0x0000006e       0x6f .\CortexM3\ARM_GCC_541\Debug\Ajuste de Curva.a(UART_1_IntClock.o)
 .comment       0x0000006e       0x6f .\CortexM3\ARM_GCC_541\Debug\Ajuste de Curva.a(CyFlash.o)
 .comment       0x0000006e       0x6f .\CortexM3\ARM_GCC_541\Debug\Ajuste de Curva.a(CySpc.o)

.debug_weaknames
 *(.debug_weaknames)

.debug_funcnames
 *(.debug_funcnames)

.debug_typenames
 *(.debug_typenames)

.debug_varnames
 *(.debug_varnames)

.note.gnu.arm.ident
 *(.note.gnu.arm.ident)

.ARM.attributes
                0x00000000       0x29
 *(.ARM.attributes)
 .ARM.attributes
                0x00000000       0x1d d:/psoc/psoc creator/4.4/psoc creator/import/gnu/arm/5.4.1/bin/../lib/gcc/arm-none-eabi/5.4.1/armv7-m/crti.o
 .ARM.attributes
                0x0000001d       0x2d d:/psoc/psoc creator/4.4/psoc creator/import/gnu/arm/5.4.1/bin/../lib/gcc/arm-none-eabi/5.4.1/armv7-m/crtbegin.o
 .ARM.attributes
                0x0000004a       0x1b d:/psoc/psoc creator/4.4/psoc creator/import/gnu/arm/5.4.1/bin/../lib/gcc/arm-none-eabi/5.4.1/../../../../arm-none-eabi/lib/armv7-m/crt0.o
 .ARM.attributes
                0x00000065       0x33 .\CortexM3\ARM_GCC_541\Debug\main.o
 .ARM.attributes
                0x00000098       0x33 .\CortexM3\ARM_GCC_541\Debug\cyfitter_cfg.o
 .ARM.attributes
                0x000000cb       0x33 .\CortexM3\ARM_GCC_541\Debug\cymetadata.o
 .ARM.attributes
                0x000000fe       0x33 .\CortexM3\ARM_GCC_541\Debug\Cm3Start.o
 .ARM.attributes
                0x00000131       0x33 .\CortexM3\ARM_GCC_541\Debug\Ajuste de Curva.a(Timer_1.o)
 .ARM.attributes
                0x00000164       0x33 .\CortexM3\ARM_GCC_541\Debug\Ajuste de Curva.a(QuadDec_1.o)
 .ARM.attributes
                0x00000197       0x33 .\CortexM3\ARM_GCC_541\Debug\Ajuste de Curva.a(QuadDec_1_INT.o)
 .ARM.attributes
                0x000001ca       0x33 .\CortexM3\ARM_GCC_541\Debug\Ajuste de Curva.a(isr_1.o)
 .ARM.attributes
                0x000001fd       0x33 .\CortexM3\ARM_GCC_541\Debug\Ajuste de Curva.a(QuadDec_1_Cnt16.o)
 .ARM.attributes
                0x00000230       0x33 .\CortexM3\ARM_GCC_541\Debug\Ajuste de Curva.a(CyLib.o)
 .ARM.attributes
                0x00000263       0x33 .\CortexM3\ARM_GCC_541\Debug\Ajuste de Curva.a(cyPm.o)
 .ARM.attributes
                0x00000296       0x33 .\CortexM3\ARM_GCC_541\Debug\Ajuste de Curva.a(cyutils.o)
 .ARM.attributes
                0x000002c9       0x33 .\CortexM3\ARM_GCC_541\Debug\Ajuste de Curva.a(PWM_Motor.o)
 .ARM.attributes
                0x000002fc       0x33 .\CortexM3\ARM_GCC_541\Debug\Ajuste de Curva.a(Pin_IN1.o)
 .ARM.attributes
                0x0000032f       0x33 .\CortexM3\ARM_GCC_541\Debug\Ajuste de Curva.a(Pin_IN2.o)
 .ARM.attributes
                0x00000362       0x33 .\CortexM3\ARM_GCC_541\Debug\Ajuste de Curva.a(UART_1.o)
 .ARM.attributes
                0x00000395       0x33 .\CortexM3\ARM_GCC_541\Debug\Ajuste de Curva.a(UART_1_IntClock.o)
 .ARM.attributes
                0x000003c8       0x21 .\CortexM3\ARM_GCC_541\Debug\Ajuste de Curva.a(CyBootAsmGnu.o)
 .ARM.attributes
                0x000003e9       0x33 .\CortexM3\ARM_GCC_541\Debug\Ajuste de Curva.a(CyFlash.o)
 .ARM.attributes
                0x0000041c       0x33 .\CortexM3\ARM_GCC_541\Debug\Ajuste de Curva.a(CySpc.o)
 .ARM.attributes
                0x0000044f       0x1d d:/psoc/psoc creator/4.4/psoc creator/import/gnu/arm/5.4.1/bin/../lib/gcc/arm-none-eabi/5.4.1/armv7-m\libgcc.a(_arm_truncdfsf2.o)
 .ARM.attributes
                0x0000046c       0x1d d:/psoc/psoc creator/4.4/psoc creator/import/gnu/arm/5.4.1/bin/../lib/gcc/arm-none-eabi/5.4.1/armv7-m\libgcc.a(_arm_addsubsf3.o)
 .ARM.attributes
                0x00000489       0x1d d:/psoc/psoc creator/4.4/psoc creator/import/gnu/arm/5.4.1/bin/../lib/gcc/arm-none-eabi/5.4.1/armv7-m\libgcc.a(_arm_muldivsf3.o)
 .ARM.attributes
                0x000004a6       0x1d d:/psoc/psoc creator/4.4/psoc creator/import/gnu/arm/5.4.1/bin/../lib/gcc/arm-none-eabi/5.4.1/armv7-m\libgcc.a(_arm_fixsfsi.o)
 .ARM.attributes
                0x000004c3       0x2d d:/psoc/psoc creator/4.4/psoc creator/import/gnu/arm/5.4.1/bin/../lib/gcc/arm-none-eabi/5.4.1/../../../../arm-none-eabi/lib/armv7-m\libg_nano.a(lib_a-atof.o)
 .ARM.attributes
                0x000004f0       0x2d d:/psoc/psoc creator/4.4/psoc creator/import/gnu/arm/5.4.1/bin/../lib/gcc/arm-none-eabi/5.4.1/../../../../arm-none-eabi/lib/armv7-m\libg_nano.a(lib_a-errno.o)
 .ARM.attributes
                0x0000051d       0x2d d:/psoc/psoc creator/4.4/psoc creator/import/gnu/arm/5.4.1/bin/../lib/gcc/arm-none-eabi/5.4.1/../../../../arm-none-eabi/lib/armv7-m\libg_nano.a(lib_a-exit.o)
 .ARM.attributes
                0x0000054a       0x2d d:/psoc/psoc creator/4.4/psoc creator/import/gnu/arm/5.4.1/bin/../lib/gcc/arm-none-eabi/5.4.1/../../../../arm-none-eabi/lib/armv7-m\libg_nano.a(lib_a-impure.o)
 .ARM.attributes
                0x00000577       0x2d d:/psoc/psoc creator/4.4/psoc creator/import/gnu/arm/5.4.1/bin/../lib/gcc/arm-none-eabi/5.4.1/../../../../arm-none-eabi/lib/armv7-m\libg_nano.a(lib_a-init.o)
 .ARM.attributes
                0x000005a4       0x2d d:/psoc/psoc creator/4.4/psoc creator/import/gnu/arm/5.4.1/bin/../lib/gcc/arm-none-eabi/5.4.1/../../../../arm-none-eabi/lib/armv7-m\libg_nano.a(lib_a-memcpy-stub.o)
 .ARM.attributes
                0x000005d1       0x2d d:/psoc/psoc creator/4.4/psoc creator/import/gnu/arm/5.4.1/bin/../lib/gcc/arm-none-eabi/5.4.1/../../../../arm-none-eabi/lib/armv7-m\libg_nano.a(lib_a-memset.o)
 .ARM.attributes
                0x000005fe       0x2d d:/psoc/psoc creator/4.4/psoc creator/import/gnu/arm/5.4.1/bin/../lib/gcc/arm-none-eabi/5.4.1/../../../../arm-none-eabi/lib/armv7-m\libg_nano.a(lib_a-sprintf.o)
 .ARM.attributes
                0x0000062b       0x2d d:/psoc/psoc creator/4.4/psoc creator/import/gnu/arm/5.4.1/bin/../lib/gcc/arm-none-eabi/5.4.1/../../../../arm-none-eabi/lib/armv7-m\libg_nano.a(lib_a-strtod.o)
 .ARM.attributes
                0x00000658       0x2d d:/psoc/psoc creator/4.4/psoc creator/import/gnu/arm/5.4.1/bin/../lib/gcc/arm-none-eabi/5.4.1/../../../../arm-none-eabi/lib/armv7-m\libg_nano.a(lib_a-gdtoa-gethex.o)
 .ARM.attributes
                0x00000685       0x2d d:/psoc/psoc creator/4.4/psoc creator/import/gnu/arm/5.4.1/bin/../lib/gcc/arm-none-eabi/5.4.1/../../../../arm-none-eabi/lib/armv7-m\libg_nano.a(lib_a-gdtoa-hexnan.o)
 .ARM.attributes
                0x000006b2       0x2d d:/psoc/psoc creator/4.4/psoc creator/import/gnu/arm/5.4.1/bin/../lib/gcc/arm-none-eabi/5.4.1/../../../../arm-none-eabi/lib/armv7-m\libg_nano.a(lib_a-locale.o)
 .ARM.attributes
                0x000006df       0x2d d:/psoc/psoc creator/4.4/psoc creator/import/gnu/arm/5.4.1/bin/../lib/gcc/arm-none-eabi/5.4.1/../../../../arm-none-eabi/lib/armv7-m\libg_nano.a(lib_a-mprec.o)
 .ARM.attributes
                0x0000070c       0x2d d:/psoc/psoc creator/4.4/psoc creator/import/gnu/arm/5.4.1/bin/../lib/gcc/arm-none-eabi/5.4.1/../../../../arm-none-eabi/lib/armv7-m\libg_nano.a(lib_a-nano-callocr.o)
 .ARM.attributes
                0x00000739       0x2d d:/psoc/psoc creator/4.4/psoc creator/import/gnu/arm/5.4.1/bin/../lib/gcc/arm-none-eabi/5.4.1/../../../../arm-none-eabi/lib/armv7-m\libg_nano.a(lib_a-nano-mallocr.o)
 .ARM.attributes
                0x00000766       0x2d d:/psoc/psoc creator/4.4/psoc creator/import/gnu/arm/5.4.1/bin/../lib/gcc/arm-none-eabi/5.4.1/../../../../arm-none-eabi/lib/armv7-m\libg_nano.a(lib_a-nano-svfprintf.o)
 .ARM.attributes
                0x00000793       0x2d d:/psoc/psoc creator/4.4/psoc creator/import/gnu/arm/5.4.1/bin/../lib/gcc/arm-none-eabi/5.4.1/../../../../arm-none-eabi/lib/armv7-m\libg_nano.a(lib_a-nano-vfprintf_i.o)
 .ARM.attributes
                0x000007c0       0x2d d:/psoc/psoc creator/4.4/psoc creator/import/gnu/arm/5.4.1/bin/../lib/gcc/arm-none-eabi/5.4.1/../../../../arm-none-eabi/lib/armv7-m\libg_nano.a(lib_a-sbrkr.o)
 .ARM.attributes
                0x000007ed       0x2d d:/psoc/psoc creator/4.4/psoc creator/import/gnu/arm/5.4.1/bin/../lib/gcc/arm-none-eabi/5.4.1/../../../../arm-none-eabi/lib/armv7-m\libg_nano.a(lib_a-sf_nan.o)
 .ARM.attributes
                0x0000081a       0x1b d:/psoc/psoc creator/4.4/psoc creator/import/gnu/arm/5.4.1/bin/../lib/gcc/arm-none-eabi/5.4.1/../../../../arm-none-eabi/lib/armv7-m\libg_nano.a(lib_a-strcmp.o)
 .ARM.attributes
                0x00000835       0x17 d:/psoc/psoc creator/4.4/psoc creator/import/gnu/arm/5.4.1/bin/../lib/gcc/arm-none-eabi/5.4.1/../../../../arm-none-eabi/lib/armv7-m\libg_nano.a(lib_a-strlen.o)
 .ARM.attributes
                0x0000084c       0x2d d:/psoc/psoc creator/4.4/psoc creator/import/gnu/arm/5.4.1/bin/../lib/gcc/arm-none-eabi/5.4.1/../../../../arm-none-eabi/lib/armv7-m\libg_nano.a(lib_a-strncmp.o)
 .ARM.attributes
                0x00000879       0x2d d:/psoc/psoc creator/4.4/psoc creator/import/gnu/arm/5.4.1/bin/../lib/gcc/arm-none-eabi/5.4.1/../../../../arm-none-eabi/lib/armv7-m\libg_nano.a(lib_a-malloc.o)
 .ARM.attributes
                0x000008a6       0x2d d:/psoc/psoc creator/4.4/psoc creator/import/gnu/arm/5.4.1/bin/../lib/gcc/arm-none-eabi/5.4.1/../../../../arm-none-eabi/lib/armv7-m\libg_nano.a(lib_a-memchr-stub.o)
 .ARM.attributes
                0x000008d3       0x2d d:/psoc/psoc creator/4.4/psoc creator/import/gnu/arm/5.4.1/bin/../lib/gcc/arm-none-eabi/5.4.1/../../../../arm-none-eabi/lib/armv7-m\libg_nano.a(lib_a-memmove.o)
 .ARM.attributes
                0x00000900       0x2d d:/psoc/psoc creator/4.4/psoc creator/import/gnu/arm/5.4.1/bin/../lib/gcc/arm-none-eabi/5.4.1/../../../../arm-none-eabi/lib/armv7-m\libg_nano.a(lib_a-mlock.o)
 .ARM.attributes
                0x0000092d       0x2d d:/psoc/psoc creator/4.4/psoc creator/import/gnu/arm/5.4.1/bin/../lib/gcc/arm-none-eabi/5.4.1/../../../../arm-none-eabi/lib/armv7-m\libg_nano.a(lib_a-nano-freer.o)
 .ARM.attributes
                0x0000095a       0x2d d:/psoc/psoc creator/4.4/psoc creator/import/gnu/arm/5.4.1/bin/../lib/gcc/arm-none-eabi/5.4.1/../../../../arm-none-eabi/lib/armv7-m\libg_nano.a(lib_a-nano-reallocr.o)
 .ARM.attributes
                0x00000987       0x2d d:/psoc/psoc creator/4.4/psoc creator/import/gnu/arm/5.4.1/bin/../lib/gcc/arm-none-eabi/5.4.1/../../../../arm-none-eabi/lib/armv7-m\libg_nano.a(lib_a-reent.o)
 .ARM.attributes
                0x000009b4       0x2d d:/psoc/psoc creator/4.4/psoc creator/import/gnu/arm/5.4.1/bin/../lib/gcc/arm-none-eabi/5.4.1/../../../../arm-none-eabi/lib/armv7-m\libg_nano.a(lib_a-nano-msizer.o)
 .ARM.attributes
                0x000009e1       0x1d d:/psoc/psoc creator/4.4/psoc creator/import/gnu/arm/5.4.1/bin/../lib/gcc/arm-none-eabi/5.4.1/armv7-m\libgcc.a(_arm_addsubdf3.o)
 .ARM.attributes
                0x000009fe       0x1d d:/psoc/psoc creator/4.4/psoc creator/import/gnu/arm/5.4.1/bin/../lib/gcc/arm-none-eabi/5.4.1/armv7-m\libgcc.a(_arm_muldivdf3.o)
 .ARM.attributes
                0x00000a1b       0x1d d:/psoc/psoc creator/4.4/psoc creator/import/gnu/arm/5.4.1/bin/../lib/gcc/arm-none-eabi/5.4.1/armv7-m\libgcc.a(_arm_cmpdf2.o)
 .ARM.attributes
                0x00000a38       0x1d d:/psoc/psoc creator/4.4/psoc creator/import/gnu/arm/5.4.1/bin/../lib/gcc/arm-none-eabi/5.4.1/armv7-m\libgcc.a(_arm_unorddf2.o)
 .ARM.attributes
                0x00000a55       0x1d d:/psoc/psoc creator/4.4/psoc creator/import/gnu/arm/5.4.1/bin/../lib/gcc/arm-none-eabi/5.4.1/armv7-m\libgcc.a(_arm_fixdfsi.o)
 .ARM.attributes
                0x00000a72       0x1d d:/psoc/psoc creator/4.4/psoc creator/import/gnu/arm/5.4.1/bin/../lib/gcc/arm-none-eabi/5.4.1/armv7-m\libgcc.a(_arm_fixunsdfsi.o)
 .ARM.attributes
                0x00000a8f       0x2d d:/psoc/psoc creator/4.4/psoc creator/import/gnu/arm/5.4.1/bin/../lib/gcc/arm-none-eabi/5.4.1/armv7-m/crtend.o
 .ARM.attributes
                0x00000abc       0x1d d:/psoc/psoc creator/4.4/psoc creator/import/gnu/arm/5.4.1/bin/../lib/gcc/arm-none-eabi/5.4.1/armv7-m/crtn.o

/DISCARD/
 *(.note.GNU-stack)
OUTPUT(D:\PSoc\Auto\TPF\TPF_PenduloInvertido\Ajuste de Curva.cydsn\CortexM3\ARM_GCC_541\Debug\Ajuste de Curva.elf elf32-littlearm)
