Archive member included to satisfy reference by file (symbol)

.\CortexM3\ARM_GCC_541\Debug\3 - ControladorMotor.a(Timer_1.o)
                              .\CortexM3\ARM_GCC_541\Debug\motor.o (Timer_1_ReadStatusRegister)
.\CortexM3\ARM_GCC_541\Debug\3 - ControladorMotor.a(QuadDec_1.o)
                              .\CortexM3\ARM_GCC_541\Debug\motor.o (QuadDec_1_GetCounter)
.\CortexM3\ARM_GCC_541\Debug\3 - ControladorMotor.a(QuadDec_1_INT.o)
                              .\CortexM3\ARM_GCC_541\Debug\3 - ControladorMotor.a(QuadDec_1.o) (QuadDec_1_ISR)
.\CortexM3\ARM_GCC_541\Debug\3 - ControladorMotor.a(isr_1.o)
                              .\CortexM3\ARM_GCC_541\Debug\main.o (isr_1_StartEx)
.\CortexM3\ARM_GCC_541\Debug\3 - ControladorMotor.a(QuadDec_1_Cnt16.o)
                              .\CortexM3\ARM_GCC_541\Debug\3 - ControladorMotor.a(QuadDec_1.o) (QuadDec_1_Cnt16_Stop)
.\CortexM3\ARM_GCC_541\Debug\3 - ControladorMotor.a(CyLib.o)
                              .\CortexM3\ARM_GCC_541\Debug\Cm3Start.o (CyHalt)
.\CortexM3\ARM_GCC_541\Debug\3 - ControladorMotor.a(cyPm.o)
                              .\CortexM3\ARM_GCC_541\Debug\3 - ControladorMotor.a(CyLib.o) (CyPmReadStatus)
.\CortexM3\ARM_GCC_541\Debug\3 - ControladorMotor.a(cyutils.o)
                              .\CortexM3\ARM_GCC_541\Debug\3 - ControladorMotor.a(Timer_1.o) (CySetReg24)
.\CortexM3\ARM_GCC_541\Debug\3 - ControladorMotor.a(PWM_Motor.o)
                              .\CortexM3\ARM_GCC_541\Debug\motor.o (PWM_Motor_WriteCompare)
.\CortexM3\ARM_GCC_541\Debug\3 - ControladorMotor.a(Pin_IN1.o)
                              .\CortexM3\ARM_GCC_541\Debug\motor.o (Pin_IN1_Write)
.\CortexM3\ARM_GCC_541\Debug\3 - ControladorMotor.a(Pin_IN2.o)
                              .\CortexM3\ARM_GCC_541\Debug\motor.o (Pin_IN2_Write)
.\CortexM3\ARM_GCC_541\Debug\3 - ControladorMotor.a(UART_1.o)
                              .\CortexM3\ARM_GCC_541\Debug\main.o (UART_1_Start)
.\CortexM3\ARM_GCC_541\Debug\3 - ControladorMotor.a(UART_1_IntClock.o)
                              .\CortexM3\ARM_GCC_541\Debug\3 - ControladorMotor.a(UART_1.o) (UART_1_IntClock_Start)
.\CortexM3\ARM_GCC_541\Debug\3 - ControladorMotor.a(VDAC8_u.o)
                              .\CortexM3\ARM_GCC_541\Debug\motor.o (VDAC8_u_SetValue)
.\CortexM3\ARM_GCC_541\Debug\3 - ControladorMotor.a(CyBootAsmGnu.o)
                              .\CortexM3\ARM_GCC_541\Debug\cyfitter_cfg.o (CyDelayCycles)
.\CortexM3\ARM_GCC_541\Debug\3 - ControladorMotor.a(CyFlash.o)
                              .\CortexM3\ARM_GCC_541\Debug\3 - ControladorMotor.a(cyPm.o) (CyFlash_SetWaitCycles)
.\CortexM3\ARM_GCC_541\Debug\3 - ControladorMotor.a(CySpc.o)
                              .\CortexM3\ARM_GCC_541\Debug\3 - ControladorMotor.a(CyFlash.o) (CySpcStart)
d:/psoc/psoc creator/4.4/psoc creator/import/gnu/arm/5.4.1/bin/../lib/gcc/arm-none-eabi/5.4.1/armv7-m\libgcc.a(_arm_addsubsf3.o)
                              .\CortexM3\ARM_GCC_541\Debug\motor.o (__aeabi_fsub)
d:/psoc/psoc creator/4.4/psoc creator/import/gnu/arm/5.4.1/bin/../lib/gcc/arm-none-eabi/5.4.1/armv7-m\libgcc.a(_arm_muldivsf3.o)
                              .\CortexM3\ARM_GCC_541\Debug\main.o (__aeabi_fmul)
d:/psoc/psoc creator/4.4/psoc creator/import/gnu/arm/5.4.1/bin/../lib/gcc/arm-none-eabi/5.4.1/armv7-m\libgcc.a(_arm_cmpsf2.o)
                              .\CortexM3\ARM_GCC_541\Debug\motor.o (__aeabi_fcmplt)
d:/psoc/psoc creator/4.4/psoc creator/import/gnu/arm/5.4.1/bin/../lib/gcc/arm-none-eabi/5.4.1/armv7-m\libgcc.a(_arm_fixsfsi.o)
                              .\CortexM3\ARM_GCC_541\Debug\main.o (__aeabi_f2iz)
d:/psoc/psoc creator/4.4/psoc creator/import/gnu/arm/5.4.1/bin/../lib/gcc/arm-none-eabi/5.4.1/armv7-m\libgcc.a(_arm_fixunssfsi.o)
                              .\CortexM3\ARM_GCC_541\Debug\motor.o (__aeabi_f2uiz)
d:/psoc/psoc creator/4.4/psoc creator/import/gnu/arm/5.4.1/bin/../lib/gcc/arm-none-eabi/5.4.1/../../../../arm-none-eabi/lib/armv7-m\libg_nano.a(lib_a-atoi.o)
                              .\CortexM3\ARM_GCC_541\Debug\main.o (atoi)
d:/psoc/psoc creator/4.4/psoc creator/import/gnu/arm/5.4.1/bin/../lib/gcc/arm-none-eabi/5.4.1/../../../../arm-none-eabi/lib/armv7-m\libg_nano.a(lib_a-errno.o)
                              .\CortexM3\ARM_GCC_541\Debug\Cm3Start.o (__errno)
d:/psoc/psoc creator/4.4/psoc creator/import/gnu/arm/5.4.1/bin/../lib/gcc/arm-none-eabi/5.4.1/../../../../arm-none-eabi/lib/armv7-m\libg_nano.a(lib_a-exit.o)
                              d:/psoc/psoc creator/4.4/psoc creator/import/gnu/arm/5.4.1/bin/../lib/gcc/arm-none-eabi/5.4.1/../../../../arm-none-eabi/lib/armv7-m/crt0.o (exit)
d:/psoc/psoc creator/4.4/psoc creator/import/gnu/arm/5.4.1/bin/../lib/gcc/arm-none-eabi/5.4.1/../../../../arm-none-eabi/lib/armv7-m\libg_nano.a(lib_a-impure.o)
[...]
Memory Configuration

Name             Origin             Length             Attributes
rom              0x00000000         0x00040000         xr
ram              0x1fff8000         0x00010000         xrw
*default*        0x00000000         0xffffffff

Linker script and memory map

LOAD d:/psoc/psoc creator/4.4/psoc creator/import/gnu/arm/5.4.1/bin/../lib/gcc/arm-none-eabi/5.4.1/armv7-m/crti.o
LOAD d:/psoc/psoc creator/4.4/psoc creator/import/gnu/arm/5.4.1/bin/../lib/gcc/arm-none-eabi/5.4.1/armv7-m/crtbegin.o
LOAD d:/psoc/psoc creator/4.4/psoc creator/import/gnu/arm/5.4.1/bin/../lib/gcc/arm-none-eabi/5.4.1/../../../../arm-none-eabi/lib/armv7-m/crt0.o
START GROUP
LOAD .\CortexM3\ARM_GCC_541\Debug\main.o
LOAD .\CortexM3\ARM_GCC_541\Debug\motor.o
LOAD .\CortexM3\ARM_GCC_541\Debug\pid.o
LOAD .\CortexM3\ARM_GCC_541\Debug\cyfitter_cfg.o
LOAD .\CortexM3\ARM_GCC_541\Debug\cymetadata.o
LOAD .\CortexM3\ARM_GCC_541\Debug\Cm3Start.o
LOAD .\CortexM3\ARM_GCC_541\Debug\3 - ControladorMotor.a
LOAD D:\PSoc\PSoC Creator\4.4\PSoC Creator\psoc\content\cycomponentlibrary\CyComponentLibrary.cylib\CortexM3\ARM_GCC_541\Debug\CyComponentLibrary.a
LOAD d:/psoc/psoc creator/4.4/psoc creator/import/gnu/arm/5.4.1/bin/../lib/gcc/arm-none-eabi/5.4.1/../../../../arm-none-eabi/lib/armv7-m\libm.a
END GROUP
START GROUP
LOAD d:/psoc/psoc creator/4.4/psoc creator/import/gnu/arm/5.4.1/bin/../lib/gcc/arm-none-eabi/5.4.1/armv7-m\libgcc.a
LOAD d:/psoc/psoc creator/4.4/psoc creator/import/gnu/arm/5.4.1/bin/../lib/gcc/arm-none-eabi/5.4.1/../../../../arm-none-eabi/lib/armv7-m\libg_nano.a
LOAD d:/psoc/psoc creator/4.4/psoc creator/import/gnu/arm/5.4.1/bin/../lib/gcc/arm-none-eabi/5.4.1/../../../../arm-none-eabi/lib/armv7-m\libc_nano.a
END GROUP
START GROUP
LOAD d:/psoc/psoc creator/4.4/psoc creator/import/gnu/arm/5.4.1/bin/../lib/gcc/arm-none-eabi/5.4.1/armv7-m\libgcc.a
LOAD d:/psoc/psoc creator/4.4/psoc creator/import/gnu/arm/5.4.1/bin/../lib/gcc/arm-none-eabi/5.4.1/../../../../arm-none-eabi/lib/armv7-m\libc_nano.a
END GROUP
LOAD d:/psoc/psoc creator/4.4/psoc creator/import/gnu/arm/5.4.1/bin/../lib/gcc/arm-none-eabi/5.4.1/armv7-m/crtend.o
LOAD d:/psoc/psoc creator/4.4/psoc creator/import/gnu/arm/5.4.1/bin/../lib/gcc/arm-none-eabi/5.4.1/armv7-m/crtn.o
START GROUP
LOAD d:/psoc/psoc creator/4.4/psoc creator/import/gnu/arm/5.4.1/bin/../lib/gcc/arm-none-eabi/5.4.1/armv7-m\libgcc.a
LOAD d:/psoc/psoc creator/4.4/psoc creator/import/gnu/arm/5.4.1/bin/../lib/gcc/arm-none-eabi/5.4.1/../../../../arm-none-eabi/lib/armv7-m\libc.a
LOAD d:/psoc/psoc creator/4.4/psoc creator/import/gnu/arm/5.4.1/bin/../lib/gcc/arm-none-eabi/5.4.1/../../../../arm-none-eabi/lib/armv7-m\libnosys.a
END GROUP
                0x00000000                CY_APPL_ORIGIN = 0x0
                0x00000100                CY_FLASH_ROW_SIZE = 0x100
                0x00000020                CY_ECC_ROW_SIZE = 0x20
                0x00000000                CY_EE_IN_BTLDR = 0x0
                0x00000000                CY_APPL_LOADABLE = 0x0
                0x00000800                CY_EE_SIZE = 0x800
                0x00000001                CY_APPL_NUM = 0x1
                0x00000001                CY_APPL_MAX = 0x1
                0x00000040                CY_METADATA_SIZE = 0x40
                0x00000000                CY_APPL_LOADABLE = 0x0
                0x00000000                CY_CHECKSUM_EXCLUDE_SIZE = ALIGN (0x0, CY_FLASH_ROW_SIZE)
                [!provide]                PROVIDE (__cy_heap_start, _end)
                0x00000001                PROVIDE (__cy_region_num, ((__cy_regions_end - __cy_regions) / 0x10))
                0x20008000                PROVIDE (__cy_stack, (ORIGIN (ram) + LENGTH (ram)))
                [!provide]                PROVIDE (__cy_heap_end, (__cy_stack - 0x800))

.cybootloader   0x00000000        0x0
 *(.cybootloader)
                0x00000000                appl1_start = CY_APPL_ORIGIN?CY_APPL_ORIGIN:ALIGN (CY_FLASH_ROW_SIZE)
                0x0001ff00                appl2_start = (appl1_start + ALIGN ((((LENGTH (rom) - appl1_start) - (0x2 * CY_FLASH_ROW_SIZE)) / 0x2), CY_FLASH_ROW_SIZE))
                0x00000000                appl_start = (CY_APPL_NUM == 0x1)?appl1_start:appl2_start
                0x00000000                ecc_offset = ((appl_start / CY_FLASH_ROW_SIZE) * CY_ECC_ROW_SIZE)
                0x00000000                ee_offset = (CY_APPL_LOADABLE && ! (CY_EE_IN_BTLDR))?((CY_EE_SIZE / CY_APPL_MAX) * (CY_APPL_NUM - 0x1)):0x0
                0x00000800                ee_size = (CY_APPL_LOADABLE && ! (CY_EE_IN_BTLDR))?(CY_EE_SIZE / CY_APPL_MAX):CY_EE_SIZE
                [!provide]                PROVIDE (CY_ECC_OFFSET, ecc_offset)

.text           0x00000000     0x1e0c
 CREATE_OBJECT_SYMBOLS
                0x00000000                PROVIDE (__cy_interrupt_vector, RomVectors)
 *(.romvectors)
 .romvectors    0x00000000       0x10 .\CortexM3\ARM_GCC_541\Debug\Cm3Start.o
                0x00000000                RomVectors
                0x00000001                ASSERT ((. != __cy_interrupt_vector), No interrupt vector)
                0x00000001                ASSERT (CY_APPL_ORIGIN?(SIZEOF (.cybootloader) <= CY_APPL_ORIGIN):0x1, Wrong image location)
                0x00000010                PROVIDE (__cy_reset, Reset)
 *(.text.Reset)
 .text.Reset    0x00000010       0x18 .\CortexM3\ARM_GCC_541\Debug\Cm3Start.o
                0x00000010                Reset
                0x00000001                ASSERT ((. != __cy_reset), No reset code)
 *(.dma_init)
                0x00000001                ASSERT ((((appl_start + .) <= 0x10000) || 0x1), DMA Init must be within the first 64k of flash)
 *(.text .text.* .gnu.linkonce.t.*)
 .text          0x00000028       0x5c d:/psoc/psoc creator/4.4/psoc creator/import/gnu/arm/5.4.1/bin/../lib/gcc/arm-none-eabi/5.4.1/armv7-m/crtbegin.o
 .text.main     0x00000084       0xe0 .\CortexM3\ARM_GCC_541\Debug\main.o
                0x00000084                main
 .text.PWM_Desde_Voltaje
                0x00000164       0x68 .\CortexM3\ARM_GCC_541\Debug\motor.o
                0x00000164                PWM_Desde_Voltaje
 .text.Motor_Speed_ISR
                0x000001cc       0x1c .\CortexM3\ARM_GCC_541\Debug\motor.o
                0x000001cc                Motor_Speed_ISR
 .text.Motor_Control
                0x000001e8       0x60 .\CortexM3\ARM_GCC_541\Debug\motor.o
                0x000001e8                Motor_Control
 .text.Motor_Free
                0x00000248       0x18 .\CortexM3\ARM_GCC_541\Debug\motor.o
                0x00000248                Motor_Free
 .text.Motor_Stop
                0x00000260       0x28 .\CortexM3\ARM_GCC_541\Debug\motor.o
                0x00000260                Motor_Stop
 .text.Motor_Controller_Run
                0x00000288       0xc0 .\CortexM3\ARM_GCC_541\Debug\motor.o
                0x00000288                Motor_Controller_Run
 .text.PID_Compute
                0x00000348       0xa0 .\CortexM3\ARM_GCC_541\Debug\pid.o
                0x00000348                PID_Compute
 .text.PID_Reset
                0x000003e8        0x8 .\CortexM3\ARM_GCC_541\Debug\pid.o
                0x000003e8                PID_Reset
 .text.CyClockStartupError
                0x000003f0        0x4 .\CortexM3\ARM_GCC_541\Debug\cyfitter_cfg.o
 .text.cfg_write_bytes32
                0x000003f4       0x34 .\CortexM3\ARM_GCC_541\Debug\cyfitter_cfg.o
 .text.AnalogSetDefault
                0x00000428       0x38 .\CortexM3\ARM_GCC_541\Debug\cyfitter_cfg.o
 .text.CYMEMZERO
                0x00000460        0xc .\CortexM3\ARM_GCC_541\Debug\cyfitter_cfg.o
 .text.ClockSetup
                0x0000046c       0xc4 .\CortexM3\ARM_GCC_541\Debug\cyfitter_cfg.o
 .text.CYCONFIGCPY
                0x00000530        0x8 .\CortexM3\ARM_GCC_541\Debug\cyfitter_cfg.o
 .text.cyfitter_cfg
                0x00000538      0x130 .\CortexM3\ARM_GCC_541\Debug\cyfitter_cfg.o
                0x00000538                cyfitter_cfg
 .text.IntDefaultHandler
                0x00000668       0x10 .\CortexM3\ARM_GCC_541\Debug\Cm3Start.o
                0x00000668                IntDefaultHandler
 .text._sbrk    0x00000678       0x30 .\CortexM3\ARM_GCC_541\Debug\Cm3Start.o
                0x00000678                _sbrk
 .text.Start_c  0x000006a8       0x4c .\CortexM3\ARM_GCC_541\Debug\Cm3Start.o
                0x000006a8                Start_c
 .text.initialize_psoc
                0x000006f4       0x68 .\CortexM3\ARM_GCC_541\Debug\Cm3Start.o
                0x000006f4                initialize_psoc
 .text.Timer_1_Enable
                0x0000075c       0x10 .\CortexM3\ARM_GCC_541\Debug\3 - ControladorMotor.a(Timer_1.o)
                0x0000075c                Timer_1_Enable
 .text.Timer_1_SetInterruptMode
                0x0000076c        0xc .\CortexM3\ARM_GCC_541\Debug\3 - ControladorMotor.a(Timer_1.o)
                0x0000076c                Timer_1_SetInterruptMode
 .text.Timer_1_ReadStatusRegister
                0x00000778        0xc .\CortexM3\ARM_GCC_541\Debug\3 - ControladorMotor.a(Timer_1.o)
                0x00000778                Timer_1_ReadStatusRegister
 .text.Timer_1_WritePeriod
                0x00000784       0x10 .\CortexM3\ARM_GCC_541\Debug\3 - ControladorMotor.a(Timer_1.o)
                0x00000784                Timer_1_WritePeriod
 .text.Timer_1_ReadCapture
                0x00000794       0x10 .\CortexM3\ARM_GCC_541\Debug\3 - ControladorMotor.a(Timer_1.o)
                0x00000794                Timer_1_ReadCapture
 .text.Timer_1_WriteCounter
                0x000007a4       0x10 .\CortexM3\ARM_GCC_541\Debug\3 - ControladorMotor.a(Timer_1.o)
                0x000007a4                Timer_1_WriteCounter
 .text.Timer_1_ClearFIFO
                0x000007b4       0x14 .\CortexM3\ARM_GCC_541\Debug\3 - ControladorMotor.a(Timer_1.o)
                0x000007b4                Timer_1_ClearFIFO
 .text.Timer_1_Init
                0x000007c8       0x38 .\CortexM3\ARM_GCC_541\Debug\3 - ControladorMotor.a(Timer_1.o)
                0x000007c8                Timer_1_Init
 .text.Timer_1_Start
                0x00000800       0x1c .\CortexM3\ARM_GCC_541\Debug\3 - ControladorMotor.a(Timer_1.o)
                0x00000800                Timer_1_Start
 .text.QuadDec_1_Init
                0x0000081c       0x24 .\CortexM3\ARM_GCC_541\Debug\3 - ControladorMotor.a(QuadDec_1.o)
                0x0000081c                QuadDec_1_Init
 .text.QuadDec_1_GetCounter
                0x00000840       0x2c .\CortexM3\ARM_GCC_541\Debug\3 - ControladorMotor.a(QuadDec_1.o)
                0x00000840                QuadDec_1_GetCounter
 .text.QuadDec_1_GetEvents
                0x0000086c       0x10 .\CortexM3\ARM_GCC_541\Debug\3 - ControladorMotor.a(QuadDec_1.o)
                0x0000086c                QuadDec_1_GetEvents
 .text.QuadDec_1_SetInterruptMask
                0x0000087c       0x10 .\CortexM3\ARM_GCC_541\Debug\3 - ControladorMotor.a(QuadDec_1.o)
                0x0000087c                QuadDec_1_SetInterruptMask
 .text.QuadDec_1_Enable
                0x0000088c       0x30 .\CortexM3\ARM_GCC_541\Debug\3 - ControladorMotor.a(QuadDec_1.o)
                0x0000088c                QuadDec_1_Enable
 .text.QuadDec_1_Start
                0x000008bc       0x34 .\CortexM3\ARM_GCC_541\Debug\3 - ControladorMotor.a(QuadDec_1.o)
                0x000008bc                QuadDec_1_Start
 .text.QuadDec_1_ISR
                0x000008f0       0x40 .\CortexM3\ARM_GCC_541\Debug\3 - ControladorMotor.a(QuadDec_1_INT.o)
                0x000008f0                QuadDec_1_ISR
 .text.isr_1_SetVector
                0x00000930        0xc .\CortexM3\ARM_GCC_541\Debug\3 - ControladorMotor.a(isr_1.o)
                0x00000930                isr_1_SetVector
 .text.isr_1_SetPriority
                0x0000093c       0x10 .\CortexM3\ARM_GCC_541\Debug\3 - ControladorMotor.a(isr_1.o)
                0x0000093c                isr_1_SetPriority
 .text.isr_1_Enable
                0x0000094c        0xc .\CortexM3\ARM_GCC_541\Debug\3 - ControladorMotor.a(isr_1.o)
                0x0000094c                isr_1_Enable
 .text.isr_1_Disable
                0x00000958        0xc .\CortexM3\ARM_GCC_541\Debug\3 - ControladorMotor.a(isr_1.o)
                0x00000958                isr_1_Disable
 .text.isr_1_StartEx
                0x00000964       0x1c .\CortexM3\ARM_GCC_541\Debug\3 - ControladorMotor.a(isr_1.o)
                0x00000964                isr_1_StartEx
 .text.QuadDec_1_Cnt16_Enable
                0x00000980       0x10 .\CortexM3\ARM_GCC_541\Debug\3 - ControladorMotor.a(QuadDec_1_Cnt16.o)
                0x00000980                QuadDec_1_Cnt16_Enable
 .text.QuadDec_1_Cnt16_SetInterruptMode
                0x00000990        0xc .\CortexM3\ARM_GCC_541\Debug\3 - ControladorMotor.a(QuadDec_1_Cnt16.o)
                0x00000990                QuadDec_1_Cnt16_SetInterruptMode
 .text.QuadDec_1_Cnt16_ReadStatusRegister
                0x0000099c        0xc .\CortexM3\ARM_GCC_541\Debug\3 - ControladorMotor.a(QuadDec_1_Cnt16.o)
                0x0000099c                QuadDec_1_Cnt16_ReadStatusRegister
 .text.QuadDec_1_Cnt16_WriteCounter
                0x000009a8        0xc .\CortexM3\ARM_GCC_541\Debug\3 - ControladorMotor.a(QuadDec_1_Cnt16.o)
                0x000009a8                QuadDec_1_Cnt16_WriteCounter
 .text.QuadDec_1_Cnt16_ReadCounter
                0x000009b4       0x14 .\CortexM3\ARM_GCC_541\Debug\3 - ControladorMotor.a(QuadDec_1_Cnt16.o)
                0x000009b4                QuadDec_1_Cnt16_ReadCounter
 .text.QuadDec_1_Cnt16_ReadCapture
                0x000009c8        0xc .\CortexM3\ARM_GCC_541\Debug\3 - ControladorMotor.a(QuadDec_1_Cnt16.o)
                0x000009c8                QuadDec_1_Cnt16_ReadCapture
 .text.QuadDec_1_Cnt16_WritePeriod
                0x000009d4        0xc .\CortexM3\ARM_GCC_541\Debug\3 - ControladorMotor.a(QuadDec_1_Cnt16.o)
                0x000009d4                QuadDec_1_Cnt16_WritePeriod
 .text.QuadDec_1_Cnt16_WriteCompare
                0x000009e0        0xc .\CortexM3\ARM_GCC_541\Debug\3 - ControladorMotor.a(QuadDec_1_Cnt16.o)
                0x000009e0                QuadDec_1_Cnt16_WriteCompare
 .text.QuadDec_1_Cnt16_ClearFIFO
                0x000009ec       0x14 .\CortexM3\ARM_GCC_541\Debug\3 - ControladorMotor.a(QuadDec_1_Cnt16.o)
                0x000009ec                QuadDec_1_Cnt16_ClearFIFO
 .text.QuadDec_1_Cnt16_Init
                0x00000a00       0x58 .\CortexM3\ARM_GCC_541\Debug\3 - ControladorMotor.a(QuadDec_1_Cnt16.o)
                0x00000a00                QuadDec_1_Cnt16_Init
 .text.QuadDec_1_Cnt16_Start
                0x00000a58       0x1c .\CortexM3\ARM_GCC_541\Debug\3 - ControladorMotor.a(QuadDec_1_Cnt16.o)
                0x00000a58                QuadDec_1_Cnt16_Start
 .text.CyHalt   0x00000a74        0x4 .\CortexM3\ARM_GCC_541\Debug\3 - ControladorMotor.a(CyLib.o)
                0x00000a74                CyHalt
 .text.CyIntSetVector
                0x00000a78       0x28 .\CortexM3\ARM_GCC_541\Debug\3 - ControladorMotor.a(CyLib.o)
                0x00000a78                CyIntSetVector
 .text.CyIntSetPriority
                0x00000aa0       0x30 .\CortexM3\ARM_GCC_541\Debug\3 - ControladorMotor.a(CyLib.o)
                0x00000aa0                CyIntSetPriority
 .text.CySetReg24
                0x00000ad0       0x14 .\CortexM3\ARM_GCC_541\Debug\3 - ControladorMotor.a(cyutils.o)
                0x00000ad0                CySetReg24
 .text.PWM_Motor_Enable
                0x00000ae4       0x10 .\CortexM3\ARM_GCC_541\Debug\3 - ControladorMotor.a(PWM_Motor.o)
                0x00000ae4                PWM_Motor_Enable
 .text.PWM_Motor_WriteCounter
                0x00000af4        0xc .\CortexM3\ARM_GCC_541\Debug\3 - ControladorMotor.a(PWM_Motor.o)
                0x00000af4                PWM_Motor_WriteCounter
 .text.PWM_Motor_WritePeriod
                0x00000b00        0xc .\CortexM3\ARM_GCC_541\Debug\3 - ControladorMotor.a(PWM_Motor.o)
                0x00000b00                PWM_Motor_WritePeriod
 .text.PWM_Motor_WriteCompare
                0x00000b0c        0xc .\CortexM3\ARM_GCC_541\Debug\3 - ControladorMotor.a(PWM_Motor.o)
                0x00000b0c                PWM_Motor_WriteCompare
 .text.PWM_Motor_SetInterruptMode
                0x00000b18        0xc .\CortexM3\ARM_GCC_541\Debug\3 - ControladorMotor.a(PWM_Motor.o)
                0x00000b18                PWM_Motor_SetInterruptMode
 .text.PWM_Motor_ReadStatusRegister
                0x00000b24        0xc .\CortexM3\ARM_GCC_541\Debug\3 - ControladorMotor.a(PWM_Motor.o)
                0x00000b24                PWM_Motor_ReadStatusRegister
 .text.PWM_Motor_ReadCapture
                0x00000b30        0xc .\CortexM3\ARM_GCC_541\Debug\3 - ControladorMotor.a(PWM_Motor.o)
                0x00000b30                PWM_Motor_ReadCapture
 .text.PWM_Motor_ClearFIFO
                0x00000b3c       0x14 .\CortexM3\ARM_GCC_541\Debug\3 - ControladorMotor.a(PWM_Motor.o)
                0x00000b3c                PWM_Motor_ClearFIFO
 .text.PWM_Motor_Init
                0x00000b50       0x60 .\CortexM3\ARM_GCC_541\Debug\3 - ControladorMotor.a(PWM_Motor.o)
                0x00000b50                PWM_Motor_Init
 .text.PWM_Motor_Start
                0x00000bb0       0x1c .\CortexM3\ARM_GCC_541\Debug\3 - ControladorMotor.a(PWM_Motor.o)
                0x00000bb0                PWM_Motor_Start
 .text.Pin_IN1_Write
                0x00000bcc       0x18 .\CortexM3\ARM_GCC_541\Debug\3 - ControladorMotor.a(Pin_IN1.o)
                0x00000bcc                Pin_IN1_Write
 .text.Pin_IN2_Write
                0x00000be4       0x18 .\CortexM3\ARM_GCC_541\Debug\3 - ControladorMotor.a(Pin_IN2.o)
                0x00000be4                Pin_IN2_Write
 .text.UART_1_Init
                0x00000bfc       0x24 .\CortexM3\ARM_GCC_541\Debug\3 - ControladorMotor.a(UART_1.o)
                0x00000bfc                UART_1_Init
 .text.UART_1_Enable
                0x00000c20       0x38 .\CortexM3\ARM_GCC_541\Debug\3 - ControladorMotor.a(UART_1.o)
                0x00000c20                UART_1_Enable
 .text.UART_1_Start
                0x00000c58       0x1c .\CortexM3\ARM_GCC_541\Debug\3 - ControladorMotor.a(UART_1.o)
                0x00000c58                UART_1_Start
 .text.UART_1_GetChar
                0x00000c74       0x2c .\CortexM3\ARM_GCC_541\Debug\3 - ControladorMotor.a(UART_1.o)
                0x00000c74                UART_1_GetChar
 .text.UART_1_PutChar
                0x00000ca0       0x18 .\CortexM3\ARM_GCC_541\Debug\3 - ControladorMotor.a(UART_1.o)
                0x00000ca0                UART_1_PutChar
 .text.UART_1_PutString
                0x00000cb8       0x24 .\CortexM3\ARM_GCC_541\Debug\3 - ControladorMotor.a(UART_1.o)
                0x00000cb8                UART_1_PutString
 .text.UART_1_IntClock_Start
                0x00000cdc       0x1c .\CortexM3\ARM_GCC_541\Debug\3 - ControladorMotor.a(UART_1_IntClock.o)
                0x00000cdc                UART_1_IntClock_Start
 .text.VDAC8_u_Enable
                0x00000cf8       0x1c .\CortexM3\ARM_GCC_541\Debug\3 - ControladorMotor.a(VDAC8_u.o)
                0x00000cf8                VDAC8_u_Enable
 .text.VDAC8_u_SetSpeed
                0x00000d14       0x1c .\CortexM3\ARM_GCC_541\Debug\3 - ControladorMotor.a(VDAC8_u.o)
                0x00000d14                VDAC8_u_SetSpeed
 .text.VDAC8_u_SetValue
                0x00000d30        0xc .\CortexM3\ARM_GCC_541\Debug\3 - ControladorMotor.a(VDAC8_u.o)
                0x00000d30                VDAC8_u_SetValue
 .text.VDAC8_u_DacTrim
                0x00000d3c       0x24 .\CortexM3\ARM_GCC_541\Debug\3 - ControladorMotor.a(VDAC8_u.o)
                0x00000d3c                VDAC8_u_DacTrim
 .text.VDAC8_u_SetRange
                0x00000d60       0x20 .\CortexM3\ARM_GCC_541\Debug\3 - ControladorMotor.a(VDAC8_u.o)
                0x00000d60                VDAC8_u_SetRange
 .text.VDAC8_u_Init
                0x00000d80       0x20 .\CortexM3\ARM_GCC_541\Debug\3 - ControladorMotor.a(VDAC8_u.o)
                0x00000d80                VDAC8_u_Init
 .text.VDAC8_u_Start
                0x00000da0       0x24 .\CortexM3\ARM_GCC_541\Debug\3 - ControladorMotor.a(VDAC8_u.o)
                0x00000da0                VDAC8_u_Start
 *fill*         0x00000dc4        0x4 
 .text          0x00000dc8       0x20 .\CortexM3\ARM_GCC_541\Debug\3 - ControladorMotor.a(CyBootAsmGnu.o)
                0x00000dc8                CyDelayCycles
                0x00000dd8                CyEnterCriticalSection
                0x00000de0                CyExitCriticalSection
 .text          0x00000de8      0x21c d:/psoc/psoc creator/4.4/psoc creator/import/gnu/arm/5.4.1/bin/../lib/gcc/arm-none-eabi/5.4.1/armv7-m\libgcc.a(_arm_addsubsf3.o)
                0x00000de8                __aeabi_frsub
                0x00000df0                __subsf3
                0x00000df0                __aeabi_fsub
                0x00000df4                __aeabi_fadd
                0x00000df4                __addsf3
                0x00000f54                __aeabi_ui2f
                0x00000f54                __floatunsisf
                0x00000f5c                __aeabi_i2f
                0x00000f5c                __floatsisf
                0x00000f78                __aeabi_ul2f
                0x00000f78                __floatundisf
                0x00000f88                __aeabi_l2f
                0x00000f88                __floatdisf
 .text          0x00001004      0x2a0 d:/psoc/psoc creator/4.4/psoc creator/import/gnu/arm/5.4.1/bin/../lib/gcc/arm-none-eabi/5.4.1/armv7-m\libgcc.a(_arm_muldivsf3.o)
                0x00001004                __mulsf3
                0x00001004                __aeabi_fmul
                0x0000116c                __aeabi_fdiv
                0x0000116c                __divsf3
 .text          0x000012a4       0xec d:/psoc/psoc creator/4.4/psoc creator/import/gnu/arm/5.4.1/bin/../lib/gcc/arm-none-eabi/5.4.1/armv7-m\libgcc.a(_arm_cmpsf2.o)
                0x000012a4                __gesf2
                0x000012a4                __gtsf2
                0x000012ac                __lesf2
                0x000012ac                __ltsf2
                0x000012b4                __nesf2
                0x000012b4                __eqsf2
                0x000012b4                __cmpsf2
                0x00001314                __aeabi_cfrcmple
                0x0000131c                __aeabi_cfcmpeq
                0x0000131c                __aeabi_cfcmple
                0x0000132c                __aeabi_fcmpeq
                0x00001340                __aeabi_fcmplt
                0x00001354                __aeabi_fcmple
                0x00001368                __aeabi_fcmpge
                0x0000137c                __aeabi_fcmpgt
 .text          0x00001390       0x4c d:/psoc/psoc creator/4.4/psoc creator/import/gnu/arm/5.4.1/bin/../lib/gcc/arm-none-eabi/5.4.1/armv7-m\libgcc.a(_arm_fixsfsi.o)
                0x00001390                __aeabi_f2iz
                0x00001390                __fixsfsi
 .text          0x000013dc       0x40 d:/psoc/psoc creator/4.4/psoc creator/import/gnu/arm/5.4.1/bin/../lib/gcc/arm-none-eabi/5.4.1/armv7-m\libgcc.a(_arm_fixunssfsi.o)
                0x000013dc                __fixunssfsi
                0x000013dc                __aeabi_f2uiz
 .text.atoi     0x0000141c        0x8 d:/psoc/psoc creator/4.4/psoc creator/import/gnu/arm/5.4.1/bin/../lib/gcc/arm-none-eabi/5.4.1/../../../../arm-none-eabi/lib/armv7-m\libg_nano.a(lib_a-atoi.o)
                0x0000141c                atoi
 .text.__errno  0x00001424        0xc d:/psoc/psoc creator/4.4/psoc creator/import/gnu/arm/5.4.1/bin/../lib/gcc/arm-none-eabi/5.4.1/../../../../arm-none-eabi/lib/armv7-m\libg_nano.a(lib_a-errno.o)
                0x00001424                __errno
 .text.__libc_init_array
                0x00001430       0x4c d:/psoc/psoc creator/4.4/psoc creator/import/gnu/arm/5.4.1/bin/../lib/gcc/arm-none-eabi/5.4.1/../../../../arm-none-eabi/lib/armv7-m\libg_nano.a(lib_a-init.o)
                0x00001430                __libc_init_array
 .text.memcpy   0x0000147c       0x16 d:/psoc/psoc creator/4.4/psoc creator/import/gnu/arm/5.4.1/bin/../lib/gcc/arm-none-eabi/5.4.1/../../../../arm-none-eabi/lib/armv7-m\libg_nano.a(lib_a-memcpy-stub.o)
                0x0000147c                memcpy
 .text.memset   0x00001492       0x10 d:/psoc/psoc creator/4.4/psoc creator/import/gnu/arm/5.4.1/bin/../lib/gcc/arm-none-eabi/5.4.1/../../../../arm-none-eabi/lib/armv7-m\libg_nano.a(lib_a-memset.o)
                0x00001492                memset
 *fill*         0x000014a2        0x2 
 .text.sprintf  0x000014a4       0x48 d:/psoc/psoc creator/4.4/psoc creator/import/gnu/arm/5.4.1/bin/../lib/gcc/arm-none-eabi/5.4.1/../../../../arm-none-eabi/lib/armv7-m\libg_nano.a(lib_a-sprintf.o)
                0x000014a4                siprintf
                0x000014a4                sprintf
 .text._strtol_r
                0x000014ec      0x10c d:/psoc/psoc creator/4.4/psoc creator/import/gnu/arm/5.4.1/bin/../lib/gcc/arm-none-eabi/5.4.1/../../../../arm-none-eabi/lib/armv7-m\libg_nano.a(lib_a-strtol.o)
                0x000014ec                _strtol_r
 .text.strtol   0x000015f8       0x14 d:/psoc/psoc creator/4.4/psoc creator/import/gnu/arm/5.4.1/bin/../lib/gcc/arm-none-eabi/5.4.1/../../../../arm-none-eabi/lib/armv7-m\libg_nano.a(lib_a-strtol.o)
                0x000015f8                strtol
 .text.__ssputs_r
                0x0000160c       0xb2 d:/psoc/psoc creator/4.4/psoc creator/import/gnu/arm/5.4.1/bin/../lib/gcc/arm-none-eabi/5.4.1/../../../../arm-none-eabi/lib/armv7-m\libg_nano.a(lib_a-nano-svfprintf.o)
                0x0000160c                __ssputs_r
 *fill*         0x000016be        0x2 
 .text._svfprintf_r
                0x000016c0      0x1e8 d:/psoc/psoc creator/4.4/psoc creator/import/gnu/arm/5.4.1/bin/../lib/gcc/arm-none-eabi/5.4.1/../../../../arm-none-eabi/lib/armv7-m\libg_nano.a(lib_a-nano-svfprintf.o)
                0x000016c0                _svfiprintf_r
                0x000016c0                _svfprintf_r
 .text._printf_common
                0x000018a8       0xec d:/psoc/psoc creator/4.4/psoc creator/import/gnu/arm/5.4.1/bin/../lib/gcc/arm-none-eabi/5.4.1/../../../../arm-none-eabi/lib/armv7-m\libg_nano.a(lib_a-nano-vfprintf_i.o)
                0x000018a8                _printf_common
 .text._printf_i
                0x00001994      0x24c d:/psoc/psoc creator/4.4/psoc creator/import/gnu/arm/5.4.1/bin/../lib/gcc/arm-none-eabi/5.4.1/../../../../arm-none-eabi/lib/armv7-m\libg_nano.a(lib_a-nano-vfprintf_i.o)
                0x00001994                _printf_i
 .text.memchr   0x00001be0       0x1c d:/psoc/psoc creator/4.4/psoc creator/import/gnu/arm/5.4.1/bin/../lib/gcc/arm-none-eabi/5.4.1/../../../../arm-none-eabi/lib/armv7-m\libg_nano.a(lib_a-memchr-stub.o)
                0x00001be0                memchr
 .text.memmove  0x00001bfc       0x36 d:/psoc/psoc creator/4.4/psoc creator/import/gnu/arm/5.4.1/bin/../lib/gcc/arm-none-eabi/5.4.1/../../../../arm-none-eabi/lib/armv7-m\libg_nano.a(lib_a-memmove.o)
                0x00001bfc                memmove
 *fill*         0x00001c32        0x2 
 .text._free_r  0x00001c34       0x98 d:/psoc/psoc creator/4.4/psoc creator/import/gnu/arm/5.4.1/bin/../lib/gcc/arm-none-eabi/5.4.1/../../../../arm-none-eabi/lib/armv7-m\libg_nano.a(lib_a-nano-freer.o)
                0x00001c34                _free_r
 .text._malloc_r
                0x00001ccc       0xbc d:/psoc/psoc creator/4.4/psoc creator/import/gnu/arm/5.4.1/bin/../lib/gcc/arm-none-eabi/5.4.1/../../../../arm-none-eabi/lib/armv7-m\libg_nano.a(lib_a-nano-mallocr.o)
                0x00001ccc                _malloc_r
 .text._realloc_r
                0x00001d88       0x4c d:/psoc/psoc creator/4.4/psoc creator/import/gnu/arm/5.4.1/bin/../lib/gcc/arm-none-eabi/5.4.1/../../../../arm-none-eabi/lib/armv7-m\libg_nano.a(lib_a-nano-reallocr.o)
                0x00001d88                _realloc_r
 .text._sbrk_r  0x00001dd4       0x20 d:/psoc/psoc creator/4.4/psoc creator/import/gnu/arm/5.4.1/bin/../lib/gcc/arm-none-eabi/5.4.1/../../../../arm-none-eabi/lib/armv7-m\libg_nano.a(lib_a-sbrkr.o)
                0x00001dd4                _sbrk_r
 .text.__malloc_lock
                0x00001df4        0x2 d:/psoc/psoc creator/4.4/psoc creator/import/gnu/arm/5.4.1/bin/../lib/gcc/arm-none-eabi/5.4.1/../../../../arm-none-eabi/lib/armv7-m\libg_nano.a(lib_a-mlock.o)
                0x00001df4                __malloc_lock
 .text.__malloc_unlock
                0x00001df6        0x2 d:/psoc/psoc creator/4.4/psoc creator/import/gnu/arm/5.4.1/bin/../lib/gcc/arm-none-eabi/5.4.1/../../../../arm-none-eabi/lib/armv7-m\libg_nano.a(lib_a-mlock.o)
                0x00001df6                __malloc_unlock
 .text._malloc_usable_size_r
                0x00001df8       0x14 d:/psoc/psoc creator/4.4/psoc creator/import/gnu/arm/5.4.1/bin/../lib/gcc/arm-none-eabi/5.4.1/../../../../arm-none-eabi/lib/armv7-m\libg_nano.a(lib_a-nano-msizer.o)
                0x00001df8                _malloc_usable_size_r
 *(.plt)
 *(.gnu.warning)
 *(.glue_7t)
 .glue_7t       0x00001e0c        0x0 linker stubs
 *(.glue_7)
 .glue_7        0x00001e0c        0x0 linker stubs
 *(.vfp11_veneer)
 .vfp11_veneer  0x00001e0c        0x0 linker stubs
 *(.bootloader)
 *(.ARM.extab* .gnu.linkonce.armextab.*)
 *(.gcc_except_table)

.v4_bx          0x00001e0c        0x0
 .v4_bx         0x00001e0c        0x0 linker stubs

.iplt           0x00001e0c        0x0
 .iplt          0x00001e0c        0x0 d:/psoc/psoc creator/4.4/psoc creator/import/gnu/arm/5.4.1/bin/../lib/gcc/arm-none-eabi/5.4.1/armv7-m/crtbegin.o

.eh_frame_hdr
 *(.eh_frame_hdr)

.eh_frame       0x00001e0c        0x4
 *(.eh_frame)
 .eh_frame      0x00001e0c        0x0 d:/psoc/psoc creator/4.4/psoc creator/import/gnu/arm/5.4.1/bin/../lib/gcc/arm-none-eabi/5.4.1/armv7-m/crtbegin.o
 .eh_frame      0x00001e0c        0x4 d:/psoc/psoc creator/4.4/psoc creator/import/gnu/arm/5.4.1/bin/../lib/gcc/arm-none-eabi/5.4.1/armv7-m/crtend.o
                [!provide]                PROVIDE (__exidx_start, .)

.ARM.exidx
 *(.ARM.exidx* .gnu.linkonce.armexidx.*)
                0x00001e10                __exidx_end = .

.rodata         0x00001e10      0x250
 *(.rodata .rodata.* .gnu.linkonce.r.*)
 .rodata.str1.4
                0x00001e10       0xa8 .\CortexM3\ARM_GCC_541\Debug\main.o
                                 0xa6 (size before relaxing)
 .rodata        0x00001eb8       0x3a .\CortexM3\ARM_GCC_541\Debug\cyfitter_cfg.o
 .rodata.str1.1
                0x00001ef2        0x2 d:/psoc/psoc creator/4.4/psoc creator/import/gnu/arm/5.4.1/bin/../lib/gcc/arm-none-eabi/5.4.1/../../../../arm-none-eabi/lib/armv7-m\libg_nano.a(lib_a-impure.o)
 .rodata._ctype_
                0x00001ef4      0x101 d:/psoc/psoc creator/4.4/psoc creator/import/gnu/arm/5.4.1/bin/../lib/gcc/arm-none-eabi/5.4.1/../../../../arm-none-eabi/lib/armv7-m\libg_nano.a(lib_a-ctype_.o)
                0x00001ef4                _ctype_
 .rodata.str1.1
                0x00001ff5       0x11 d:/psoc/psoc creator/4.4/psoc creator/import/gnu/arm/5.4.1/bin/../lib/gcc/arm-none-eabi/5.4.1/../../../../arm-none-eabi/lib/armv7-m\libg_nano.a(lib_a-nano-svfprintf.o)
 .rodata.str1.1
                0x00002006       0x22 d:/psoc/psoc creator/4.4/psoc creator/import/gnu/arm/5.4.1/bin/../lib/gcc/arm-none-eabi/5.4.1/../../../../arm-none-eabi/lib/armv7-m\libg_nano.a(lib_a-nano-vfprintf_i.o)
                0x00002028                . = ALIGN (0x4)
 *(.init)
 .init          0x00002028        0x4 d:/psoc/psoc creator/4.4/psoc creator/import/gnu/arm/5.4.1/bin/../lib/gcc/arm-none-eabi/5.4.1/armv7-m/crti.o
                0x00002028                _init
 .init          0x0000202c        0x8 d:/psoc/psoc creator/4.4/psoc creator/import/gnu/arm/5.4.1/bin/../lib/gcc/arm-none-eabi/5.4.1/armv7-m/crtn.o
                0x00002034                . = ALIGN (0x4)
                0x00002034                __preinit_array_start = .
 *(.preinit_array)
                0x00002034                __preinit_array_end = .
                0x00002034                . = ALIGN (0x4)
                0x00002034                __init_array_start = .
 *(SORT(.init_array.*))
 *(.init_array)
 .init_array    0x00002034        0x4 d:/psoc/psoc creator/4.4/psoc creator/import/gnu/arm/5.4.1/bin/../lib/gcc/arm-none-eabi/5.4.1/armv7-m/crtbegin.o
 .init_array    0x00002038        0x4 .\CortexM3\ARM_GCC_541\Debug\Cm3Start.o
                0x0000203c                __init_array_end = .
                0x0000203c                . = ALIGN (0x4)
 *(.fini)
 .fini          0x0000203c        0x4 d:/psoc/psoc creator/4.4/psoc creator/import/gnu/arm/5.4.1/bin/../lib/gcc/arm-none-eabi/5.4.1/armv7-m/crti.o
                0x0000203c                _fini
 .fini          0x00002040        0x8 d:/psoc/psoc creator/4.4/psoc creator/import/gnu/arm/5.4.1/bin/../lib/gcc/arm-none-eabi/5.4.1/armv7-m/crtn.o
                0x00002048                . = ALIGN (0x4)
                0x00002048                __fini_array_start = .
 *(.fini_array)
 .fini_array    0x00002048        0x4 d:/psoc/psoc creator/4.4/psoc creator/import/gnu/arm/5.4.1/bin/../lib/gcc/arm-none-eabi/5.4.1/armv7-m/crtbegin.o
 *(SORT(.fini_array.*))
                0x0000204c                __fini_array_end = .
                0x0000204c                . = ALIGN (0x4)
 *crtbegin.o(.ctors)
 *(EXCLUDE_FILE(*crtend.o) .ctors)
 *(SORT(.ctors.*))
 *crtend.o(.ctors)
                0x0000204c                . = ALIGN (0x4)
 *crtbegin.o(.dtors)
 *(EXCLUDE_FILE(*crtend.o) .dtors)
 *(SORT(.dtors.*))
 *crtend.o(.dtors)
                0x0000204c                . = ALIGN (0x4)
                0x0000204c                __cy_regions = .
                0x0000204c        0x4 LONG 0x2060 __cy_region_init_ram
                0x00002050        0x4 LONG 0x1fff80c8 __cy_region_start_data
                0x00002054        0x4 LONG 0x90 __cy_region_init_size_ram
                0x00002058        0x4 LONG 0x58 __cy_region_zero_size_ram
                0x0000205c                __cy_regions_end = .
                0x00002060                . = ALIGN (0x8)
 *fill*         0x0000205c        0x4 
                0x00002060                _etext = .

.cy_checksum_exclude
                0x00002060        0x0
 *(.cy_checksum_exclude)

.ramvectors     0x1fff8000       0xc0
                0x1fff8000                __cy_region_start_ram = .
 *(.ramvectors)
 .ramvectors    0x1fff8000       0xc0 .\CortexM3\ARM_GCC_541\Debug\Cm3Start.o
                0x1fff8000                CyRamVectors

.noinit         0x1fff80c0        0x1
 *(.noinit)
 .noinit        0x1fff80c0        0x1 .\CortexM3\ARM_GCC_541\Debug\3 - ControladorMotor.a(CyLib.o)
                0x1fff80c0                CyResetStatus

.data           0x1fff80c8       0x90 load address 0x00002060
                0x1fff80c8                __cy_region_start_data = .
 *(.jcr)
 .jcr           0x1fff80c8        0x0 d:/psoc/psoc creator/4.4/psoc creator/import/gnu/arm/5.4.1/bin/../lib/gcc/arm-none-eabi/5.4.1/armv7-m/crtbegin.o
 .jcr           0x1fff80c8        0x4 d:/psoc/psoc creator/4.4/psoc creator/import/gnu/arm/5.4.1/bin/../lib/gcc/arm-none-eabi/5.4.1/armv7-m/crtend.o
 *(.got.plt)
 *(.got)
 *(.shdata)
 *(.data .data.* .gnu.linkonce.d.*)
 .data          0x1fff80cc       0x1c .\CortexM3\ARM_GCC_541\Debug\motor.o
 .data          0x1fff80e8        0x4 .\CortexM3\ARM_GCC_541\Debug\Cm3Start.o
 .data.impure_data
                0x1fff80ec       0x60 d:/psoc/psoc creator/4.4/psoc creator/import/gnu/arm/5.4.1/bin/../lib/gcc/arm-none-eabi/5.4.1/../../../../arm-none-eabi/lib/armv7-m\libg_nano.a(lib_a-impure.o)
 .data._impure_ptr
                0x1fff814c        0x4 d:/psoc/psoc creator/4.4/psoc creator/import/gnu/arm/5.4.1/bin/../lib/gcc/arm-none-eabi/5.4.1/../../../../arm-none-eabi/lib/armv7-m\libg_nano.a(lib_a-impure.o)
                0x1fff814c                _impure_ptr
 .data.__ctype_ptr__
                0x1fff8150        0x4 d:/psoc/psoc creator/4.4/psoc creator/import/gnu/arm/5.4.1/bin/../lib/gcc/arm-none-eabi/5.4.1/../../../../arm-none-eabi/lib/armv7-m\libg_nano.a(lib_a-ctype_.o)
                0x1fff8150                __ctype_ptr__
                0x1fff8158                . = ALIGN (0x8)
 *fill*         0x1fff8154        0x4 
 *(.ram)
                0x1fff8158                _edata = .

.igot.plt       0x1fff8158        0x0 load address 0x000020f0
 .igot.plt      0x1fff8158        0x0 d:/psoc/psoc creator/4.4/psoc creator/import/gnu/arm/5.4.1/bin/../lib/gcc/arm-none-eabi/5.4.1/armv7-m/crtbegin.o

.bss            0x1fff8158       0x58 load address 0x000020f0
                0x1fff8158                PROVIDE (__bss_start__, .)
 *(.shbss)
 *(.bss .bss.* .gnu.linkonce.b.*)
 .bss           0x1fff8158       0x1c d:/psoc/psoc creator/4.4/psoc creator/import/gnu/arm/5.4.1/bin/../lib/gcc/arm-none-eabi/5.4.1/armv7-m/crtbegin.o
 .bss           0x1fff8174       0x1c .\CortexM3\ARM_GCC_541\Debug\motor.o
                0x1fff8174                flag_control
                0x1fff8176                print_cnt
                0x1fff8178                motor_u
                0x1fff817c                pi_motor_output
                0x1fff8188                motor_speed_rads
                0x1fff818c                omega_setpoint
 .bss           0x1fff8190        0x1 .\CortexM3\ARM_GCC_541\Debug\3 - ControladorMotor.a(Timer_1.o)
                0x1fff8190                Timer_1_initVar
 .bss           0x1fff8191        0x1 .\CortexM3\ARM_GCC_541\Debug\3 - ControladorMotor.a(QuadDec_1.o)
                0x1fff8191                QuadDec_1_initVar
 *fill*         0x1fff8192        0x2 
 .bss           0x1fff8194        0x4 .\CortexM3\ARM_GCC_541\Debug\3 - ControladorMotor.a(QuadDec_1_INT.o)
                0x1fff8194                QuadDec_1_count32SoftPart
 .bss           0x1fff8198        0x1 .\CortexM3\ARM_GCC_541\Debug\3 - ControladorMotor.a(QuadDec_1_Cnt16.o)
                0x1fff8198                QuadDec_1_Cnt16_initVar
 .bss           0x1fff8199        0x1 .\CortexM3\ARM_GCC_541\Debug\3 - ControladorMotor.a(PWM_Motor.o)
                0x1fff8199                PWM_Motor_initVar
 .bss           0x1fff819a        0x2 .\CortexM3\ARM_GCC_541\Debug\3 - ControladorMotor.a(UART_1.o)
                0x1fff819a                UART_1_initVar
 .bss           0x1fff819c        0x1 .\CortexM3\ARM_GCC_541\Debug\3 - ControladorMotor.a(VDAC8_u.o)
                0x1fff819c                VDAC8_u_initVar
 *fill*         0x1fff819d        0x3 
 .bss.__malloc_sbrk_start
                0x1fff81a0        0x4 d:/psoc/psoc creator/4.4/psoc creator/import/gnu/arm/5.4.1/bin/../lib/gcc/arm-none-eabi/5.4.1/../../../../arm-none-eabi/lib/armv7-m\libg_nano.a(lib_a-nano-mallocr.o)
                0x1fff81a0                __malloc_sbrk_start
 .bss.__malloc_free_list
                0x1fff81a4        0x4 d:/psoc/psoc creator/4.4/psoc creator/import/gnu/arm/5.4.1/bin/../lib/gcc/arm-none-eabi/5.4.1/../../../../arm-none-eabi/lib/armv7-m\libg_nano.a(lib_a-nano-mallocr.o)
                0x1fff81a4                __malloc_free_list
 *(COMMON)
 COMMON         0x1fff81a8        0x4 d:/psoc/psoc creator/4.4/psoc creator/import/gnu/arm/5.4.1/bin/../lib/gcc/arm-none-eabi/5.4.1/../../../../arm-none-eabi/lib/armv7-m\libg_nano.a(lib_a-reent.o)
                0x1fff81a8                errno
                0x1fff81b0                . = ALIGN (0x8)
 *fill*         0x1fff81ac        0x4 
 *(.ram.b)
                0x1fff81b0                _end = .
                0x1fff81b0                __end = .
                0x1fff81b0                PROVIDE (end, .)
                0x1fff81b0                PROVIDE (__bss_end__, .)
                0x00002060                __cy_region_init_ram = LOADADDR (.data)
                0x00000090                __cy_region_init_size_ram = (_edata - ADDR (.data))
                0x00000058                __cy_region_zero_size_ram = (_end - _edata)

.heap           0x1fff81b0       0x80 load address 0x000020f0
                0x1fff81b0                . = _end
                0x1fff8230                . = (. + 0x80)
 *fill*         0x1fff81b0       0x80 
                0x1fff8230                __cy_heap_limit = .

.stack          0x20007800      0x800
                0x20007800                __cy_stack_limit = .
                0x20008000                . = (. + 0x800)
 *fill*         0x20007800      0x800 
                0x00000001                ASSERT ((__cy_stack_limit >= __cy_heap_limit), region RAM overflowed with stack)
                0x00000000                cy_checksum_exclude_size = (CY_APPL_LOADABLE == 0x1)?SIZEOF (.cy_checksum_exclude):0x0
                0x00000001                ASSERT ((cy_checksum_exclude_size <= CY_CHECKSUM_EXCLUDE_SIZE), CY_BOOT: Section .cy_checksum_exclude size exceedes specified limit.)

.cyloadermeta
 *(.cyloadermeta)

.cyloadablemeta
 *(.cyloadablemeta)

.cyconfigecc    0x80000000      0xccc
 *(.cyconfigecc)
 .cyconfigecc   0x80000000      0xccc .\CortexM3\ARM_GCC_541\Debug\cymetadata.o
                0x80000000                cy_meta_configecc

.cycustnvl      0x90000000        0x4
 *(.cycustnvl)
 .cycustnvl     0x90000000        0x4 .\CortexM3\ARM_GCC_541\Debug\cymetadata.o
                0x90000000                cy_meta_custnvl

.cywolatch      0x90100000        0x4
 *(.cywolatch)
 .cywolatch     0x90100000        0x4 .\CortexM3\ARM_GCC_541\Debug\cymetadata.o
                0x90100000                cy_meta_wonvl

.cyeeprom       0x90200000        0x0
 *(.cyeeprom)
                0x00000001                ASSERT ((. <= ((0x90200000 + ee_offset) + ee_size)), .cyeeprom data will not fit in EEPROM)

.cyflashprotect
                0x90400000      0x100
 *(.cyflashprotect)
 .cyflashprotect
                0x90400000      0x100 .\CortexM3\ARM_GCC_541\Debug\cymetadata.o
                0x90400000                cy_meta_flashprotect

.cymeta         0x90500000        0xc
 *(.cymeta)
 .cymeta        0x90500000        0xc .\CortexM3\ARM_GCC_541\Debug\cymetadata.o
                0x90500000                cy_metadata

.rel.dyn        0x000020f0        0x0 load address 0x9050000c
 .rel.iplt      0x000020f0        0x0 d:/psoc/psoc creator/4.4/psoc creator/import/gnu/arm/5.4.1/bin/../lib/gcc/arm-none-eabi/5.4.1/armv7-m/crtbegin.o

.stab
 *(.stab)

.stabstr
 *(.stabstr)

.debug
 *(.debug)

.line
 *(.line)

.debug_srcinfo
 *(.debug_srcinfo)

.debug_sfnames
 *(.debug_sfnames)

.debug_aranges  0x00000000      0xac0
 *(.debug_aranges)
 .debug_aranges
                0x00000000       0x20 .\CortexM3\ARM_GCC_541\Debug\main.o
 .debug_aranges
                0x00000020       0x58 .\CortexM3\ARM_GCC_541\Debug\motor.o
 .debug_aranges
                0x00000078       0x28 .\CortexM3\ARM_GCC_541\Debug\pid.o
 .debug_aranges
                0x000000a0       0x58 .\CortexM3\ARM_GCC_541\Debug\cyfitter_cfg.o
 .debug_aranges
                0x000000f8       0x18 .\CortexM3\ARM_GCC_541\Debug\cymetadata.o
 .debug_aranges
                0x00000110       0x48 .\CortexM3\ARM_GCC_541\Debug\Cm3Start.o
 .debug_aranges
                0x00000158       0x90 .\CortexM3\ARM_GCC_541\Debug\3 - ControladorMotor.a(Timer_1.o)
 .debug_aranges
                0x000001e8       0x60 .\CortexM3\ARM_GCC_541\Debug\3 - ControladorMotor.a(QuadDec_1.o)
 .debug_aranges
                0x00000248       0x20 .\CortexM3\ARM_GCC_541\Debug\3 - ControladorMotor.a(QuadDec_1_INT.o)
 .debug_aranges
                0x00000268       0x80 .\CortexM3\ARM_GCC_541\Debug\3 - ControladorMotor.a(isr_1.o)
 .debug_aranges
                0x000002e8       0x98 .\CortexM3\ARM_GCC_541\Debug\3 - ControladorMotor.a(QuadDec_1_Cnt16.o)
 .debug_aranges
                0x00000380      0x2a0 .\CortexM3\ARM_GCC_541\Debug\3 - ControladorMotor.a(CyLib.o)
 .debug_aranges
                0x00000620       0x98 .\CortexM3\ARM_GCC_541\Debug\3 - ControladorMotor.a(cyPm.o)
 .debug_aranges
                0x000006b8       0x20 .\CortexM3\ARM_GCC_541\Debug\3 - ControladorMotor.a(cyutils.o)
 .debug_aranges
                0x000006d8       0x98 .\CortexM3\ARM_GCC_541\Debug\3 - ControladorMotor.a(PWM_Motor.o)
 .debug_aranges
                0x00000770       0x38 .\CortexM3\ARM_GCC_541\Debug\3 - ControladorMotor.a(Pin_IN1.o)
 .debug_aranges
                0x000007a8       0x38 .\CortexM3\ARM_GCC_541\Debug\3 - ControladorMotor.a(Pin_IN2.o)
 .debug_aranges
                0x000007e0       0xf0 .\CortexM3\ARM_GCC_541\Debug\3 - ControladorMotor.a(UART_1.o)
 .debug_aranges
                0x000008d0       0x70 .\CortexM3\ARM_GCC_541\Debug\3 - ControladorMotor.a(UART_1_IntClock.o)
 .debug_aranges
                0x00000940       0x58 .\CortexM3\ARM_GCC_541\Debug\3 - ControladorMotor.a(VDAC8_u.o)
 .debug_aranges
                0x00000998       0x20 .\CortexM3\ARM_GCC_541\Debug\3 - ControladorMotor.a(CyBootAsmGnu.o)
 .debug_aranges
                0x000009b8       0x88 .\CortexM3\ARM_GCC_541\Debug\3 - ControladorMotor.a(CyFlash.o)
 .debug_aranges
                0x00000a40       0x80 .\CortexM3\ARM_GCC_541\Debug\3 - ControladorMotor.a(CySpc.o)

.debug_pubnames
 *(.debug_pubnames)

.debug_info     0x00000000     0x5ce0
 *(.debug_info .gnu.linkonce.wi.*)
 .debug_info    0x00000000      0x2e5 .\CortexM3\ARM_GCC_541\Debug\main.o
 .debug_info    0x000002e5      0x529 .\CortexM3\ARM_GCC_541\Debug\motor.o
 .debug_info    0x0000080e      0x1c7 .\CortexM3\ARM_GCC_541\Debug\pid.o
 .debug_info    0x000009d5      0x5cb .\CortexM3\ARM_GCC_541\Debug\cyfitter_cfg.o
 .debug_info    0x00000fa0      0x139 .\CortexM3\ARM_GCC_541\Debug\cymetadata.o
 .debug_info    0x000010d9      0x3bb .\CortexM3\ARM_GCC_541\Debug\Cm3Start.o
 .debug_info    0x00001494      0x332 .\CortexM3\ARM_GCC_541\Debug\3 - ControladorMotor.a(Timer_1.o)
 .debug_info    0x000017c6      0x357 .\CortexM3\ARM_GCC_541\Debug\3 - ControladorMotor.a(QuadDec_1.o)
 .debug_info    0x00001b1d       0xf3 .\CortexM3\ARM_GCC_541\Debug\3 - ControladorMotor.a(QuadDec_1_INT.o)
 .debug_info    0x00001c10      0x2d2 .\CortexM3\ARM_GCC_541\Debug\3 - ControladorMotor.a(isr_1.o)
 .debug_info    0x00001ee2      0x348 .\CortexM3\ARM_GCC_541\Debug\3 - ControladorMotor.a(QuadDec_1_Cnt16.o)
 .debug_info    0x0000222a     0x1374 .\CortexM3\ARM_GCC_541\Debug\3 - ControladorMotor.a(CyLib.o)
 .debug_info    0x0000359e      0xa2a .\CortexM3\ARM_GCC_541\Debug\3 - ControladorMotor.a(cyPm.o)
 .debug_info    0x00003fc8       0xee .\CortexM3\ARM_GCC_541\Debug\3 - ControladorMotor.a(cyutils.o)
 .debug_info    0x000040b6      0x352 .\CortexM3\ARM_GCC_541\Debug\3 - ControladorMotor.a(PWM_Motor.o)
 .debug_info    0x00004408      0x11f .\CortexM3\ARM_GCC_541\Debug\3 - ControladorMotor.a(Pin_IN1.o)
 .debug_info    0x00004527      0x11f .\CortexM3\ARM_GCC_541\Debug\3 - ControladorMotor.a(Pin_IN2.o)
 .debug_info    0x00004646      0x60c .\CortexM3\ARM_GCC_541\Debug\3 - ControladorMotor.a(UART_1.o)
 .debug_info    0x00004c52      0x283 .\CortexM3\ARM_GCC_541\Debug\3 - ControladorMotor.a(UART_1_IntClock.o)
 .debug_info    0x00004ed5      0x1df .\CortexM3\ARM_GCC_541\Debug\3 - ControladorMotor.a(VDAC8_u.o)
 .debug_info    0x000050b4       0x8f .\CortexM3\ARM_GCC_541\Debug\3 - ControladorMotor.a(CyBootAsmGnu.o)
 .debug_info    0x00005143      0x64d .\CortexM3\ARM_GCC_541\Debug\3 - ControladorMotor.a(CyFlash.o)
 .debug_info    0x00005790      0x550 .\CortexM3\ARM_GCC_541\Debug\3 - ControladorMotor.a(CySpc.o)

.debug_abbrev   0x00000000     0x1b42
 *(.debug_abbrev)
 .debug_abbrev  0x00000000      0x116 .\CortexM3\ARM_GCC_541\Debug\main.o
 .debug_abbrev  0x00000116      0x182 .\CortexM3\ARM_GCC_541\Debug\motor.o
 .debug_abbrev  0x00000298       0xf5 .\CortexM3\ARM_GCC_541\Debug\pid.o
 .debug_abbrev  0x0000038d      0x20d .\CortexM3\ARM_GCC_541\Debug\cyfitter_cfg.o
 .debug_abbrev  0x0000059a       0x77 .\CortexM3\ARM_GCC_541\Debug\cymetadata.o
 .debug_abbrev  0x00000611      0x1e8 .\CortexM3\ARM_GCC_541\Debug\Cm3Start.o
 .debug_abbrev  0x000007f9      0x14b .\CortexM3\ARM_GCC_541\Debug\3 - ControladorMotor.a(Timer_1.o)
 .debug_abbrev  0x00000944      0x128 .\CortexM3\ARM_GCC_541\Debug\3 - ControladorMotor.a(QuadDec_1.o)
 .debug_abbrev  0x00000a6c       0x78 .\CortexM3\ARM_GCC_541\Debug\3 - ControladorMotor.a(QuadDec_1_INT.o)
 .debug_abbrev  0x00000ae4      0x173 .\CortexM3\ARM_GCC_541\Debug\3 - ControladorMotor.a(isr_1.o)
 .debug_abbrev  0x00000c57      0x117 .\CortexM3\ARM_GCC_541\Debug\3 - ControladorMotor.a(QuadDec_1_Cnt16.o)
 .debug_abbrev  0x00000d6e      0x254 .\CortexM3\ARM_GCC_541\Debug\3 - ControladorMotor.a(CyLib.o)
 .debug_abbrev  0x00000fc2      0x1ab .\CortexM3\ARM_GCC_541\Debug\3 - ControladorMotor.a(cyPm.o)
 .debug_abbrev  0x0000116d       0x8e .\CortexM3\ARM_GCC_541\Debug\3 - ControladorMotor.a(cyutils.o)
 .debug_abbrev  0x000011fb      0x133 .\CortexM3\ARM_GCC_541\Debug\3 - ControladorMotor.a(PWM_Motor.o)
 .debug_abbrev  0x0000132e       0x90 .\CortexM3\ARM_GCC_541\Debug\3 - ControladorMotor.a(Pin_IN1.o)
 .debug_abbrev  0x000013be       0x90 .\CortexM3\ARM_GCC_541\Debug\3 - ControladorMotor.a(Pin_IN2.o)
 .debug_abbrev  0x0000144e      0x175 .\CortexM3\ARM_GCC_541\Debug\3 - ControladorMotor.a(UART_1.o)
 .debug_abbrev  0x000015c3      0x139 .\CortexM3\ARM_GCC_541\Debug\3 - ControladorMotor.a(UART_1_IntClock.o)
 .debug_abbrev  0x000016fc       0xf7 .\CortexM3\ARM_GCC_541\Debug\3 - ControladorMotor.a(VDAC8_u.o)
 .debug_abbrev  0x000017f3       0x14 .\CortexM3\ARM_GCC_541\Debug\3 - ControladorMotor.a(CyBootAsmGnu.o)
 .debug_abbrev  0x00001807      0x1a7 .\CortexM3\ARM_GCC_541\Debug\3 - ControladorMotor.a(CyFlash.o)
 .debug_abbrev  0x000019ae      0x194 .\CortexM3\ARM_GCC_541\Debug\3 - ControladorMotor.a(CySpc.o)

.debug_line     0x00000000     0x291e
 *(.debug_line)
 .debug_line    0x00000000      0x21e .\CortexM3\ARM_GCC_541\Debug\main.o
 .debug_line    0x0000021e      0x23b .\CortexM3\ARM_GCC_541\Debug\motor.o
 .debug_line    0x00000459      0x15b .\CortexM3\ARM_GCC_541\Debug\pid.o
 .debug_line    0x000005b4      0x1e2 .\CortexM3\ARM_GCC_541\Debug\cyfitter_cfg.o
 .debug_line    0x00000796      0x113 .\CortexM3\ARM_GCC_541\Debug\cymetadata.o
 .debug_line    0x000008a9      0x206 .\CortexM3\ARM_GCC_541\Debug\Cm3Start.o
 .debug_line    0x00000aaf      0x172 .\CortexM3\ARM_GCC_541\Debug\3 - ControladorMotor.a(Timer_1.o)
 .debug_line    0x00000c21      0x13d .\CortexM3\ARM_GCC_541\Debug\3 - ControladorMotor.a(QuadDec_1.o)
 .debug_line    0x00000d5e       0x6c .\CortexM3\ARM_GCC_541\Debug\3 - ControladorMotor.a(QuadDec_1_INT.o)
 .debug_line    0x00000dca      0x132 .\CortexM3\ARM_GCC_541\Debug\3 - ControladorMotor.a(isr_1.o)
 .debug_line    0x00000efc      0x18f .\CortexM3\ARM_GCC_541\Debug\3 - ControladorMotor.a(QuadDec_1_Cnt16.o)
 .debug_line    0x0000108b      0x816 .\CortexM3\ARM_GCC_541\Debug\3 - ControladorMotor.a(CyLib.o)
 .debug_line    0x000018a1      0x367 .\CortexM3\ARM_GCC_541\Debug\3 - ControladorMotor.a(cyPm.o)
 .debug_line    0x00001c08       0x60 .\CortexM3\ARM_GCC_541\Debug\3 - ControladorMotor.a(cyutils.o)
 .debug_line    0x00001c68      0x18c .\CortexM3\ARM_GCC_541\Debug\3 - ControladorMotor.a(PWM_Motor.o)
 .debug_line    0x00001df4       0x94 .\CortexM3\ARM_GCC_541\Debug\3 - ControladorMotor.a(Pin_IN1.o)
 .debug_line    0x00001e88       0x94 .\CortexM3\ARM_GCC_541\Debug\3 - ControladorMotor.a(Pin_IN2.o)
 .debug_line    0x00001f1c      0x2c0 .\CortexM3\ARM_GCC_541\Debug\3 - ControladorMotor.a(UART_1.o)
 .debug_line    0x000021dc      0x17e .\CortexM3\ARM_GCC_541\Debug\3 - ControladorMotor.a(UART_1_IntClock.o)
 .debug_line    0x0000235a       0xe4 .\CortexM3\ARM_GCC_541\Debug\3 - ControladorMotor.a(VDAC8_u.o)
 .debug_line    0x0000243e       0x66 .\CortexM3\ARM_GCC_541\Debug\3 - ControladorMotor.a(CyBootAsmGnu.o)
 .debug_line    0x000024a4      0x21a .\CortexM3\ARM_GCC_541\Debug\3 - ControladorMotor.a(CyFlash.o)
 .debug_line    0x000026be      0x260 .\CortexM3\ARM_GCC_541\Debug\3 - ControladorMotor.a(CySpc.o)

.debug_frame    0x00000000     0x1dfc
 *(.debug_frame)
 .debug_frame   0x00000000       0x2c .\CortexM3\ARM_GCC_541\Debug\main.o
 .debug_frame   0x0000002c       0xf4 .\CortexM3\ARM_GCC_541\Debug\motor.o
 .debug_frame   0x00000120       0x4c .\CortexM3\ARM_GCC_541\Debug\pid.o
 .debug_frame   0x0000016c       0xe4 .\CortexM3\ARM_GCC_541\Debug\cyfitter_cfg.o
 .debug_frame   0x00000250       0xb8 .\CortexM3\ARM_GCC_541\Debug\Cm3Start.o
 .debug_frame   0x00000308      0x13c .\CortexM3\ARM_GCC_541\Debug\3 - ControladorMotor.a(Timer_1.o)
 .debug_frame   0x00000444       0xec .\CortexM3\ARM_GCC_541\Debug\3 - ControladorMotor.a(QuadDec_1.o)
 .debug_frame   0x00000530       0x20 .\CortexM3\ARM_GCC_541\Debug\3 - ControladorMotor.a(QuadDec_1_INT.o)
 .debug_frame   0x00000550      0x104 .\CortexM3\ARM_GCC_541\Debug\3 - ControladorMotor.a(isr_1.o)
 .debug_frame   0x00000654      0x134 .\CortexM3\ARM_GCC_541\Debug\3 - ControladorMotor.a(QuadDec_1_Cnt16.o)
 .debug_frame   0x00000788      0x738 .\CortexM3\ARM_GCC_541\Debug\3 - ControladorMotor.a(CyLib.o)
 .debug_frame   0x00000ec0      0x1f8 .\CortexM3\ARM_GCC_541\Debug\3 - ControladorMotor.a(cyPm.o)
 .debug_frame   0x000010b8       0x20 .\CortexM3\ARM_GCC_541\Debug\3 - ControladorMotor.a(cyutils.o)
 .debug_frame   0x000010d8      0x134 .\CortexM3\ARM_GCC_541\Debug\3 - ControladorMotor.a(PWM_Motor.o)
 .debug_frame   0x0000120c       0x50 .\CortexM3\ARM_GCC_541\Debug\3 - ControladorMotor.a(Pin_IN1.o)
 .debug_frame   0x0000125c       0x50 .\CortexM3\ARM_GCC_541\Debug\3 - ControladorMotor.a(Pin_IN2.o)
 .debug_frame   0x000012ac      0x250 .\CortexM3\ARM_GCC_541\Debug\3 - ControladorMotor.a(UART_1.o)
 .debug_frame   0x000014fc       0xe0 .\CortexM3\ARM_GCC_541\Debug\3 - ControladorMotor.a(UART_1_IntClock.o)
 .debug_frame   0x000015dc       0xb4 .\CortexM3\ARM_GCC_541\Debug\3 - ControladorMotor.a(VDAC8_u.o)
 .debug_frame   0x00001690      0x194 .\CortexM3\ARM_GCC_541\Debug\3 - ControladorMotor.a(CyFlash.o)
 .debug_frame   0x00001824      0x180 .\CortexM3\ARM_GCC_541\Debug\3 - ControladorMotor.a(CySpc.o)
 .debug_frame   0x000019a4       0x30 d:/psoc/psoc creator/4.4/psoc creator/import/gnu/arm/5.4.1/bin/../lib/gcc/arm-none-eabi/5.4.1/../../../../arm-none-eabi/lib/armv7-m\libg_nano.a(lib_a-atoi.o)
 .debug_frame   0x000019d4       0x20 d:/psoc/psoc creator/4.4/psoc creator/import/gnu/arm/5.4.1/bin/../lib/gcc/arm-none-eabi/5.4.1/../../../../arm-none-eabi/lib/armv7-m\libg_nano.a(lib_a-errno.o)
 .debug_frame   0x000019f4       0x28 d:/psoc/psoc creator/4.4/psoc creator/import/gnu/arm/5.4.1/bin/../lib/gcc/arm-none-eabi/5.4.1/../../../../arm-none-eabi/lib/armv7-m\libg_nano.a(lib_a-exit.o)
 .debug_frame   0x00001a1c       0x2c d:/psoc/psoc creator/4.4/psoc creator/import/gnu/arm/5.4.1/bin/../lib/gcc/arm-none-eabi/5.4.1/../../../../arm-none-eabi/lib/armv7-m\libg_nano.a(lib_a-init.o)
 .debug_frame   0x00001a48       0x28 d:/psoc/psoc creator/4.4/psoc creator/import/gnu/arm/5.4.1/bin/../lib/gcc/arm-none-eabi/5.4.1/../../../../arm-none-eabi/lib/armv7-m\libg_nano.a(lib_a-memcpy-stub.o)
 .debug_frame   0x00001a70       0x20 d:/psoc/psoc creator/4.4/psoc creator/import/gnu/arm/5.4.1/bin/../lib/gcc/arm-none-eabi/5.4.1/../../../../arm-none-eabi/lib/armv7-m\libg_nano.a(lib_a-memset.o)
 .debug_frame   0x00001a90       0x70 d:/psoc/psoc creator/4.4/psoc creator/import/gnu/arm/5.4.1/bin/../lib/gcc/arm-none-eabi/5.4.1/../../../../arm-none-eabi/lib/armv7-m\libg_nano.a(lib_a-sprintf.o)
 .debug_frame   0x00001b00       0x44 d:/psoc/psoc creator/4.4/psoc creator/import/gnu/arm/5.4.1/bin/../lib/gcc/arm-none-eabi/5.4.1/../../../../arm-none-eabi/lib/armv7-m\libg_nano.a(lib_a-strtol.o)
 .debug_frame   0x00001b44       0x90 d:/psoc/psoc creator/4.4/psoc creator/import/gnu/arm/5.4.1/bin/../lib/gcc/arm-none-eabi/5.4.1/../../../../arm-none-eabi/lib/armv7-m\libg_nano.a(lib_a-nano-svfprintf.o)
 .debug_frame   0x00001bd4       0x60 d:/psoc/psoc creator/4.4/psoc creator/import/gnu/arm/5.4.1/bin/../lib/gcc/arm-none-eabi/5.4.1/../../../../arm-none-eabi/lib/armv7-m\libg_nano.a(lib_a-nano-vfprintf_i.o)
 .debug_frame   0x00001c34       0x28 d:/psoc/psoc creator/4.4/psoc creator/import/gnu/arm/5.4.1/bin/../lib/gcc/arm-none-eabi/5.4.1/../../../../arm-none-eabi/lib/armv7-m\libg_nano.a(lib_a-memchr-stub.o)
 .debug_frame   0x00001c5c       0x28 d:/psoc/psoc creator/4.4/psoc creator/import/gnu/arm/5.4.1/bin/../lib/gcc/arm-none-eabi/5.4.1/../../../../arm-none-eabi/lib/armv7-m\libg_nano.a(lib_a-memmove.o)
 .debug_frame   0x00001c84       0x38 d:/psoc/psoc creator/4.4/psoc creator/import/gnu/arm/5.4.1/bin/../lib/gcc/arm-none-eabi/5.4.1/../../../../arm-none-eabi/lib/armv7-m\libg_nano.a(lib_a-nano-freer.o)
 .debug_frame   0x00001cbc       0x2c d:/psoc/psoc creator/4.4/psoc creator/import/gnu/arm/5.4.1/bin/../lib/gcc/arm-none-eabi/5.4.1/../../../../arm-none-eabi/lib/armv7-m\libg_nano.a(lib_a-nano-mallocr.o)
 .debug_frame   0x00001ce8       0x3c d:/psoc/psoc creator/4.4/psoc creator/import/gnu/arm/5.4.1/bin/../lib/gcc/arm-none-eabi/5.4.1/../../../../arm-none-eabi/lib/armv7-m\libg_nano.a(lib_a-nano-reallocr.o)
 .debug_frame   0x00001d24       0x2c d:/psoc/psoc creator/4.4/psoc creator/import/gnu/arm/5.4.1/bin/../lib/gcc/arm-none-eabi/5.4.1/../../../../arm-none-eabi/lib/armv7-m\libg_nano.a(lib_a-sbrkr.o)
 .debug_frame   0x00001d50       0x30 d:/psoc/psoc creator/4.4/psoc creator/import/gnu/arm/5.4.1/bin/../lib/gcc/arm-none-eabi/5.4.1/../../../../arm-none-eabi/lib/armv7-m\libg_nano.a(lib_a-mlock.o)
 .debug_frame   0x00001d80       0x20 d:/psoc/psoc creator/4.4/psoc creator/import/gnu/arm/5.4.1/bin/../lib/gcc/arm-none-eabi/5.4.1/../../../../arm-none-eabi/lib/armv7-m\libg_nano.a(lib_a-nano-msizer.o)
 .debug_frame   0x00001da0       0x5c d:/psoc/psoc creator/4.4/psoc creator/import/gnu/arm/5.4.1/bin/../lib/gcc/arm-none-eabi/5.4.1/../../../../arm-none-eabi/lib/armv7-m\libg_nano.a(lib_a-reent.o)

.debug_str      0x00000000     0x2287
 *(.debug_str)
 .debug_str     0x00000000      0x23d .\CortexM3\ARM_GCC_541\Debug\main.o
                                0x28b (size before relaxing)
 .debug_str     0x0000023d      0x195 .\CortexM3\ARM_GCC_541\Debug\motor.o
                                0x384 (size before relaxing)
 .debug_str     0x000003d2       0x1d .\CortexM3\ARM_GCC_541\Debug\pid.o
                                0x20e (size before relaxing)
 .debug_str     0x000003ef      0x1af .\CortexM3\ARM_GCC_541\Debug\cyfitter_cfg.o
                                0x349 (size before relaxing)
 .debug_str     0x0000059e       0x7f .\CortexM3\ARM_GCC_541\Debug\cymetadata.o
                                0x1e3 (size before relaxing)
 .debug_str     0x0000061d      0x13e .\CortexM3\ARM_GCC_541\Debug\Cm3Start.o
                                0x309 (size before relaxing)
 .debug_str     0x0000075b      0x1a6 .\CortexM3\ARM_GCC_541\Debug\3 - ControladorMotor.a(Timer_1.o)
                                0x369 (size before relaxing)
 .debug_str     0x00000901      0x186 .\CortexM3\ARM_GCC_541\Debug\3 - ControladorMotor.a(QuadDec_1.o)
                                0x389 (size before relaxing)
 .debug_str     0x00000a87       0x48 .\CortexM3\ARM_GCC_541\Debug\3 - ControladorMotor.a(QuadDec_1_INT.o)
                                0x1ed (size before relaxing)
 .debug_str     0x00000acf       0xf0 .\CortexM3\ARM_GCC_541\Debug\3 - ControladorMotor.a(isr_1.o)
                                0x2a5 (size before relaxing)
 .debug_str     0x00000bbf      0x1db .\CortexM3\ARM_GCC_541\Debug\3 - ControladorMotor.a(QuadDec_1_Cnt16.o)
                                0x415 (size before relaxing)
 .debug_str     0x00000d9a      0x7db .\CortexM3\ARM_GCC_541\Debug\3 - ControladorMotor.a(CyLib.o)
                                0xa46 (size before relaxing)
 .debug_str     0x00001575      0x365 .\CortexM3\ARM_GCC_541\Debug\3 - ControladorMotor.a(cyPm.o)
                                0x732 (size before relaxing)
 .debug_str     0x000018da       0x2e .\CortexM3\ARM_GCC_541\Debug\3 - ControladorMotor.a(cyutils.o)
                                0x1b1 (size before relaxing)
 .debug_str     0x00001908      0x191 .\CortexM3\ARM_GCC_541\Debug\3 - ControladorMotor.a(PWM_Motor.o)
                                0x3a9 (size before relaxing)
 .debug_str     0x00001a99       0x62 .\CortexM3\ARM_GCC_541\Debug\3 - ControladorMotor.a(Pin_IN1.o)
                                0x1eb (size before relaxing)
 .debug_str     0x00001afb       0x57 .\CortexM3\ARM_GCC_541\Debug\3 - ControladorMotor.a(Pin_IN2.o)
                                0x1eb (size before relaxing)
 .debug_str     0x00001b52      0x29f .\CortexM3\ARM_GCC_541\Debug\3 - ControladorMotor.a(UART_1.o)
                                0x4b2 (size before relaxing)
 .debug_str     0x00001df1      0x197 .\CortexM3\ARM_GCC_541\Debug\3 - ControladorMotor.a(UART_1_IntClock.o)
                                0x34d (size before relaxing)
 .debug_str     0x00001f88       0x98 .\CortexM3\ARM_GCC_541\Debug\3 - ControladorMotor.a(VDAC8_u.o)
                                0x232 (size before relaxing)
 .debug_str     0x00002020      0x1bb .\CortexM3\ARM_GCC_541\Debug\3 - ControladorMotor.a(CyFlash.o)
                                0x3bf (size before relaxing)
 .debug_str     0x000021db       0xac .\CortexM3\ARM_GCC_541\Debug\3 - ControladorMotor.a(CySpc.o)
                                0x337 (size before relaxing)

.debug_loc      0x00000000     0x2359
 *(.debug_loc)
 .debug_loc     0x00000000       0x7d .\CortexM3\ARM_GCC_541\Debug\main.o
 .debug_loc     0x0000007d       0xee .\CortexM3\ARM_GCC_541\Debug\motor.o
 .debug_loc     0x0000016b      0x116 .\CortexM3\ARM_GCC_541\Debug\pid.o
 .debug_loc     0x00000281      0x25a .\CortexM3\ARM_GCC_541\Debug\cyfitter_cfg.o
 .debug_loc     0x000004db      0x144 .\CortexM3\ARM_GCC_541\Debug\Cm3Start.o
 .debug_loc     0x0000061f       0x6b .\CortexM3\ARM_GCC_541\Debug\3 - ControladorMotor.a(Timer_1.o)
 .debug_loc     0x0000068a       0xb9 .\CortexM3\ARM_GCC_541\Debug\3 - ControladorMotor.a(QuadDec_1.o)
 .debug_loc     0x00000743       0x13 .\CortexM3\ARM_GCC_541\Debug\3 - ControladorMotor.a(QuadDec_1_INT.o)
 .debug_loc     0x00000756       0x56 .\CortexM3\ARM_GCC_541\Debug\3 - ControladorMotor.a(isr_1.o)
 .debug_loc     0x000007ac       0x3d .\CortexM3\ARM_GCC_541\Debug\3 - ControladorMotor.a(QuadDec_1_Cnt16.o)
 .debug_loc     0x000007e9      0xa11 .\CortexM3\ARM_GCC_541\Debug\3 - ControladorMotor.a(CyLib.o)
 .debug_loc     0x000011fa      0x1e4 .\CortexM3\ARM_GCC_541\Debug\3 - ControladorMotor.a(cyPm.o)
 .debug_loc     0x000013de       0x21 .\CortexM3\ARM_GCC_541\Debug\3 - ControladorMotor.a(cyutils.o)
 .debug_loc     0x000013ff       0x26 .\CortexM3\ARM_GCC_541\Debug\3 - ControladorMotor.a(PWM_Motor.o)
 .debug_loc     0x00001425       0x42 .\CortexM3\ARM_GCC_541\Debug\3 - ControladorMotor.a(Pin_IN1.o)
 .debug_loc     0x00001467       0x42 .\CortexM3\ARM_GCC_541\Debug\3 - ControladorMotor.a(Pin_IN2.o)
 .debug_loc     0x000014a9      0x258 .\CortexM3\ARM_GCC_541\Debug\3 - ControladorMotor.a(UART_1.o)
 .debug_loc     0x00001701      0x128 .\CortexM3\ARM_GCC_541\Debug\3 - ControladorMotor.a(UART_1_IntClock.o)
 .debug_loc     0x00001829       0x79 .\CortexM3\ARM_GCC_541\Debug\3 - ControladorMotor.a(VDAC8_u.o)
 .debug_loc     0x000018a2      0x3b2 .\CortexM3\ARM_GCC_541\Debug\3 - ControladorMotor.a(CyFlash.o)
 .debug_loc     0x00001c54      0x705 .\CortexM3\ARM_GCC_541\Debug\3 - ControladorMotor.a(CySpc.o)

.debug_macinfo
 *(.debug_macinfo)

.debug_ranges   0x00000000      0x938
 *(.debug_ranges)
 .debug_ranges  0x00000000       0x10 .\CortexM3\ARM_GCC_541\Debug\main.o
 .debug_ranges  0x00000010       0x48 .\CortexM3\ARM_GCC_541\Debug\motor.o
 .debug_ranges  0x00000058       0x18 .\CortexM3\ARM_GCC_541\Debug\pid.o
 .debug_ranges  0x00000070       0x48 .\CortexM3\ARM_GCC_541\Debug\cyfitter_cfg.o
 .debug_ranges  0x000000b8       0x38 .\CortexM3\ARM_GCC_541\Debug\Cm3Start.o
 .debug_ranges  0x000000f0       0x80 .\CortexM3\ARM_GCC_541\Debug\3 - ControladorMotor.a(Timer_1.o)
 .debug_ranges  0x00000170       0x50 .\CortexM3\ARM_GCC_541\Debug\3 - ControladorMotor.a(QuadDec_1.o)
 .debug_ranges  0x000001c0       0x10 .\CortexM3\ARM_GCC_541\Debug\3 - ControladorMotor.a(QuadDec_1_INT.o)
 .debug_ranges  0x000001d0       0x70 .\CortexM3\ARM_GCC_541\Debug\3 - ControladorMotor.a(isr_1.o)
 .debug_ranges  0x00000240       0x88 .\CortexM3\ARM_GCC_541\Debug\3 - ControladorMotor.a(QuadDec_1_Cnt16.o)
 .debug_ranges  0x000002c8      0x290 .\CortexM3\ARM_GCC_541\Debug\3 - ControladorMotor.a(CyLib.o)
 .debug_ranges  0x00000558       0x88 .\CortexM3\ARM_GCC_541\Debug\3 - ControladorMotor.a(cyPm.o)
 .debug_ranges  0x000005e0       0x10 .\CortexM3\ARM_GCC_541\Debug\3 - ControladorMotor.a(cyutils.o)
 .debug_ranges  0x000005f0       0x88 .\CortexM3\ARM_GCC_541\Debug\3 - ControladorMotor.a(PWM_Motor.o)
 .debug_ranges  0x00000678       0x28 .\CortexM3\ARM_GCC_541\Debug\3 - ControladorMotor.a(Pin_IN1.o)
 .debug_ranges  0x000006a0       0x28 .\CortexM3\ARM_GCC_541\Debug\3 - ControladorMotor.a(Pin_IN2.o)
 .debug_ranges  0x000006c8       0xe0 .\CortexM3\ARM_GCC_541\Debug\3 - ControladorMotor.a(UART_1.o)
 .debug_ranges  0x000007a8       0x60 .\CortexM3\ARM_GCC_541\Debug\3 - ControladorMotor.a(UART_1_IntClock.o)
 .debug_ranges  0x00000808       0x48 .\CortexM3\ARM_GCC_541\Debug\3 - ControladorMotor.a(VDAC8_u.o)
 .debug_ranges  0x00000850       0x78 .\CortexM3\ARM_GCC_541\Debug\3 - ControladorMotor.a(CyFlash.o)
 .debug_ranges  0x000008c8       0x70 .\CortexM3\ARM_GCC_541\Debug\3 - ControladorMotor.a(CySpc.o)

.comment        0x00000000       0x6e
 .comment       0x00000000       0x6e .\CortexM3\ARM_GCC_541\Debug\main.o
                                 0x6f (size before relaxing)
 .comment       0x0000006e       0x6f .\CortexM3\ARM_GCC_541\Debug\motor.o
 .comment       0x0000006e       0x6f .\CortexM3\ARM_GCC_541\Debug\pid.o
 .comment       0x0000006e       0x6f .\CortexM3\ARM_GCC_541\Debug\cyfitter_cfg.o
 .comment       0x0000006e       0x6f .\CortexM3\ARM_GCC_541\Debug\cymetadata.o
 .comment       0x0000006e       0x6f .\CortexM3\ARM_GCC_541\Debug\Cm3Start.o
 .comment       0x0000006e       0x6f .\CortexM3\ARM_GCC_541\Debug\3 - ControladorMotor.a(Timer_1.o)
 .comment       0x0000006e       0x6f .\CortexM3\ARM_GCC_541\Debug\3 - ControladorMotor.a(QuadDec_1.o)
 .comment       0x0000006e       0x6f .\CortexM3\ARM_GCC_541\Debug\3 - ControladorMotor.a(QuadDec_1_INT.o)
 .comment       0x0000006e       0x6f .\CortexM3\ARM_GCC_541\Debug\3 - ControladorMotor.a(isr_1.o)
 .comment       0x0000006e       0x6f .\CortexM3\ARM_GCC_541\Debug\3 - ControladorMotor.a(QuadDec_1_Cnt16.o)
 .comment       0x0000006e       0x6f .\CortexM3\ARM_GCC_541\Debug\3 - ControladorMotor.a(CyLib.o)
 .comment       0x0000006e       0x6f .\CortexM3\ARM_GCC_541\Debug\3 - ControladorMotor.a(cyPm.o)
 .comment       0x0000006e       0x6f .\CortexM3\ARM_GCC_541\Debug\3 - ControladorMotor.a(cyutils.o)
 .comment       0x0000006e       0x6f .\CortexM3\ARM_GCC_541\Debug\3 - ControladorMotor.a(PWM_Motor.o)
 .comment       0x0000006e       0x6f .\CortexM3\ARM_GCC_541\Debug\3 - ControladorMotor.a(Pin_IN1.o)
 .comment       0x0000006e       0x6f .\CortexM3\ARM_GCC_541\Debug\3 - ControladorMotor.a(Pin_IN2.o)
 .comment       0x0000006e       0x6f .\CortexM3\ARM_GCC_541\Debug\3 - ControladorMotor.a(UART_1.o)
 .comment       0x0000006e       0x6f .\CortexM3\ARM_GCC_541\Debug\3 - ControladorMotor.a(UART_1_IntClock.o)
 .comment       0x0000006e       0x6f .\CortexM3\ARM_GCC_541\Debug\3 - ControladorMotor.a(VDAC8_u.o)
 .comment       0x0000006e       0x6f .\CortexM3\ARM_GCC_541\Debug\3 - ControladorMotor.a(CyFlash.o)
 .comment       0x0000006e       0x6f .\CortexM3\ARM_GCC_541\Debug\3 - ControladorMotor.a(CySpc.o)

.debug_weaknames
 *(.debug_weaknames)

.debug_funcnames
 *(.debug_funcnames)

.debug_typenames
 *(.debug_typenames)

.debug_varnames
 *(.debug_varnames)

.note.gnu.arm.ident
 *(.note.gnu.arm.ident)

.ARM.attributes
                0x00000000       0x29
 *(.ARM.attributes)
 .ARM.attributes
                0x00000000       0x1d d:/psoc/psoc creator/4.4/psoc creator/import/gnu/arm/5.4.1/bin/../lib/gcc/arm-none-eabi/5.4.1/armv7-m/crti.o
 .ARM.attributes
                0x0000001d       0x2d d:/psoc/psoc creator/4.4/psoc creator/import/gnu/arm/5.4.1/bin/../lib/gcc/arm-none-eabi/5.4.1/armv7-m/crtbegin.o
 .ARM.attributes
                0x0000004a       0x1b d:/psoc/psoc creator/4.4/psoc creator/import/gnu/arm/5.4.1/bin/../lib/gcc/arm-none-eabi/5.4.1/../../../../arm-none-eabi/lib/armv7-m/crt0.o
 .ARM.attributes
                0x00000065       0x33 .\CortexM3\ARM_GCC_541\Debug\main.o
 .ARM.attributes
                0x00000098       0x33 .\CortexM3\ARM_GCC_541\Debug\motor.o
 .ARM.attributes
                0x000000cb       0x33 .\CortexM3\ARM_GCC_541\Debug\pid.o
 .ARM.attributes
                0x000000fe       0x33 .\CortexM3\ARM_GCC_541\Debug\cyfitter_cfg.o
 .ARM.attributes
                0x00000131       0x33 .\CortexM3\ARM_GCC_541\Debug\cymetadata.o
 .ARM.attributes
                0x00000164       0x33 .\CortexM3\ARM_GCC_541\Debug\Cm3Start.o
 .ARM.attributes
                0x00000197       0x33 .\CortexM3\ARM_GCC_541\Debug\3 - ControladorMotor.a(Timer_1.o)
 .ARM.attributes
                0x000001ca       0x33 .\CortexM3\ARM_GCC_541\Debug\3 - ControladorMotor.a(QuadDec_1.o)
 .ARM.attributes
                0x000001fd       0x33 .\CortexM3\ARM_GCC_541\Debug\3 - ControladorMotor.a(QuadDec_1_INT.o)
 .ARM.attributes
                0x00000230       0x33 .\CortexM3\ARM_GCC_541\Debug\3 - ControladorMotor.a(isr_1.o)
 .ARM.attributes
                0x00000263       0x33 .\CortexM3\ARM_GCC_541\Debug\3 - ControladorMotor.a(QuadDec_1_Cnt16.o)
 .ARM.attributes
                0x00000296       0x33 .\CortexM3\ARM_GCC_541\Debug\3 - ControladorMotor.a(CyLib.o)
 .ARM.attributes
                0x000002c9       0x33 .\CortexM3\ARM_GCC_541\Debug\3 - ControladorMotor.a(cyPm.o)
 .ARM.attributes
                0x000002fc       0x33 .\CortexM3\ARM_GCC_541\Debug\3 - ControladorMotor.a(cyutils.o)
 .ARM.attributes
                0x0000032f       0x33 .\CortexM3\ARM_GCC_541\Debug\3 - ControladorMotor.a(PWM_Motor.o)
 .ARM.attributes
                0x00000362       0x33 .\CortexM3\ARM_GCC_541\Debug\3 - ControladorMotor.a(Pin_IN1.o)
 .ARM.attributes
                0x00000395       0x33 .\CortexM3\ARM_GCC_541\Debug\3 - ControladorMotor.a(Pin_IN2.o)
 .ARM.attributes
                0x000003c8       0x33 .\CortexM3\ARM_GCC_541\Debug\3 - ControladorMotor.a(UART_1.o)
 .ARM.attributes
                0x000003fb       0x33 .\CortexM3\ARM_GCC_541\Debug\3 - ControladorMotor.a(UART_1_IntClock.o)
 .ARM.attributes
                0x0000042e       0x33 .\CortexM3\ARM_GCC_541\Debug\3 - ControladorMotor.a(VDAC8_u.o)
 .ARM.attributes
                0x00000461       0x21 .\CortexM3\ARM_GCC_541\Debug\3 - ControladorMotor.a(CyBootAsmGnu.o)
 .ARM.attributes
                0x00000482       0x33 .\CortexM3\ARM_GCC_541\Debug\3 - ControladorMotor.a(CyFlash.o)
 .ARM.attributes
                0x000004b5       0x33 .\CortexM3\ARM_GCC_541\Debug\3 - ControladorMotor.a(CySpc.o)
 .ARM.attributes
                0x000004e8       0x1d d:/psoc/psoc creator/4.4/psoc creator/import/gnu/arm/5.4.1/bin/../lib/gcc/arm-none-eabi/5.4.1/armv7-m\libgcc.a(_arm_addsubsf3.o)
 .ARM.attributes
                0x00000505       0x1d d:/psoc/psoc creator/4.4/psoc creator/import/gnu/arm/5.4.1/bin/../lib/gcc/arm-none-eabi/5.4.1/armv7-m\libgcc.a(_arm_muldivsf3.o)
 .ARM.attributes
                0x00000522       0x1d d:/psoc/psoc creator/4.4/psoc creator/import/gnu/arm/5.4.1/bin/../lib/gcc/arm-none-eabi/5.4.1/armv7-m\libgcc.a(_arm_cmpsf2.o)
 .ARM.attributes
                0x0000053f       0x1d d:/psoc/psoc creator/4.4/psoc creator/import/gnu/arm/5.4.1/bin/../lib/gcc/arm-none-eabi/5.4.1/armv7-m\libgcc.a(_arm_fixsfsi.o)
 .ARM.attributes
                0x0000055c       0x1d d:/psoc/psoc creator/4.4/psoc creator/import/gnu/arm/5.4.1/bin/../lib/gcc/arm-none-eabi/5.4.1/armv7-m\libgcc.a(_arm_fixunssfsi.o)
 .ARM.attributes
                0x00000579       0x2d d:/psoc/psoc creator/4.4/psoc creator/import/gnu/arm/5.4.1/bin/../lib/gcc/arm-none-eabi/5.4.1/../../../../arm-none-eabi/lib/armv7-m\libg_nano.a(lib_a-atoi.o)
 .ARM.attributes
                0x000005a6       0x2d d:/psoc/psoc creator/4.4/psoc creator/import/gnu/arm/5.4.1/bin/../lib/gcc/arm-none-eabi/5.4.1/../../../../arm-none-eabi/lib/armv7-m\libg_nano.a(lib_a-errno.o)
 .ARM.attributes
                0x000005d3       0x2d d:/psoc/psoc creator/4.4/psoc creator/import/gnu/arm/5.4.1/bin/../lib/gcc/arm-none-eabi/5.4.1/../../../../arm-none-eabi/lib/armv7-m\libg_nano.a(lib_a-exit.o)
 .ARM.attributes
                0x00000600       0x2d d:/psoc/psoc creator/4.4/psoc creator/import/gnu/arm/5.4.1/bin/../lib/gcc/arm-none-eabi/5.4.1/../../../../arm-none-eabi/lib/armv7-m\libg_nano.a(lib_a-impure.o)
 .ARM.attributes
                0x0000062d       0x2d d:/psoc/psoc creator/4.4/psoc creator/import/gnu/arm/5.4.1/bin/../lib/gcc/arm-none-eabi/5.4.1/../../../../arm-none-eabi/lib/armv7-m\libg_nano.a(lib_a-init.o)
 .ARM.attributes
                0x0000065a       0x2d d:/psoc/psoc creator/4.4/psoc creator/import/gnu/arm/5.4.1/bin/../lib/gcc/arm-none-eabi/5.4.1/../../../../arm-none-eabi/lib/armv7-m\libg_nano.a(lib_a-memcpy-stub.o)
 .ARM.attributes
                0x00000687       0x2d d:/psoc/psoc creator/4.4/psoc creator/import/gnu/arm/5.4.1/bin/../lib/gcc/arm-none-eabi/5.4.1/../../../../arm-none-eabi/lib/armv7-m\libg_nano.a(lib_a-memset.o)
 .ARM.attributes
                0x000006b4       0x2d d:/psoc/psoc creator/4.4/psoc creator/import/gnu/arm/5.4.1/bin/../lib/gcc/arm-none-eabi/5.4.1/../../../../arm-none-eabi/lib/armv7-m\libg_nano.a(lib_a-sprintf.o)
 .ARM.attributes
                0x000006e1       0x2d d:/psoc/psoc creator/4.4/psoc creator/import/gnu/arm/5.4.1/bin/../lib/gcc/arm-none-eabi/5.4.1/../../../../arm-none-eabi/lib/armv7-m\libg_nano.a(lib_a-strtol.o)
 .ARM.attributes
                0x0000070e       0x2d d:/psoc/psoc creator/4.4/psoc creator/import/gnu/arm/5.4.1/bin/../lib/gcc/arm-none-eabi/5.4.1/../../../../arm-none-eabi/lib/armv7-m\libg_nano.a(lib_a-ctype_.o)
 .ARM.attributes
                0x0000073b       0x2d d:/psoc/psoc creator/4.4/psoc creator/import/gnu/arm/5.4.1/bin/../lib/gcc/arm-none-eabi/5.4.1/../../../../arm-none-eabi/lib/armv7-m\libg_nano.a(lib_a-nano-svfprintf.o)
 .ARM.attributes
                0x00000768       0x2d d:/psoc/psoc creator/4.4/psoc creator/import/gnu/arm/5.4.1/bin/../lib/gcc/arm-none-eabi/5.4.1/../../../../arm-none-eabi/lib/armv7-m\libg_nano.a(lib_a-nano-vfprintf_i.o)
 .ARM.attributes
                0x00000795       0x2d d:/psoc/psoc creator/4.4/psoc creator/import/gnu/arm/5.4.1/bin/../lib/gcc/arm-none-eabi/5.4.1/../../../../arm-none-eabi/lib/armv7-m\libg_nano.a(lib_a-memchr-stub.o)
 .ARM.attributes
                0x000007c2       0x2d d:/psoc/psoc creator/4.4/psoc creator/import/gnu/arm/5.4.1/bin/../lib/gcc/arm-none-eabi/5.4.1/../../../../arm-none-eabi/lib/armv7-m\libg_nano.a(lib_a-memmove.o)
 .ARM.attributes
                0x000007ef       0x2d d:/psoc/psoc creator/4.4/psoc creator/import/gnu/arm/5.4.1/bin/../lib/gcc/arm-none-eabi/5.4.1/../../../../arm-none-eabi/lib/armv7-m\libg_nano.a(lib_a-nano-freer.o)
 .ARM.attributes
                0x0000081c       0x2d d:/psoc/psoc creator/4.4/psoc creator/import/gnu/arm/5.4.1/bin/../lib/gcc/arm-none-eabi/5.4.1/../../../../arm-none-eabi/lib/armv7-m\libg_nano.a(lib_a-nano-mallocr.o)
 .ARM.attributes
                0x00000849       0x2d d:/psoc/psoc creator/4.4/psoc creator/import/gnu/arm/5.4.1/bin/../lib/gcc/arm-none-eabi/5.4.1/../../../../arm-none-eabi/lib/armv7-m\libg_nano.a(lib_a-nano-reallocr.o)
 .ARM.attributes
                0x00000876       0x2d d:/psoc/psoc creator/4.4/psoc creator/import/gnu/arm/5.4.1/bin/../lib/gcc/arm-none-eabi/5.4.1/../../../../arm-none-eabi/lib/armv7-m\libg_nano.a(lib_a-sbrkr.o)
 .ARM.attributes
                0x000008a3       0x2d d:/psoc/psoc creator/4.4/psoc creator/import/gnu/arm/5.4.1/bin/../lib/gcc/arm-none-eabi/5.4.1/../../../../arm-none-eabi/lib/armv7-m\libg_nano.a(lib_a-mlock.o)
 .ARM.attributes
                0x000008d0       0x2d d:/psoc/psoc creator/4.4/psoc creator/import/gnu/arm/5.4.1/bin/../lib/gcc/arm-none-eabi/5.4.1/../../../../arm-none-eabi/lib/armv7-m\libg_nano.a(lib_a-nano-msizer.o)
 .ARM.attributes
                0x000008fd       0x2d d:/psoc/psoc creator/4.4/psoc creator/import/gnu/arm/5.4.1/bin/../lib/gcc/arm-none-eabi/5.4.1/../../../../arm-none-eabi/lib/armv7-m\libg_nano.a(lib_a-reent.o)
 .ARM.attributes
                0x0000092a       0x2d d:/psoc/psoc creator/4.4/psoc creator/import/gnu/arm/5.4.1/bin/../lib/gcc/arm-none-eabi/5.4.1/armv7-m/crtend.o
 .ARM.attributes
                0x00000957       0x1d d:/psoc/psoc creator/4.4/psoc creator/import/gnu/arm/5.4.1/bin/../lib/gcc/arm-none-eabi/5.4.1/armv7-m/crtn.o

/DISCARD/
 *(.note.GNU-stack)
OUTPUT(D:\PSoc\Auto\TPF\TPF_PenduloInvertido\3 - ControladorMotor.cydsn\CortexM3\ARM_GCC_541\Debug\3 - ControladorMotor.elf elf32-littlearm)
